06-28 03:51:18.038  1053  1053 W FileUtils: Failed to chmod(/data/system/packages.list): android.system.ErrnoException: chmod failed: ENOENT (No such file or directory)
06-28 03:51:18.038     0     0 I init    : SVC_EXEC service 'exec 27 (/vendor/bin/modprobe -r -d /vendor/lib/modules rmnet_shs)' pid 1650 (uid 0 gid 0+0 context u:r:vendor_modprobe:s0) started; waiting...
06-28 03:51:18.042  1053  1629 W ProcessCpuTracker: Failed to stat(/proc/1628): android.system.ErrnoException: stat failed: ENOENT (No such file or directory)
06-28 03:51:18.043  1053  1629 W ProcessCpuTracker: Skipping unknown process pid 1628
06-28 03:51:18.050  1053  1053 D PackageManagerTiming: createSubComponents took to complete: 61ms
06-28 03:51:18.051  1053  1053 I PackageManagerTiming: addSharedUsers
06-28 03:51:18.052  1053  1053 D PackageManagerTiming: addSharedUsers took to complete: 0ms
06-28 03:51:18.054  1053  1053 I PackageManagerTiming: get system config
06-28 03:51:18.055  1053  1053 D PackageManagerTiming: get system config took to complete: 0ms
06-28 03:51:18.063  1053  1053 D PackageManager: Directories scanned as system partitions: [/system:0, /vendor:524288, /odm:4194304, /oem:262144, /product:1048576, /system_ext:2097152, /apex/com.android.wifi:8388608, /apex/com.android.vndk.v32:8388608, /apex/com.android.tzdata:8388608, /apex/com.android.tethering:8388608, /apex/com.android.sdkext:8388608, /apex/com.android.scheduling:8388608, /apex/com.android.runtime:8388608, /apex/com.android.resolv:8388608, /apex/com.android.permission:8388608, /apex/com.android.os.statsd:8388608, /apex/com.android.neuralnetworks:8388608, /apex/com.android.mediaprovider:8388608, /apex/com.android.media.swcodec:8388608, /apex/com.android.media:8388608, /apex/com.android.ipsec:8388608, /apex/com.android.i18n:8388608, /apex/com.android.extservices:8388608, /apex/com.android.conscrypt:8388608, /apex/com.android.cellbroadcast:8388608, /apex/com.android.art:8388608, /apex/com.android.appsearch:8388608, /apex/com.android.adbd:8388608]
06-28 03:51:18.071  1053  1053 D SELinuxMMAC: Using policy file /system/etc/selinux/plat_mac_permissions.xml
06-28 03:51:18.076  1053  1053 D SELinuxMMAC: Using policy file /system_ext/etc/selinux/system_ext_mac_permissions.xml
06-28 03:51:18.085  1053  1053 D SELinuxMMAC: Using policy file /product/etc/selinux/product_mac_permissions.xml
06-28 03:51:18.086  1053  1053 D SELinuxMMAC: Using policy file /vendor/etc/selinux/vendor_mac_permissions.xml
06-28 03:51:18.091  1053  1053 I PackageManagerTiming: loadFallbacks
06-28 03:51:18.093  1053  1053 D PackageManagerTiming: loadFallbacks took to complete: 1ms
06-28 03:51:18.093  1053  1053 I PackageManagerTiming: read user settings
06-28 03:51:18.095  1053  1053 I PackageManager: No settings file; creating initial state
06-28 03:51:18.099  1053  1053 D PackageManagerTiming: read user settings took to complete: 5ms
06-28 03:51:18.123  1053  1053 I PackageManager: /product/overlay/DisplayCutoutEmulationCorner changed; collecting certs
06-28 03:51:18.121     0     0 I init    : Service 'exec 27 (/vendor/bin/modprobe -r -d /vendor/lib/modules rmnet_shs)' (pid 1650) exited with status 0 waiting took 0.092000 seconds
06-28 03:51:18.121     0     0 I init    : Sending signal 9 to service 'exec 27 (/vendor/bin/modprobe -r -d /vendor/lib/modules rmnet_shs)' (pid 1650) process group...
06-28 03:51:18.137     0     0 I libprocessgroup: Successfully killed process cgroup uid 0 pid 1650 in 0ms
06-28 03:51:18.139  1053  1053 D CompatibilityChangeReporter: Compat change id reported: 143539591; UID -1; state: ENABLED
06-28 03:51:18.142  1053  1053 I PackageManager: /product/overlay/NavigationBarModeGesturalExtraWideBack changed; collecting certs
06-28 03:51:18.150     0     0 I init    : starting service 'exec 28 (/vendor/bin/modprobe -r -d /vendor/lib/modules/5.4-gki rmnet_shs)'...
06-28 03:51:18.158  1053  1053 I PackageManager: /product/overlay/DisplayCutoutEmulationTall changed; collecting certs
06-28 03:51:18.170  1053  1053 I PackageManager: /product/overlay/DisplayCutoutEmulationHole changed; collecting certs
06-28 03:51:18.176  1053  1053 I PackageManager: /product/overlay/TelecommResCommon_Sys.apk changed; collecting certs
06-28 03:51:18.188     0     0 I init    : SVC_EXEC service 'exec 28 (/vendor/bin/modprobe -r -d /vendor/lib/modules/5.4-gki rmnet_shs)' pid 1661 (uid 0 gid 0+0 context u:r:vendor_modprobe:s0) started; waiting...
06-28 03:51:18.194  1053  1053 I PackageManager: /product/overlay/SystemUIResCommon_Sys.apk changed; collecting certs
06-28 03:51:18.203  1053  1053 I PackageManager: /product/overlay/WifiResCommon_Sys.apk changed; collecting certs
06-28 03:51:18.210  1053  1053 I PackageManager: /product/overlay/DisplayCutoutEmulationDouble changed; collecting certs
06-28 03:51:18.217  1053  1053 I PackageManager: /product/overlay/DisplayCutoutEmulationWaterfall changed; collecting certs
06-28 03:51:18.223  1053  1053 I PackageManager: /product/overlay/TelephonyResCommon_Sys.apk changed; collecting certs
06-28 03:51:18.230  1053  1053 I PackageManager: /product/overlay/FrameworksResCommonQva_Sys.apk changed; collecting certs
06-28 03:51:18.237  1053  1053 I PackageManager: /product/overlay/NavigationBarMode3Button changed; collecting certs
06-28 03:51:18.251  1053  1053 I PackageManager: /product/overlay/CarrierConfigResCommon_Sys.apk changed; collecting certs
06-28 03:51:18.256  1053  1053 I PackageManager: /product/overlay/NavigationBarModeGesturalNarrowBack changed; collecting certs
06-28 03:51:18.260  1053  1053 I PackageManager: /product/overlay/NavigationBarModeGesturalWideBack changed; collecting certs
06-28 03:51:18.265  1053  1053 I PackageManager: /product/overlay/FontNotoSerifSource changed; collecting certs
06-28 03:51:18.271  1053  1053 I PackageManager: /product/overlay/SettingsResCommon_Sys.apk changed; collecting certs
06-28 03:51:18.276  1053  1053 I PackageManager: /product/overlay/NavigationBarModeGestural changed; collecting certs
06-28 03:51:18.280  1053  1053 I PackageManager: /product/overlay/NavigationBarModeNone changed; collecting certs
06-28 03:51:18.285  1053  1053 I PackageManager: /product/overlay/FrameworksResCommon_Sys.apk changed; collecting certs
06-28 03:51:18.291  1053  1053 I PackageManager: /product/overlay/OneHandedModeGestural changed; collecting certs
06-28 03:51:18.296  1053  1053 I PackageManager: /product/overlay/CellBroadcastReceiverResCommon_Sys.apk changed; collecting certs
06-28 03:51:18.309  1053  1053 I PackageManager: /vendor/overlay/OptInAppOverlay changed; collecting certs
06-28 03:51:18.330  1053  1053 W PackageManager: Failed to parse /system/framework/arm: Missing base APK in /system/framework/arm
06-28 03:51:18.330  1053  1053 W PackageManager: Failed to parse /system/framework/arm64: Missing base APK in /system/framework/arm64
06-28 03:51:18.331  1053  1053 W PackageManager: Failed to parse /system/framework/oat: Missing base APK in /system/framework/oat
06-28 03:51:18.463  1053  1659 I PackageParsing: Parse times for '/system/framework/framework-res.apk': parse=129ms, update_cache=9 ms
06-28 03:51:18.464  1053  1053 I PackageManager: /system/framework/framework-res.apk changed; collecting certs
06-28 03:51:18.479  1053  1053 W PackageManager: Adding duplicate shared id: 1000 name=android
06-28 03:51:18.508  1053  1053 I PackageManager: /system/priv-app/BlockedNumberProvider changed; collecting certs
06-28 03:51:18.513  1053  1053 W PackageManager: Adding duplicate app id: 10023 name=com.android.providers.blockednumber
06-28 03:51:18.517  1053  1053 I PackageManager: /system/priv-app/InputDevices changed; collecting certs
06-28 03:51:18.526  1053  1053 W PackageManager: Adding duplicate shared id: 1000 name=com.android.inputdevices
06-28 03:51:18.529  1053  1053 I PackageManager: /system/priv-app/MusicFX changed; collecting certs
06-28 03:51:18.538  1053  1053 I PackageManager: /system/priv-app/SoundPicker changed; collecting certs
06-28 03:51:18.544  1053  1053 W PackageManager: Adding duplicate app id: 10025 name=com.android.soundpicker
06-28 03:51:18.549  1053  1053 I PackageManager: /system/priv-app/UserDictionaryProvider changed; collecting certs
06-28 03:51:18.558  1053  1053 W PackageManager: Adding duplicate app id: 10023 name=com.android.providers.userdictionary
06-28 03:51:18.562  1053  1053 I PackageManager: /system/priv-app/ContactsProvider changed; collecting certs
06-28 03:51:18.569  1053  1053 W PackageManager: Adding duplicate app id: 10023 name=com.android.providers.contacts
06-28 03:51:18.573  1053  1053 I PackageManager: /system/priv-app/NetworkPermissionConfig changed; collecting certs
06-28 03:51:18.583  1053  1053 D CompatibilityChangeReporter: Compat change id reported: 143539591; UID -1; state: DISABLED
06-28 03:51:18.584  1053  1053 D CompatibilityChangeReporter: Compat change id reported: 168782947; UID -1; state: ENABLED
06-28 03:51:18.587  1053  1053 W PackageManager: Adding duplicate shared id: 1073 name=com.android.networkstack.permissionconfig
06-28 03:51:18.590  1053  1053 I PackageManager: /system/priv-app/VpnDialogs changed; collecting certs
06-28 03:51:18.599  1053  1053 I PackageManager: /system/priv-app/SettingsProvider changed; collecting certs
06-28 03:51:18.600  1053  1656 D CompatibilityChangeReporter: Compat change id reported: 150232615; UID -1; state: DISABLED
06-28 03:51:18.607  1053  1053 W PackageManager: Adding duplicate shared id: 1000 name=com.android.providers.settings
06-28 03:51:18.611  1053  1053 I PackageManager: /system/priv-app/SharedStorageBackup changed; collecting certs
06-28 03:51:18.620  1053  1053 I PackageManager: /system/priv-app/MtpService changed; collecting certs
06-28 03:51:18.630  1053  1053 W PackageManager: Adding duplicate app id: 10025 name=com.android.mtp
06-28 03:51:18.632  1053  1658 I PackageParsing: Parse times for '/system/priv-app/ManagedProvisioning': parse=105ms, update_cache=3 ms
06-28 03:51:18.634  1053  1053 I PackageManager: /system/priv-app/SnapdragonCamera changed; collecting certs
06-28 03:51:18.639  1053  1053 D CompatibilityChangeReporter: Compat change id reported: 168782947; UID -1; state: DISABLED
06-28 03:51:18.643  1053  1053 I PackageManager: /system/priv-app/AudioRecService changed; collecting certs
06-28 03:51:18.650  1053  1053 W PackageManager: Adding duplicate shared id: 1000 name=com.ctb.audiorecservice
06-28 03:51:18.653  1053  1053 I PackageManager: /system/priv-app/ProxyHandler changed; collecting certs
06-28 03:51:18.659  1053  1053 I PackageManager: /system/priv-app/ManagedProvisioning changed; collecting certs
06-28 03:51:18.678  1053  1053 I PackageManager: /system/priv-app/DynamicSystemInstallationService changed; collecting certs
06-28 03:51:18.681  1053  1657 I PackageParsing: Parse times for '/system/priv-app/TeleService': parse=105ms, update_cache=4 ms
06-28 03:51:18.687  1053  1053 W PackageManager: Adding duplicate shared id: 1000 name=com.android.dynsystem
06-28 03:51:18.691  1053  1053 I PackageManager: /system/priv-app/ExternalStorageProvider changed; collecting certs
06-28 03:51:18.699  1053  1053 I PackageManager: /system/priv-app/BackupRestoreConfirmation changed; collecting certs
06-28 03:51:18.708  1053  1053 I PackageManager: /system/priv-app/DownloadProvider changed; collecting certs
06-28 03:51:18.715  1053  1053 W PackageManager: Adding duplicate app id: 10025 name=com.android.providers.downloads
06-28 03:51:18.719  1053  1053 I PackageManager: /system/priv-app/LocalTransport changed; collecting certs
06-28 03:51:18.726  1053  1053 W PackageManager: Adding duplicate shared id: 1000 name=com.android.localtransport
06-28 03:51:18.730  1053  1053 I PackageManager: /system/priv-app/FusedLocation changed; collecting certs
06-28 03:51:18.737  1053  1053 W PackageManager: Adding duplicate shared id: 1000 name=com.android.location.fused
06-28 03:51:18.740  1053  1053 I PackageManager: /system/priv-app/TeleService changed; collecting certs
06-28 03:51:18.746  1053  1053 W PackageManager: Adding duplicate shared id: 1001 name=com.android.phone
06-28 03:51:18.749  1053  1053 I PackageManager: /system/priv-app/StatementService changed; collecting certs
06-28 03:51:18.756  1053  1053 I PackageManager: /system/priv-app/NetworkStack changed; collecting certs
06-28 03:51:18.762  1053  1053 W PackageManager: Adding duplicate shared id: 1073 name=com.android.networkstack
06-28 03:51:18.766  1053  1053 I PackageManager: /system/priv-app/CalendarProvider changed; collecting certs
06-28 03:51:18.772  1053  1053 W PackageManager: Adding duplicate app id: 10034 name=com.android.providers.calendar
06-28 03:51:18.774  1053  1053 I PackageManager: /system/priv-app/CallLogBackup changed; collecting certs
06-28 03:51:18.780  1053  1053 W PackageManager: Adding duplicate app id: 10023 name=com.android.calllogbackup
06-28 03:51:18.782  1053  1053 I PackageManager: /system/priv-app/CellBroadcastLegacyApp changed; collecting certs
06-28 03:51:18.783  1221  1221 E storaged: getService package_native failed
06-28 03:51:18.791  1053  1053 I PackageManager: /system/priv-app/WfdService changed; collecting certs
06-28 03:51:18.799  1053  1053 W PackageManager: Adding duplicate shared id: 1000 name=com.qualcomm.wfd.service
06-28 03:51:18.801  1053  1053 I PackageManager: /system/priv-app/DocumentsUI changed; collecting certs
06-28 03:51:18.806  1053  1656 W PackageParsing: No actions in intent-filter at /system/priv-app/Contacts/Contacts.apk Binary XML file line #585
06-28 03:51:18.812  1053  1053 I PackageManager: /system/priv-app/BuiltInPrintService changed; collecting certs
06-28 03:51:18.819  1053  1053 I PackageManager: /system/priv-app/MmsService changed; collecting certs
06-28 03:51:18.825  1053  1053 W PackageManager: Adding duplicate shared id: 1001 name=com.android.mms.service
06-28 03:51:18.828  1053  1053 I PackageManager: /system/priv-app/Telecom changed; collecting certs
06-28 03:51:18.835  1053  1053 W PackageManager: Adding duplicate shared id: 1000 name=com.android.server.telecom
06-28 03:51:18.838  1053  1053 I PackageManager: /system/priv-app/CtsShimPrivPrebuilt changed; collecting certs
06-28 03:51:18.843  1053  1053 I PackageManager: /system/priv-app/TelephonyProvider changed; collecting certs
06-28 03:51:18.849  1053  1053 W PackageManager: Adding duplicate shared id: 1001 name=com.android.providers.telephony
06-28 03:51:18.853  1053  1053 I PackageManager: /system/priv-app/Traceur changed; collecting certs
06-28 03:51:18.858  1053  1053 I PackageManager: /system/priv-app/Contacts changed; collecting certs
06-28 03:51:18.865  1053  1053 I PackageManager: /system/priv-app/ONS changed; collecting certs
06-28 03:51:18.869  1053  1053 W PackageManager: Adding duplicate shared id: 1001 name=com.android.ons
06-28 03:51:18.871  1053  1053 I PackageManager: /system/priv-app/MediaProviderLegacy changed; collecting certs
06-28 03:51:18.876  1053  1053 W PackageManager: Adding duplicate app id: 10025 name=com.android.providers.media
06-28 03:51:18.879  1053  1053 I PackageManager: /system/priv-app/Tag changed; collecting certs
06-28 03:51:18.884  1053  1053 I PackageManager: /system/priv-app/PackageInstaller changed; collecting certs
06-28 03:51:18.889  1053  1053 I PackageManager: /system/priv-app/DownloadProviderUi changed; collecting certs
06-28 03:51:18.892  1053  1053 W PackageManager: Adding duplicate app id: 10025 name=com.android.providers.downloads.ui
06-28 03:51:18.895  1053  1053 I PackageManager: /system/priv-app/Shell changed; collecting certs
06-28 03:51:18.899  1053  1053 W PackageManager: Adding duplicate shared id: 2000 name=com.android.shell
06-28 03:51:18.914  1053  1659 W PackageParsing: No actions in intent-filter at /system/app/CarrierDefaultApp/CarrierDefaultApp.apk Binary XML file line #43
06-28 03:51:18.915  1053  1053 I PackageManager: /system/app/BluetoothMidiService changed; collecting certs
06-28 03:51:18.918  1221  1676 I storaged: storaged: Start
06-28 03:51:18.926     0     0 W healthd : charger type:  USB_CDP, VBUS Volt: 4316406
06-28 03:51:18.931     0     0 I icnss   : WLAN FW is ready: 0xd87
06-28 03:51:18.922  1053  1053 I PackageManager: /system/app/CarrierDefaultApp changed; collecting certs
06-28 03:51:18.936     0     0 W         : (NULL device *): Falling back to syfs fallback for: wlan/qca_cld/WCNSS_qcom_cfg.ini
06-28 03:51:18.928  1053  1053 I PackageManager: /system/app/CompanionDeviceManager changed; collecting certs
06-28 03:51:18.941  1053  1053 I PackageManager: /system/app/SimAppDialog changed; collecting certs
06-28 03:51:18.948  1053  1053 I PackageManager: /system/app/CertInstaller changed; collecting certs
06-28 03:51:18.961  1053  1053 I PackageManager: /system/app/KeyChain changed; collecting certs
06-28 03:51:18.962  1053  1656 W PackageParsing: No actions in intent-filter at /system/app/Bluetooth/Bluetooth.apk Binary XML file line #284
06-28 03:51:18.966  1053  1053 W PackageManager: Adding duplicate shared id: 1000 name=com.android.keychain
06-28 03:51:18.969  1053  1053 I PackageManager: /system/app/CtsShimPrebuilt changed; collecting certs
06-28 03:51:18.977  1053  1053 I PackageManager: /system/app/LiveWallpapersPicker changed; collecting certs
06-28 03:51:18.984  1053  1053 I PackageManager: /system/app/Bluetooth changed; collecting certs
06-28 03:51:18.985     0     0 E ipa2_uc_reg_rdyCB: 1726 bad parm. inout=          (null)
06-28 03:51:18.989     0     0 W [kworke][0x46fc2161][02:51:18.978772] wlan: [509:W:HIF] hif_snoc_enable_bus: device_init_wakeup already done
06-28 03:51:18.995     0     0 I [kworke][0x46fe0259][02:51:18.985184] wlan: [509:I:HIF] Up_linkstate_vote 1
06-28 03:51:18.997  1053  1053 W PackageManager: Adding duplicate shared id: 1002 name=com.android.bluetooth
06-28 03:51:19.000  1053  1053 I PackageManager: /system/app/Protips changed; collecting certs
06-28 03:51:19.008     0     0 E [kworke][0x4701b13e][02:51:18.997756] wlan: [509:E:TXRX] hif_print_hal_shadow_register_cfg: CONFIG_SHADOW_V2 not defined
06-28 03:51:19.005  1053  1053 I PackageManager: /system/app/SecureElement changed; collecting certs
06-28 03:51:19.011  1053  1053 W PackageManager: Adding duplicate shared id: 1068 name=com.android.se
06-28 03:51:19.015  1053  1053 I PackageManager: /system/app/EasterEgg changed; collecting certs
06-28 03:51:19.020  1053  1053 I PackageManager: /system/app/Browser changed; collecting certs
06-28 03:51:19.027  1053  1053 I PackageManager: /system/app/Stk changed; collecting certs
06-28 03:51:19.032  1053  1053 W PackageManager: Adding duplicate shared id: 1001 name=com.android.stk
06-28 03:51:19.034  1053  1053 I PackageManager: /system/app/HTMLViewer changed; collecting certs
06-28 03:51:19.042  1053  1053 I PackageManager: /system/app/BasicDreams changed; collecting certs
06-28 03:51:19.049  1053  1053 I PackageManager: /system/app/PrintSpooler changed; collecting certs
06-28 03:51:19.058  1053  1053 I PackageManager: /system/app/VideoRecService changed; collecting certs
06-28 03:51:19.063  1053  1053 W PackageManager: Adding duplicate shared id: 1000 name=com.ctb.videorecservice
06-28 03:51:19.067  1053  1053 I PackageManager: /system/app/CaptivePortalLogin changed; collecting certs
06-28 03:51:19.075  1053  1053 I PackageManager: /system/app/NfcNci changed; collecting certs
06-28 03:51:19.084     0     0 I [kworke][0x4717e67a][02:51:19.073560] wlan: [509:I:HIF] hif_snoc_bus_configure: 187: expecting wake from ce 2, irq 39
06-28 03:51:19.084     0     0 E [kworke][0x47180715][02:51:19.073994] wlan: [509:E:WMI] WMI handle is NULL
06-28 03:51:19.095     0     0 E [kworke][0x471b379a][02:51:19.084881] wlan: [509:E:QDF] cds_get_context: 1365: Module ID 66 context is Null
06-28 03:51:19.093  1053  1053 W PackageManager: Adding duplicate shared id: 1027 name=com.android.nfc
06-28 03:51:19.095  1053  1053 I PackageManager: /system/app/PacProcessor changed; collecting certs
06-28 03:51:19.102  1053  1053 I PackageManager: /system/app/CameraExtensionsProxy changed; collecting certs
06-28 03:51:19.109  1053  1053 I PackageManager: /system/app/ExtShared changed; collecting certs
06-28 03:51:19.115  1053  1053 I PackageManager: /system/app/PrintRecommendationService changed; collecting certs
06-28 03:51:19.121  1053  1053 I PackageManager: /system/app/WallpaperBackup changed; collecting certs
06-28 03:51:19.125  1053  1053 W PackageManager: Adding duplicate shared id: 1000 name=com.android.wallpaperbackup
06-28 03:51:19.127  1053  1053 I PackageManager: /system/app/CtbNote changed; collecting certs
06-28 03:51:19.144  1053  1053 I PackageManager: /vendor/app/TimeService changed; collecting certs
06-28 03:51:19.156     0     0 E [kworke][0x472d1050][02:51:19.145797] wlan: [509:E:QDF] cds_get_context: 1365: Module ID 66 context is Null
06-28 03:51:19.150  1053  1053 I PackageManager: /vendor/app/CACertService changed; collecting certs
06-28 03:51:19.158  1053  1053 W PackageManager: Adding duplicate app id: 10063 name=vendor.qti.hardware.cacert.server
06-28 03:51:19.160  1053  1053 I PackageManager: /vendor/app/TrustZoneAccessService changed; collecting certs
06-28 03:51:19.176     0     0 F [kworke][0x4732d59e][02:51:19.165495] wlan: [509:F:WMA] WMA --> wmi_unified_attach - success
06-28 03:51:19.167  1053  1053 I PackageManager: /vendor/app/ConnectionSecurityService changed; collecting certs
06-28 03:51:19.182  1053  1053 I PackageManager: /vendor/app/IWlanService changed; collecting certs
06-28 03:51:19.188  1053  1053 W PackageManager: Adding duplicate app id: 10063 name=vendor.qti.iwlan
06-28 03:51:19.191  1053  1053 I PackageManager: /vendor/app/CneApp changed; collecting certs
06-28 03:51:19.205  1053  1053 W PackageManager: Adding duplicate app id: 10063 name=com.qualcomm.qti.cne
06-28 03:51:19.225  1053  1053 I PackageManager: /product/priv-app/OneTimeInitializer changed; collecting certs
06-28 03:51:19.239  1053  1053 I PackageManager: /product/priv-app/SettingsIntelligence changed; collecting certs
06-28 03:51:19.253  1053  1053 I PackageManager: /product/priv-app/ImsServiceEntitlement changed; collecting certs
06-28 03:51:19.276  1053  1053 I PackageManager: /product/app/uimremoteclient changed; collecting certs
06-28 03:51:19.290  1053  1053 I PackageManager: /product/app/RideModeAudio changed; collecting certs
06-28 03:51:19.297  1053  1053 I PackageManager: /product/app/ConfURIDialer changed; collecting certs
06-28 03:51:19.305  1053  1053 I PackageManager: /product/app/remotesimlockservice changed; collecting certs
06-28 03:51:19.301     0     0 E [kworke][0x4757835b][02:51:19.290691] wlan: [509:E:QDF] htc_wait_target: 625: Target Ready! TX resource : 2 size:2184, MaxMsgsPerHTCBundle = 1
06-28 03:51:19.301     0     0 E [kworke][0x475791a5][02:51:19.290881] wlan: [509:E:QDF] htc_setup_target_buffer_assignments: 517: SVS Index : 1 TX : 0x100 : alloc:2
06-28 03:51:19.311  1053  1656 W PackageParsing: No actions in intent-filter at /product/app/SnapdragonMusic/SnapdragonMusic.apk Binary XML file line #80
06-28 03:51:19.314  1053  1656 W PackageParsing: No actions in intent-filter at /product/app/SnapdragonMusic/SnapdragonMusic.apk Binary XML file line #216
06-28 03:51:19.321  1053  1053 I PackageManager: /product/app/uimremoteserver changed; collecting certs
06-28 03:51:19.328  1053  1053 I PackageManager: /product/app/SnapdragonMusic changed; collecting certs
06-28 03:51:19.323     0     0 I [kworke][0x475ddee1][02:51:19.312391] wlan: [544:I:WMA] wma_rx_service_ready_event: Firmware build version : 335b83b2
06-28 03:51:19.327     0     0 I [kworke][0x475f3198][02:51:19.316907] wlan: [544:I:WMA] wma_rx_service_ready_event: Board id: 0, Board version: 1 0 0 0 0
06-28 03:51:19.339     0     0 I [kworke][0x4762ac39][02:51:19.328783] wlan: [544:I:TXRX] ol_tx_set_desc_global_pool_size: 125: Global pool size: 3600
06-28 03:51:19.335  1053  1053 I PackageManager: /product/app/PhotoTable changed; collecting certs
06-28 03:51:19.340  1053  1053 I PackageManager: /product/app/uimgbaservice changed; collecting certs
06-28 03:51:19.348  1053  1053 I PackageManager: /product/app/ModuleMetadata changed; collecting certs
06-28 03:51:19.351     0     0 E [kworke][0x47665065][02:51:19.341211] wlan: [544:E:WMA] wma_update_supported_bands: wrong supported band
06-28 03:51:19.356  1053  1053 I PackageManager: /product/app/xdivert changed; collecting certs
06-28 03:51:19.361  1053  1053 W PackageManager: Adding duplicate app id: 10078 name=com.qti.xdivert
06-28 03:51:19.364  1053  1053 I PackageManager: /product/app/DeskClock changed; collecting certs
06-28 03:51:19.364     0     0 E [kworke][0x4769f917][02:51:19.353701] wlan: [544:E:QDF] copy_fw_abi_version_tlv: 6725: copy_fw_abi_version_tlv: INIT_CMD version: 1, 0, 0x5f414351, 0x4c4d, 0x0, 0x0
06-28 03:51:19.371  1053  1053 I PackageManager: /product/app/ConferenceDialer changed; collecting certs
06-28 03:51:19.378  1053  1053 I PackageManager: /product/app/WallpaperPicker changed; collecting certs
06-28 03:51:19.389     0     0 E [kworke][0x47715eea][02:51:19.378952] wlan: [266:E:QDF] ready_extract_init_status_tlv: 8538: ready_extract_init_status_tlv:0
06-28 03:51:19.383  1053  1053 I PackageManager: /product/app/remoteSimLockAuthentication changed; collecting certs
06-28 03:51:19.391  1053  1053 I PackageManager: /product/app/CallFeaturesSetting changed; collecting certs
06-28 03:51:19.396     0     0 I [kworke][0x47737625][02:51:19.386088] wlan: [266:I:dfs] WLAN_DEBUG_DFS_ALWAYS : wlan_dfs_pdev_obj_create_notification: 389: dfs_offload 0
06-28 03:51:19.399  1053  1053 I PackageManager: /product/app/webview changed; collecting certs
06-28 03:51:19.412     0     0 E [kworke][0x4777f4f5][02:51:19.401432] wlan: [266:E:dfs] WLAN_DEBUG_DFS_ALWAYS : dfs_init_radar_filters: 252: Unknown dfs domain 0
06-28 03:51:19.416     0     0 I [kworke][0x47792031][02:51:19.405422] wlan: [266:I:SPECTRAL] null_get_capability: 1553: SPECTRAL : get_capability not registered
06-28 03:51:19.428     0     0 I [kworke][0x477cdd21][02:51:19.418181] wlan: [266:I:SPECTRAL] target_if_pdev_spectral_init: 1978: HAL_CAP_PHYDIAG : Capable
06-28 03:51:19.433  1053  1053 I PackageManager: /product/app/LatinIME changed; collecting certs
06-28 03:51:19.443     0     0 I [kworke][0x47812604][02:51:19.432807] wlan: [266:I:SPECTRAL] null_get_capability: 1553: SPECTRAL : get_capability not registered
06-28 03:51:19.454     0     0 I [kworke][0x4784671c][02:51:19.443914] wlan: [266:I:SPECTRAL] target_if_pdev_spectral_init: 1982: HAL_CAP_RADAR   : Capable
06-28 03:51:19.468     0     0 I [kworke][0x47888c4f][02:51:19.458064] wlan: [266:I:SPECTRAL] null_get_capability: 1553: SPECTRAL : get_capability not registered
06-28 03:51:19.480     0     0 I [kworke][0x478c0ff9][02:51:19.470059] wlan: [266:I:SPECTRAL] target_if_pdev_spectral_init: 1987: HAL_CAP_SPECTRAL_SCAN : Capable
06-28 03:51:19.478  1053  1053 I PackageManager: /system_ext/priv-app/seccamservice changed; collecting certs
06-28 03:51:19.483  1053  1053 I PackageManager: /system_ext/priv-app/CtbPackageInstaller changed; collecting certs
06-28 03:51:19.488  1053  1053 W PackageManager: Adding duplicate shared id: 1000 name=com.ctb.packageinstaller
06-28 03:51:19.494     0     0 I [kworke][0x47903529][02:51:19.484209] wlan: [266:I:SPECTRAL] null_get_tsf64: 1541: SPECTRAL : get_tsf64 not registered
06-28 03:51:19.507     0     0 I [kworke][0x4793ecbc][02:51:19.496896] wlan: [266:I:GREEN_AP] wlan_green_ap_pdev_obj_create_notification: 106: Green AP creation successful, green ap ctx: ffffffd136b408e8, pdev: ffffffd13c28b2e8
06-28 03:51:19.496  1053  1659 W PackageParsing: No actions in intent-filter at /system_ext/priv-app/ImsConfiguration/ImsConfiguration.apk Binary XML file line #13
06-28 03:51:19.499  1053  1053 I PackageManager: /system_ext/priv-app/ims changed; collecting certs
06-28 03:51:19.507  1053  1053 I PackageManager: /system_ext/priv-app/ImsConfiguration changed; collecting certs
06-28 03:51:19.515  1053  1053 W PackageManager: Adding duplicate shared id: 1001 name=com.ctb.ImsConfiguration
06-28 03:51:19.518  1053  1053 I PackageManager: /system_ext/priv-app/AlertDialogActivity changed; collecting certs
06-28 03:51:19.525  1053  1053 W PackageManager: Adding duplicate shared id: 1000 name=com.ctb.alertdialogactivity
06-28 03:51:19.528  1053  1053 I PackageManager: /system_ext/priv-app/WallpaperCropper changed; collecting certs
06-28 03:51:19.525     0     0 I [kworke][0x479923a7][02:51:19.514695] wlan: [266:I:IPA] wlan_ipa_wdi_init: 747: UC Ready
06-28 03:51:19.539     0     0 I [kworke][0x479d62b2][02:51:19.529189] wlan: [266:I:OBJMGR] wlan_objmgr_pdev_obj_create: 175: Created pdev 0
06-28 03:51:19.535  1053  1053 I PackageManager: /system_ext/priv-app/CtbTestEngineerMode changed; collecting certs
06-28 03:51:19.541  1053  1053 W PackageManager: Adding duplicate shared id: 1000 name=com.ctb.testengineermode
06-28 03:51:19.545  1053  1053 I PackageManager: /system_ext/priv-app/CarrierConfig changed; collecting certs
06-28 03:51:19.552  1053  1053 I PackageManager: /system_ext/priv-app/qcrilmsgtunnel changed; collecting certs
06-28 03:51:19.550     0     0 I [kworke][0x47a07eca][02:51:19.539803] wlan: [266:I:REGULATORY] reg_set_band: 392: same band 0
06-28 03:51:19.558     0     0 I [kworke][0x47a2eed4][02:51:19.548124] wlan: [266:I:HDD] hdd_update_tgt_cfg: 2125: hw_mac is zero
06-28 03:51:19.568     0     0 I [kworke][0x47a5d0cf][02:51:19.557963] wlan: [266:I:GREEN_AP] target_if_green_ap_register_egap_event_handler: 131: Set the Enhance Green AP event handler
06-28 03:51:19.558  1053  1053 W PackageManager: Adding duplicate app id: 10078 name=com.qualcomm.qcrilmsgtunnel
06-28 03:51:19.561  1053  1053 I PackageManager: /system_ext/priv-app/CtbAssistant changed; collecting certs
06-28 03:51:19.569  1053  1053 W PackageManager: Adding duplicate shared id: 1000 name=com.ctb.assistant
06-28 03:51:19.580     0     0 I [kworke][0x47a924a0][02:51:19.569321] wlan: [509:I:WMA] wma_wait_for_ready_event: 7316: FW ready event received
06-28 03:51:19.574  1053  1053 I PackageManager: /system_ext/priv-app/Launcher3QuickStep changed; collecting certs
06-28 03:51:19.580  1053  1053 I PackageManager: /system_ext/priv-app/CtbUpdate changed; collecting certs
06-28 03:51:19.587  1053  1053 W PackageManager: Adding duplicate shared id: 1000 name=com.ctb.update
06-28 03:51:19.594  1053  1053 I PackageManager: /system_ext/priv-app/Provision changed; collecting certs
06-28 03:51:19.611  1053  1053 I PackageManager: /system_ext/priv-app/com.qualcomm.qti.services.systemhelper changed; collecting certs
06-28 03:51:19.622  1053  1053 I PackageManager: /system_ext/priv-app/QAS_DVC_MSP changed; collecting certs
06-28 03:51:19.631  1053  1053 I PackageManager: /system_ext/priv-app/CtbExactCalculator changed; collecting certs
06-28 03:51:19.640  1053  1053 I PackageManager: /system_ext/priv-app/DeviceTest changed; collecting certs
06-28 03:51:19.648  1053  1053 W PackageManager: Adding duplicate shared id: 1000 name=com.ctb.devicetest
06-28 03:51:19.653  1053  1053 I PackageManager: /system_ext/priv-app/CtbLogUpload changed; collecting certs
06-28 03:51:19.662  1053  1053 I PackageManager: /system_ext/priv-app/StorageManager changed; collecting certs
06-28 03:51:19.675  1053  1053 I PackageManager: /system_ext/priv-app/DisasterEngineermode changed; collecting certs
06-28 03:51:19.683  1053  1053 W PackageManager: Adding duplicate shared id: 1001 name=com.ctb.disasterengineermode
06-28 03:51:19.686  1053  1053 I PackageManager: /system_ext/priv-app/BatteryTest changed; collecting certs
06-28 03:51:19.693  1053  1053 W PackageManager: Adding duplicate shared id: 1000 name=com.ctb.batterytest
06-28 03:51:19.696  1053  1053 I PackageManager: /system_ext/priv-app/CtbVoiceRecorder changed; collecting certs
06-28 03:51:19.706  1053  1658 W PackageParsing: Unknown element under <manifest>: meta-data at /system_ext/priv-app/QtiDialer/QtiDialer.apk Binary XML file line #125
06-28 03:51:19.726     0     0 I [kworke][0x47d3eb19][02:51:19.715328] wlan: [509:I:HTT] max pool size 64 pool filled 64
06-28 03:51:19.735  1053  1053 I PackageManager: /system_ext/priv-app/dpmserviceapp changed; collecting certs
06-28 03:51:19.737  1053  1658 I PackageParsing: Parse times for '/system_ext/priv-app/QtiDialer': parse=94ms, update_cache=9 ms
06-28 03:51:19.740  1053  1053 W PackageManager: Adding duplicate shared id: 1001 name=com.qti.dpmserviceapp
06-28 03:51:19.747  1053  1053 I PackageManager: /system_ext/priv-app/xtra_t_app changed; collecting certs
06-28 03:51:19.755  1053  1053 W PackageManager: Adding duplicate app id: 10098 name=com.qualcomm.location.XT
06-28 03:51:19.759  1053  1053 I PackageManager: /system_ext/priv-app/CtbToolbox changed; collecting certs
06-28 03:51:19.770  1053  1053 I PackageManager: /system_ext/priv-app/Remap_ButtonSetting changed; collecting certs
06-28 03:51:19.776  1053  1053 W PackageManager: Adding duplicate shared id: 1000 name=com.ctb.remap_buttonsetting
06-28 03:51:19.780  1053  1053 I PackageManager: /system_ext/priv-app/EmergencyInfo changed; collecting certs
06-28 03:51:19.788  1053  1053 W PackageManager: Adding duplicate app id: 10100 name=com.android.emergency
06-28 03:51:19.792  1053  1053 I PackageManager: /system_ext/priv-app/QtiDialer changed; collecting certs
06-28 03:51:19.803  1053  1053 I PackageManager: /system_ext/priv-app/CtbFota changed; collecting certs
06-28 03:51:19.810  1053  1053 W PackageManager: Adding duplicate shared id: 1000 name=com.cybertel.fotaclient
06-28 03:51:19.814  1053  1053 I PackageManager: /system_ext/priv-app/CtbSmartChecker changed; collecting certs
06-28 03:51:19.831  1053  1053 W PackageManager: Adding duplicate shared id: 1000 name=com.ctb.smartchecker
06-28 03:51:19.835  1053  1053 I PackageManager: /system_ext/priv-app/com.qualcomm.location changed; collecting certs
06-28 03:51:19.843  1053  1053 I PackageManager: /system_ext/priv-app/CtbMms changed; collecting certs
06-28 03:51:19.893  1053  1659 W PackageParsing: Ignoring duplicate uses-permissions/uses-permissions-sdk-m: android.permission.CONFIGURE_WIFI_DISPLAY in package: com.android.systemui at: Binary XML file line #160
06-28 03:51:19.921  1053  1053 I PackageManager: /system_ext/priv-app/CtbEngineerMode changed; collecting certs
06-28 03:51:19.926  1053  1659 I PackageParsing: Parse times for '/system_ext/priv-app/SystemUI': parse=237ms, update_cache=3 ms
06-28 03:51:19.928  1053  1053 W PackageManager: Adding duplicate shared id: 1001 name=com.ctb.ctbengineermode
06-28 03:51:19.933  1053  1656 W PackageParsing: No actions in intent-filter at /system_ext/priv-app/CtbCalendar/CtbCalendar.apk Binary XML file line #85
06-28 03:51:19.934  1053  1053 I PackageManager: /system_ext/priv-app/CtbDebugScreen changed; collecting certs
06-28 03:51:19.942  1053  1053 W PackageManager: Adding duplicate shared id: 1000 name=com.ctb.CtbDebugScreen
06-28 03:51:19.947  1053  1053 I PackageManager: /system_ext/priv-app/CtbLog changed; collecting certs
06-28 03:51:19.955  1053  1053 W PackageManager: Adding duplicate shared id: 1000 name=com.ctb.log
06-28 03:51:19.960  1053  1053 I PackageManager: /system_ext/priv-app/SystemUI changed; collecting certs
06-28 03:51:19.969  1053  1053 W PackageManager: Adding duplicate app id: 10104 name=com.android.systemui
06-28 03:51:19.973  1053  1053 I PackageManager: /system_ext/priv-app/SnapdragonGallery changed; collecting certs
06-28 03:51:19.982  1053  1053 I PackageManager: /system_ext/priv-app/CtbCalendar changed; collecting certs
06-28 03:51:20.290     0     0 E [kworke][0x4879340d][02:51:20.279500] wlan: [509:E:WMI] send_action_oui_cmd_tlv: 220: Invalid action id
06-28 03:51:20.290     0     0 E [kworke][0x48794295][02:51:20.279694] wlan: [509:E:action_oui] ucfg_action_oui_send: 160: Failed to send: 7
06-28 03:51:20.300     0     0 E ipa_sps_irq_control_all: 956 EP (5) not allocated.
06-28 03:51:20.317     0     0 E ipa_sps_irq_control_all: 956 EP (5) not allocated.
06-28 03:51:20.321     0     0 E ipa_sps_irq_control_all: 956 EP (5) not allocated.
06-28 03:51:20.329     0     0 E ipa_sps_irq_control_all: 956 EP (5) not allocated.
06-28 03:51:20.343     0     0 E cnss_utils: WLAN MAC address is not set, type 0
06-28 03:51:20.344     0     0 W icnss 18800000.qcom,icnss: Falling back to syfs fallback for: wlan/qca_cld/wlan_mac.bin
06-28 03:51:20.359     0     0 I ueventd : firmware: loading 'wlan/qca_cld/wlan_mac.bin' for '/devices/platform/soc/18800000.qcom,icnss/firmware/wlan!qca_cld!wlan_mac.bin'
06-28 03:51:20.365     0     0 E ueventd : firmware: could not find firmware for wlan/qca_cld/wlan_mac.bin
06-28 03:51:20.373     0     0 E ueventd : firmware: attempted /etc/firmware/wlan/qca_cld/wlan_mac.bin, open failed: No such file or directory
06-28 03:51:20.378  1053  1657 I PackageParsing: Parse times for '/system_ext/priv-app/Settings': parse=558ms, update_cache=6 ms
06-28 03:51:20.380     0     0 E ueventd : firmware: attempted /odm/firmware/wlan/qca_cld/wlan_mac.bin, open failed: No such file or directory
06-28 03:51:20.380  1053  1053 I PackageManager: /system_ext/priv-app/Settings changed; collecting certs
06-28 03:51:20.389  1053  1053 W PackageManager: Adding duplicate shared id: 1000 name=com.android.settings
06-28 03:51:20.391     0     0 E ueventd : firmware: attempted /vendor/firmware/wlan/qca_cld/wlan_mac.bin, open failed: No such file or directory
06-28 03:51:20.401     0     0 E ueventd : firmware: attempted /firmware/image/wlan/qca_cld/wlan_mac.bin, open failed: No such file or directory
06-28 03:51:20.414  1053  1053 I PackageManager: /system_ext/app/CpuFreqApp changed; collecting certs
06-28 03:51:20.412     0     0 E ueventd : firmware: attempted /vendor/firmware_mnt/image/wlan/qca_cld/wlan_mac.bin, open failed: No such file or directory
06-28 03:51:20.424     0     0 I ueventd : loading /devices/platform/soc/18800000.qcom,icnss/firmware/wlan!qca_cld!wlan_mac.bin took 66ms
06-28 03:51:20.421  1053  1053 W PackageManager: Adding duplicate shared id: 1000 name=com.ctb.cpufreq
06-28 03:51:20.425     0     0 I [kworke][0x48a0f40b][02:51:20.415180] wlan: [509:I:HDD] hdd_initialize_mac_address: 11578: using default MAC address
06-28 03:51:20.432  1053  1053 I PackageManager: /system_ext/app/datastatusnotification changed; collecting certs
06-28 03:51:20.444  1053  1053 W PackageManager: Adding duplicate shared id: 1001 name=com.qti.qualcomm.datastatusnotification
06-28 03:51:20.447  1053  1053 I PackageManager: /system_ext/app/colorservice changed; collecting certs
06-28 03:51:20.450     0     0 I cnss-daemon: no interop issues ap currently
06-28 03:51:20.456  1053  1053 I PackageManager: /system_ext/app/QTIDiagServices changed; collecting certs
06-28 03:51:20.468  1053  1053 W PackageManager: Adding duplicate shared id: 1000 name=com.qti.diagservices
06-28 03:51:20.471  1053  1053 I PackageManager: /system_ext/app/DeviceInfo changed; collecting certs
06-28 03:51:20.476  1053  1053 W PackageManager: Adding duplicate shared id: 1001 name=com.qti.qualcomm.deviceinfo
06-28 03:51:20.479  1053  1053 I PackageManager: /system_ext/app/embms changed; collecting certs
06-28 03:51:20.490  1053  1053 I PackageManager: /system_ext/app/QCC-AUTHMGR changed; collecting certs
06-28 03:51:20.500  1053  1053 I PackageManager: /system_ext/app/QtiTelephonyService changed; collecting certs
06-28 03:51:20.517  1053  1053 W PackageManager: Adding duplicate app id: 10078 name=com.qualcomm.qti.telephonyservice
06-28 03:51:20.521  1053  1053 I PackageManager: /system_ext/app/CtbItems changed; collecting certs
06-28 03:51:20.529  1053  1053 I PackageManager: /system_ext/app/imssettings changed; collecting certs
06-28 03:51:20.554  1053  1053 I PackageManager: /system_ext/app/BluetoothDsDaService changed; collecting certs
06-28 03:51:20.558  1053  1053 W PackageManager: Adding duplicate shared id: 1002 name=com.qualcomm.qtil.btdsda
06-28 03:51:20.560  1053  1053 I PackageManager: /system_ext/app/ImsRcsService changed; collecting certs
06-28 03:51:20.564  1053  1053 W PackageManager: Adding duplicate shared id: 1001 name=vendor.qti.imsrcs
06-28 03:51:20.567  1053  1053 I PackageManager: /system_ext/app/DynamicDDSService changed; collecting certs
06-28 03:51:20.571  1053  1053 W PackageManager: Adding duplicate shared id: 1001 name=com.qualcomm.qti.dynamicddsservice
06-28 03:51:20.573  1053  1053 I PackageManager: /system_ext/app/Qmmi changed; collecting certs
06-28 03:51:20.578  1053  1053 W PackageManager: Adding duplicate shared id: 1000 name=com.qualcomm.qti.qmmi
06-28 03:51:20.581  1053  1053 I PackageManager: /system_ext/app/com.qualcomm.qti.services.secureui changed; collecting certs
06-28 03:51:20.586  1053  1053 W PackageManager: Adding duplicate shared id: 1000 name=com.qualcomm.qti.services.secureui
06-28 03:51:20.588  1053  1053 I PackageManager: /system_ext/app/QCC changed; collecting certs
06-28 03:51:20.592  1053  1053 W PackageManager: Adding duplicate shared id: 1000 name=com.qualcomm.qti.qdma
06-28 03:51:20.595  1053  1053 I PackageManager: /system_ext/app/workloadclassifier changed; collecting certs
06-28 03:51:20.600  1053  1053 I PackageManager: /system_ext/app/WAPPushManager changed; collecting certs
06-28 03:51:20.606  1053  1053 I PackageManager: /system_ext/app/AntHalService-Soong changed; collecting certs
06-28 03:51:20.611  1053  1053 W PackageManager: Adding duplicate shared id: 1000 name=com.dsi.ant.server
06-28 03:51:20.613  1053  1053 I PackageManager: /system_ext/app/QdcmFF changed; collecting certs
06-28 03:51:20.617  1053  1053 W PackageManager: Adding duplicate shared id: 1000 name=com.qti.snapdragon.qdcm_ff
06-28 03:51:20.620  1053  1053 I PackageManager: /system_ext/app/uceShimService changed; collecting certs
06-28 03:51:20.624  1053  1053 W PackageManager: Adding duplicate shared id: 1001 name=com.qualcomm.qti.uceShimService
06-28 03:51:20.626  1053  1053 I PackageManager: /system_ext/app/atfwd changed; collecting certs
06-28 03:51:20.631  1053  1053 I PackageManager: /system_ext/app/SimContact changed; collecting certs
06-28 03:51:20.636  1053  1053 I PackageManager: /system_ext/app/ModemTestMode changed; collecting certs
06-28 03:51:20.640  1053  1053 W PackageManager: Adding duplicate shared id: 1001 name=com.qualcomm.qti.modemtestmode
06-28 03:51:20.642  1053  1053 I PackageManager: /system_ext/app/QtiTelephony changed; collecting certs
06-28 03:51:20.646  1053  1053 W PackageManager: Adding duplicate app id: 10078 name=com.qti.phone
06-28 03:51:20.667  1053  1053 I PackageManager: /apex/com.android.wifi/priv-app/ServiceWifiResources changed; collecting certs
06-28 03:51:20.691  1053  1053 I PackageManager: /apex/com.android.wifi/app/OsuLogin changed; collecting certs
06-28 03:51:20.715  1053  1053 I PackageManager: /apex/com.android.tethering/priv-app/ServiceConnectivityResources changed; collecting certs
06-28 03:51:20.721  1053  1053 I PackageManager: /apex/com.android.tethering/priv-app/Tethering changed; collecting certs
06-28 03:51:20.727  1053  1053 W PackageManager: Adding duplicate shared id: 1073 name=com.android.networkstack.tethering
06-28 03:51:20.823  1053  1053 I PackageManager: /apex/com.android.permission/priv-app/PermissionController changed; collecting certs
06-28 03:51:20.879  1053  1053 I PackageManager: /apex/com.android.mediaprovider/priv-app/MediaProvider changed; collecting certs
06-28 03:51:20.925  1053  1053 I PackageManager: /apex/com.android.extservices/priv-app/ExtServices changed; collecting certs
06-28 03:51:20.951  1053  1053 I PackageManager: /apex/com.android.cellbroadcast/priv-app/CellBroadcastServiceModule changed; collecting certs
06-28 03:51:20.960  1053  1053 W PackageManager: Adding duplicate shared id: 1073 name=com.android.cellbroadcastservice
06-28 03:51:21.009  1053  1053 I PackageManager: /apex/com.android.cellbroadcast/priv-app/CellBroadcastApp changed; collecting certs
06-28 03:51:21.063  1053  1053 I PackageManager: Finished scanning system apps. Time: 2963 ms, packageCount: 191 , timePerPackage: 15 , cached: 0
06-28 03:51:21.065  1053  1053 I PackageManager: Finished scanning non-system apps. Time: 2 ms, packageCount: 0 , timePerPackage: 0 , cached: 0
06-28 03:51:21.068  1053  1053 E PackageManager: updateAllSharedLibrariesLPw failed: Package com.qti.snapdragon.qdcm_ff requires unavailable shared library vendor.display.color.V1_0.IDisplayColor; failing!
06-28 03:51:21.096  1053  1053 I PackageManager: Time to scan packages: 2.996 seconds
06-28 03:51:21.096  1053  1053 I PackageManager: Permission ownership changed. Updating all permissions.
06-28 03:51:21.126  1053  1053 V PackageManager: reconcileAppsData for null u0 0x1 migrateAppData=true
06-28 03:51:21.413     0     0 E ipa_sps_irq_control_all: 956 EP (5) not allocated.
06-28 03:51:21.417     0     0 E ipa_sps_irq_control_all: 956 EP (5) not allocated.
06-28 03:51:21.426     0     0 E ipa-wan handle_ingress_format: 1275 get AGG size 8192 count 10
06-28 03:51:21.427     0     0 E ipa_sps_irq_control_all: 956 EP (5) not allocated.
06-28 03:51:21.437     0     0 E ipa_assign_policy_v2: 3183 get close-by 8192
06-28 03:51:21.438     0     0 E ipa_assign_policy_v2: 3184 set rx_buff_sz 7808
06-28 03:51:21.443     0     0 E ipa_assign_policy_v2: 3199 set aggr_limit 6
06-28 03:51:21.705  1053  1053 V PackageManager: reconcileAppsData finished 47 packages
06-28 03:51:21.706  1053  1053 I PackageManagerTiming: write settings
06-28 03:51:21.707  1053  1729 I SystemServerTimingAsync: InitThreadPoolExec:prepareAppData
06-28 03:51:21.707  1053  1729 D SystemServerInitThreadPool: Started executing prepareAppData
06-28 03:51:21.747  1053  1729 D SystemServerTimingAsync: AppDataFixup took to complete: 39ms
06-28 03:51:21.804     0     0 E ipa-wan ipa_wwan_ioctl: 1552 dev(rmnet_data0) register to IPA
06-28 03:51:21.858  1053  1053 D PackageManagerTiming: write settings took to complete: 151ms
06-28 03:51:21.860  1053  1053 W PackageManager: Domain verification agent not found
06-28 03:51:21.863  1053  1053 D PackageManager: Ephemeral resolver NOT found; no matching intent filters
06-28 03:51:21.864  1053  1053 D PackageManager: Instant App installer not found with android.intent.action.INSTALL_INSTANT_APP_PACKAGE
06-28 03:51:21.864  1053  1053 D PackageManager: Clear ephemeral installer activity
06-28 03:51:21.869  1053  1053 I PackageManagerTiming: GC
06-28 03:51:21.870  1053  1053 D PackageManagerTiming: GC took to complete: 0ms
06-28 03:51:21.871  1053  1053 I PackageManager: Fix for b/169414761 is applied
06-28 03:51:21.871  1053  1053 D PackageManagerTiming: create package manager took to complete: 3909ms
06-28 03:51:21.904  1053  1053 V UserManagerService: Checking that all system packages are whitelisted.
06-28 03:51:21.909  1053  1053 W UserManagerService: checkWhitelistedSystemPackages(mode=ENFORCE|IMPLICIT_WHITELIST|IMPLICIT_WHITELIST_SYSTEM) has 55 warnings:
06-28 03:51:21.909  1053  1053 W UserManagerService: com.android.theme.color.amethyst is allowlisted but not present.
06-28 03:51:21.910  1053  1053 W UserManagerService: com.android.theme.icon.pebble is allowlisted but not present.
06-28 03:51:21.910  1053  1053 W UserManagerService: com.android.theme.color.sand is allowlisted but not present.
06-28 03:51:21.911  1053  1053 W UserManagerService: com.android.theme.icon.vessel is allowlisted but not present.
06-28 03:51:21.911  1053  1053 W UserManagerService: com.android.theme.color.cinnamon is allowlisted but not present.
06-28 03:51:21.911  1053  1053 W UserManagerService: com.android.theme.icon_pack.victor.settings is allowlisted but not present.
06-28 03:51:21.912  1053  1053 W UserManagerService: com.android.theme.icon_pack.rounded.systemui is allowlisted but not present.
06-28 03:51:21.912  1053  1053 W UserManagerService: com.android.theme.icon.taperedrect is allowlisted but not present.
06-28 03:51:21.912  1053  1053 W UserManagerService: com.android.theme.icon_pack.rounded.android is allowlisted but not present.
06-28 03:51:21.913  1053  1053 W UserManagerService: com.qualcomm.qti.euiccresource is allowlisted but not present.
06-28 03:51:21.913  1053  1053 W UserManagerService: com.android.theme.icon_pack.victor.systemui is allowlisted but not present.
06-28 03:51:21.913  1053  1053 W UserManagerService: com.android.theme.icon_pack.circular.themepicker is allowlisted but not present.
06-28 03:51:21.914  1053  1053 W UserManagerService: com.android.theme.color.tangerine is allowlisted but not present.
06-28 03:51:21.915  1053  1053 W UserManagerService: com.android.theme.color.aquamarine is allowlisted but not present.
06-28 03:51:21.915  1053  1053 W UserManagerService: com.android.theme.color.black is allowlisted but not present.
06-28 03:51:21.916  1053  1053 W UserManagerService: com.android.theme.color.green is allowlisted but not present.
06-28 03:51:21.916  1053  1053 W UserManagerService: com.android.theme.color.ocean is allowlisted but not present.
06-28 03:51:21.916  1053  1053 W UserManagerService: com.android.theme.color.space is allowlisted but not present.
06-28 03:51:21.917  1053  1053 W UserManagerService: com.android.theme.icon_pack.rounded.launcher is allowlisted but not present.
06-28 03:51:21.917  1053  1053 W UserManagerService: com.android.theme.icon_pack.kai.settings is allowlisted but not present.
06-28 03:51:21.917  1053  1053 W UserManagerService: com.android.internal.systemui.navbar.twobutton is allowlisted but not present.
06-28 03:51:21.918  1053  1053 W UserManagerService: com.android.theme.icon_pack.sam.settings is allowlisted but not present.
06-28 03:51:21.918  1053  1053 W UserManagerService: com.android.theme.icon_pack.kai.themepicker is allowlisted but not present.
06-28 03:51:21.918  1053  1053 W UserManagerService: com.android.theme.icon_pack.victor.launcher is allowlisted but not present.
