07-08 20:01:04.396  1130  2313 D BatteryService: Sending ACTION_BATTERY_CHANGED. scale:100, info:{.chargerAcOnline = false, .chargerUsbOnline = true, .chargerWirelessOnline = false, .maxChargingCurrent = 75000, .maxChargingVoltage = 5000000, .batteryStatus = NOT_CHARGING, .batteryHealth = GOOD, .batteryPresent = true, .batteryLevel = 55, .batteryVoltage = 3813, .batteryTemperature = 310, .batteryCurrent = 12, .batteryCycleCount = 1, .batteryFullCharge = 3820000, .batteryChargeCounter = 1723181, .batteryTechnology = Li-ion, .chargerRealType = USB, .chargingVoltage = 5058593, .batteryID = 100000}
07-08 20:01:04.402  1130  1242 I EntropyMixer: Writing entropy...
07-08 20:01:04.443     0     0 I FG      : fg_adjust_recharge_voltage: health: 1 chg_status: 3 chg_done: 0
07-08 20:01:04.451     0     0 I FG      : fg_adjust_ki_coeff_full_soc: Wrote ki_coeff_full_soc 733
07-08 20:01:04.442  1130  1303 I DropBoxManagerService: add tag=system_server_wtf isTagEnabled=true flags=0x2
07-08 20:01:04.458     0     0 I FG      : status_change_work: charge_status:3 charge_type:1 charge_done:0
07-08 20:01:04.567     0     0 I FG      : fg_cycle_counter_update: batt_soc: 115 bucket: 3 chg_status: 1
07-08 20:01:04.569     0     0 I FG      : fg_charge_full_update: msoc: 53 bsoc: 7374 health: 1 status: 1 full: 0
07-08 20:01:04.581     0     0 I FG      : fg_adjust_recharge_voltage: health: 1 chg_status: 1 chg_done: 0
07-08 20:01:04.601     0     0 I FG      : status_change_work: charge_status:1 charge_type:3 charge_done:0
07-08 20:01:04.625  1130  1130 W Looper  : Slow dispatch took 208ms main h=com.android.server.power.Notifier$NotifierHandler c=null m=6
07-08 20:01:04.626  1130  1130 W Looper  : Slow delivery took 211ms main h=com.android.server.power.Notifier$NotifierHandler c=null m=7
07-08 20:01:04.629  1130  1130 W Looper  : Drained
07-08 20:01:04.675     0     0 I PMI     : smblib_get_prop_otg_sw_a_control:  a_otg_enable value is 0
07-08 20:01:04.675     0     0 I PMI     : smblib_get_prop_otg_sw_b_control:  b_otg_enable value is 0
07-08 20:01:04.680     0     0 I configfs-gadget gadget: high-speed config #1: b
07-08 20:01:04.686     0     0 I FG      : fg_cycle_counter_update: batt_soc: 115 bucket: 3 chg_status: 1
07-08 20:01:04.690     0     0 I msm-dwc3 a800000.ssusb: Avail curr from USB = 500
07-08 20:01:04.702     0     0 I FG      : fg_charge_full_update: msoc: 53 bsoc: 7374 health: 1 status: 1 full: 0
07-08 20:01:04.703     0     0 E PMI     : smblib_set_icl_current:  ****** Charger : 4, cradle: 0, ICL: 50000
07-08 20:01:04.707     0     0 I FG      : fg_adjust_recharge_voltage: health: 1 chg_status: 1 chg_done: 0
07-08 20:01:04.717     0     0 E PMI     : set_sdp_current: ICL 50000uA isn't supported for SDP
07-08 20:01:04.722     0     0 I FG      : status_change_work: charge_status:1 charge_type:3 charge_done:0
07-08 20:01:04.729     0     0 E PMI     : smblib_set_icl_current: Couldn't set SDP ICL rc=-22
07-08 20:01:04.729     0     0 E PMI     : smblib_set_icl_current:  ****** Charger : 4, cradle: 0, ICL: 500000
07-08 20:01:04.720  1130  1666 V UsbDeviceManager: USB UEVENT: {SUBSYSTEM=android_usb, SEQNUM=5964, ACTION=change, USB_STATE=CONFIGURED, DEVPATH=/devices/virtual/android_usb/android0}
07-08 20:01:04.722  1130  1239 D UsbDeviceManager: broadcasting Intent { act=android.hardware.usb.action.USB_STATE flg=0x31000000 (has extras) } extras: Bundle[{host_connected=false, connected=true, unlocked=false, adb=true, configured=true}]
07-08 20:01:04.736     0     0 I android_work: sent uevent USB_STATE=CONFIGURED
07-08 20:01:04.795     0     0 I ctb_cradle: typec mode:6 present:1 type:4 Vol: 5019531
07-08 20:01:04.916     0     0 W healthd : charger type:  USB, VBUS Volt: 4902343
07-08 20:01:04.916     0     0 W healthd : battery l=55 v=3813 t=31.0 h=2 st=4 c=12 fc=3820000 cc=1 chg=u
07-08 20:01:05.086     0     0 E usbpd0  : SNK_Transition_to_default -> SNK_Startup
07-08 20:01:05.235     0     0 I PMI     : smblib_get_prop_otg_sw_a_control:  a_otg_enable value is 0
07-08 20:01:05.235     0     0 I PMI     : smblib_get_prop_otg_sw_b_control:  b_otg_enable value is 0
07-08 20:01:05.355     0     0 I ctb_cradle: typec mode:6 present:1 type:4 Vol: 4863281
07-08 20:01:05.415     0     0 W healthd : charger type:  USB, VBUS Volt: 4863281
07-08 20:01:05.415  1130  2313 D BatteryService: Processing new values: info={.chargerAcOnline = false, .chargerUsbOnline = true, .chargerWirelessOnline = false, .maxChargingCurrent = 500000, .maxChargingVoltage = 5000000, .batteryStatus = CHARGING, .batteryHealth = GOOD, .batteryPresent = true, .batteryLevel = 55, .batteryVoltage = 3666, .batteryTemperature = 310, .batteryCurrent = -681, .batteryCycleCount = 1, .batteryFullCharge = 3820000, .batteryChargeCounter = 1722903, .batteryTechnology = Li-ion, .chargerRealType = USB, .chargingVoltage = 4863281, .batteryID = 100000}, mBatteryLevelCritical=false, mPlugType=2
07-08 20:01:05.417  1130  2313 D BatteryService: Sending ACTION_BATTERY_CHANGED. scale:100, info:{.chargerAcOnline = false, .chargerUsbOnline = true, .chargerWirelessOnline = false, .maxChargingCurrent = 500000, .maxChargingVoltage = 5000000, .batteryStatus = CHARGING, .batteryHealth = GOOD, .batteryPresent = true, .batteryLevel = 55, .batteryVoltage = 3666, .batteryTemperature = 310, .batteryCurrent = -681, .batteryCycleCount = 1, .batteryFullCharge = 3820000, .batteryChargeCounter = 1722903, .batteryTechnology = Li-ion, .chargerRealType = USB, .chargingVoltage = 4863281, .batteryID = 100000}
07-08 20:01:05.556  1130  1665 D ActivityTaskManager: Top Process State changed to PROCESS_STATE_TOP
07-08 20:01:05.587     0     0 E PMI     : smblib_set_prop_pr_swap_in_progress:  ** smblib_set_prop_pr_swap_in_progress - 0
07-08 20:01:05.587     0     0 E usbpd0  : SNK_Wait_for_Capabilities -> SNK_Hard_Reset
07-08 20:01:05.589  1130  1241 D AutofillUI: destroySaveUiUiThread(): already destroyed
07-08 20:01:05.590  1130  2277 D AutofillManagerServiceImpl: Reset component for user 0:
07-08 20:01:05.596     0     0 E PMI     : smblib_set_prop_pr_swap_in_progress:  ** smblib_set_prop_pr_swap_in_progress - 0
07-08 20:01:05.604     0     0 E usbpd0  : SNK_Hard_Reset -> SNK_Transition_to_default
07-08 20:01:05.613     0     0 I FG      : fg_cycle_counter_update: batt_soc: 115 bucket: 3 chg_status: 1
07-08 20:01:05.618     0     0 I FG      : fg_charge_full_update: msoc: 53 bsoc: 7374 health: 1 status: 1 full: 0
07-08 20:01:05.624     0     0 I FG      : fg_adjust_recharge_voltage: health: 1 chg_status: 1 chg_done: 0
07-08 20:01:05.627     0     0 I binder  : 3681:3712 ioctl 40046210 7bffa25204 returned -22
07-08 20:01:05.632     0     0 I FG      : status_change_work: charge_status:1 charge_type:3 charge_done:0
07-08 20:01:05.656     0     0 W healthd : charger type:  USB, VBUS Volt: 4863281
07-08 20:01:05.669     0     0 I binder  : 3681:3712 ioctl 40046210 7bffa26f34 returned -22
07-08 20:01:05.670  1130  1243 V UsbDeviceManager: onKeyguardStateChanged: isShowing:false secure:false user:0
07-08 20:01:05.776  1130  1243 V UsbDeviceManager: onKeyguardStateChanged: isShowing:false secure:false user:0
07-08 20:01:05.956     0     0 I PMI     : smblib_get_prop_otg_sw_a_control:  a_otg_enable value is 0
07-08 20:01:05.956     0     0 I PMI     : smblib_get_prop_otg_sw_b_control:  b_otg_enable value is 0
07-08 20:01:05.972     0     0 I FG      : fg_cycle_counter_update: batt_soc: 115 bucket: 3 chg_status: 1
07-08 20:01:05.973     0     0 I FG      : fg_charge_full_update: msoc: 53 bsoc: 7370 health: 1 status: 1 full: 0
07-08 20:01:05.980     0     0 I FG      : fg_adjust_recharge_voltage: health: 1 chg_status: 1 chg_done: 0
07-08 20:01:05.987     0     0 I FG      : status_change_work: charge_status:1 charge_type:3 charge_done:0
07-08 20:01:05.998  1130  2584 W ActivityTaskManager: Current config: {1.0 ?mcc?mnc [en_GB,ko_KR] ldltr sw360dp w360dp h616dp 480dpi nrml long port night finger -keyb/v/h -nav/h winConfig={ mBounds=Rect(0, 0 - 1080, 1920) mAppBounds=Rect(0, 0 - 1080, 1920) mMaxBounds=Rect(0, 0 - 1080, 1920) mWindowingMode=fullscreen mDisplayWindowingMode=fullscreen mActivityType=undefined mAlwaysOnTop=undefined mRotation=ROTATION_0} as.2 s.33 fontWeightAdjustment=0} unchanged for IME proc com.android.inputmethod.latin
07-08 20:01:05.999  1130  2584 W ActivityTaskManager: Current config: {1.0 ?mcc?mnc [en_GB,ko_KR] ldltr sw360dp w360dp h616dp 480dpi nrml long port night finger -keyb/v/h -nav/h winConfig={ mBounds=Rect(0, 0 - 1080, 1920) mAppBounds=Rect(0, 0 - 1080, 1920) mMaxBounds=Rect(0, 0 - 1080, 1920) mWindowingMode=fullscreen mDisplayWindowingMode=fullscreen mActivityType=undefined mAlwaysOnTop=undefined mRotation=ROTATION_0} as.2 s.33 fontWeightAdjustment=0} unchanged for IME proc com.android.inputmethod.latin
07-08 20:01:06.076     0     0 I ctb_cradle: typec mode:6 present:1 type:4 Vol: 4863281
07-08 20:01:06.187  1130  2313 D BatteryService: Processing new values: info={.chargerAcOnline = false, .chargerUsbOnline = true, .chargerWirelessOnline = false, .maxChargingCurrent = 500000, .maxChargingVoltage = 5000000, .batteryStatus = CHARGING, .batteryHealth = GOOD, .batteryPresent = true, .batteryLevel = 55, .batteryVoltage = 3666, .batteryTemperature = 310, .batteryCurrent = -681, .batteryCycleCount = 1, .batteryFullCharge = 3820000, .batteryChargeCounter = 1722903, .batteryTechnology = Li-ion, .chargerRealType = USB, .chargingVoltage = 4863281, .batteryID = 100000}, mBatteryLevelCritical=false, mPlugType=2
07-08 20:01:06.295     0     0 E usbpd0  : SNK_Transition_to_default -> SNK_Startup
07-08 20:01:06.517     0     0 I oom_reaper: reaped process 3086 (android.traceur), now anon-rss:0kB, file-rss:0kB, shmem-rss:588kB
07-08 20:01:06.526     0     0 I PMI     : smblib_get_prop_otg_sw_a_control:  a_otg_enable value is 0
07-08 20:01:06.526     0     0 I PMI     : smblib_get_prop_otg_sw_b_control:  b_otg_enable value is 0
07-08 20:01:06.562  1130  2129 I ActivityManager: Process com.android.traceur (pid 3086) has died: cch+95 CEM 
07-08 20:01:06.585     0     0 I ctb_cradle: typec mode:6 present:1 type:4 Vol: 4863281
07-08 20:01:06.796     0     0 E PMI     : smblib_set_prop_pr_swap_in_progress:  ** smblib_set_prop_pr_swap_in_progress - 0
07-08 20:01:06.797     0     0 E usbpd0  : SNK_Wait_for_Capabilities -> SNK_Hard_Reset
07-08 20:01:06.807     0     0 E PMI     : smblib_set_prop_pr_swap_in_progress:  ** smblib_set_prop_pr_swap_in_progress - 0
07-08 20:01:06.812     0     0 E usbpd0  : SNK_Hard_Reset -> SNK_Transition_to_default
07-08 20:01:06.815     0     0 I FG      : fg_cycle_counter_update: batt_soc: 115 bucket: 3 chg_status: 1
07-08 20:01:06.827     0     0 I FG      : fg_charge_full_update: msoc: 53 bsoc: 7370 health: 1 status: 1 full: 0
07-08 20:01:06.833     0     0 I FG      : fg_adjust_recharge_voltage: health: 1 chg_status: 1 chg_done: 0
07-08 20:01:06.842     0     0 I FG      : status_change_work: charge_status:1 charge_type:3 charge_done:0
07-08 20:01:06.877  1130  2313 D BatteryService: Processing new values: info={.chargerAcOnline = false, .chargerUsbOnline = true, .chargerWirelessOnline = false, .maxChargingCurrent = 500000, .maxChargingVoltage = 5000000, .batteryStatus = CHARGING, .batteryHealth = GOOD, .batteryPresent = true, .batteryLevel = 55, .batteryVoltage = 3687, .batteryTemperature = 310, .batteryCurrent = -737, .batteryCycleCount = 1, .batteryFullCharge = 3820000, .batteryChargeCounter = 1722602, .batteryTechnology = Li-ion, .chargerRealType = USB, .chargingVoltage = 4863281, .batteryID = 100000}, mBatteryLevelCritical=false, mPlugType=2
07-08 20:01:06.878  1130  2313 D BatteryService: Sending ACTION_BATTERY_CHANGED. scale:100, info:{.chargerAcOnline = false, .chargerUsbOnline = true, .chargerWirelessOnline = false, .maxChargingCurrent = 500000, .maxChargingVoltage = 5000000, .batteryStatus = CHARGING, .batteryHealth = GOOD, .batteryPresent = true, .batteryLevel = 55, .batteryVoltage = 3687, .batteryTemperature = 310, .batteryCurrent = -737, .batteryCycleCount = 1, .batteryFullCharge = 3820000, .batteryChargeCounter = 1722602, .batteryTechnology = Li-ion, .chargerRealType = USB, .chargingVoltage = 4863281, .batteryID = 100000}
07-08 20:01:07.135     0     0 I PMI     : smblib_get_prop_otg_sw_a_control:  a_otg_enable value is 0
07-08 20:01:07.135     0     0 I PMI     : smblib_get_prop_otg_sw_b_control:  b_otg_enable value is 0
07-08 20:01:07.143  1130  1239 D AutofillManagerService: Close system dialogs
07-08 20:01:07.149     0     0 I FG      : fg_cycle_counter_update: batt_soc: 115 bucket: 3 chg_status: 1
07-08 20:01:07.150     0     0 I FG      : fg_charge_full_update: msoc: 53 bsoc: 7370 health: 1 status: 1 full: 0
07-08 20:01:07.155     0     0 I FG      : fg_adjust_recharge_voltage: health: 1 chg_status: 1 chg_done: 0
07-08 20:01:07.146  1130  1241 I ActivityTaskManager: START u0 {act=android.intent.action.MAIN cat=[android.intent.category.HOME] flg=0x10000100 cmp=com.android.launcher3/.uioverrides.QuickstepLauncher (has extras)} from uid 0
07-08 20:01:07.163     0     0 I FG      : status_change_work: charge_status:1 charge_type:3 charge_done:0
07-08 20:01:07.195     0     0 I ctb_cradle: typec mode:6 present:1 type:4 Vol: 4863281
07-08 20:01:07.210  1130  1239 D AutofillManagerService: Close system dialogs
07-08 20:01:07.315     0     0 I ctb_cradle: typec mode:6 present:1 type:4 Vol: 4863281
07-08 20:01:07.506     0     0 E usbpd0  : SNK_Transition_to_default -> SNK_Startup
07-08 20:01:07.553  1130  1242 I DropBoxManagerService: add tag=system_app_strictmode isTagEnabled=true flags=0x2
07-08 20:01:07.848  1130  2313 D BatteryService: Processing new values: info={.chargerAcOnline = false, .chargerUsbOnline = true, .chargerWirelessOnline = false, .maxChargingCurrent = 500000, .maxChargingVoltage = 5000000, .batteryStatus = CHARGING, .batteryHealth = GOOD, .batteryPresent = true, .batteryLevel = 55, .batteryVoltage = 3729, .batteryTemperature = 310, .batteryCurrent = -549, .batteryCycleCount = 1, .batteryFullCharge = 3820000, .batteryChargeCounter = 1722378, .batteryTechnology = Li-ion, .chargerRealType = USB, .chargingVoltage = 4863281, .batteryID = 100000}, mBatteryLevelCritical=false, mPlugType=2
07-08 20:01:07.849  1130  2313 D BatteryService: Sending ACTION_BATTERY_CHANGED. scale:100, info:{.chargerAcOnline = false, .chargerUsbOnline = true, .chargerWirelessOnline = false, .maxChargingCurrent = 500000, .maxChargingVoltage = 5000000, .batteryStatus = CHARGING, .batteryHealth = GOOD, .batteryPresent = true, .batteryLevel = 55, .batteryVoltage = 3729, .batteryTemperature = 310, .batteryCurrent = -549, .batteryCycleCount = 1, .batteryFullCharge = 3820000, .batteryChargeCounter = 1722378, .batteryTechnology = Li-ion, .chargerRealType = USB, .chargingVoltage = 4863281, .batteryID = 100000}
07-08 20:01:07.975     0     0 I PMI     : smblib_get_prop_otg_sw_a_control:  a_otg_enable value is 0
07-08 20:01:07.975     0     0 I PMI     : smblib_get_prop_otg_sw_b_control:  b_otg_enable value is 0
07-08 20:01:08.007     0     0 E PMI     : smblib_set_prop_pr_swap_in_progress:  ** smblib_set_prop_pr_swap_in_progress - 0
07-08 20:01:08.008     0     0 I PMI     : smblib_update_usb_type: APSD=SDP PD=0
07-08 20:01:08.022     0     0 I FG      : fg_cycle_counter_update: batt_soc: 115 bucket: 3 chg_status: 1
07-08 20:01:08.023     0     0 I FG      : fg_charge_full_update: msoc: 53 bsoc: 736f health: 1 status: 1 full: 0
07-08 20:01:08.029     0     0 I FG      : fg_adjust_recharge_voltage: health: 1 chg_status: 1 chg_done: 0
07-08 20:01:08.038     0     0 W healthd : charger type:  USB, VBUS Volt: 4863281
07-08 20:01:08.045     0     0 I FG      : status_change_work: charge_status:1 charge_type:3 charge_done:0
07-08 20:01:08.046     0     0 W healthd : battery l=55 v=3729 t=31.0 h=2 st=2 c=-549 fc=3820000 cc=1 chg=u
07-08 20:01:08.357     0     0 I PMI     : smblib_get_prop_otg_sw_a_control:  a_otg_enable value is 0
07-08 20:01:08.357     0     0 I PMI     : smblib_get_prop_otg_sw_b_control:  b_otg_enable value is 0
07-08 20:01:08.485     0     0 I ctb_cradle: typec mode:6 present:1 type:4 Vol: 4863281
07-08 20:01:08.537     0     0 I oom_reaper: reaped process 3231 (alcomm.qti.qmmi), now anon-rss:0kB, file-rss:0kB, shmem-rss:588kB
07-08 20:01:08.615     0     0 W healthd : charger type:  USB, VBUS Volt: 4863281
07-08 20:01:08.606  1130  2313 D BatteryService: Processing new values: info={.chargerAcOnline = false, .chargerUsbOnline = true, .chargerWirelessOnline = false, .maxChargingCurrent = 500000, .maxChargingVoltage = 5000000, .batteryStatus = CHARGING, .batteryHealth = GOOD, .batteryPresent = true, .batteryLevel = 55, .batteryVoltage = 3729, .batteryTemperature = 310, .batteryCurrent = -549, .batteryCycleCount = 1, .batteryFullCharge = 3820000, .batteryChargeCounter = 1722378, .batteryTechnology = Li-ion, .chargerRealType = USB, .chargingVoltage = 4863281, .batteryID = 100000}, mBatteryLevelCritical=false, mPlugType=2
07-08 20:01:08.619  1130  2129 I ActivityManager: Process com.qualcomm.qti.qmmi (pid 3231) has died: cch+85 CEM 
07-08 20:01:08.797     0     0 W healthd : charger type:  USB, VBUS Volt: 4863281
07-08 20:01:08.799     0     0 W healthd : battery l=55 v=3729 t=31.0 h=2 st=2 c=-549 fc=3820000 cc=1 chg=u
07-08 20:01:08.879  1130  2313 D BatteryService: Processing new values: info={.chargerAcOnline = false, .chargerUsbOnline = true, .chargerWirelessOnline = false, .maxChargingCurrent = 500000, .maxChargingVoltage = 5000000, .batteryStatus = CHARGING, .batteryHealth = GOOD, .batteryPresent = true, .batteryLevel = 55, .batteryVoltage = 3729, .batteryTemperature = 310, .batteryCurrent = -549, .batteryCycleCount = 1, .batteryFullCharge = 3820000, .batteryChargeCounter = 1722378, .batteryTechnology = Li-ion, .chargerRealType = USB, .chargingVoltage = 4863281, .batteryID = 100000}, mBatteryLevelCritical=false, mPlugType=2
07-08 20:01:08.886     0     0 W healthd : charger type:  USB, VBUS Volt: 4863281
07-08 20:01:09.025     0     0 W healthd : charger type:  USB, VBUS Volt: 4863281
07-08 20:01:09.025     0     0 W healthd : battery l=55 v=3842 t=31.0 h=2 st=2 c=163 fc=3820000 cc=1 chg=u
07-08 20:01:09.098     0     0 W healthd : charger type:  USB, VBUS Volt: 4863281
07-08 20:01:09.094  1130  2313 D BatteryService: Processing new values: info={.chargerAcOnline = false, .chargerUsbOnline = true, .chargerWirelessOnline = false, .maxChargingCurrent = 500000, .maxChargingVoltage = 5000000, .batteryStatus = CHARGING, .batteryHealth = GOOD, .batteryPresent = true, .batteryLevel = 55, .batteryVoltage = 3842, .batteryTemperature = 310, .batteryCurrent = 163, .batteryCycleCount = 1, .batteryFullCharge = 3820000, .batteryChargeCounter = 1722444, .batteryTechnology = Li-ion, .chargerRealType = USB, .chargingVoltage = 4863281, .batteryID = 100000}, mBatteryLevelCritical=false, mPlugType=2
07-08 20:01:09.097  1130  2313 D BatteryService: Sending ACTION_BATTERY_CHANGED. scale:100, info:{.chargerAcOnline = false, .chargerUsbOnline = true, .chargerWirelessOnline = false, .maxChargingCurrent = 500000, .maxChargingVoltage = 5000000, .batteryStatus = CHARGING, .batteryHealth = GOOD, .batteryPresent = true, .batteryLevel = 55, .batteryVoltage = 3842, .batteryTemperature = 310, .batteryCurrent = 163, .batteryCycleCount = 1, .batteryFullCharge = 3820000, .batteryChargeCounter = 1722444, .batteryTechnology = Li-ion, .chargerRealType = USB, .chargingVoltage = 4863281, .batteryID = 100000}
07-08 20:01:09.248     0     0 W healthd : charger type:  USB, VBUS Volt: 4863281
07-08 20:01:09.329  1130  2313 D BatteryService: Processing new values: info={.chargerAcOnline = false, .chargerUsbOnline = true, .chargerWirelessOnline = false, .maxChargingCurrent = 500000, .maxChargingVoltage = 5000000, .batteryStatus = CHARGING, .batteryHealth = GOOD, .batteryPresent = true, .batteryLevel = 55, .batteryVoltage = 3842, .batteryTemperature = 310, .batteryCurrent = 163, .batteryCycleCount = 1, .batteryFullCharge = 3820000, .batteryChargeCounter = 1722444, .batteryTechnology = Li-ion, .chargerRealType = USB, .chargingVoltage = 4863281, .batteryID = 100000}, mBatteryLevelCritical=false, mPlugType=2
07-08 20:01:09.569  1130  2313 D BatteryService: Processing new values: info={.chargerAcOnline = false, .chargerUsbOnline = true, .chargerWirelessOnline = false, .maxChargingCurrent = 500000, .maxChargingVoltage = 5000000, .batteryStatus = CHARGING, .batteryHealth = GOOD, .batteryPresent = true, .batteryLevel = 55, .batteryVoltage = 3842, .batteryTemperature = 310, .batteryCurrent = 163, .batteryCycleCount = 1, .batteryFullCharge = 3820000, .batteryChargeCounter = 1722444, .batteryTechnology = Li-ion, .chargerRealType = USB, .chargingVoltage = 4863281, .batteryID = 100000}, mBatteryLevelCritical=false, mPlugType=2
07-08 20:01:09.741  1130  2313 D BatteryService: Processing new values: info={.chargerAcOnline = false, .chargerUsbOnline = true, .chargerWirelessOnline = false, .maxChargingCurrent = 500000, .maxChargingVoltage = 5000000, .batteryStatus = CHARGING, .batteryHealth = GOOD, .batteryPresent = true, .batteryLevel = 55, .batteryVoltage = 3842, .batteryTemperature = 310, .batteryCurrent = 163, .batteryCycleCount = 1, .batteryFullCharge = 3820000, .batteryChargeCounter = 1722444, .batteryTechnology = Li-ion, .chargerRealType = USB, .chargingVoltage = 4863281, .batteryID = 100000}, mBatteryLevelCritical=false, mPlugType=2
07-08 20:01:09.960  1130  2313 D BatteryService: Processing new values: info={.chargerAcOnline = false, .chargerUsbOnline = true, .chargerWirelessOnline = false, .maxChargingCurrent = 500000, .maxChargingVoltage = 5000000, .batteryStatus = CHARGING, .batteryHealth = GOOD, .batteryPresent = true, .batteryLevel = 55, .batteryVoltage = 3842, .batteryTemperature = 310, .batteryCurrent = 163, .batteryCycleCount = 1, .batteryFullCharge = 3820000, .batteryChargeCounter = 1722444, .batteryTechnology = Li-ion, .chargerRealType = USB, .chargingVoltage = 4863281, .batteryID = 100000}, mBatteryLevelCritical=false, mPlugType=2
07-08 20:01:10.124     0     0 I binder  : 3933:3933 ioctl 40046210 7fd23329c4 returned -22
07-08 20:01:10.176  1130  2313 D BatteryService: Processing new values: info={.chargerAcOnline = false, .chargerUsbOnline = true, .chargerWirelessOnline = false, .maxChargingCurrent = 500000, .maxChargingVoltage = 5000000, .batteryStatus = CHARGING, .batteryHealth = GOOD, .batteryPresent = true, .batteryLevel = 55, .batteryVoltage = 3842, .batteryTemperature = 310, .batteryCurrent = 163, .batteryCycleCount = 1, .batteryFullCharge = 3820000, .batteryChargeCounter = 1722444, .batteryTechnology = Li-ion, .chargerRealType = USB, .chargingVoltage = 4863281, .batteryID = 100000}, mBatteryLevelCritical=false, mPlugType=2
07-08 20:01:10.347  1130  2313 D BatteryService: Processing new values: info={.chargerAcOnline = false, .chargerUsbOnline = true, .chargerWirelessOnline = false, .maxChargingCurrent = 500000, .maxChargingVoltage = 5000000, .batteryStatus = CHARGING, .batteryHealth = GOOD, .batteryPresent = true, .batteryLevel = 55, .batteryVoltage = 3842, .batteryTemperature = 310, .batteryCurrent = 163, .batteryCycleCount = 1, .batteryFullCharge = 3820000, .batteryChargeCounter = 1722444, .batteryTechnology = Li-ion, .chargerRealType = USB, .chargingVoltage = 4863281, .batteryID = 100000}, mBatteryLevelCritical=false, mPlugType=2
07-08 20:01:10.581  1130  2313 D BatteryService: Processing new values: info={.chargerAcOnline = false, .chargerUsbOnline = true, .chargerWirelessOnline = false, .maxChargingCurrent = 500000, .maxChargingVoltage = 5000000, .batteryStatus = CHARGING, .batteryHealth = GOOD, .batteryPresent = true, .batteryLevel = 55, .batteryVoltage = 3841, .batteryTemperature = 310, .batteryCurrent = 140, .batteryCycleCount = 1, .batteryFullCharge = 3820000, .batteryChargeCounter = 1722502, .batteryTechnology = Li-ion, .chargerRealType = USB, .chargingVoltage = 4863281, .batteryID = 100000}, mBatteryLevelCritical=false, mPlugType=2
07-08 20:01:10.583  1130  2313 D BatteryService: Sending ACTION_BATTERY_CHANGED. scale:100, info:{.chargerAcOnline = false, .chargerUsbOnline = true, .chargerWirelessOnline = false, .maxChargingCurrent = 500000, .maxChargingVoltage = 5000000, .batteryStatus = CHARGING, .batteryHealth = GOOD, .batteryPresent = true, .batteryLevel = 55, .batteryVoltage = 3841, .batteryTemperature = 310, .batteryCurrent = 140, .batteryCycleCount = 1, .batteryFullCharge = 3820000, .batteryChargeCounter = 1722502, .batteryTechnology = Li-ion, .chargerRealType = USB, .chargingVoltage = 4863281, .batteryID = 100000}
07-08 20:01:10.769  1130  2313 D BatteryService: Processing new values: info={.chargerAcOnline = false, .chargerUsbOnline = true, .chargerWirelessOnline = false, .maxChargingCurrent = 500000, .maxChargingVoltage = 5000000, .batteryStatus = CHARGING, .batteryHealth = GOOD, .batteryPresent = true, .batteryLevel = 55, .batteryVoltage = 3841, .batteryTemperature = 310, .batteryCurrent = 140, .batteryCycleCount = 1, .batteryFullCharge = 3820000, .batteryChargeCounter = 1722502, .batteryTechnology = Li-ion, .chargerRealType = USB, .chargingVoltage = 4863281, .batteryID = 100000}, mBatteryLevelCritical=false, mPlugType=2
07-08 20:01:12.028     0     0 I binder  : 3942:3942 ioctl 40046210 7fc2dafc74 returned -22
07-08 20:01:14.926  1130  2129 I ActivityTaskManager: START u0 {act=android.intent.action.MAIN cat=[android.intent.category.LAUNCHER] flg=0x10008000 cmp=com.android.settings/.Settings$UsbDetailsActivity} from uid 1000
07-08 20:01:14.952  1130  2129 W ActivityTaskManager: Can't find TaskDisplayArea to determine support for multi window. Task id=410 attached=false
07-08 20:01:14.955  1130  2129 I ActivityTaskManager: Activity boosted, release it firstly
07-08 20:01:14.960  1130  2129 D CompatibilityChangeReporter: Compat change id reported: 174042980; UID 1000; state: DISABLED
07-08 20:01:14.963  1130  2129 D CompatibilityChangeReporter: Compat change id reported: 197654537; UID 1000; state: ENABLED
07-08 20:01:14.981  1130  2129 I ActivityTaskManager: The Process com.android.settings Already Exists in BG. So sending its PID: 2475
07-08 20:01:14.982  1130  2129 W ActivityTaskManager: Tried to set launchTime (0) < mLastActivityLaunchTime (59287)
07-08 20:01:14.988  1130  2129 D CompatibilityChangeReporter: Compat change id reported: 181136395; UID 1000; state: DISABLED
07-08 20:01:14.991  1130  2129 D CompatibilityChangeReporter: Compat change id reported: 174042936; UID 1000; state: DISABLED
07-08 20:01:15.280     0     0 I binder  : 2475:2572 ioctl 40046210 7c02aa4204 returned -22
07-08 20:01:15.305     0     0 I binder  : 2475:2572 ioctl 40046210 7c02aa5f34 returned -22
07-08 20:01:15.725     0     0 I binder  : 3254:3272 ioctl c0306201 7c0d5119b8 returned -14
07-08 20:01:15.736     0     0 I oom_reaper: reaped process 3254 (.localtransport), now anon-rss:0kB, file-rss:0kB, shmem-rss:588kB
07-08 20:01:15.787  1130  2698 I ActivityManager: Process com.android.localtransport (pid 3254) has died: cch+75 CEM 
07-08 20:01:16.136  1130  2584 D UsbDeviceManager: setCurrentFunctions(mtp)
07-08 20:01:16.137  1130  1239 D UsbDeviceManager: setEnabledFunctions functions=4, forceRestart=false, usbDataUnlocked=true
07-08 20:01:16.138  1130  1239 I UsbDeviceManager: Setting USB config to mtp,adb
07-08 20:01:16.138  1130  1239 D UsbDeviceManager: setUsbConfig(none)
07-08 20:01:16.152     0     0 I init    : processing action (sys.usb.config=none && sys.usb.configfs=1) from (/vendor/etc/init/hw/init.qcom.usb.rc:139)
07-08 20:01:16.157     0     0 I init    : Command 'rm /config/usb_gadget/g1/configs/b.1/f2' action=sys.usb.config=none && sys.usb.configfs=1 (/vendor/etc/init/hw/init.qcom.usb.rc:141) took 0ms and failed: unlink() failed: No such file or directory
07-08 20:01:16.163     0     0 I init    : Command 'rm /config/usb_gadget/g1/configs/b.1/f3' action=sys.usb.config=none && sys.usb.configfs=1 (/vendor/etc/init/hw/init.qcom.usb.rc:142) took 0ms and failed: unlink() failed: No such file or directory
07-08 20:01:16.183     0     0 I init    : Command 'rm /config/usb_gadget/g1/configs/b.1/f4' action=sys.usb.config=none && sys.usb.configfs=1 (/vendor/etc/init/hw/init.qcom.usb.rc:143) took 0ms and failed: unlink() failed: No such file or directory
07-08 20:01:16.203     0     0 I init    : Command 'rm /config/usb_gadget/g1/configs/b.1/f5' action=sys.usb.config=none && sys.usb.configfs=1 (/vendor/etc/init/hw/init.qcom.usb.rc:144) took 0ms and failed: unlink() failed: No such file or directory
07-08 20:01:16.223     0     0 I init    : Command 'rm /config/usb_gadget/g1/configs/b.1/f6' action=sys.usb.config=none && sys.usb.configfs=1 (/vendor/etc/init/hw/init.qcom.usb.rc:145) took 0ms and failed: unlink() failed: No such file or directory
07-08 20:01:16.243     0     0 I init    : Command 'rm /config/usb_gadget/g1/configs/b.1/f7' action=sys.usb.config=none && sys.usb.configfs=1 (/vendor/etc/init/hw/init.qcom.usb.rc:146) took 0ms and failed: unlink() failed: No such file or directory
07-08 20:01:16.262     0     0 I init    : Command 'rm /config/usb_gadget/g1/configs/b.1/f8' action=sys.usb.config=none && sys.usb.configfs=1 (/vendor/etc/init/hw/init.qcom.usb.rc:147) took 0ms and failed: unlink() failed: No such file or directory
07-08 20:01:16.282     0     0 I init    : Command 'rm /config/usb_gadget/g1/configs/b.1/f9' action=sys.usb.config=none && sys.usb.configfs=1 (/vendor/etc/init/hw/init.qcom.usb.rc:148) took 0ms and failed: unlink() failed: No such file or directory
07-08 20:01:16.286     0     0 I         : read descriptors
07-08 20:01:16.301     0     0 I init    : processing action (sys.usb.config=none && sys.usb.configfs=1) from (/system/etc/init/hw/init.usb.configfs.rc:1)
07-08 20:01:16.321     0     0 I         : read strings
07-08 20:01:16.341  1130  2779 W AdbDebuggingManager: Read failed with count -1
07-08 20:01:16.349  1130  2779 E AdbDebuggingManager: Caught an exception opening the socket: java.io.IOException: Connection refused
07-08 20:01:16.360  1130  1239 D UsbDeviceManager: setUsbConfig(mtp,adb)
07-08 20:01:16.363  1130  1239 D UsbDeviceManager: broadcasting Intent { act=android.hardware.usb.action.USB_STATE flg=0x31000000 (has extras) } extras: Bundle[{host_connected=false, connected=true, unlocked=true, adb=true, mtp=true, configured=true}]
07-08 20:01:16.426     0     0 I         : mtp_open
07-08 20:01:16.447     0     0 I         : read descriptors
07-08 20:01:16.448     0     0 I         : read strings
07-08 20:01:16.515  1130  1666 V UsbDeviceManager: USB UEVENT: {SUBSYSTEM=android_usb, SEQNUM=5979, ACTION=change, USB_STATE=DISCONNECTED, DEVPATH=/devices/virtual/android_usb/android0}
07-08 20:01:16.525     0     0 I android_work: sent uevent USB_STATE=DISCONNECTED
07-08 20:01:16.565  1130  1239 W Looper  : Slow dispatch took 429ms android.fg h=com.android.server.usb.UsbDeviceManager$UsbHandlerLegacy c=null m=2
07-08 20:01:16.566  1130  1239 W Looper  : Slow delivery took 224ms android.fg h=com.android.server.adb.AdbDebuggingManager$AdbDebuggingHandler c=null m=27
07-08 20:01:16.625     0     0 I msm-dwc3 a800000.ssusb: Avail curr from USB = 2
07-08 20:01:16.640     0     0 I FG      : fg_cycle_counter_update: batt_soc: 115 bucket: 3 chg_status: 2
07-08 20:01:16.643     0     0 I FG      : fg_prime_cc_soc_sw: cc_soc_sw: 484150037
07-08 20:01:16.648     0     0 I FG      : fg_charge_full_update: msoc: 53 bsoc: 736e health: 1 status: 2 full: 0
07-08 20:01:16.651     0     0 I FG      : fg_adjust_recharge_voltage: health: 1 chg_status: 2 chg_done: 0
07-08 20:01:16.652     0     0 W healthd : battery l=55 v=3805 t=31.0 h=2 st=3 c=-101 fc=3820000 cc=1 chg=
07-08 20:01:16.660     0     0 I FG      : fg_adjust_ki_coeff_full_soc: Wrote ki_coeff_full_soc 0
07-08 20:01:16.663  1130  2313 D BatteryService: Processing new values: info={.chargerAcOnline = false, .chargerUsbOnline = false, .chargerWirelessOnline = false, .maxChargingCurrent = 0, .maxChargingVoltage = 0, .batteryStatus = DISCHARGING, .batteryHealth = GOOD, .batteryPresent = true, .batteryLevel = 55, .batteryVoltage = 3805, .batteryTemperature = 310, .batteryCurrent = -101, .batteryCycleCount = 1, .batteryFullCharge = 3820000, .batteryChargeCounter = 1722437, .batteryTechnology = Li-ion, .chargerRealType = , .chargingVoltage = 0, .batteryID = 100000}, mBatteryLevelCritical=false, mPlugType=0
07-08 20:01:16.666  1130  2313 D BatteryService: Sending ACTION_BATTERY_CHANGED. scale:100, info:{.chargerAcOnline = false, .chargerUsbOnline = false, .chargerWirelessOnline = false, .maxChargingCurrent = 0, .maxChargingVoltage = 0, .batteryStatus = DISCHARGING, .batteryHealth = GOOD, .batteryPresent = true, .batteryLevel = 55, .batteryVoltage = 3805, .batteryTemperature = 310, .batteryCurrent = -101, .batteryCycleCount = 1, .batteryFullCharge = 3820000, .batteryChargeCounter = 1722437, .batteryTechnology = Li-ion, .chargerRealType = , .chargingVoltage = 0, .batteryID = 100000}
07-08 20:01:16.669  1130  1239 D UsbDeviceManager: Clear notification
07-08 20:01:16.672  1130  1239 D UsbDeviceManager: push notification:USB file transfer turned on
07-08 20:01:16.672  1130  1239 W Looper  : Drained
07-08 20:01:16.674     0     0 I FG      : status_change_work: charge_status:2 charge_type:1 charge_done:0
07-08 20:01:16.679  1130  1130 D CompatibilityChangeReporter: Compat change id reported: 175319604; UID 10105; state: ENABLED
07-08 20:01:16.681  1130  1130 D CompatibilityChangeReporter: Compat change id reported: 175319604; UID 10121; state: DISABLED
07-08 20:01:16.684  1130  1130 D CompatibilityChangeReporter: Compat change id reported: 175319604; UID 1000; state: ENABLED
07-08 20:01:16.685  1130  1130 D CompatibilityChangeReporter: Compat change id reported: 175319604; UID 1000; state: DISABLED
07-08 20:01:16.719     0     0 I msm-dwc3 a800000.ssusb: Avail curr from USB = 100
07-08 20:01:16.719     0     0 E PMI     : smblib_set_icl_current:  ****** Charger : 4, cradle: 0, ICL: 100000
07-08 20:01:16.724     0     0 I android_work: did not send uevent (0 0 0000000000000000)
07-08 20:01:16.796  1130  1666 V UsbDeviceManager: USB UEVENT: {SUBSYSTEM=android_usb, SEQNUM=5981, ACTION=change, USB_STATE=CONNECTED, DEVPATH=/devices/virtual/android_usb/android0}
07-08 20:01:16.799  1130  1239 D UsbDeviceManager: broadcasting Intent { act=android.hardware.usb.action.USB_STATE flg=0x31000000 (has extras) } extras: Bundle[{host_connected=false, connected=true, unlocked=true, adb=true, mtp=true, configured=false}]
07-08 20:01:16.807     0     0 I android_work: sent uevent USB_STATE=CONNECTED
07-08 20:01:16.862     0     0 I configfs-gadget gadget: high-speed config #1: b
07-08 20:01:16.862     0     0 I msm-dwc3 a800000.ssusb: Avail curr from USB = 500
07-08 20:01:16.863     0     0 I         : mtp_release
07-08 20:01:16.862  1130  1241 I ActivityTaskManager: START u0 {act=android.intent.action.MAIN cat=[android.intent.category.HOME] flg=0x10000100 cmp=com.android.launcher3/.uioverrides.QuickstepLauncher (has extras)} from uid 0
07-08 20:01:16.863  1130  1239 D AutofillManagerService: Close system dialogs
07-08 20:01:16.869     0     0 E PMI     : smblib_set_icl_current:  ****** Charger : 4, cradle: 0, ICL: 50000
07-08 20:01:16.875     0     0 E PMI     : set_sdp_current: ICL 50000uA isn't supported for SDP
07-08 20:01:16.883     0     0 E PMI     : smblib_set_icl_current: Couldn't set SDP ICL rc=-22
07-08 20:01:16.891     0     0 E PMI     : smblib_set_icl_current:  ****** Charger : 4, cradle: 0, ICL: 500000
07-08 20:01:16.885  1130  1666 V UsbDeviceManager: USB UEVENT: {SUBSYSTEM=android_usb, SEQNUM=5982, ACTION=change, USB_STATE=CONFIGURED, DEVPATH=/devices/virtual/android_usb/android0}
07-08 20:01:16.900     0     0 I android_work: sent uevent USB_STATE=CONFIGURED
07-08 20:01:16.895  1130  1239 D UsbDeviceManager: broadcasting Intent { act=android.hardware.usb.action.USB_STATE flg=0x31000000 (has extras) } extras: Bundle[{host_connected=false, connected=true, unlocked=true, adb=true, mtp=true, configured=true}]
07-08 20:01:16.914  1130  1239 D AutofillManagerService: Close system dialogs
07-08 20:01:16.945     0     0 I         : mtp_open
07-08 20:01:17.173  1130  1130 W Looper  : Slow dispatch took 372ms main h=android.app.ActivityThread$H c=android.app.LoadedApk$ReceiverDispatcher$Args$$ExternalSyntheticLambda0@d1a578a m=0
07-08 20:01:17.174  1130  1130 W Looper  : Slow delivery took 373ms main h=android.app.ActivityThread$H c=android.app.LoadedApk$ReceiverDispatcher$Args$$ExternalSyntheticLambda0@99f81fb m=0
07-08 20:01:17.179  1130  1130 W NotificationHistory: Attempted to add notif for locked/gone/disabled user 0
07-08 20:01:17.181  1130  1130 W Looper  : Drained
07-08 20:01:17.334     0     0 W healthd : charger type:  USB, VBUS Volt: 4863281
07-08 20:01:17.335     0     0 W healthd : battery l=55 v=3805 t=31.0 h=2 st=4 c=-101 fc=3820000 cc=1 chg=u
07-08 20:01:17.379     0     0 I FG      : fg_cycle_counter_update: batt_soc: 115 bucket: 3 chg_status: 1
07-08 20:01:17.381     0     0 I FG      : fg_charge_full_update: msoc: 53 bsoc: 736e health: 1 status: 1 full: 0
07-08 20:01:17.386     0     0 I FG      : fg_adjust_recharge_voltage: health: 1 chg_status: 1 chg_done: 0
07-08 20:01:17.394     0     0 I FG      : fg_adjust_ki_coeff_full_soc: Wrote ki_coeff_full_soc 733
07-08 20:01:17.401     0     0 I FG      : status_change_work: charge_status:1 charge_type:3 charge_done:0
07-08 20:01:17.405     0     0 W healthd : charger type:  USB, VBUS Volt: 4863281
07-08 20:01:17.406  1130  2313 D BatteryService: Processing new values: info={.chargerAcOnline = false, .chargerUsbOnline = true, .chargerWirelessOnline = false, .maxChargingCurrent = 500000, .maxChargingVoltage = 5000000, .batteryStatus = NOT_CHARGING, .batteryHealth = GOOD, .batteryPresent = true, .batteryLevel = 55, .batteryVoltage = 3805, .batteryTemperature = 310, .batteryCurrent = -101, .batteryCycleCount = 1, .batteryFullCharge = 3820000, .batteryChargeCounter = 1722437, .batteryTechnology = Li-ion, .chargerRealType = USB, .chargingVoltage = 4863281, .batteryID = 100000}, mBatteryLevelCritical=false, mPlugType=2
07-08 20:01:17.409  1130  2313 D BatteryService: Sending ACTION_BATTERY_CHANGED. scale:100, info:{.chargerAcOnline = false, .chargerUsbOnline = true, .chargerWirelessOnline = false, .maxChargingCurrent = 500000, .maxChargingVoltage = 5000000, .batteryStatus = NOT_CHARGING, .batteryHealth = GOOD, .batteryPresent = true, .batteryLevel = 55, .batteryVoltage = 3805, .batteryTemperature = 310, .batteryCurrent = -101, .batteryCycleCount = 1, .batteryFullCharge = 3820000, .batteryChargeCounter = 1722437, .batteryTechnology = Li-ion, .chargerRealType = USB, .chargingVoltage = 4863281, .batteryID = 100000}
07-08 20:01:17.410  1130  1242 I EntropyMixer: Writing entropy...
07-08 20:01:17.570  1130  1130 W Looper  : Slow dispatch took 154ms main h=com.android.server.power.Notifier$NotifierHandler c=null m=6
07-08 20:01:17.582     0     0 W audit   : audit_lost=24 audit_rate_limit=5 audit_backlog_limit=64
07-08 20:01:17.582     0     0 E audit   : rate limit exceeded
07-08 20:01:17.654     0     0 W healthd : charger type:  USB, VBUS Volt: 4863281
07-08 20:01:17.655     0     0 W healthd : battery l=55 v=3805 t=31.0 h=2 st=2 c=-101 fc=3820000 cc=1 chg=u
07-08 20:01:17.698  1130  1242 I DropBoxManagerService: add tag=system_server_strictmode isTagEnabled=true flags=0x2
07-08 20:01:17.715  1130  2313 D BatteryService: Processing new values: info={.chargerAcOnline = false, .chargerUsbOnline = true, .chargerWirelessOnline = false, .maxChargingCurrent = 500000, .maxChargingVoltage = 5000000, .batteryStatus = CHARGING, .batteryHealth = GOOD, .batteryPresent = true, .batteryLevel = 55, .batteryVoltage = 3805, .batteryTemperature = 310, .batteryCurrent = -101, .batteryCycleCount = 1, .batteryFullCharge = 3820000, .batteryChargeCounter = 1722437, .batteryTechnology = Li-ion, .chargerRealType = USB, .chargingVoltage = 4863281, .batteryID = 100000}, mBatteryLevelCritical=false, mPlugType=2
07-08 20:01:17.718  1130  2313 D BatteryService: Sending ACTION_BATTERY_CHANGED. scale:100, info:{.chargerAcOnline = false, .chargerUsbOnline = true, .chargerWirelessOnline = false, .maxChargingCurrent = 500000, .maxChargingVoltage = 5000000, .batteryStatus = CHARGING, .batteryHealth = GOOD, .batteryPresent = true, .batteryLevel = 55, .batteryVoltage = 3805, .batteryTemperature = 310, .batteryCurrent = -101, .batteryCycleCount = 1, .batteryFullCharge = 3820000, .batteryChargeCounter = 1722437, .batteryTechnology = Li-ion, .chargerRealType = USB, .chargingVoltage = 4863281, .batteryID = 100000}
07-08 20:01:17.725     0     0 W healthd : charger type:  USB, VBUS Volt: 4863281
07-08 20:01:17.726  1130  1151 D CompatibilityChangeReporter: Compat change id reported: 149924527; UID 10025; state: ENABLED
07-08 20:01:17.727  1130  2698 D CompatibilityChangeReporter: Compat change id reported: 132649864; UID 10025; state: DISABLED
07-08 20:01:18.373     0     0 I binder  : 4007:4007 ioctl 40046210 7fcbfed674 returned -22
07-08 20:01:21.933     0     0 I binder  : 4016:4016 ioctl 40046210 7fc4c48a14 returned -22
07-08 20:01:26.193     0     0 I binder  : 4025:4025 ioctl 40046210 7fe535f1e4 returned -22
07-08 20:01:28.303     0     0 I binder  : 4035:4035 ioctl 40046210 7fcb648db4 returned -22
07-08 20:01:28.659  1130  2277 I ActivityTaskManager: START u0 {act=android.intent.action.MAIN cat=[android.intent.category.LAUNCHER] flg=0x10200000 cmp=com.EveryTalk.Global/com.apps.N23 bnds=[789,1188][1038,1552]} from uid 10091
07-08 20:01:28.662  1130  1242 I DropBoxManagerService: add tag=system_app_strictmode isTagEnabled=true flags=0x2
07-08 20:01:28.672  1130  2277 D CompatibilityChangeReporter: Compat change id reported: 168419799; UID 10128; state: DISABLED
07-08 20:01:28.681  1130  2277 D CompatibilityChangeReporter: Compat change id reported: 174042980; UID 10128; state: DISABLED
07-08 20:01:28.682  1130  2277 D CompatibilityChangeReporter: Compat change id reported: 184838306; UID 10128; state: DISABLED
07-08 20:01:28.683  1130  2277 D CompatibilityChangeReporter: Compat change id reported: 185004937; UID 10128; state: DISABLED
07-08 20:01:28.684  1130  2277 D CompatibilityChangeReporter: Compat change id reported: 181136395; UID 10128; state: DISABLED
07-08 20:01:28.685  1130  2277 D CompatibilityChangeReporter: Compat change id reported: 174042936; UID 10128; state: DISABLED
07-08 20:01:31.719  1130  2933 E TaskPersister: File error accessing recents directory (directory doesn't exist?).
07-08 20:01:32.057  1130  1239 D AutofillManagerService: Close system dialogs
07-08 20:01:32.061  1130  1241 I ActivityTaskManager: START u0 {act=android.intent.action.MAIN cat=[android.intent.category.HOME] flg=0x10000100 cmp=com.android.launcher3/.uioverrides.QuickstepLauncher (has extras)} from uid 0
07-08 20:01:32.108  1130  1239 D AutofillManagerService: Close system dialogs
07-08 20:01:33.100  1130  2584 I ActivityTaskManager: START u0 {act=android.intent.action.MAIN cat=[android.intent.category.LAUNCHER] flg=0x10200000 pkg=org.codeaurora.dialer cmp=org.codeaurora.dialer/com.android.dialer.main.impl.MainActivity bnds=[42,1650][291,1833]} from uid 10091
07-08 20:01:33.102  1130  1242 I DropBoxManagerService: add tag=system_app_strictmode isTagEnabled=true flags=0x2
07-08 20:01:33.114  1130  2584 W ActivityTaskManager: Can't find TaskDisplayArea to determine support for multi window. Task id=411 attached=false
07-08 20:01:33.117  1130  2584 I ActivityTaskManager: Activity boosted, release it firstly
07-08 20:01:33.120  1130  2584 D CompatibilityChangeReporter: Compat change id reported: 174042980; UID 10100; state: DISABLED
07-08 20:01:33.121  1130  2584 D CompatibilityChangeReporter: Compat change id reported: 184838306; UID 10100; state: DISABLED
07-08 20:01:33.122  1130  2584 D CompatibilityChangeReporter: Compat change id reported: 185004937; UID 10100; state: DISABLED
07-08 20:01:33.123  1130  2584 D CompatibilityChangeReporter: Compat change id reported: 181136395; UID 10100; state: DISABLED
07-08 20:01:33.124  1130  2584 D CompatibilityChangeReporter: Compat change id reported: 174042936; UID 10100; state: DISABLED
07-08 20:01:33.126  1130  2584 D CompatibilityChangeReporter: Compat change id reported: 197654537; UID 10100; state: ENABLED
07-08 20:01:33.146  1130  2165 I ActivityTaskManager: The Process org.codeaurora.dialer Already Exists in BG. So sending its PID: 3299
07-08 20:01:33.278  1130  2165 I Telecom : PhoneAccountRegistrar: getSimCallManager: SimCallManager for subId -1 queried, returning: null: TSI.gDOPA@ACk
07-08 20:01:33.427     0     0 I binder  : 3299:4057 ioctl 40046210 7c69ecf204 returned -22
07-08 20:01:33.453     0     0 I binder  : 3299:4057 ioctl 40046210 7c69ed0f34 returned -22
07-08 20:01:33.558  1130  1244 W ActivityTaskManager: Can't find TaskDisplayArea to determine support for multi window. Task id=410 attached=false
07-08 20:01:33.558  1130  1244 W ActivityTaskManager: Can't find TaskDisplayArea to determine support for multi window. Task id=410 attached=false
07-08 20:01:33.579  1130  1297 W UsageStatsService: Unexpected activity event reported! (com.android.settings/com.android.settings.Settings$UsbDetailsActivity event : 23 instanceId : 84543366)
07-08 20:01:34.647     0     0 I oom_reaper: reaped process 3032 (ndroid.keychain), now anon-rss:0kB, file-rss:0kB, shmem-rss:588kB
07-08 20:01:34.729     0     0 I binder  : 3329:3342 ioctl c0306201 7c0f60f9b8 returned -14
07-08 20:01:34.725  1130  2165 I ActivityManager: Process com.android.keychain (pid 3032) has died: cch+75 CEM 
07-08 20:01:34.742     0     0 I oom_reaper: reaped process 3329 (ndroid.contacts), now anon-rss:0kB, file-rss:0kB, shmem-rss:588kB
07-08 20:01:34.815  1130  2165 I ActivityManager: Process com.android.contacts (pid 3329) has died: cch+65 CEM 
07-08 20:01:34.826     0     0 I binder  : undelivered transaction 79005, process died.
07-08 20:01:35.346     0     0 I binder  : 2706:2736 ioctl c0306201 7c0e60f9b8 returned -14
07-08 20:01:35.361     0     0 I oom_reaper: reaped process 2706 (receiver.module), now anon-rss:0kB, file-rss:0kB, shmem-rss:588kB
07-08 20:01:35.440  1130  2165 I ActivityManager: Process com.android.cellbroadcastreceiver.module (pid 2706) has died: cch+95 CEM 
07-08 20:01:35.733     0     0 I rmt_storage: INFO:rmt_storage_rw_iovec_cb: Write iovec request (req_h 0xb wr_count 1) received for /boot/modem_fs1
07-08 20:01:35.735     0     0 I rmt_storage: INFO:rmt_storage_client_thread: Calling Write [offset=0, size=2097152, req_h 0xb, wr_count 1] for /boot/modem_fs1!
07-08 20:01:35.786     0     0 I rmt_storage: INFO:rmt_storage_client_thread: Done Write (bytes = 2097152, req_h 0xb, wr_count 1) for /boot/modem_fs1!
07-08 20:01:35.962     0     0 I oom_reaper: reaped process 2791 (droid.deskclock), now anon-rss:0kB, file-rss:0kB, shmem-rss:588kB
07-08 20:01:35.997  1130  2584 I ActivityManager: Process com.android.deskclock (pid 2791) has died: cch+95 CEM 
07-08 20:01:36.518     0     0 I binder  : 3348:3362 ioctl c0306201 7c0d5119b8 returned -14
07-08 20:01:36.530     0     0 I oom_reaper: reaped process 3348 (droid.dynsystem), now anon-rss:0kB, file-rss:0kB, shmem-rss:588kB
07-08 20:01:36.602  1130  4090 I ActivityManager: Process com.android.dynsystem (pid 3348) has died: cch+85 CEM 
07-08 20:01:37.151  1130  2933 E TaskPersister: File error accessing recents directory (directory doesn't exist?).
07-08 20:01:37.149     0     0 I oom_reaper: reaped process 3376 (viceentitlement), now anon-rss:0kB, file-rss:0kB, shmem-rss:588kB
07-08 20:01:37.227  1130  1152 I ActivityManager: Process com.android.imsserviceentitlement (pid 3376) has died: cch+85 CEM 
07-08 20:01:37.248  1130  1303 I ActivityManager: com.ctb.devicetest is exempt from freezer
07-08 20:01:37.249  1130  1303 D CompatibilityChangeReporter: Compat change id reported: 135634846; UID 1000; state: DISABLED
07-08 20:01:37.249  1130  1303 D CompatibilityChangeReporter: Compat change id reported: 177438394; UID 1000; state: DISABLED
07-08 20:01:37.250  1130  1303 D CompatibilityChangeReporter: Compat change id reported: 135772972; UID 1000; state: DISABLED
07-08 20:01:37.251  1130  1303 D CompatibilityChangeReporter: Compat change id reported: 135754954; UID 1000; state: DISABLED
07-08 20:01:37.315  1130  1307 W ActivityManager: Slow operation: 68ms so far, now at startProcess: returned from zygote!
07-08 20:01:37.316  1130  1307 W ActivityManager: Slow operation: 70ms so far, now at startProcess: done updating battery stats
07-08 20:01:37.317  1130  1307 W ActivityManager: Slow operation: 70ms so far, now at startProcess: building log message
07-08 20:01:37.317  1130  1307 I ActivityManager: Start proc 4104:com.ctb.devicetest/1000 for broadcast {com.ctb.devicetest/com.ctb.devicetest.DeviceTestBroadcastReceiver}
07-08 20:01:37.318  1130  1307 W ActivityManager: Slow operation: 71ms so far, now at startProcess: starting to update pids map
07-08 20:01:37.318  1130  1307 W ActivityManager: Slow operation: 72ms so far, now at startProcess: done updating pids map
07-08 20:01:37.408     0     0 I binder  : 4104:4104 ioctl 40046210 7fe8603364 returned -22
07-08 20:01:37.555  4104  4104 W ContextImpl: Calling a method in the system process without a qualified user: android.app.ContextImpl.startActivity:1063 android.content.ContextWrapper.startActivity:411 android.content.ContextWrapper.startActivity:411 com.ctb.devicetest.DeviceTestBroadcastReceiver.onReceive:41 android.app.ActivityThread.handleReceiver:4376 
07-08 20:01:37.556  4104  4104 W ContextImpl: Calling a method in the system process without a qualified user: android.app.ContextImpl.startActivity:1075 android.app.ContextImpl.startActivity:1064 android.content.ContextWrapper.startActivity:411 android.content.ContextWrapper.startActivity:411 com.ctb.devicetest.DeviceTestBroadcastReceiver.onReceive:41 
