07-14 18:36:05.407  6114  6114 D _LOG_APP: [UIService]onUpdateUIEvent: TYPE_CALL_END mapViewMode=false
07-14 18:36:05.407  6114  6114 D _LOG_APP: [UIService][WIDGET-SEQ-4-4] CALL_END: Step13 TYPE_CALL_END → onAfterUpdateUIEvent
07-14 18:36:05.408  6114  6114 I _LOG_APP: [LM75PSPUIService] onAfterUpdateUIEvent: uiEventType=TYPE_CALL_END
07-14 18:36:05.408  6114  6643 I MCPTT_UIMiddleware: SessionManager.getSession: session.getNumber() = 00600112311g
07-14 18:36:05.408  6114  6643 I MCPTT_UIMiddleware: [CallManager]deleteSession: session.getMcpttCallInfo().get_Call_Type() = prearranged
07-14 18:36:05.409  6114  6114 I _LOG_APP: [Login][onUpdateUIEvent] sessionId:49709a6295977a2f794b3c5cdbe69050, uiEventType :TYPE_CALL_END, extra:BYE(Warning: 307 "forced drop session, speech hangtime(mute-time) is over")
07-14 18:36:05.410  6114  6643 I MCPTT_UIMiddleware: [KeyTimer][setKeyTimer] isStart = false
07-14 18:36:05.410  6114  6114 I _LOG_APP: [EveryTalkMain]onUpdateUIEvent: callId = 49709a6295977a2f794b3c5cdbe69050
07-14 18:36:05.410  6114  6643 D MCPTT_UIMiddleware: [SessionManager][getMainSessionId] id:49709a6295977a2f794b3c5cdbe69050
07-14 18:36:05.411  6114  6114 I _LOG_APP: [EveryTalkMain]onUpdateUIEvent: uiEventType = TYPE_CALL_END
07-14 18:36:05.411  6114  6643 I MCPTT_UIMiddleware: [CallManager]sendCallbackUIEvent: _sessionId = 49709a6295977a2f794b3c5cdbe69050
07-14 18:36:05.412  6114  6643 I MCPTT_UIMiddleware: [CallManager]sendCallbackUIEvent: _uiEventType = TYPE_DELETE_SESSION
07-14 18:36:05.412  6114  6114 I _LOG_APP: [EveryTalkMain]onUpdateUIEvent: extra = BYE(Warning: 307 "forced drop session, speech hangtime(mute-time) is over")
07-14 18:36:05.413  6114  6114 I MCPTT_UIMiddleware: SessionManager.getSession: session.getNumber() = 00600112311g
07-14 18:36:05.413  6114  6643 I MCPTT_UIMiddleware: [CallManager]sendCallbackUIEvent: _extra = null
07-14 18:36:05.414  6114  6643 D MCPTT_UIMiddleware: [Session][getName] titleName = JH_Pri 01
07-14 18:36:05.414  6114  6114 D _LOG_APP: [Util][stopVibratorPattern] IN mVibrator:null
07-14 18:36:05.415  6114  6643 I MCPTT_UIMiddleware: [Session]getCallerNumber: number = 00600112303
07-14 18:36:05.415  6114  6643 W MCPTT_UIMiddleware: [CommonUtil][replaceUriToNumber] return, uri is empty
07-14 18:36:05.416  6114  6643 I MCPTT_UIMiddleware: [Session]isVideo: isVideo = false
07-14 18:36:05.416  6114  6114 D _LOG_APP: [EveryTalkMain][setCallBtnStatus] isManualCallReceive = false
07-14 18:36:05.416  6114  6643 I MCPTT_UIMiddleware: [Group]isPublicGroup: isPublicGroup = false
07-14 18:36:05.417  6114  6643 I MCPTT_UIMiddleware: [Session]isPublicGroup: isPublicGroup = false
07-14 18:36:05.418  6114  6114 I _LOG_APP: [MiniView]hideMiniView: removeAllViews mPreviewLayout = android.widget.FrameLayout{89de4cc V.E...... ......ID 0,0-324,396 #7f0904c2 app:id/preview}
07-14 18:36:05.418  6114  6114 I _LOG_APP: [MiniView]hideMiniView: removeAllViews mPreviewLayout = android.widget.FrameLayout{89de4cc V.E...... ......ID 0,0-324,396 #7f0904c2 app:id/preview}
07-14 18:36:05.419  6114  6114 I _LOG_APP: [EveryTalkMain][setCallViewBtn] visible = false, isSend = false, _isChatGroup:false
07-14 18:36:05.419  6114  6114 D _LOG_APP: [EveryTalkMain][setCallViewBtn] mainSession is IDLE
07-14 18:36:05.419  6114  6114 D _LOG_APP: [EveryTalkMain][setCallViewBtn] isVisible = false
07-14 18:36:05.420  6114  6643 D MCPTT_UIMiddleware: [Session][getPriority] priority:1, isIntercept:false
07-14 18:36:05.420  6114  6114 D _LOG_APP: [EveryTalkMain][updateSessionConectedParticipation]
07-14 18:36:05.421  6114  6643 I MCPTT_UIMiddleware: [Session]isVideoMbcp: mIsVideoMbcp = false
07-14 18:36:05.421  6114  6114 D MCPTT_UIMiddleware: [Group][getPriority] priority:31
07-14 18:36:05.422  6114  6643 I MCPTT_UIMiddleware: [SessionPhaseTwo][getSecurityKey] mPckKey = null
07-14 18:36:05.422  6114  6114 D MCPTT_UIMiddleware: [Session][getName] titleName = JH_Chat 01
07-14 18:36:05.423  6114  6643 I MCPTT_UIMiddleware: [SessionPhaseTwo][getSecurityId] mPckId = null
07-14 18:36:05.423  6114  6114 I MCPTT_UIMiddleware: [Session]isVideo: isVideo = true
07-14 18:36:05.424  6114  6114 I MCPTT_UIMiddleware: [Session]getCallerNumber: number = 00600112303
07-14 18:36:05.425  6114  6643 I MCPTT_UIMiddleware: [Session]toString: message = getId() : 49709a6295977a2f794b3c5cdbe69050
07-14 18:36:05.425  6114  6643 I MCPTT_UIMiddleware: getName() : JH_Pri 01
07-14 18:36:05.425  6114  6643 I MCPTT_UIMiddleware: getUri() : sip:00600112311g@ims.mnc001.mcc001.3gppnetwork.org
07-14 18:36:05.425  6114  6643 I MCPTT_UIMiddleware: getNumber() : 00600112311g
07-14 18:36:05.425  6114  6643 I MCPTT_UIMiddleware: getCallerNumber() : 00600112303
07-14 18:36:05.425  6114  6643 I MCPTT_UIMiddleware: getCalleeNumber() : 00600112311g
07-14 18:36:05.425  6114  6643 I MCPTT_UIMiddleware: getSpeakerUri() : 
07-14 18:36:05.425  6114  6643 I MCPTT_UIMiddleware: getSpeakerName() : 
07-14 18:36:05.425  6114  6643 I MCPTT_UIMiddleware: isVideo() : false
07-14 18:36:05.425  6114  6643 I MCPTT_UIMiddleware: isAnswerModeAuto() : true
07-14 18:36:05.425  6114  6643 I MCPTT_UIMiddleware: isCallConnected() : true
07-14 18:36:05.425  6114  6643 I MCPTT_UIMiddleware: isInboundCall() : false
07-14 18:36:05.425  6114  6643 I MCPTT_UIMiddleware: isOutboundCall() : true
07-14 18:36:05.425  6114  6643 I MCPTT_UIMiddleware: getCallType() : prearranged
07-14 18:36:05.425  6114  6643 I MCPTT_UIMiddleware: getSubCallType() : normal
07-14 18:36:05.425  6114  6643 I MCPTT_UIMiddleware: isPrimarySession() : true
07-14 18:36:05.425  6114  6643 I MCPTT_UIMiddleware: isPrivateCall() : false
07-14 18:36:05.425  6114  6643 I MCPTT_UIMiddleware: isPreArrangedCall() : true
07-14 18:36:05.425  6114  6643 I MCPTT_UIMiddleware: isChatCall() : false
07-14 18:36:05.425  6114  6643 I MCPTT_UIMiddleware: isPublicGroup() : false
07-14 18:36:05.425  6114  6643 I MCPTT_UIMiddleware: isAmbientCall() : false
07-14 18:36:05.425  6114  6643 I MCPTT_UIMiddleware: isEmergencyCall() : false
07-14 18:36:05.425  6114  6643 I MCPTT_UIMiddleware: isImminentPerilCall() : false
07-14 18:36:05.425  6114  6643 I MCPTT_UIMiddleware: isBroadcastCall() : false
07-14 18:36:05.425  6114  6643 I MCPTT_UIMiddleware: getHoldDuration() : 0
07-14 18:36:05.425  6114  6643 I MCPTT_UIMiddleware: isRecordStart() : false
07-14 18:36:05.425  6114  6643 I MCPTT_UIMiddleware: getSourceAudioPort() : 21964
07-14 18:36:05.425  6114  6643 I MCPTT_UIMiddleware: getSourceVideoPort() : 0
07-14 18:36:05.425  6114  6643 I MCPTT_UIMiddleware: getDestRtpIp() : 211.118.224.205
07-14 18:36:05.425  6114  6643 I MCPTT_UIMiddleware: getDestAudioPort() : 11052
07-14 18:36:05.425  6114  6643 I MCPTT_UIMiddleware: getDestVideoPort() : 0
07-14 18:36:05.425  6114  6643 I MCPTT_UIMiddleware: getResolution() : 12
07-14 18:36:05.425  6114  6643 I MCPTT_UIMiddleware: getAudioCodec() : 98
07-14 18:36:05.425  6114  6643 I MCPTT_UIMiddleware: getAudioCodecPayloadInfo() : 110
07-14 18:36:05.425  6114  6643 I MCPTT_UIMiddleware: getVideoCodec() : 100
07-14 18:36:05.425  6114  6643 I MCPTT_UIMiddleware: getVideoBitrate() : 512
07-14 18:36:05.425  6114  6643 I MCPTT_UIMiddleware: getSourceMbcpPort() : 21965
07-14 18:36:05.425  6114  6643 I MCPTT_UIMiddleware: isMultiplexCall() : false
07-14 18:36:05.425  6114  6643 I MCPTT_UIMiddleware: getPriority(false) : 1
07-14 18:36:05.425  6114  6643 I MCPTT_UIMiddleware: getMBCPCallType() : CALL_TYPE_NORMAL
07-14 18:36:05.425  6114  6643 I MCPTT_UIMiddleware: getMBCPKeyEvent() : MBCP_UI_EVENT_IDLE
07-14 18:36:05.425  6114  6643 I MCPTT_UIMiddleware: isVideoMbcp() : false
07-14 18:36:05.425  6114  6643 I MCPTT_UIMiddleware: getSecurityKey() : null
07-14 18:36:05.425  6114  6643 I MCPTT_UIMiddleware: getSecurityId() : null
07-14 18:36:05.425  6114  6643 I MCPTT_UIMiddleware: isScanSession() : false
07-14 18:36:05.425  6114  6643 I MCPTT_UIMiddleware: getTinacTime() : 0
07-14 18:36:05.425  6114  6643 I MCPTT_UIMiddleware: getTTATime() : 0
07-14 18:36:05.425  6114  6643 I MCPTT_UIMiddleware: isWithFloorControl() : true
07-14 18:36:05.425  6114  6643 I MCPTT_UIMiddleware: isMCVideoPushCall() : false
07-14 18:36:05.425  6114  6643 I MCPTT_UIMiddleware: isMCVideoPullCall() : false
07-14 18:36:05.425  6114  6643 I MCPTT_UIMiddleware: isRequestPushToTalk() : false
07-14 18:36:05.425  6114  6643 I MCPTT_UIMiddleware: isCallFunctionalAlias() : false
07-14 18:36:05.425  6114  6643 I MCPTT_UIMiddleware: isGranted() : false
07-14 18:36:05.425  6114  6643 I MCPTT_UIMiddleware: isTaken() : false
07-14 18:36:05.426  6114  6643 I MCPTT_UIMiddleware: [CallManager]sendCallbackUIEvent: _object = getId() : 49709a6295977a2f794b3c5cdbe69050
07-14 18:36:05.426  6114  6643 I MCPTT_UIMiddleware: getName() : JH_Pri 01
07-14 18:36:05.426  6114  6643 I MCPTT_UIMiddleware: getUri() : sip:00600112311g@ims.mnc001.mcc001.3gppnetwork.org
07-14 18:36:05.426  6114  6643 I MCPTT_UIMiddleware: getNumber() : 00600112311g
07-14 18:36:05.426  6114  6643 I MCPTT_UIMiddleware: getCallerNumber() : 00600112303
07-14 18:36:05.426  6114  6643 I MCPTT_UIMiddleware: getCalleeNumber() : 00600112311g
07-14 18:36:05.426  6114  6643 I MCPTT_UIMiddleware: getSpeakerUri() : 
07-14 18:36:05.426  6114  6643 I MCPTT_UIMiddleware: getSpeakerName() : 
07-14 18:36:05.426  6114  6643 I MCPTT_UIMiddleware: isVideo() : false
07-14 18:36:05.426  6114  6643 I MCPTT_UIMiddleware: isAnswerModeAuto() : true
07-14 18:36:05.426  6114  6643 I MCPTT_UIMiddleware: isCallConnected() : true
07-14 18:36:05.426  6114  6643 I MCPTT_UIMiddleware: isInboundCall() : false
07-14 18:36:05.426  6114  6643 I MCPTT_UIMiddleware: isOutboundCall() : true
07-14 18:36:05.426  6114  6643 I MCPTT_UIMiddleware: getCallType() : prearranged
07-14 18:36:05.426  6114  6643 I MCPTT_UIMiddleware: getSubCallType() : normal
07-14 18:36:05.426  6114  6643 I MCPTT_UIMiddleware: isPrimarySession() : true
07-14 18:36:05.426  6114  6643 I MCPTT_UIMiddleware: isPrivateCall() : false
07-14 18:36:05.426  6114  6643 I MCPTT_UIMiddleware: isPreArrangedCall() : true
07-14 18:36:05.426  6114  6643 I MCPTT_UIMiddleware: isChatCall() : false
07-14 18:36:05.426  6114  6643 I MCPTT_UIMiddleware: isPublicGroup() : false
07-14 18:36:05.426  6114  6643 I MCPTT_UIMiddleware: isAmbientCall() : false
07-14 18:36:05.426  6114  6643 I MCPTT_UIMiddleware: isEmergencyCall() : false
07-14 18:36:05.426  6114  6643 I MCPTT_UIMiddleware: isImminentPerilCall() : false
07-14 18:36:05.426  6114  6643 I MCPTT_UIMiddleware: isBroadcastCall() : false
07-14 18:36:05.426  6114  6643 I MCPTT_UIMiddleware: getHoldDuration() : 0
07-14 18:36:05.426  6114  6643 I MCPTT_UIMiddleware: isRecordStart() : false
07-14 18:36:05.426  6114  6643 I MCPTT_UIMiddleware: getSourceAudioPort() : 21964
07-14 18:36:05.426  6114  6643 I MCPTT_UIMiddleware: getSourceVideoPort() : 0
07-14 18:36:05.426  6114  6643 I MCPTT_UIMiddleware: getDestRtpIp() : 211.118.224.205
07-14 18:36:05.426  6114  6643 I MCPTT_UIMiddleware: getDestAudioPort() : 11052
07-14 18:36:05.426  6114  6643 I MCPTT_UIMiddleware: getDestVideoPort() : 0
07-14 18:36:05.426  6114  6643 I MCPTT_UIMiddleware: getResolution() : 12
07-14 18:36:05.426  6114  6643 I MCPTT_UIMiddleware: getAudioCodec() : 98
07-14 18:36:05.426  6114  6643 I MCPTT_UIMiddleware: getAudioCodecPayloadInfo() : 110
07-14 18:36:05.426  6114  6643 I MCPTT_UIMiddleware: getVideoCodec() : 100
07-14 18:36:05.426  6114  6643 I MCPTT_UIMiddleware: getVideoBitrate() : 512
07-14 18:36:05.426  6114  6643 I MCPTT_UIMiddleware: getSourceMbcpPort() : 21965
07-14 18:36:05.426  6114  6643 I MCPTT_UIMiddleware: isMultiplexCall() : false
07-14 18:36:05.426  6114  6643 I MCPTT_UIMiddleware: getPriority(false) : 1
07-14 18:36:05.426  6114  6643 I MCPTT_UIMiddleware: getMBCPCallType() : CALL_TYPE_NORMAL
07-14 18:36:05.426  6114  6643 I MCPTT_UIMiddleware: getMBCPKeyEvent() : MBCP_UI_EVENT_IDLE
07-14 18:36:05.426  6114  6643 I MCPTT_UIMiddleware: isVideoMbcp() : false
07-14 18:36:05.426  6114  6643 I MCPTT_UIMiddleware: getSecurityKey() : null
07-14 18:36:05.426  6114  6643 I MCPTT_UIMiddleware: getSecurityId() : null
07-14 18:36:05.426  6114  6643 I MCPTT_UIMiddleware: isScanSession() : false
07-14 18:36:05.426  6114  6643 I MCPTT_UIMiddleware: getTinacTime() : 0
07-14 18:36:05.426  6114  6643 I MCPTT_UIMiddleware: getTTATime() : 0
07-14 18:36:05.426  6114  6643 I MCPTT_UIMiddleware: isWithFloorControl() : true
07-14 18:36:05.426  6114  6643 I MCPTT_UIMiddleware: isMCVideoPushCall() : false
07-14 18:36:05.426  6114  6643 I MCPTT_UIMiddleware: isMCVideoPullCall() : false
07-14 18:36:05.426  6114  6643 I MCPTT_UIMiddleware: isRequestPushToTalk() : false
07-14 18:36:05.426  6114  6643 I MCPTT_UIMiddleware: isCallFunctionalAlias() : false
07-14 18:36:05.426  6114  6643 I MCPTT_UIMiddleware: isGranted() : false
07-14 18:36:05.426  6114  6643 I MCPTT_UIMiddleware: isTaken() : false
07-14 18:36:05.427  6114  6114 D MCPTT_UIMiddleware: [Group][getPriority] priority:10
07-14 18:36:05.428  6114  6643 I MCPTT_UIMiddleware: [ScanManagerSecond]isFinishTinactCountTime: isFinish = true
07-14 18:36:05.428  6114  6114 D MCPTT_UIMiddleware: [Session][getName] titleName = JH_Pri 01
07-14 18:36:05.429  6114  6114 I MCPTT_UIMiddleware: [Session]isVideo: isVideo = false
07-14 18:36:05.429  6114  6114 I MCPTT_UIMiddleware: [Session]getCallerNumber: number = 00600112303
07-14 18:36:05.429  6114  6643 I MCPTT_UIMiddleware: [SessionManager]getTakenScanSession: map.getValue().getUri() = sip:00600121311g@ims.mnc001.mcc001.3gppnetwork.org
07-14 18:36:05.430  6114  6643 I MCPTT_UIMiddleware: [SessionManager]getTakenScanSession: map.getValue().getUri() = sip:00600112311g@ims.mnc001.mcc001.3gppnetwork.org
07-14 18:36:05.431  6114  6643 I MCPTT_UIMiddleware: [SessionManager]getTakenScanSession: takenScanSession = null
07-14 18:36:05.431  6114  6643 D MCPTT_UIMiddleware: [CallManager][haveKeyTakenSubSessions] hasTaken:false
07-14 18:36:05.431  6114  6114 D _LOG_APP: [EveryTalkMain]setScanDisplay: scanList = []
07-14 18:36:05.432  6114  6643 I MCPTT_UIMiddleware: [CallManager]sendCallbackKeyEventV2: _sessionId = 49709a6295977a2f794b3c5cdbe69050
07-14 18:36:05.432  6114  6643 I MCPTT_UIMiddleware: [CallManager]sendCallbackKeyEventV2: _keyEventType = TYPE_MBCP_IDLE_SUB_SESSION
07-14 18:36:05.433  6114  6643 I MCPTT_UIMiddleware: [CallManager]sendCallbackKeyEventV2: _speakerUri = 
07-14 18:36:05.433  6114  6114 I _LOG_APP: [EveryTalkMain]EveryTalkMain.setServerLostVisibility: visible = false
07-14 18:36:05.434  6114  6643 I MCPTT_UIMiddleware: [CallManager]sendCallbackKeyEventV2: _cancelQueuePosition = false
07-14 18:36:05.434  6114  6114 D _LOG_APP: [EveryTalkMain]setScanDisplay: scanList = []
07-14 18:36:05.434  6114  6643 I MCPTT_UIMiddleware: [CallManager]sendCallbackKeyEventV2: callType = CALL_TYPE_NORMAL
07-14 18:36:05.435  6114  6643 I MCPTT_UIMiddleware: SessionManager.getSession: session.getNumber() = 00600112311g
07-14 18:36:05.436  6114  6643 I MCPTT_UIMiddleware: [VoIPUtils] sendPTTCallEndEvent: callType:normal
07-14 18:36:05.436  6114  6114 D MCPTT_UIMiddleware: [Session][getName] titleName = JH_Pri 01
07-14 18:36:05.437  6114  6114 D _LOG_APP: [EveryTalkMain]updateUI: ReGroup getUri=sip:00000077777g@ims.mnc001.mcc001.3gppnetwork.org, getName=Re group test, getNumber=sip:00000077777g@ims.mnc001.mcc001.3gppnetwork.org
07-14 18:36:05.437  6114  6114 D _LOG_APP: [EveryTalkMain]updateUI: chName=JH_Pri 01
07-14 18:36:05.438  6114  6643 W MCPTT_UIMiddleware: [ScanManagerSecond]stopTIDLE: mTIDLECountDownTimer is NULL RETURN
07-14 18:36:05.438  6114  6643 D MCPTT_UIMiddleware: [ScanManagerSecond][stopTSCAN] sessionId:49709a6295977a2f794b3c5cdbe69050
07-14 18:36:05.439  6114  6114 I _LOG_APP: [Util]getMultiTenantNumber : displayNumber = 001-12311
07-14 18:36:05.439  6114  6114 D _LOG_APP: [EveryTalkMain]updateUI: ReGroup getUri=sip:00000077777g@ims.mnc001.mcc001.3gppnetwork.org, getName=Re group test, getNumber=sip:00000077777g@ims.mnc001.mcc001.3gppnetwork.org
07-14 18:36:05.440  6114  6114 D _LOG_APP: [EveryTalkMain]updateUI: chNum=001-12311
07-14 18:36:05.440  6114  6643 I MCPTT_UIMiddleware: [CallHistoryUtils][updateCallHistoryTalkTime] talkTime = 00:01:16
07-14 18:36:05.441  6114  6114 I MCPTT_UIMiddleware: [Session]isVideo: isVideo = false
07-14 18:36:05.441  6114  6114 D _LOG_APP: [EveryTalkMain]updateUI: sessionType type=Voice / PreArranged
07-14 18:36:05.442  6114  6643 I MCPTT_UIMiddleware: [SessionManager][deleteSession] sessionId = 49709a6295977a2f794b3c5cdbe69050, reason = SIP_SESSION_UPDATE_FAIL
07-14 18:36:05.442  6114  6114 D _LOG_APP: [CommonUtil]getMyActivatedFA: mMyFAUri=[sip:JHFANAME003@ims.mnc001.mcc001.3gppnetwork.org, sip:JHchange003@ims.mnc001.mcc001.3gppnetwork.org, sip:qqqq@ims.mnc001.mcc001.3gppnetwork.org]
07-14 18:36:05.443  6114  6643 I MCPTT_UIMiddleware: SessionManager.getSession: session.getNumber() = 00600112311g
07-14 18:36:05.443  6114  6114 D MCPTT_UIMiddleware: [ConfigurationManagerPhaseTwo][getFunctionAliasList] item.get_Uri = sip:JHFANAME003@ims.mnc001.mcc001.3gppnetwork.org
07-14 18:36:05.444  6114  6114 I MCPTT_UIMiddleware: [ConfigurationManagerPhaseTwo][getFunctionAliasList] getUri = sip:JHFANAME003@ims.mnc001.mcc001.3gppnetwork.org, getDisplayName = JHFANAME003, getStatus = DEACTIVATED
07-14 18:36:05.444  6114  6643 D MCPTT_UIMiddleware: [SessionManager][deleteSession] isPrimarySession = true, reason = SIP_SESSION_UPDATE_FAIL
07-14 18:36:05.445  6114  6114 D _LOG_APP: [CommonUtil]getMyActivatedFA: faName=JHFANAME003, faStatus=DEACTIVATED
07-14 18:36:05.445  6114  6114 D MCPTT_UIMiddleware: [ConfigurationManagerPhaseTwo][getFunctionAliasList] item.get_Uri = sip:JHFANAME003@ims.mnc001.mcc001.3gppnetwork.org
07-14 18:36:05.446  6114  6643 D MCPTT_UIMiddleware: [Session][setPrimarySession] true, id:3e02c8cd9503f9ccef9d0048fef7847f, getCalleeNumber:00600121311g
07-14 18:36:05.446  6114  6114 D MCPTT_UIMiddleware: [ConfigurationManagerPhaseTwo][getFunctionAliasList] item.get_Uri = sip:JHchange003@ims.mnc001.mcc001.3gppnetwork.org
07-14 18:36:05.447  6114  6643 I MCPTT_UIMiddleware: ==================================== deleteSession ==========================================
07-14 18:36:05.447  6114  6643 I MCPTT_UIMiddleware: [SessionManager][deleteSession] session id = 3e02c8cd9503f9ccef9d0048fef7847f / [Number] : 00600121311g / [CallType] : chat
07-14 18:36:05.448  6114  6114 I MCPTT_UIMiddleware: [ConfigurationManagerPhaseTwo][getFunctionAliasList] getUri = sip:JHchange003@ims.mnc001.mcc001.3gppnetwork.org, getDisplayName = JHchange003, getStatus = DEACTIVATED
07-14 18:36:05.448  6114  6114 D _LOG_APP: [CommonUtil]getMyActivatedFA: faName=JHchange003, faStatus=DEACTIVATED
07-14 18:36:05.449  6114  6643 I MCPTT_UIMiddleware: ==============================================================================================
07-14 18:36:05.450  6114  6114 D MCPTT_UIMiddleware: [ConfigurationManagerPhaseTwo][getFunctionAliasList] item.get_Uri = sip:JHFANAME003@ims.mnc001.mcc001.3gppnetwork.org
07-14 18:36:05.450  6114  6643 I MCPTT_UIMiddleware: [KpiAnalytics][remove] sessionId = 49709a6295977a2f794b3c5cdbe69050
07-14 18:36:05.451  6114  6114 D MCPTT_UIMiddleware: [ConfigurationManagerPhaseTwo][getFunctionAliasList] item.get_Uri = sip:JHchange003@ims.mnc001.mcc001.3gppnetwork.org
07-14 18:36:05.451  6114  6643 I MCPTT_UIMiddleware: [CallManager]sendCallbackUIEvent: _sessionId = 49709a6295977a2f794b3c5cdbe69050
07-14 18:36:05.452  6114  6114 D MCPTT_UIMiddleware: [ConfigurationManagerPhaseTwo][getFunctionAliasList] item.get_Uri = sip:qqqq@ims.mnc001.mcc001.3gppnetwork.org
07-14 18:36:05.452  6114  6114 I MCPTT_UIMiddleware: [ConfigurationManagerPhaseTwo][getFunctionAliasList] getUri = sip:qqqq@ims.mnc001.mcc001.3gppnetwork.org, getDisplayName = qqqq, getStatus = DEACTIVATED
07-14 18:36:05.453  6114  6114 D _LOG_APP: [CommonUtil]getMyActivatedFA: faName=qqqq, faStatus=DEACTIVATED
07-14 18:36:05.453  6114  6643 I MCPTT_UIMiddleware: [CallManager]sendCallbackUIEvent: _uiEventType = TYPE_DELETED_SESSION
07-14 18:36:05.454  6114  6643 I MCPTT_UIMiddleware: [CallManager]sendCallbackUIEvent: _extra = null
07-14 18:36:05.454  6114  6643 D MCPTT_UIMiddleware: [Session][getName] titleName = JH_Pri 01
07-14 18:36:05.455  6114  6114 I _LOG_APP: [MiniView]hideMiniView: removeAllViews mPreviewLayout = android.widget.FrameLayout{89de4cc V.E...... ......ID 0,0-324,396 #7f0904c2 app:id/preview}
07-14 18:36:05.455  6114  6114 I MCPTT_UIMiddleware: [Session]isVideo: isVideo = false
07-14 18:36:05.456  6114  6114 D _LOG_APP: [EveryTalkMain]EveryTalkMain.updateUIKeyEvent: speaker =  /isVideo = false /callType = CALL_TYPE_NORMAL
07-14 18:36:05.456  6114  6643 I MCPTT_UIMiddleware: [Session]getCallerNumber: number = 00600112303
07-14 18:36:05.457  6114  6114 I _LOG_APP: [EveryTalkMain][setCallViewBtn] visible = false, isSend = false, _isChatGroup:false
07-14 18:36:05.457  6114  6643 W MCPTT_UIMiddleware: [CommonUtil][replaceUriToNumber] return, uri is empty
07-14 18:36:05.458  6114  6114 D _LOG_APP: [EveryTalkMain][setCallViewBtn] mainSession is IDLE
07-14 18:36:05.458  6114  6114 D _LOG_APP: [EveryTalkMain][setCallViewBtn] isVisible = false
07-14 18:36:05.459  6114  6114 I _LOG_APP: [EveryTalkMain][setCallViewBtn] visible = false, isSend = false, _isChatGroup:false
07-14 18:36:05.459  6114  6643 I MCPTT_UIMiddleware: [Session]isVideo: isVideo = false
07-14 18:36:05.460  6114  6114 D _LOG_APP: [EveryTalkMain][setCallViewBtn] mainSession is IDLE
07-14 18:36:05.460  6114  6643 I MCPTT_UIMiddleware: [Group]isPublicGroup: isPublicGroup = false
07-14 18:36:05.460  6114  6643 I MCPTT_UIMiddleware: [Session]isPublicGroup: isPublicGroup = false
07-14 18:36:05.461  6114  6114 D _LOG_APP: [EveryTalkMain][setCallViewBtn] isVisible = false
07-14 18:36:05.461  6114  6114 I _LOG_APP: [FullViewCCTV]hideFullViewCCTV: removeAllViews mPreviewLayout = android.widget.FrameLayout{d5b72ce V.E...... ......ID 0,0-1,1 #7f0904c2 app:id/preview}
07-14 18:36:05.462  6114  6114 D _LOG_APP: [EveryTalkMain]updateUI: sessionInfo.isCallConnected():true
07-14 18:36:05.463  6114  6114 D MCPTT_UIMiddleware: [CallManager][getCurrentSpeakerNumber] isEmergency:false, isMultiTalker:false
07-14 18:36:05.463  6114  6114 D MCPTT_UIMiddleware: [CallManager][getCurrentSpeakerNumber] speaker:
07-14 18:36:05.464  6114  6643 D MCPTT_UIMiddleware: [Session][getPriority] priority:1, isIntercept:false
07-14 18:36:05.464  6114  6114 D _LOG_APP: [EveryTalkMain]updateUI: Speaker number:
07-14 18:36:05.465  6114  6643 I MCPTT_UIMiddleware: [Session]isVideoMbcp: mIsVideoMbcp = false
07-14 18:36:05.465  6114  6114 D _LOG_APP: [EveryTalkMain][isLogin] login:true
07-14 18:36:05.466  6114  6643 I MCPTT_UIMiddleware: [SessionPhaseTwo][getSecurityKey] mPckKey = null
07-14 18:36:05.467  6114  6114 W _LOG_APP: [EveryTalkMain]Gis Package Not Found : hu.geox.pttgcgisapp
07-14 18:36:05.467  6114  6643 I MCPTT_UIMiddleware: [SessionPhaseTwo][getSecurityId] mPckId = null
07-14 18:36:05.467  6114  6114 D _LOG_APP: [EveryTalkMain]passwordMaxDay=90, passwordElapsedDays=6, passwordWarningDay=30
07-14 18:36:05.468  6114  6114 D _LOG_APP: [EveryTalkMain]useDay=84
07-14 18:36:05.470  6114  6643 I MCPTT_UIMiddleware: [Session]toString: message = getId() : 49709a6295977a2f794b3c5cdbe69050
07-14 18:36:05.470  6114  6643 I MCPTT_UIMiddleware: getName() : JH_Pri 01
07-14 18:36:05.470  6114  6643 I MCPTT_UIMiddleware: getUri() : sip:00600112311g@ims.mnc001.mcc001.3gppnetwork.org
07-14 18:36:05.470  6114  6643 I MCPTT_UIMiddleware: getNumber() : 00600112311g
07-14 18:36:05.470  6114  6643 I MCPTT_UIMiddleware: getCallerNumber() : 00600112303
07-14 18:36:05.470  6114  6643 I MCPTT_UIMiddleware: getCalleeNumber() : 00600112311g
07-14 18:36:05.470  6114  6643 I MCPTT_UIMiddleware: getSpeakerUri() : 
07-14 18:36:05.470  6114  6643 I MCPTT_UIMiddleware: getSpeakerName() : 
07-14 18:36:05.470  6114  6643 I MCPTT_UIMiddleware: isVideo() : false
07-14 18:36:05.470  6114  6643 I MCPTT_UIMiddleware: isAnswerModeAuto() : true
07-14 18:36:05.470  6114  6643 I MCPTT_UIMiddleware: isCallConnected() : true
07-14 18:36:05.470  6114  6643 I MCPTT_UIMiddleware: isInboundCall() : false
07-14 18:36:05.470  6114  6643 I MCPTT_UIMiddleware: isOutboundCall() : true
07-14 18:36:05.470  6114  6643 I MCPTT_UIMiddleware: getCallType() : prearranged
07-14 18:36:05.470  6114  6643 I MCPTT_UIMiddleware: getSubCallType() : normal
07-14 18:36:05.470  6114  6643 I MCPTT_UIMiddleware: isPrimarySession() : true
07-14 18:36:05.470  6114  6643 I MCPTT_UIMiddleware: isPrivateCall() : false
07-14 18:36:05.470  6114  6643 I MCPTT_UIMiddleware: isPreArrangedCall() : true
07-14 18:36:05.470  6114  6643 I MCPTT_UIMiddleware: isChatCall() : false
07-14 18:36:05.470  6114  6643 I MCPTT_UIMiddleware: isPublicGroup() : false
07-14 18:36:05.470  6114  6643 I MCPTT_UIMiddleware: isAmbientCall() : false
07-14 18:36:05.470  6114  6643 I MCPTT_UIMiddleware: isEmergencyCall() : false
07-14 18:36:05.470  6114  6643 I MCPTT_UIMiddleware: isImminentPerilCall() : false
07-14 18:36:05.470  6114  6643 I MCPTT_UIMiddleware: isBroadcastCall() : false
07-14 18:36:05.470  6114  6643 I MCPTT_UIMiddleware: getHoldDuration() : 0
07-14 18:36:05.470  6114  6643 I MCPTT_UIMiddleware: isRecordStart() : false
07-14 18:36:05.470  6114  6643 I MCPTT_UIMiddleware: getSourceAudioPort() : 21964
07-14 18:36:05.470  6114  6643 I MCPTT_UIMiddleware: getSourceVideoPort() : 0
07-14 18:36:05.470  6114  6643 I MCPTT_UIMiddleware: getDestRtpIp() : 211.118.224.205
07-14 18:36:05.470  6114  6643 I MCPTT_UIMiddleware: getDestAudioPort() : 11052
07-14 18:36:05.470  6114  6643 I MCPTT_UIMiddleware: getDestVideoPort() : 0
07-14 18:36:05.470  6114  6643 I MCPTT_UIMiddleware: getResolution() : 12
07-14 18:36:05.470  6114  6643 I MCPTT_UIMiddleware: getAudioCodec() : 98
07-14 18:36:05.470  6114  6643 I MCPTT_UIMiddleware: getAudioCodecPayloadInfo() : 110
07-14 18:36:05.470  6114  6643 I MCPTT_UIMiddleware: getVideoCodec() : 100
07-14 18:36:05.470  6114  6643 I MCPTT_UIMiddleware: getVideoBitrate() : 512
07-14 18:36:05.470  6114  6643 I MCPTT_UIMiddleware: getSourceMbcpPort() : 21965
07-14 18:36:05.470  6114  6643 I MCPTT_UIMiddleware: isMultiplexCall() : false
07-14 18:36:05.470  6114  6643 I MCPTT_UIMiddleware: getPriority(false) : 1
07-14 18:36:05.470  6114  6643 I MCPTT_UIMiddleware: getMBCPCallType() : CALL_TYPE_NORMAL
07-14 18:36:05.470  6114  6643 I MCPTT_UIMiddleware: getMBCPKeyEvent() : MBCP_UI_EVENT_IDLE
07-14 18:36:05.470  6114  6643 I MCPTT_UIMiddleware: isVideoMbcp() : false
07-14 18:36:05.470  6114  6643 I MCPTT_UIMiddleware: getSecurityKey() : null
07-14 18:36:05.470  6114  6643 I MCPTT_UIMiddleware: getSecurityId() : null
07-14 18:36:05.470  6114  6643 I MCPTT_UIMiddleware: isScanSession() : false
07-14 18:36:05.470  6114  6643 I MCPTT_UIMiddleware: getTinacTime() : 0
07-14 18:36:05.470  6114  6643 I MCPTT_UIMiddleware: getTTATime() : 0
07-14 18:36:05.470  6114  6643 I MCPTT_UIMiddleware: isWithFloorControl() : true
07-14 18:36:05.470  6114  6643 I MCPTT_UIMiddleware: isMCVideoPushCall() : false
07-14 18:36:05.470  6114  6643 I MCPTT_UIMiddleware: isMCVideoPullCall() : false
07-14 18:36:05.470  6114  6643 I MCPTT_UIMiddleware: isRequestPushToTalk() : false
07-14 18:36:05.470  6114  6643 I MCPTT_UIMiddleware: isCallFunctionalAlias() : false
07-14 18:36:05.470  6114  6643 I MCPTT_UIMiddleware: isGranted() : false
07-14 18:36:05.470  6114  6643 I MCPTT_UIMiddleware: isTaken() : false
07-14 18:36:05.471  6114  6643 I MCPTT_UIMiddleware: [CallManager]sendCallbackUIEvent: _object = getId() : 49709a6295977a2f794b3c5cdbe69050
07-14 18:36:05.471  6114  6643 I MCPTT_UIMiddleware: getName() : JH_Pri 01
07-14 18:36:05.471  6114  6643 I MCPTT_UIMiddleware: getUri() : sip:00600112311g@ims.mnc001.mcc001.3gppnetwork.org
07-14 18:36:05.471  6114  6643 I MCPTT_UIMiddleware: getNumber() : 00600112311g
07-14 18:36:05.471  6114  6643 I MCPTT_UIMiddleware: getCallerNumber() : 00600112303
07-14 18:36:05.471  6114  6643 I MCPTT_UIMiddleware: getCalleeNumber() : 00600112311g
07-14 18:36:05.471  6114  6643 I MCPTT_UIMiddleware: getSpeakerUri() : 
07-14 18:36:05.471  6114  6643 I MCPTT_UIMiddleware: getSpeakerName() : 
07-14 18:36:05.471  6114  6643 I MCPTT_UIMiddleware: isVideo() : false
07-14 18:36:05.471  6114  6643 I MCPTT_UIMiddleware: isAnswerModeAuto() : true
07-14 18:36:05.471  6114  6643 I MCPTT_UIMiddleware: isCallConnected() : true
07-14 18:36:05.471  6114  6643 I MCPTT_UIMiddleware: isInboundCall() : false
07-14 18:36:05.471  6114  6643 I MCPTT_UIMiddleware: isOutboundCall() : true
07-14 18:36:05.471  6114  6643 I MCPTT_UIMiddleware: getCallType() : prearranged
07-14 18:36:05.471  6114  6643 I MCPTT_UIMiddleware: getSubCallType() : normal
07-14 18:36:05.471  6114  6643 I MCPTT_UIMiddleware: isPrimarySession() : true
07-14 18:36:05.471  6114  6643 I MCPTT_UIMiddleware: isPrivateCall() : false
07-14 18:36:05.471  6114  6643 I MCPTT_UIMiddleware: isPreArrangedCall() : true
07-14 18:36:05.471  6114  6643 I MCPTT_UIMiddleware: isChatCall() : false
07-14 18:36:05.471  6114  6643 I MCPTT_UIMiddleware: isPublicGroup() : false
07-14 18:36:05.471  6114  6643 I MCPTT_UIMiddleware: isAmbientCall() : false
07-14 18:36:05.471  6114  6643 I MCPTT_UIMiddleware: isEmergencyCall() : false
07-14 18:36:05.471  6114  6643 I MCPTT_UIMiddleware: isImminentPerilCall() : false
07-14 18:36:05.471  6114  6643 I MCPTT_UIMiddleware: isBroadcastCall() : false
07-14 18:36:05.471  6114  6643 I MCPTT_UIMiddleware: getHoldDuration() : 0
07-14 18:36:05.471  6114  6643 I MCPTT_UIMiddleware: isRecordStart() : false
07-14 18:36:05.471  6114  6643 I MCPTT_UIMiddleware: getSourceAudioPort() : 21964
07-14 18:36:05.471  6114  6643 I MCPTT_UIMiddleware: getSourceVideoPort() : 0
07-14 18:36:05.471  6114  6643 I MCPTT_UIMiddleware: getDestRtpIp() : 211.118.224.205
07-14 18:36:05.471  6114  6643 I MCPTT_UIMiddleware: getDestAudioPort() : 11052
07-14 18:36:05.471  6114  6643 I MCPTT_UIMiddleware: getDestVideoPort() : 0
07-14 18:36:05.471  6114  6643 I MCPTT_UIMiddleware: getResolution() : 12
07-14 18:36:05.471  6114  6643 I MCPTT_UIMiddleware: getAudioCodec() : 98
07-14 18:36:05.471  6114  6643 I MCPTT_UIMiddleware: getAudioCodecPayloadInfo() : 110
07-14 18:36:05.471  6114  6643 I MCPTT_UIMiddleware: getVideoCodec() : 100
07-14 18:36:05.471  6114  6643 I MCPTT_UIMiddleware: getVideoBitrate() : 512
07-14 18:36:05.471  6114  6643 I MCPTT_UIMiddleware: getSourceMbcpPort() : 21965
07-14 18:36:05.471  6114  6643 I MCPTT_UIMiddleware: isMultiplexCall() : false
07-14 18:36:05.471  6114  6643 I MCPTT_UIMiddleware: getPriority(false) : 1
07-14 18:36:05.471  6114  6643 I MCPTT_UIMiddleware: getMBCPCallType() : CALL_TYPE_NORMAL
07-14 18:36:05.471  6114  6643 I MCPTT_UIMiddleware: getMBCPKeyEvent() : MBCP_UI_EVENT_IDLE
07-14 18:36:05.471  6114  6643 I MCPTT_UIMiddleware: isVideoMbcp() : false
07-14 18:36:05.471  6114  6643 I MCPTT_UIMiddleware: getSecurityKey() : null
07-14 18:36:05.471  6114  6643 I MCPTT_UIMiddleware: getSecurityId() : null
07-14 18:36:05.471  6114  6643 I MCPTT_UIMiddleware: isScanSession() : false
07-14 18:36:05.471  6114  6643 I MCPTT_UIMiddleware: getTinacTime() : 0
07-14 18:36:05.471  6114  6643 I MCPTT_UIMiddleware: getTTATime() : 0
07-14 18:36:05.471  6114  6643 I MCPTT_UIMiddleware: isWithFloorControl() : true
07-14 18:36:05.471  6114  6643 I MCPTT_UIMiddleware: isMCVideoPushCall() : false
07-14 18:36:05.471  6114  6643 I MCPTT_UIMiddleware: isMCVideoPullCall() : false
07-14 18:36:05.471  6114  6643 I MCPTT_UIMiddleware: isRequestPushToTalk() : false
07-14 18:36:05.471  6114  6643 I MCPTT_UIMiddleware: isCallFunctionalAlias() : false
07-14 18:36:05.471  6114  6643 I MCPTT_UIMiddleware: isGranted() : false
07-14 18:36:05.471  6114  6643 I MCPTT_UIMiddleware: isTaken() : false
07-14 18:36:05.472  6114  6114 I MCPTT_UIMiddleware: [Session]isTmgiListen: mTmgiStatus = false
07-14 18:36:05.472  6114  6643 D MCPTT_UIMiddleware: [Session][getName] titleName = JH_Chat 01
07-14 18:36:05.473  6114  6114 I _LOG_APP: [EveryTalkMain]updateUI: sessionInfo.isTmgiListen() = false
07-14 18:36:05.473  6114  6114 I MCPTT_UIMiddleware: [Session]isTmgiListen: mTmgiStatus = false
07-14 18:36:05.474  6114  6114 I _LOG_APP: [CommonUtil]CommonUtil.isActivityRunning: mActivityRunning = true
07-14 18:36:05.474  6114  6643 I MCPTT_UIMiddleware: [Session]getCallerNumber: number = 00600112303
07-14 18:36:05.475  6114  6643 W MCPTT_UIMiddleware: [CommonUtil][replaceUriToNumber] return, uri is empty
07-14 18:36:05.476  6114  6643 I MCPTT_UIMiddleware: [Session]isVideo: isVideo = true
07-14 18:36:05.476  6114  6114 I MCPTT_UIMiddleware: [UIMiddlewareService]sendUICallbackStatusBroadcast: uiEventKeyList = [com.cybertel.mcptt.ui.contact.ContactActivity$b, com.cybertel.service.LM75PSPUIService, com.cybertel.mcptt.ui.login.Login$e, com.cybertel.mcptt.ui.main.EveryTalkMain]
07-14 18:36:05.477  6114  6114 I MCPTT_UIMiddleware: [UIMiddlewareService]sendUICallbackStatusBroadcast: onTickKeyList = [com.cybertel.service.LM75PSPUIService, com.cybertel.mcptt.ui.main.EveryTalkMain]
07-14 18:36:05.477  6114  6643 I MCPTT_UIMiddleware: [Group]isPublicGroup: isPublicGroup = false
07-14 18:36:05.478  6114  6643 I MCPTT_UIMiddleware: [Session]isPublicGroup: isPublicGroup = false
07-14 18:36:05.480  6114  6114 D _LOG_APP: [SessionConnectAdapter]Group mPriority=P10
07-14 18:36:05.480  6114  6643 D MCPTT_UIMiddleware: [Session][getPriority] priority:1, isIntercept:false
07-14 18:36:05.481  6114  6114 I _LOG_APP: [Util]getMultiTenantNumber : displayNumber = 001-12311
07-14 18:36:05.481  6114  6114 D _LOG_APP: [SessionConnectAdapter]Group chNum=001-12311
07-14 18:36:05.482  6114  6643 I MCPTT_UIMiddleware: [Session]isVideoMbcp: mIsVideoMbcp = false
07-14 18:36:05.482  6114  6114 D _LOG_APP: [SessionConnectAdapter]Group strName=JH_Pri 01
07-14 18:36:05.483  6114  6643 I MCPTT_UIMiddleware: [SessionPhaseTwo][getSecurityKey] mPckKey = null
07-14 18:36:05.483  6114  6643 I MCPTT_UIMiddleware: [SessionPhaseTwo][getSecurityId] mPckId = null
07-14 18:36:05.484  6114  6114 D _LOG_APP: [SessionConnectAdapter]Group mPriority=P31
07-14 18:36:05.484  6114  6114 I _LOG_APP: [Util]getMultiTenantNumber : displayNumber = 001-21311
07-14 18:36:05.485  6114  6114 D _LOG_APP: [SessionConnectAdapter]Group chNum=001-21311
07-14 18:36:05.486  6114  6643 I MCPTT_UIMiddleware: [Session]toString: message = getId() : 3e02c8cd9503f9ccef9d0048fef7847f
07-14 18:36:05.486  6114  6643 I MCPTT_UIMiddleware: getName() : JH_Chat 01
07-14 18:36:05.486  6114  6643 I MCPTT_UIMiddleware: getUri() : sip:00600121311g@ims.mnc001.mcc001.3gppnetwork.org
07-14 18:36:05.486  6114  6643 I MCPTT_UIMiddleware: getNumber() : 00600121311g
07-14 18:36:05.486  6114  6643 I MCPTT_UIMiddleware: getCallerNumber() : 00600112303
07-14 18:36:05.486  6114  6643 I MCPTT_UIMiddleware: getCalleeNumber() : 00600121311g
07-14 18:36:05.486  6114  6643 I MCPTT_UIMiddleware: getSpeakerUri() : 
07-14 18:36:05.486  6114  6643 I MCPTT_UIMiddleware: getSpeakerName() : 
07-14 18:36:05.486  6114  6643 I MCPTT_UIMiddleware: isVideo() : true
07-14 18:36:05.486  6114  6643 I MCPTT_UIMiddleware: isAnswerModeAuto() : true
07-14 18:36:05.486  6114  6643 I MCPTT_UIMiddleware: isCallConnected() : true
07-14 18:36:05.486  6114  6643 I MCPTT_UIMiddleware: isInboundCall() : false
07-14 18:36:05.486  6114  6643 I MCPTT_UIMiddleware: isOutboundCall() : true
07-14 18:36:05.486  6114  6643 I MCPTT_UIMiddleware: getCallType() : chat
07-14 18:36:05.486  6114  6643 I MCPTT_UIMiddleware: getSubCallType() : normal
07-14 18:36:05.486  6114  6643 I MCPTT_UIMiddleware: isPrimarySession() : true
07-14 18:36:05.486  6114  6643 I MCPTT_UIMiddleware: isPrivateCall() : false
07-14 18:36:05.486  6114  6643 I MCPTT_UIMiddleware: isPreArrangedCall() : false
07-14 18:36:05.486  6114  6643 I MCPTT_UIMiddleware: isChatCall() : true
07-14 18:36:05.486  6114  6643 I MCPTT_UIMiddleware: isPublicGroup() : false
07-14 18:36:05.486  6114  6643 I MCPTT_UIMiddleware: isAmbientCall() : false
07-14 18:36:05.486  6114  6643 I MCPTT_UIMiddleware: isEmergencyCall() : false
07-14 18:36:05.486  6114  6643 I MCPTT_UIMiddleware: isImminentPerilCall() : false
07-14 18:36:05.486  6114  6643 I MCPTT_UIMiddleware: isBroadcastCall() : false
07-14 18:36:05.486  6114  6643 I MCPTT_UIMiddleware: getHoldDuration() : 0
07-14 18:36:05.486  6114  6643 I MCPTT_UIMiddleware: isRecordStart() : false
07-14 18:36:05.486  6114  6643 I MCPTT_UIMiddleware: getSourceAudioPort() : 21956
07-14 18:36:05.486  6114  6643 I MCPTT_UIMiddleware: getSourceVideoPort() : 40130
07-14 18:36:05.486  6114  6643 I MCPTT_UIMiddleware: getDestRtpIp() : 211.118.224.205
07-14 18:36:05.486  6114  6643 I MCPTT_UIMiddleware: getDestAudioPort() : 11042
07-14 18:36:05.486  6114  6643 I MCPTT_UIMiddleware: getDestVideoPort() : 11044
07-14 18:36:05.486  6114  6643 I MCPTT_UIMiddleware: getResolution() : 12
07-14 18:36:05.486  6114  6643 I MCPTT_UIMiddleware: getAudioCodec() : 98
07-14 18:36:05.486  6114  6643 I MCPTT_UIMiddleware: getAudioCodecPayloadInfo() : 110
07-14 18:36:05.486  6114  6643 I MCPTT_UIMiddleware: getVideoCodec() : 100
07-14 18:36:05.486  6114  6643 I MCPTT_UIMiddleware: getVideoBitrate() : 512
07-14 18:36:05.486  6114  6643 I MCPTT_UIMiddleware: getSourceMbcpPort() : 21957
07-14 18:36:05.486  6114  6643 I MCPTT_UIMiddleware: isMultiplexCall() : false
07-14 18:36:05.486  6114  6643 I MCPTT_UIMiddleware: getPriority(false) : 1
07-14 18:36:05.486  6114  6643 I MCPTT_UIMiddleware: getMBCPCallType() : CALL_TYPE_NORMAL
07-14 18:36:05.486  6114  6643 I MCPTT_UIMiddleware: getMBCPKeyEvent() : MBCP_UI_EVENT_NONE
07-14 18:36:05.486  6114  6643 I MCPTT_UIMiddleware: isVideoMbcp() : false
07-14 18:36:05.486  6114  6643 I MCPTT_UIMiddleware: getSecurityKey() : null
07-14 18:36:05.486  6114  6643 I MCPTT_UIMiddleware: getSecurityId() : null
07-14 18:36:05.486  6114  6643 I MCPTT_UIMiddleware: isScanSession() : false
07-14 18:36:05.486  6114  6643 I MCPTT_UIMiddleware: getTinacTime() : 30
07-14 18:36:05.486  6114  6643 I MCPTT_UIMiddleware: getTTATime() : 0
07-14 18:36:05.486  6114  6643 I MCPTT_UIMiddleware: isWithFloorControl() : true
07-14 18:36:05.486  6114  6643 I MCPTT_UIMiddleware: isMCVideoPushCall() : false
07-14 18:36:05.486  6114  6643 I MCPTT_UIMiddleware: isMCVideoPullCall() : false
07-14 18:36:05.486  6114  6643 I MCPTT_UIMiddleware: isRequestPushToTalk() : false
07-14 18:36:05.486  6114  6643 I MCPTT_UIMiddleware: isCallFunctionalAlias() : false
07-14 18:36:05.486  6114  6643 I MCPTT_UIMiddleware: isGranted() : false
07-14 18:36:05.486  6114  6643 I MCPTT_UIMiddleware: isTaken() : false
07-14 18:36:05.487  6114  6643 D MCPTT_UIMiddleware: [CallManager][deleteSession] prepareMedia, mainSession : getId() : 3e02c8cd9503f9ccef9d0048fef7847f
07-14 18:36:05.487  6114  6643 D MCPTT_UIMiddleware: getName() : JH_Chat 01
07-14 18:36:05.487  6114  6643 D MCPTT_UIMiddleware: getUri() : sip:00600121311g@ims.mnc001.mcc001.3gppnetwork.org
07-14 18:36:05.487  6114  6643 D MCPTT_UIMiddleware: getNumber() : 00600121311g
07-14 18:36:05.487  6114  6643 D MCPTT_UIMiddleware: getCallerNumber() : 00600112303
07-14 18:36:05.487  6114  6643 D MCPTT_UIMiddleware: getCalleeNumber() : 00600121311g
07-14 18:36:05.487  6114  6643 D MCPTT_UIMiddleware: getSpeakerUri() : 
07-14 18:36:05.487  6114  6643 D MCPTT_UIMiddleware: getSpeakerName() : 
07-14 18:36:05.487  6114  6643 D MCPTT_UIMiddleware: isVideo() : true
07-14 18:36:05.487  6114  6643 D MCPTT_UIMiddleware: isAnswerModeAuto() : true
07-14 18:36:05.487  6114  6643 D MCPTT_UIMiddleware: isCallConnected() : true
07-14 18:36:05.487  6114  6643 D MCPTT_UIMiddleware: isInboundCall() : false
07-14 18:36:05.487  6114  6643 D MCPTT_UIMiddleware: isOutboundCall() : true
07-14 18:36:05.487  6114  6643 D MCPTT_UIMiddleware: getCallType() : chat
07-14 18:36:05.487  6114  6643 D MCPTT_UIMiddleware: getSubCallType() : normal
07-14 18:36:05.487  6114  6643 D MCPTT_UIMiddleware: isPrimarySession() : true
07-14 18:36:05.487  6114  6643 D MCPTT_UIMiddleware: isPrivateCall() : false
07-14 18:36:05.487  6114  6643 D MCPTT_UIMiddleware: isPreArrangedCall() : false
07-14 18:36:05.487  6114  6643 D MCPTT_UIMiddleware: isChatCall() : true
07-14 18:36:05.487  6114  6643 D MCPTT_UIMiddleware: isPublicGroup() : false
07-14 18:36:05.487  6114  6643 D MCPTT_UIMiddleware: isAmbientCall() : false
07-14 18:36:05.487  6114  6643 D MCPTT_UIMiddleware: isEmergencyCall() : false
07-14 18:36:05.487  6114  6643 D MCPTT_UIMiddleware: isImminentPerilCall() : false
07-14 18:36:05.487  6114  6643 D MCPTT_UIMiddleware: isBroadcastCall() : false
07-14 18:36:05.487  6114  6643 D MCPTT_UIMiddleware: getHoldDuration() : 0
07-14 18:36:05.487  6114  6643 D MCPTT_UIMiddleware: isRecordStart() : false
07-14 18:36:05.487  6114  6643 D MCPTT_UIMiddleware: getSourceAudioPort() : 21956
07-14 18:36:05.487  6114  6643 D MCPTT_UIMiddleware: getSourceVideoPort() : 40130
07-14 18:36:05.487  6114  6643 D MCPTT_UIMiddleware: getDestRtpIp() : 211.118.224.205
07-14 18:36:05.487  6114  6643 D MCPTT_UIMiddleware: getDestAudioPort() : 11042
07-14 18:36:05.487  6114  6643 D MCPTT_UIMiddleware: getDestVideoPort() : 11044
07-14 18:36:05.487  6114  6643 D MCPTT_UIMiddleware: getResolution() : 12
07-14 18:36:05.487  6114  6643 D MCPTT_UIMiddleware: getAudioCodec() : 98
07-14 18:36:05.487  6114  6643 D MCPTT_UIMiddleware: getAudioCodecPayloadInfo() : 110
07-14 18:36:05.487  6114  6643 D MCPTT_UIMiddleware: getVideoCodec() : 100
07-14 18:36:05.487  6114  6643 D MCPTT_UIMiddleware: getVideoBitrate() : 512
07-14 18:36:05.487  6114  6643 D MCPTT_UIMiddleware: getSourceMbcpPort() : 21957
07-14 18:36:05.487  6114  6643 D MCPTT_UIMiddleware: isMultiplexCall() : false
07-14 18:36:05.487  6114  6643 D MCPTT_UIMiddleware: getPriority(false) : 1
07-14 18:36:05.487  6114  6643 D MCPTT_UIMiddleware: getMBCPCallType() : CALL_TYPE_NORMAL
07-14 18:36:05.487  6114  6643 D MCPTT_UIMiddleware: getMBCPKeyEvent() : MBCP_UI_EVENT_NONE
07-14 18:36:05.487  6114  6643 D MCPTT_UIMiddleware: isVideoMbcp() : false
07-14 18:36:05.487  6114  6643 D MCPTT_UIMiddleware: getSecurityKey() : null
07-14 18:36:05.487  6114  6643 D MCPTT_UIMiddleware: getSecurityId() : null
07-14 18:36:05.487  6114  6643 D MCPTT_UIMiddleware: isScanSession() : false
07-14 18:36:05.487  6114  6643 D MCPTT_UIMiddleware: getTinacTime() : 30
07-14 18:36:05.487  6114  6643 D MCPTT_UIMiddleware: getTTATime() : 0
07-14 18:36:05.487  6114  6643 D MCPTT_UIMiddleware: isWithFloorControl() : true
07-14 18:36:05.487  6114  6643 D MCPTT_UIMiddleware: isMCVideoPushCall() : false
07-14 18:36:05.487  6114  6643 D MCPTT_UIMiddleware: isMCVideoPullCall() : false
07-14 18:36:05.487  6114  6643 D MCPTT_UIMiddleware: isRequestPushToTalk() : false
07-14 18:36:05.487  6114  6643 D MCPTT_UIMiddleware: isCallFunctionalAlias() : false
07-14 18:36:05.487  6114  6643 D MCPTT_UIMiddleware: isGranted() : false
07-14 18:36:05.487  6114  6643 D MCPTT_UIMiddleware: isTaken() : false
07-14 18:36:05.487  6114  6643 I MCPTT_UIMiddleware: CallManager.getMBCPKeyStatus: primaryKey = 3e02c8cd9503f9ccef9d0048fef7847f
07-14 18:36:05.488  6114  6114 D _LOG_APP: [SessionConnectAdapter]Group strName=JH_Chat 01
07-14 18:36:05.488  6114  6643 I MCPTT_MEDIA: [MediaManager][unprepareMedia] _sessionId:49709a6295977a2f794b3c5cdbe69050
07-14 18:36:05.489  6114  6643 I MCPTT_MEDIA: [MediaManager][stopAudio] _sessionId = 49709a6295977a2f794b3c5cdbe69050, mActiveSessionId:3e02c8cd9503f9ccef9d0048fef7847f
07-14 18:36:05.489  6114  6643 I MCPTT_MEDIA: [MediaManager][stopAudio] mediaSession.mRTPAudioPlay.size() = 0
07-14 18:36:05.490  6114  6643 I MCPTT_MEDIA: [MediaManager][stopAudio] mediaSession.mRTPAudioPlay.clear
07-14 18:36:05.490  6114  6643 D MCPTT_MEDIA: [MediaManager][stopAudio] isStopAudioRecord:true
07-14 18:36:05.491  6114  6114 I MCPTT_UIMiddleware: [UIMiddlewareService]sendCallbackUIEvent.run: total = 4
07-14 18:36:05.491  6114  6114 I _LOG_APP: [ContactActivity]onUpdateUIEvent: callId = 49709a6295977a2f794b3c5cdbe69050
07-14 18:36:05.492  6114  6114 I _LOG_APP: [ContactActivity]onUpdateUIEvent: uiEventType = TYPE_DELETE_SESSION
07-14 18:36:05.492  6114  6114 I _LOG_APP: [ContactActivity]onUpdateUIEvent: extra = null
07-14 18:36:05.493  6114  6114 I _LOG_APP: [UIService]onUpdateUIEvent: sessionId = 49709a6295977a2f794b3c5cdbe69050
07-14 18:36:05.493  6114  6114 I _LOG_APP: [UIService]onUpdateUIEvent: uiEventType = TYPE_DELETE_SESSION
07-14 18:36:05.494  6114  6114 I _LOG_APP: [UIService]onUpdateUIEvent: extra = null
07-14 18:36:05.495  6114  6114 I _LOG_APP: [LM75PSPUIService] onAfterUpdateUIEvent: uiEventType=TYPE_DELETE_SESSION
07-14 18:36:05.496  6114  6643 D MCPTT_MEDIA: [RTPAudioRecord][setRunState] _state = RUN_STATE_STOP
07-14 18:36:05.496  6114  6114 I _LOG_APP: [Login][onUpdateUIEvent] sessionId:49709a6295977a2f794b3c5cdbe69050, uiEventType :TYPE_DELETE_SESSION, extra:null
07-14 18:36:05.497  6114  6114 I _LOG_APP: [EveryTalkMain]onUpdateUIEvent: callId = 49709a6295977a2f794b3c5cdbe69050
07-14 18:36:05.497  6114  6643 I MCPTT_MEDIA: [RTPAudioRecord][setRunState] mSessionId = 49709a6295977a2f794b3c5cdbe69050, mAudioCodec:98
07-14 18:36:05.498  6114  6114 I _LOG_APP: [EveryTalkMain]onUpdateUIEvent: uiEventType = TYPE_DELETE_SESSION
07-14 18:36:05.498  6114  6643 I MCPTT_MEDIA: [RTPAudioRecord][interrupt]
07-14 18:36:05.499  6114  6114 I _LOG_APP: [EveryTalkMain]onUpdateUIEvent: extra = null
07-14 18:36:05.499  6114  6643 I MCPTT_MEDIA: [RTPAudioRecord][clearResource]
07-14 18:36:05.500  6114  6114 I MCPTT_UIMiddleware: [UIMiddlewareService]sendUICallbackStatusBroadcast: uiEventKeyList = [com.cybertel.mcptt.ui.contact.ContactActivity$b, com.cybertel.service.LM75PSPUIService, com.cybertel.mcptt.ui.login.Login$e, com.cybertel.mcptt.ui.main.EveryTalkMain]
07-14 18:36:05.500  6114  6643 I MCPTT_MEDIA: [MediaManager][stopAudio] mRTPAudioRecord stop
07-14 18:36:05.501  6114  6643 D MCPTT_MEDIA: [RTPAudioSend][setRunState] _state = RUN_STATE_STOP
07-14 18:36:05.501  6114  6114 I MCPTT_UIMiddleware: [UIMiddlewareService]sendUICallbackStatusBroadcast: onTickKeyList = [com.cybertel.service.LM75PSPUIService, com.cybertel.mcptt.ui.main.EveryTalkMain]
07-14 18:36:05.502  6114  6643 I MCPTT_MEDIA: [MediaManager][stopAudio] mRTPAudioSend stop
07-14 18:36:05.502  6114  6643 I MCPTT_MEDIA: [MediaManager][stopAudio] end
07-14 18:36:05.503  6114  6643 I MCPTT_MEDIA: [MediaManager][stopVideo] start ---------> _sessionId:49709a6295977a2f794b3c5cdbe69050, mActiveSessionId:3e02c8cd9503f9ccef9d0048fef7847f
07-14 18:36:05.503  6114  6643 I MCPTT_MEDIA: [MediaManager][stopVideo] isDispStop:true
07-14 18:36:05.504  6114  6643 D MCPTT_MEDIA: [MediaManager][stopVideo] mediaSession.mRTPVideoPlay = null
07-14 18:36:05.504  6114  6114 D MCPTT_UIMiddleware: [ConfigurationManager][mServiceEventCallback][onUpdateServiceEvent] serviceEventType:DELETE_SESSION
07-14 18:36:05.505  6114  6643 D MCPTT_MEDIA: [MediaManager][stopVideo] isStopVideoRecord:false, RTPVideoRecord id:6fd6c62a9da59b6acf5e0741d7777281
07-14 18:36:05.505  6114  6643 I MCPTT_MEDIA: [MediaManager][stopVideo] end ---------< _sessionId:49709a6295977a2f794b3c5cdbe69050
07-14 18:36:05.506  6114  6114 W MCPTT_UIMiddleware: [UIMiddlewareService][mServiceEventWarningCallback][onUpdateServiceEvent] serviceEventType:DELETE_SESSION
07-14 18:36:05.506  6114  6643 I MCPTT_MEDIA: [MediaManager][closeSocket] _sessionId = 49709a6295977a2f794b3c5cdbe69050, _keepPortInfo:false
07-14 18:36:05.507  6114  6114 W MCPTT_UIMiddleware: [UIMiddlewareService]onUpdateServiceEvent: _extra[0] = 
07-14 18:36:05.507  6114  6114 D MCPTT_UIMiddleware: [ConversationManager][mServiceEventCallback][onUpdateServiceEvent] serviceEventType:DELETE_SESSION
07-14 18:36:05.508  6114  6643 I MCPTT_MEDIA: [KeepAlive]stop: IN
07-14 18:36:05.508  6114  6643 I MCPTT_MEDIA: [KeepAlive][clear] KeepAlive List Size : 0
07-14 18:36:05.509  6114  6643 D MCPTT_MEDIA: [MediaPortManager][removeRtpPortInfo] id = 49709a6295977a2f794b3c5cdbe69050
07-14 18:36:05.509  6114  6114 D MCPTT_UIMiddleware: [UIMiddlewareService][mServiceEventErrorCallback][onUpdateServiceEvent] serviceEventType:DELETE_SESSION
07-14 18:36:05.510  6114  6643 I MCPTT_MEDIA: [MediaManager][unprepareMediaProcess] Close:mYuvUtilObj = -5476376661022124720, mAmrwbObj = -5476376660484399280, mG711Obj = -5476376660484253808
07-14 18:36:05.510  6114  6114 D MCPTT_UIMiddleware: [GroupManager][mServiceEventCallback][onUpdateServiceEvent] serviceEventType:DELETE_SESSION
07-14 18:36:05.511  6114  6114 I MCPTT_UIMiddleware: [SessionManager]onUpdateServiceEvent: _serviceEventType = DELETE_SESSION
07-14 18:36:05.511  6114  6643 I MCPTT_MEDIA: [MediaManager][closeSWAudioCodec]
07-14 18:36:05.511  6114  6114 D MCPTT_UIMiddleware: [ScanManager][resetCountDownTimer]
07-14 18:36:05.512  6114  6643 E MCPTT_MEDIA: [SecurityTool][destroySession] securityInfo is NULL 
07-14 18:36:05.512  6114  6114 D MCPTT_UIMiddleware: [ScanManager][resetCountDownTimer]
07-14 18:36:05.513  6114  6643 D MCPTT_MEDIA: [MediaManager][changeAudioPath] status:0
07-14 18:36:05.513  6114  6114 I _LOG_APP: [Util]isLayoutRtl: layoutRtl = false
07-14 18:36:05.514  6114  6643 D MCPTT_MEDIA: [MediaManager][changeAudioPath] status:0
07-14 18:36:05.514  6114  6643 D MCPTT_MEDIA: [MediaManager][changeAudioPath] all Idle:true
07-14 18:36:05.515  6114  6643 I MCPTT_MEDIA: [MediaManager][setAudioPath] path:0, bluetoothAlwaysOn:false, connectedCarkitOrCradle:false, id:null
07-14 18:36:05.515  6114  6114 I _LOG_APP: [ContactActivity]onUpdateKeyEvent: keyEventType = TYPE_MBCP_IDLE_SUB_SESSION
07-14 18:36:05.516  6114  6114 I _LOG_APP: [UIService]onUpdateKeyEvent: callId = 49709a6295977a2f794b3c5cdbe69050
07-14 18:36:05.516  1043 12987 I MediaFocusControl: abandonAudioFocus() from uid/pid 10123/6114 clientId=android.media.AudioManager@a0a5bc8com.cybertelmedia.media.MediaManager$5@3103461
