07-08 20:00:04.268  1130  1130 I SystemServerTiming: StartDisplayManager
07-08 20:00:04.268  1130  1130 I SystemServiceManager: Starting com.android.server.display.DisplayManagerService
07-08 20:00:04.299     0     0 I ptt_assy_getCurrentAccyType: Current Accessory Type is none
07-08 20:00:04.299     0     0 E ctb_fist_mic_on: tasha_p->mhbc_emer_key : 0
07-08 20:00:04.314     0     0 E ctb_fist_mic_on: g_data->mhbc_emer_key : 0
07-08 20:00:04.314     0     0 E ctb_fist_mic_on: Disable fist mic on.
07-08 20:00:04.323     0     0 I binder  : 1416:1416 ioctl 40046210 7fcfb65c04 returned -22
07-08 20:00:04.316  1130  1297 I PackageWatchdog: Saving observer state to file
07-08 20:00:04.338     0     0 I binder  : 1274:1274 ioctl 40046210 ffa65a08 returned -22
07-08 20:00:04.344  1130  1152 W android.permission.PermissionManager: Missing ActivityManager; assuming 1013 does not hold android.permission.UPDATE_DEVICE_STATS
07-08 20:00:04.355  1130  1130 D SystemServerTiming: StartDisplayManager took to complete: 78ms
07-08 20:00:04.355  1130  1130 I SystemServerTiming: WaitForDisplay
07-08 20:00:04.356  1130  1130 I SystemServiceManager: Starting phase 100
07-08 20:00:04.357  1130  1130 I SystemServerTiming: OnBootPhase_100
07-08 20:00:04.358  1130  1130 I SystemServerTiming: OnBootPhase_100_com.android.server.security.FileIntegrityService
07-08 20:00:04.359  1130  1130 D SystemServerTiming: OnBootPhase_100_com.android.server.security.FileIntegrityService took to complete: 0ms
07-08 20:00:04.359  1130  1130 I SystemServerTiming: OnBootPhase_100_com.android.server.pm.Installer
07-08 20:00:04.359  1130  1130 D SystemServerTiming: OnBootPhase_100_com.android.server.pm.Installer took to complete: 0ms
07-08 20:00:04.360  1130  1130 I SystemServerTiming: OnBootPhase_100_com.android.server.os.DeviceIdentifiersPolicyService
07-08 20:00:04.360  1130  1130 D SystemServerTiming: OnBootPhase_100_com.android.server.os.DeviceIdentifiersPolicyService took to complete: 0ms
07-08 20:00:04.361  1130  1130 I SystemServerTiming: OnBootPhase_100_com.android.server.uri.UriGrantsManagerService$Lifecycle
07-08 20:00:04.361  1130  1130 D SystemServerTiming: OnBootPhase_100_com.android.server.uri.UriGrantsManagerService$Lifecycle took to complete: 0ms
07-08 20:00:04.362  1130  1130 I SystemServerTiming: OnBootPhase_100_com.android.server.powerstats.PowerStatsService
07-08 20:00:04.362  1130  1130 D SystemServerTiming: OnBootPhase_100_com.android.server.powerstats.PowerStatsService took to complete: 0ms
07-08 20:00:04.367  1130  1243 I DisplayDeviceRepository: Display device added: DisplayDeviceInfo{"Built-in Screen": uniqueId="local:0", 1080 x 1920, modeId 1, defaultModeId 1, supportedModes [{id=1, width=1080, height=1920, fps=60.000004, alternativeRefreshRates=[]}], colorMode 0, supportedColorModes [0], hdrCapabilities HdrCapabilities{mSupportedHdrTypes=[], mMaxLuminance=500.0, mMaxAverageLuminance=500.0, mMinLuminance=0.0}, allmSupported false, gameContentTypeSupported false, density 480, 318.976 x 320.842 dpi, appVsyncOff 1000000, presDeadline 16666666, touch INTERNAL, rotation 0, type INTERNAL, address {port=0}, deviceProductInfo null, state UNKNOWN, frameRateOverride , brightnessMinimum 0.0, brightnessMaximum 1.0, brightnessDefault 0.5748032, FLAG_DEFAULT_DISPLAY, FLAG_ROTATES_WITH_CONTENT, FLAG_SECURE, FLAG_SUPPORTS_PROTECTED_BUFFERS}
07-08 20:00:04.368  1130  1130 I SystemServerTiming: OnBootPhase_100_com.android.server.wm.ActivityTaskManagerService$Lifecycle
07-08 20:00:04.369  1130  1130 D SystemServerTiming: OnBootPhase_100_com.android.server.wm.ActivityTaskManagerService$Lifecycle took to complete: 0ms
07-08 20:00:04.370  1130  1130 I SystemServerTiming: OnBootPhase_100_com.android.server.am.ActivityManagerService$Lifecycle
07-08 20:00:04.370  1130  1130 D SystemServerTiming: OnBootPhase_100_com.android.server.am.ActivityManagerService$Lifecycle took to complete: 0ms
07-08 20:00:04.371  1130  1130 I SystemServerTiming: OnBootPhase_100_com.android.server.pm.DataLoaderManagerService
07-08 20:00:04.371  1130  1130 D SystemServerTiming: OnBootPhase_100_com.android.server.pm.DataLoaderManagerService took to complete: 0ms
07-08 20:00:04.371  1130  1130 I SystemServerTiming: OnBootPhase_100_com.android.server.power.PowerManagerService
07-08 20:00:04.372  1130  1130 D SystemServerTiming: OnBootPhase_100_com.android.server.power.PowerManagerService took to complete: 0ms
07-08 20:00:04.372  1130  1130 I SystemServerTiming: OnBootPhase_100_com.android.server.power.ThermalManagerService
07-08 20:00:04.372  1130  1130 D SystemServerTiming: OnBootPhase_100_com.android.server.power.ThermalManagerService took to complete: 0ms
07-08 20:00:04.373  1130  1130 I SystemServerTiming: OnBootPhase_100_com.android.server.power.hint.HintManagerService
07-08 20:00:04.373  1130  1130 D SystemServerTiming: OnBootPhase_100_com.android.server.power.hint.HintManagerService took to complete: 0ms
07-08 20:00:04.374  1130  1130 I SystemServerTiming: OnBootPhase_100_com.android.server.recoverysystem.RecoverySystemService$Lifecycle
07-08 20:00:04.377  1130  1130 D SystemServerTiming: OnBootPhase_100_com.android.server.recoverysystem.RecoverySystemService$Lifecycle took to complete: 0ms
07-08 20:00:04.378  1130  1130 I SystemServerTiming: OnBootPhase_100_com.android.server.lights.LightsService
07-08 20:00:04.378  1130  1152 W android.permission.PermissionManager: Missing ActivityManager; assuming 1013 does not hold android.permission.UPDATE_DEVICE_STATS
07-08 20:00:04.379  1130  1130 D SystemServerTiming: OnBootPhase_100_com.android.server.lights.LightsService took to complete: 0ms
07-08 20:00:04.380  1130  1130 I SystemServerTiming: OnBootPhase_100_com.android.server.display.DisplayManagerService
07-08 20:00:04.393     0     0 I binder  : 1274:1274 ioctl 40046210 ffa659e8 returned -22
07-08 20:00:04.385  1130  1243 I LogicalDisplayMapper: Applying layout: [{addr: {port=0}, dispId: 0(ON)}], Previous layout: null
07-08 20:00:04.395     0     0 I ueventd : firmware: loading 'modem.b21' for '/devices/platform/soc/4080000.qcom,mss/firmware/modem.b21'
07-08 20:00:04.423  1130  1391 W ProcessCpuTracker: Failed to stat(/proc/1382): android.system.ErrnoException: stat failed: ENOENT (No such file or directory)
07-08 20:00:04.434     0     0 I binder  : 1425:1425 ioctl 40046210 7fcb0097e4 returned -22
07-08 20:00:04.424  1130  1391 W ProcessCpuTracker: Skipping unknown process pid 1382
07-08 20:00:04.427  1130  1391 W ProcessCpuTracker: Failed to stat(/proc/1389): android.system.ErrnoException: stat failed: ENOENT (No such file or directory)
07-08 20:00:04.427  1130  1391 W ProcessCpuTracker: Skipping unknown process pid 1389
07-08 20:00:04.441     0     0 W pil-q6v5-mss 4080000.qcom,mss: Falling back to syfs fallback for: modem.b22
07-08 20:00:04.444     0     0 I ueventd : loading /devices/platform/soc/4080000.qcom,mss/firmware/modem.b21 took 64ms
07-08 20:00:04.433  1130  1243 I LogicalDisplayMapper: Adding new display: 0: DisplayInfo{"Built-in Screen", displayId 0", displayGroupId -1, FLAG_SECURE, FLAG_SUPPORTS_PROTECTED_BUFFERS, FLAG_TRUSTED, real 1080 x 1920, largest app 1080 x 1920, smallest app 1080 x 1920, appVsyncOff 1000000, presDeadline 16666666, mode 1, defaultMode 1, modes [{id=1, width=1080, height=1920, fps=60.000004, alternativeRefreshRates=[]}], hdrCapabilities HdrCapabilities{mSupportedHdrTypes=[], mMaxLuminance=500.0, mMaxAverageLuminance=500.0, mMinLuminance=0.0}, userDisabledHdrTypes [], minimalPostProcessingSupported false, rotation 0, state UNKNOWN, type INTERNAL, uniqueId "local:0", app 1080 x 1920, density 480 (318.976 x 320.842) dpi, layerStack 0, colorMode 0, supportedColorModes [0], address {port=0}, deviceProductInfo null, removeMode 0, refreshRateOverride 0.0, brightnessMinimum 0.0, brightnessMaximum 1.0, brightnessDefault 0.5748032}
07-08 20:00:04.436  1130  1243 I LogicalDisplayMapper: Setting new display group 0 for display 0, from previous group: null
07-08 20:00:04.443  1130  1243 E DisplayDeviceConfig: requesting nits when no mapping exists.
07-08 20:00:04.475     0     0 I android_work: did not send uevent (0 0 0000000000000000)
07-08 20:00:04.456  1130  1243 E DisplayDeviceConfig: requesting nits when no mapping exists.
07-08 20:00:04.463  1130  1130 W SystemServiceManager: Service com.android.server.display.DisplayManagerService took 83 ms in onBootPhase
07-08 20:00:04.463  1130  1130 D SystemServerTiming: OnBootPhase_100_com.android.server.display.DisplayManagerService took to complete: 84ms
07-08 20:00:04.464  1130  1130 D SystemServerTiming: OnBootPhase_100 took to complete: 106ms
07-08 20:00:04.464  1130  1130 D SystemServerTiming: WaitForDisplay took to complete: 109ms
07-08 20:00:04.465  1130  1130 I SystemServerTiming: StartDomainVerificationService
07-08 20:00:04.481  1130  1130 D SystemServerTiming: StartDomainVerificationService took to complete: 15ms
07-08 20:00:04.482  1130  1130 I SystemServerTiming: StartPackageManagerService
07-08 20:00:04.482  1130  1130 I Watchdog: Pausing HandlerChecker: main thread for reason: packagemanagermain. Pause count: 1
07-08 20:00:04.489  1130  1243 I DisplayDeviceRepository: Display device changed state: "Built-in Screen", ON
07-08 20:00:04.496  1130  1130 I PackageManagerTiming: create package manager
07-08 20:00:04.513  1130  1130 I PackageManagerTiming: readListOfPackagesToBeDisabled
07-08 20:00:04.514  1130  1130 D PackageManagerTiming: readListOfPackagesToBeDisabled took to complete: 0ms
07-08 20:00:04.514  1130  1130 I PackageManagerTiming: createSubComponents
07-08 20:00:04.479     0     0 I binder  : 1415:1415 ioctl 40046210 7fc447b264 returned -22
07-08 20:00:04.507     0     0 I binder  : 1415:1415 ioctl 40046210 7fc447b064 returned -22
07-08 20:00:04.527  1433  1433 I TLOC    : [main       ]"TLOC DAEMON main thread"
07-08 20:00:04.527  1433  1433 D TLOC    : [TLOCDaemon ]"---------- TLOC Daemon Starts ----------"
07-08 20:00:04.530  1433  1433 D TLOC    : [TLOCChannel]"The channel was initialized successfully for TLOCD"
07-08 20:00:04.532  1433  1433 D TLOC    : [TLOCChannel]"The channel was initialized successfully for TLOCL"
07-08 20:00:04.536  1433  1433 D TLOC    : [TLOCChannel]"The channel was initialized successfully for MODEM"
07-08 20:00:04.536  1433  1433 D TLOC    : [TLOCChannel]"TLOCChannel was initialized successfully"
07-08 20:00:04.536  1433  1433 D TLOC    : [TLOCChannel] "TLOCChannel is already initialized"
07-08 20:00:04.607     0     0 I binder  : 1418:1418 ioctl 40046210 7fc8606684 returned -22
07-08 20:00:04.603  1130  1130 D PackageManagerTiming: createSubComponents took to complete: 88ms
07-08 20:00:04.605  1130  1130 I PackageManagerTiming: addSharedUsers
07-08 20:00:04.606  1130  1130 D PackageManagerTiming: addSharedUsers took to complete: 0ms
07-08 20:00:04.617     0     0 I binder  : 1418:1418 ioctl 40046210 7fc8606254 returned -22
07-08 20:00:04.608  1130  1130 I PackageManagerTiming: get system config
07-08 20:00:04.609  1130  1130 D PackageManagerTiming: get system config took to complete: 0ms
07-08 20:00:04.622  1130  1130 D PackageManager: Directories scanned as system partitions: [/system:0, /vendor:524288, /odm:4194304, /oem:262144, /product:1048576, /system_ext:2097152, /apex/com.android.wifi:8388608, /apex/com.android.vndk.v32:8388608, /apex/com.android.tzdata:8388608, /apex/com.android.tethering:8388608, /apex/com.android.sdkext:8388608, /apex/com.android.scheduling:8388608, /apex/com.android.runtime:8388608, /apex/com.android.resolv:8388608, /apex/com.android.permission:8388608, /apex/com.android.os.statsd:8388608, /apex/com.android.neuralnetworks:8388608, /apex/com.android.mediaprovider:8388608, /apex/com.android.media.swcodec:8388608, /apex/com.android.media:8388608, /apex/com.android.ipsec:8388608, /apex/com.android.i18n:8388608, /apex/com.android.extservices:8388608, /apex/com.android.conscrypt:8388608, /apex/com.android.cellbroadcast:8388608, /apex/com.android.art:8388608, /apex/com.android.appsearch:8388608, /apex/com.android.adbd:8388608]
07-08 20:00:04.629  1130  1130 D SELinuxMMAC: Using policy file /system/etc/selinux/plat_mac_permissions.xml
07-08 20:00:04.633  1130  1130 D SELinuxMMAC: Using policy file /system_ext/etc/selinux/system_ext_mac_permissions.xml
07-08 20:00:04.637  1130  1130 D SELinuxMMAC: Using policy file /product/etc/selinux/product_mac_permissions.xml
07-08 20:00:04.640  1130  1130 D SELinuxMMAC: Using policy file /vendor/etc/selinux/vendor_mac_permissions.xml
07-08 20:00:04.649  1130  1130 I PackageManagerTiming: loadFallbacks
07-08 20:00:04.650  1130  1130 D PackageManagerTiming: loadFallbacks took to complete: 1ms
07-08 20:00:04.650  1130  1130 I PackageManagerTiming: read user settings
07-08 20:00:04.709     0     0 W pil-q6v5-mss 4080000.qcom,mss: Falling back to syfs fallback for: modem.b23
07-08 20:00:04.765     0     0 W pil-q6v5-mss 4080000.qcom,mss: Falling back to syfs fallback for: modem.b24
07-08 20:00:04.779     0     0 I init    : Control message: Processed ctl.start for 'vendor.dataadpl' from pid: 1471 (start vendor.dataadpl)
07-08 20:00:04.805     0     0 W pil-q6v5-mss 4080000.qcom,mss: Falling back to syfs fallback for: modem.b25
07-08 20:00:04.857     0     0 W pil-q6v5-mss 4080000.qcom,mss: Falling back to syfs fallback for: modem.b26
07-08 20:00:04.858     0     0 I init    : Service 'qcom-c_main-sh' (pid 1227) exited with status 0 oneshot service took 2.988000 seconds in background
07-08 20:00:04.864     0     0 I init    : Sending signal 9 to service 'qcom-c_main-sh' (pid 1227) process group...
07-08 20:00:04.877     0     0 I libprocessgroup: Successfully killed process cgroup uid 0 pid 1227 in 0ms
07-08 20:00:04.868  1130  1130 W android.permission.PermissionManager: Missing ActivityManager; assuming 1000 holds android.permission.SET_PREFERRED_APPLICATIONS
07-08 20:00:04.869  1130  1130 W android.permission.PermissionManager: Missing ActivityManager; assuming 1000 holds android.permission.SET_PREFERRED_APPLICATIONS
07-08 20:00:04.872  1130  1130 W android.permission.PermissionManager: Missing ActivityManager; assuming 1000 holds android.permission.SET_PREFERRED_APPLICATIONS
07-08 20:00:04.873  1130  1130 W android.permission.PermissionManager: Missing ActivityManager; assuming 1000 holds android.permission.SET_PREFERRED_APPLICATIONS
07-08 20:00:04.882     0     0 W pil-q6v5-mss 4080000.qcom,mss: Falling back to syfs fallback for: modem.b27
07-08 20:00:04.874  1130  1130 W android.permission.PermissionManager: Missing ActivityManager; assuming 1000 holds android.permission.SET_PREFERRED_APPLICATIONS
07-08 20:00:04.875  1130  1130 W android.permission.PermissionManager: Missing ActivityManager; assuming 1000 holds android.permission.SET_PREFERRED_APPLICATIONS
07-08 20:00:04.876  1130  1130 W android.permission.PermissionManager: Missing ActivityManager; assuming 1000 holds android.permission.SET_PREFERRED_APPLICATIONS
07-08 20:00:04.877  1130  1130 W android.permission.PermissionManager: Missing ActivityManager; assuming 1000 holds android.permission.SET_PREFERRED_APPLICATIONS
07-08 20:00:04.878  1130  1130 W android.permission.PermissionManager: Missing ActivityManager; assuming 1000 holds android.permission.SET_PREFERRED_APPLICATIONS
07-08 20:00:04.879  1130  1130 W android.permission.PermissionManager: Missing ActivityManager; assuming 1000 holds android.permission.SET_PREFERRED_APPLICATIONS
07-08 20:00:04.881  1130  1130 W android.permission.PermissionManager: Missing ActivityManager; assuming 1000 holds android.permission.SET_PREFERRED_APPLICATIONS
07-08 20:00:04.882  1130  1130 W android.permission.PermissionManager: Missing ActivityManager; assuming 1000 holds android.permission.SET_PREFERRED_APPLICATIONS
07-08 20:00:04.883  1130  1130 W android.permission.PermissionManager: Missing ActivityManager; assuming 1000 holds android.permission.SET_PREFERRED_APPLICATIONS
07-08 20:00:04.884  1130  1130 W android.permission.PermissionManager: Missing ActivityManager; assuming 1000 holds android.permission.SET_PREFERRED_APPLICATIONS
07-08 20:00:04.885  1130  1130 W android.permission.PermissionManager: Missing ActivityManager; assuming 1000 holds android.permission.SET_PREFERRED_APPLICATIONS
07-08 20:00:04.886  1130  1130 W android.permission.PermissionManager: Missing ActivityManager; assuming 1000 holds android.permission.SET_PREFERRED_APPLICATIONS
07-08 20:00:04.887  1130  1130 W android.permission.PermissionManager: Missing ActivityManager; assuming 1000 holds android.permission.SET_PREFERRED_APPLICATIONS
07-08 20:00:04.888  1130  1130 W android.permission.PermissionManager: Missing ActivityManager; assuming 1000 holds android.permission.SET_PREFERRED_APPLICATIONS
07-08 20:00:04.889  1130  1130 W android.permission.PermissionManager: Missing ActivityManager; assuming 1000 holds android.permission.SET_PREFERRED_APPLICATIONS
07-08 20:00:04.890  1130  1130 W android.permission.PermissionManager: Missing ActivityManager; assuming 1000 holds android.permission.SET_PREFERRED_APPLICATIONS
07-08 20:00:04.891  1130  1130 W android.permission.PermissionManager: Missing ActivityManager; assuming 1000 holds android.permission.SET_PREFERRED_APPLICATIONS
07-08 20:00:04.892  1130  1130 W android.permission.PermissionManager: Missing ActivityManager; assuming 1000 holds android.permission.SET_PREFERRED_APPLICATIONS
07-08 20:00:04.892  1130  1130 W android.permission.PermissionManager: Missing ActivityManager; assuming 1000 holds android.permission.SET_PREFERRED_APPLICATIONS
07-08 20:00:04.893  1130  1130 W android.permission.PermissionManager: Missing ActivityManager; assuming 1000 holds android.permission.SET_PREFERRED_APPLICATIONS
07-08 20:00:04.896  1130  1130 W android.permission.PermissionManager: Missing ActivityManager; assuming 1000 holds android.permission.SET_PREFERRED_APPLICATIONS
07-08 20:00:04.897  1130  1130 W android.permission.PermissionManager: Missing ActivityManager; assuming 1000 holds android.permission.SET_PREFERRED_APPLICATIONS
07-08 20:00:04.898  1130  1130 W android.permission.PermissionManager: Missing ActivityManager; assuming 1000 holds android.permission.SET_PREFERRED_APPLICATIONS
07-08 20:00:04.899  1130  1130 W android.permission.PermissionManager: Missing ActivityManager; assuming 1000 holds android.permission.SET_PREFERRED_APPLICATIONS
07-08 20:00:04.900  1130  1130 W android.permission.PermissionManager: Missing ActivityManager; assuming 1000 holds android.permission.SET_PREFERRED_APPLICATIONS
07-08 20:00:04.901  1130  1130 W android.permission.PermissionManager: Missing ActivityManager; assuming 1000 holds android.permission.SET_PREFERRED_APPLICATIONS
07-08 20:00:04.902  1130  1130 W android.permission.PermissionManager: Missing ActivityManager; assuming 1000 holds android.permission.SET_PREFERRED_APPLICATIONS
07-08 20:00:04.903  1130  1130 W android.permission.PermissionManager: Missing ActivityManager; assuming 1000 holds android.permission.SET_PREFERRED_APPLICATIONS
07-08 20:00:04.920     0     0 W pil-q6v5-mss 4080000.qcom,mss: Falling back to syfs fallback for: modem.b28
07-08 20:00:04.914  1130  1130 W android.permission.PermissionManager: Missing ActivityManager; assuming 1000 holds android.permission.SET_PREFERRED_APPLICATIONS
07-08 20:00:04.915  1130  1130 W android.permission.PermissionManager: Missing ActivityManager; assuming 1000 holds android.permission.SET_PREFERRED_APPLICATIONS
07-08 20:00:04.917  1130  1130 W android.permission.PermissionManager: Missing ActivityManager; assuming 1000 holds android.permission.SET_PREFERRED_APPLICATIONS
07-08 20:00:04.918  1130  1130 W android.permission.PermissionManager: Missing ActivityManager; assuming 1000 holds android.permission.SET_PREFERRED_APPLICATIONS
07-08 20:00:04.920  1130  1130 W android.permission.PermissionManager: Missing ActivityManager; assuming 1000 holds android.permission.SET_PREFERRED_APPLICATIONS
07-08 20:00:04.921  1130  1130 W android.permission.PermissionManager: Missing ActivityManager; assuming 1000 holds android.permission.SET_PREFERRED_APPLICATIONS
07-08 20:00:04.922  1130  1130 W android.permission.PermissionManager: Missing ActivityManager; assuming 1000 holds android.permission.SET_PREFERRED_APPLICATIONS
07-08 20:00:04.923  1130  1130 W android.permission.PermissionManager: Missing ActivityManager; assuming 1000 holds android.permission.SET_PREFERRED_APPLICATIONS
07-08 20:00:04.925  1130  1130 W android.permission.PermissionManager: Missing ActivityManager; assuming 1000 holds android.permission.SET_PREFERRED_APPLICATIONS
07-08 20:00:04.926  1130  1130 W android.permission.PermissionManager: Missing ActivityManager; assuming 1000 holds android.permission.SET_PREFERRED_APPLICATIONS
07-08 20:00:04.927  1130  1130 W android.permission.PermissionManager: Missing ActivityManager; assuming 1000 holds android.permission.SET_PREFERRED_APPLICATIONS
07-08 20:00:04.928  1130  1130 W android.permission.PermissionManager: Missing ActivityManager; assuming 1000 holds android.permission.SET_PREFERRED_APPLICATIONS
07-08 20:00:04.929  1130  1130 W android.permission.PermissionManager: Missing ActivityManager; assuming 1000 holds android.permission.SET_PREFERRED_APPLICATIONS
07-08 20:00:04.931  1130  1130 W android.permission.PermissionManager: Missing ActivityManager; assuming 1000 holds android.permission.SET_PREFERRED_APPLICATIONS
07-08 20:00:04.932  1130  1130 W android.permission.PermissionManager: Missing ActivityManager; assuming 1000 holds android.permission.SET_PREFERRED_APPLICATIONS
07-08 20:00:04.933  1130  1130 W android.permission.PermissionManager: Missing ActivityManager; assuming 1000 holds android.permission.SET_PREFERRED_APPLICATIONS
07-08 20:00:04.934  1130  1130 W android.permission.PermissionManager: Missing ActivityManager; assuming 1000 holds android.permission.SET_PREFERRED_APPLICATIONS
07-08 20:00:04.935  1130  1130 W android.permission.PermissionManager: Missing ActivityManager; assuming 1000 holds android.permission.SET_PREFERRED_APPLICATIONS
07-08 20:00:04.936  1130  1130 W android.permission.PermissionManager: Missing ActivityManager; assuming 1000 holds android.permission.SET_PREFERRED_APPLICATIONS
07-08 20:00:04.937  1130  1130 W android.permission.PermissionManager: Missing ActivityManager; assuming 1000 holds android.permission.SET_PREFERRED_APPLICATIONS
07-08 20:00:04.938  1130  1130 W android.permission.PermissionManager: Missing ActivityManager; assuming 1000 holds android.permission.SET_PREFERRED_APPLICATIONS
07-08 20:00:04.941  1130  1130 W android.permission.PermissionManager: Missing ActivityManager; assuming 1000 holds android.permission.SET_PREFERRED_APPLICATIONS
07-08 20:00:04.944  1130  1130 W android.permission.PermissionManager: Missing ActivityManager; assuming 1000 holds android.permission.SET_PREFERRED_APPLICATIONS
07-08 20:00:04.946  1130  1130 W android.permission.PermissionManager: Missing ActivityManager; assuming 1000 holds android.permission.SET_PREFERRED_APPLICATIONS
07-08 20:00:04.947  1130  1130 W android.permission.PermissionManager: Missing ActivityManager; assuming 1000 holds android.permission.SET_PREFERRED_APPLICATIONS
07-08 20:00:04.948  1130  1130 W android.permission.PermissionManager: Missing ActivityManager; assuming 1000 holds android.permission.SET_PREFERRED_APPLICATIONS
07-08 20:00:04.949  1130  1130 W android.permission.PermissionManager: Missing ActivityManager; assuming 1000 holds android.permission.SET_PREFERRED_APPLICATIONS
07-08 20:00:04.950  1130  1130 W android.permission.PermissionManager: Missing ActivityManager; assuming 1000 holds android.permission.SET_PREFERRED_APPLICATIONS
07-08 20:00:04.950  1130  1130 W android.permission.PermissionManager: Missing ActivityManager; assuming 1000 holds android.permission.SET_PREFERRED_APPLICATIONS
07-08 20:00:04.952  1130  1130 W android.permission.PermissionManager: Missing ActivityManager; assuming 1000 holds android.permission.SET_PREFERRED_APPLICATIONS
07-08 20:00:04.953  1130  1130 W android.permission.PermissionManager: Missing ActivityManager; assuming 1000 holds android.permission.SET_PREFERRED_APPLICATIONS
07-08 20:00:04.955  1130  1130 W android.permission.PermissionManager: Missing ActivityManager; assuming 1000 holds android.permission.SET_PREFERRED_APPLICATIONS
07-08 20:00:04.956  1130  1130 W android.permission.PermissionManager: Missing ActivityManager; assuming 1000 holds android.permission.SET_PREFERRED_APPLICATIONS
07-08 20:00:04.957  1130  1130 W android.permission.PermissionManager: Missing ActivityManager; assuming 1000 holds android.permission.SET_PREFERRED_APPLICATIONS
07-08 20:00:04.958  1130  1130 W android.permission.PermissionManager: Missing ActivityManager; assuming 1000 holds android.permission.SET_PREFERRED_APPLICATIONS
07-08 20:00:04.959  1130  1130 W android.permission.PermissionManager: Missing ActivityManager; assuming 1000 holds android.permission.SET_PREFERRED_APPLICATIONS
07-08 20:00:04.960  1130  1130 W android.permission.PermissionManager: Missing ActivityManager; assuming 1000 holds android.permission.SET_PREFERRED_APPLICATIONS
07-08 20:00:04.963  1130  1130 W android.permission.PermissionManager: Missing ActivityManager; assuming 1000 holds android.permission.SET_PREFERRED_APPLICATIONS
07-08 20:00:04.964  1130  1130 W android.permission.PermissionManager: Missing ActivityManager; assuming 1000 holds android.permission.SET_PREFERRED_APPLICATIONS
07-08 20:00:04.965  1130  1130 W android.permission.PermissionManager: Missing ActivityManager; assuming 1000 holds android.permission.SET_PREFERRED_APPLICATIONS
07-08 20:00:04.967  1130  1130 W android.permission.PermissionManager: Missing ActivityManager; assuming 1000 holds android.permission.SET_PREFERRED_APPLICATIONS
07-08 20:00:04.968  1130  1130 W android.permission.PermissionManager: Missing ActivityManager; assuming 1000 holds android.permission.SET_PREFERRED_APPLICATIONS
07-08 20:00:04.970  1130  1130 W android.permission.PermissionManager: Missing ActivityManager; assuming 1000 holds android.permission.SET_PREFERRED_APPLICATIONS
07-08 20:00:04.971  1130  1130 W android.permission.PermissionManager: Missing ActivityManager; assuming 1000 holds android.permission.SET_PREFERRED_APPLICATIONS
07-08 20:00:04.972  1130  1130 W android.permission.PermissionManager: Missing ActivityManager; assuming 1000 holds android.permission.SET_PREFERRED_APPLICATIONS
07-08 20:00:04.973  1130  1130 W android.permission.PermissionManager: Missing ActivityManager; assuming 1000 holds android.permission.SET_PREFERRED_APPLICATIONS
07-08 20:00:04.974  1130  1130 W android.permission.PermissionManager: Missing ActivityManager; assuming 1000 holds android.permission.SET_PREFERRED_APPLICATIONS
07-08 20:00:04.977  1130  1130 W android.permission.PermissionManager: Missing ActivityManager; assuming 1000 holds android.permission.SET_PREFERRED_APPLICATIONS
07-08 20:00:04.978  1130  1130 W android.permission.PermissionManager: Missing ActivityManager; assuming 1000 holds android.permission.SET_PREFERRED_APPLICATIONS
07-08 20:00:04.979  1130  1130 W android.permission.PermissionManager: Missing ActivityManager; assuming 1000 holds android.permission.SET_PREFERRED_APPLICATIONS
07-08 20:00:04.981  1130  1130 W android.permission.PermissionManager: Missing ActivityManager; assuming 1000 holds android.permission.SET_PREFERRED_APPLICATIONS
07-08 20:00:04.983  1130  1130 W android.permission.PermissionManager: Missing ActivityManager; assuming 1000 holds android.permission.SET_PREFERRED_APPLICATIONS
07-08 20:00:04.984  1130  1130 W android.permission.PermissionManager: Missing ActivityManager; assuming 1000 holds android.permission.SET_PREFERRED_APPLICATIONS
07-08 20:00:04.985  1130  1130 W android.permission.PermissionManager: Missing ActivityManager; assuming 1000 holds android.permission.SET_PREFERRED_APPLICATIONS
07-08 20:00:04.990  1130  1130 W android.permission.PermissionManager: Missing ActivityManager; assuming 1000 holds android.permission.SET_PREFERRED_APPLICATIONS
07-08 20:00:04.992  1130  1130 W android.permission.PermissionManager: Missing ActivityManager; assuming 1000 holds android.permission.SET_PREFERRED_APPLICATIONS
07-08 20:00:04.993  1130  1130 W android.permission.PermissionManager: Missing ActivityManager; assuming 1000 holds android.permission.SET_PREFERRED_APPLICATIONS
07-08 20:00:04.993  1130  1130 W android.permission.PermissionManager: Missing ActivityManager; assuming 1000 holds android.permission.SET_PREFERRED_APPLICATIONS
07-08 20:00:04.994  1130  1130 W android.permission.PermissionManager: Missing ActivityManager; assuming 1000 holds android.permission.SET_PREFERRED_APPLICATIONS
07-08 20:00:04.995  1130  1130 W android.permission.PermissionManager: Missing ActivityManager; assuming 1000 holds android.permission.SET_PREFERRED_APPLICATIONS
07-08 20:00:04.996  1130  1130 W android.permission.PermissionManager: Missing ActivityManager; assuming 1000 holds android.permission.SET_PREFERRED_APPLICATIONS
07-08 20:00:04.997  1130  1130 W android.permission.PermissionManager: Missing ActivityManager; assuming 1000 holds android.permission.SET_PREFERRED_APPLICATIONS
07-08 20:00:04.998  1130  1130 W android.permission.PermissionManager: Missing ActivityManager; assuming 1000 holds android.permission.SET_PREFERRED_APPLICATIONS
07-08 20:00:04.998  1130  1130 W android.permission.PermissionManager: Missing ActivityManager; assuming 1000 holds android.permission.SET_PREFERRED_APPLICATIONS
07-08 20:00:04.999  1130  1130 W android.permission.PermissionManager: Missing ActivityManager; assuming 1000 holds android.permission.SET_PREFERRED_APPLICATIONS
07-08 20:00:05.000  1130  1130 W android.permission.PermissionManager: Missing ActivityManager; assuming 1000 holds android.permission.SET_PREFERRED_APPLICATIONS
07-08 20:00:05.001  1130  1130 W android.permission.PermissionManager: Missing ActivityManager; assuming 1000 holds android.permission.SET_PREFERRED_APPLICATIONS
07-08 20:00:05.002  1130  1130 W android.permission.PermissionManager: Missing ActivityManager; assuming 1000 holds android.permission.SET_PREFERRED_APPLICATIONS
07-08 20:00:05.002  1130  1130 W android.permission.PermissionManager: Missing ActivityManager; assuming 1000 holds android.permission.SET_PREFERRED_APPLICATIONS
07-08 20:00:05.003  1130  1130 W android.permission.PermissionManager: Missing ActivityManager; assuming 1000 holds android.permission.SET_PREFERRED_APPLICATIONS
07-08 20:00:05.004  1130  1130 W android.permission.PermissionManager: Missing ActivityManager; assuming 1000 holds android.permission.SET_PREFERRED_APPLICATIONS
07-08 20:00:05.005  1130  1130 W android.permission.PermissionManager: Missing ActivityManager; assuming 1000 holds android.permission.SET_PREFERRED_APPLICATIONS
07-08 20:00:05.006  1130  1130 W android.permission.PermissionManager: Missing ActivityManager; assuming 1000 holds android.permission.SET_PREFERRED_APPLICATIONS
07-08 20:00:05.006  1130  1130 W android.permission.PermissionManager: Missing ActivityManager; assuming 1000 holds android.permission.SET_PREFERRED_APPLICATIONS
07-08 20:00:05.007  1130  1130 W android.permission.PermissionManager: Missing ActivityManager; assuming 1000 holds android.permission.SET_PREFERRED_APPLICATIONS
07-08 20:00:05.008  1130  1130 W android.permission.PermissionManager: Missing ActivityManager; assuming 1000 holds android.permission.SET_PREFERRED_APPLICATIONS
07-08 20:00:05.009  1130  1130 W android.permission.PermissionManager: Missing ActivityManager; assuming 1000 holds android.permission.SET_PREFERRED_APPLICATIONS
07-08 20:00:05.010  1130  1130 W android.permission.PermissionManager: Missing ActivityManager; assuming 1000 holds android.permission.SET_PREFERRED_APPLICATIONS
07-08 20:00:05.010  1130  1130 W android.permission.PermissionManager: Missing ActivityManager; assuming 1000 holds android.permission.SET_PREFERRED_APPLICATIONS
07-08 20:00:05.011  1130  1130 W android.permission.PermissionManager: Missing ActivityManager; assuming 1000 holds android.permission.SET_PREFERRED_APPLICATIONS
07-08 20:00:05.012  1130  1130 W android.permission.PermissionManager: Missing ActivityManager; assuming 1000 holds android.permission.SET_PREFERRED_APPLICATIONS
07-08 20:00:05.013  1130  1130 W android.permission.PermissionManager: Missing ActivityManager; assuming 1000 holds android.permission.SET_PREFERRED_APPLICATIONS
07-08 20:00:05.017     0     0 I FG      : fg_clear_dma_errors_if_any: dma_sts: 4
07-08 20:00:05.017     0     0 I FG      : fg_clear_dma_errors_if_any: dma_sts: 0
07-08 20:00:05.024     0     0 I memshare soc: qcom,memshare: memshare: notifier_cb processed for code: 4
07-08 20:00:05.014  1130  1130 W android.permission.PermissionManager: Missing ActivityManager; assuming 1000 holds android.permission.SET_PREFERRED_APPLICATIONS
07-08 20:00:05.015  1130  1130 W android.permission.PermissionManager: Missing ActivityManager; assuming 1000 holds android.permission.SET_PREFERRED_APPLICATIONS
07-08 20:00:05.018  1130  1130 W android.permission.PermissionManager: Missing ActivityManager; assuming 1000 holds android.permission.SET_PREFERRED_APPLICATIONS
07-08 20:00:05.019  1130  1130 W android.permission.PermissionManager: Missing ActivityManager; assuming 1000 holds android.permission.SET_PREFERRED_APPLICATIONS
07-08 20:00:05.020  1130  1130 W android.permission.PermissionManager: Missing ActivityManager; assuming 1000 holds android.permission.SET_PREFERRED_APPLICATIONS
07-08 20:00:05.021  1130  1130 W android.permission.PermissionManager: Missing ActivityManager; assuming 1000 holds android.permission.SET_PREFERRED_APPLICATIONS
07-08 20:00:05.022  1130  1130 W android.permission.PermissionManager: Missing ActivityManager; assuming 1000 holds android.permission.SET_PREFERRED_APPLICATIONS
07-08 20:00:05.022  1130  1130 W android.permission.PermissionManager: Missing ActivityManager; assuming 1000 holds android.permission.SET_PREFERRED_APPLICATIONS
07-08 20:00:05.023  1130  1130 W android.permission.PermissionManager: Missing ActivityManager; assuming 1000 holds android.permission.SET_PREFERRED_APPLICATIONS
07-08 20:00:05.026     0     0 I pil-q6v5-mss 4080000.qcom,mss: modem: Brought out of reset
07-08 20:00:05.025  1130  1130 W android.permission.PermissionManager: Missing ActivityManager; assuming 1000 holds android.permission.SET_PREFERRED_APPLICATIONS
07-08 20:00:05.025  1130  1130 W android.permission.PermissionManager: Missing ActivityManager; assuming 1000 holds android.permission.SET_PREFERRED_APPLICATIONS
07-08 20:00:05.026  1130  1130 W android.permission.PermissionManager: Missing ActivityManager; assuming 1000 holds android.permission.SET_PREFERRED_APPLICATIONS
07-08 20:00:05.027  1130  1130 W android.permission.PermissionManager: Missing ActivityManager; assuming 1000 holds android.permission.SET_PREFERRED_APPLICATIONS
07-08 20:00:05.028  1130  1130 W android.permission.PermissionManager: Missing ActivityManager; assuming 1000 holds android.permission.SET_PREFERRED_APPLICATIONS
07-08 20:00:05.029  1130  1130 W android.permission.PermissionManager: Missing ActivityManager; assuming 1000 holds android.permission.SET_PREFERRED_APPLICATIONS
07-08 20:00:05.030  1130  1130 W android.permission.PermissionManager: Missing ActivityManager; assuming 1000 holds android.permission.SET_PREFERRED_APPLICATIONS
07-08 20:00:05.031  1130  1130 W android.permission.PermissionManager: Missing ActivityManager; assuming 1000 holds android.permission.SET_PREFERRED_APPLICATIONS
07-08 20:00:05.033  1130  1130 W android.permission.PermissionManager: Missing ActivityManager; assuming 1000 holds android.permission.SET_PREFERRED_APPLICATIONS
07-08 20:00:05.034  1130  1130 W android.permission.PermissionManager: Missing ActivityManager; assuming 1000 holds android.permission.SET_PREFERRED_APPLICATIONS
07-08 20:00:05.035  1130  1130 W android.permission.PermissionManager: Missing ActivityManager; assuming 1000 holds android.permission.SET_PREFERRED_APPLICATIONS
07-08 20:00:05.036  1130  1130 W android.permission.PermissionManager: Missing ActivityManager; assuming 1000 holds android.permission.SET_PREFERRED_APPLICATIONS
07-08 20:00:05.037  1130  1130 W android.permission.PermissionManager: Missing ActivityManager; assuming 1000 holds android.permission.SET_PREFERRED_APPLICATIONS
07-08 20:00:05.038  1130  1130 W android.permission.PermissionManager: Missing ActivityManager; assuming 1000 holds android.permission.SET_PREFERRED_APPLICATIONS
07-08 20:00:05.039  1130  1130 W android.permission.PermissionManager: Missing ActivityManager; assuming 1000 holds android.permission.SET_PREFERRED_APPLICATIONS
07-08 20:00:05.040  1130  1130 W android.permission.PermissionManager: Missing ActivityManager; assuming 1000 holds android.permission.SET_PREFERRED_APPLICATIONS
07-08 20:00:05.041  1130  1130 W android.permission.PermissionManager: Missing ActivityManager; assuming 1000 holds android.permission.SET_PREFERRED_APPLICATIONS
07-08 20:00:05.042  1130  1130 W android.permission.PermissionManager: Missing ActivityManager; assuming 1000 holds android.permission.SET_PREFERRED_APPLICATIONS
07-08 20:00:05.043  1130  1130 W android.permission.PermissionManager: Missing ActivityManager; assuming 1000 holds android.permission.SET_PREFERRED_APPLICATIONS
07-08 20:00:05.044  1130  1130 W android.permission.PermissionManager: Missing ActivityManager; assuming 1000 holds android.permission.SET_PREFERRED_APPLICATIONS
07-08 20:00:05.045  1130  1130 W android.permission.PermissionManager: Missing ActivityManager; assuming 1000 holds android.permission.SET_PREFERRED_APPLICATIONS
07-08 20:00:05.046  1130  1130 W android.permission.PermissionManager: Missing ActivityManager; assuming 1000 holds android.permission.SET_PREFERRED_APPLICATIONS
07-08 20:00:05.047  1130  1130 W android.permission.PermissionManager: Missing ActivityManager; assuming 1000 holds android.permission.SET_PREFERRED_APPLICATIONS
07-08 20:00:05.048  1130  1130 W android.permission.PermissionManager: Missing ActivityManager; assuming 1000 holds android.permission.SET_PREFERRED_APPLICATIONS
07-08 20:00:05.049  1130  1130 W android.permission.PermissionManager: Missing ActivityManager; assuming 1000 holds android.permission.SET_PREFERRED_APPLICATIONS
07-08 20:00:05.050  1130  1130 W android.permission.PermissionManager: Missing ActivityManager; assuming 1000 holds android.permission.SET_PREFERRED_APPLICATIONS
07-08 20:00:05.051  1130  1130 W android.permission.PermissionManager: Missing ActivityManager; assuming 1000 holds android.permission.SET_PREFERRED_APPLICATIONS
07-08 20:00:05.052  1130  1130 W android.permission.PermissionManager: Missing ActivityManager; assuming 1000 holds android.permission.SET_PREFERRED_APPLICATIONS
07-08 20:00:05.052  1130  1130 W android.permission.PermissionManager: Missing ActivityManager; assuming 1000 holds android.permission.SET_PREFERRED_APPLICATIONS
07-08 20:00:05.059     0     0 I init    : starting service 'vendor.msm_irqbalance'...
07-08 20:00:05.054  1130  1130 W android.permission.PermissionManager: Missing ActivityManager; assuming 1000 holds android.permission.SET_PREFERRED_APPLICATIONS
07-08 20:00:05.055  1130  1130 W android.permission.PermissionManager: Missing ActivityManager; assuming 1000 holds android.permission.SET_PREFERRED_APPLICATIONS
07-08 20:00:05.056  1130  1130 W android.permission.PermissionManager: Missing ActivityManager; assuming 1000 holds android.permission.SET_PREFERRED_APPLICATIONS
07-08 20:00:05.056  1130  1130 W android.permission.PermissionManager: Missing ActivityManager; assuming 1000 holds android.permission.SET_PREFERRED_APPLICATIONS
07-08 20:00:05.057  1130  1130 W android.permission.PermissionManager: Missing ActivityManager; assuming 1000 holds android.permission.SET_PREFERRED_APPLICATIONS
07-08 20:00:05.058  1130  1130 W android.permission.PermissionManager: Missing ActivityManager; assuming 1000 holds android.permission.SET_PREFERRED_APPLICATIONS
07-08 20:00:05.059  1130  1130 W android.permission.PermissionManager: Missing ActivityManager; assuming 1000 holds android.permission.SET_PREFERRED_APPLICATIONS
07-08 20:00:05.060  1130  1130 W android.permission.PermissionManager: Missing ActivityManager; assuming 1000 holds android.permission.SET_PREFERRED_APPLICATIONS
07-08 20:00:05.061  1130  1130 W android.permission.PermissionManager: Missing ActivityManager; assuming 1000 holds android.permission.SET_PREFERRED_APPLICATIONS
07-08 20:00:05.062  1130  1130 W android.permission.PermissionManager: Missing ActivityManager; assuming 1000 holds android.permission.SET_PREFERRED_APPLICATIONS
07-08 20:00:05.062  1130  1130 W android.permission.PermissionManager: Missing ActivityManager; assuming 1000 holds android.permission.SET_PREFERRED_APPLICATIONS
07-08 20:00:05.063  1130  1130 W android.permission.PermissionManager: Missing ActivityManager; assuming 1000 holds android.permission.SET_PREFERRED_APPLICATIONS
07-08 20:00:05.064  1130  1130 W android.permission.PermissionManager: Missing ActivityManager; assuming 1000 holds android.permission.SET_PREFERRED_APPLICATIONS
07-08 20:00:05.065  1130  1130 W android.permission.PermissionManager: Missing ActivityManager; assuming 1000 holds android.permission.SET_PREFERRED_APPLICATIONS
07-08 20:00:05.068  1130  1130 W android.permission.PermissionManager: Missing ActivityManager; assuming 1000 holds android.permission.SET_PREFERRED_APPLICATIONS
07-08 20:00:05.069  1130  1130 W android.permission.PermissionManager: Missing ActivityManager; assuming 1000 holds android.permission.SET_PREFERRED_APPLICATIONS
07-08 20:00:05.070  1130  1130 W android.permission.PermissionManager: Missing ActivityManager; assuming 1000 holds android.permission.SET_PREFERRED_APPLICATIONS
07-08 20:00:05.071  1130  1130 W android.permission.PermissionManager: Missing ActivityManager; assuming 1000 holds android.permission.SET_PREFERRED_APPLICATIONS
07-08 20:00:05.072  1130  1130 W android.permission.PermissionManager: Missing ActivityManager; assuming 1000 holds android.permission.SET_PREFERRED_APPLICATIONS
07-08 20:00:05.073  1130  1130 W android.permission.PermissionManager: Missing ActivityManager; assuming 1000 holds android.permission.SET_PREFERRED_APPLICATIONS
07-08 20:00:05.075  1130  1130 W android.permission.PermissionManager: Missing ActivityManager; assuming 1000 holds android.permission.SET_PREFERRED_APPLICATIONS
07-08 20:00:05.077  1130  1130 W android.permission.PermissionManager: Missing ActivityManager; assuming 1000 holds android.permission.SET_PREFERRED_APPLICATIONS
07-08 20:00:05.078  1130  1130 W android.permission.PermissionManager: Missing ActivityManager; assuming 1000 holds android.permission.SET_PREFERRED_APPLICATIONS
07-08 20:00:05.078  1130  1130 W android.permission.PermissionManager: Missing ActivityManager; assuming 1000 holds android.permission.SET_PREFERRED_APPLICATIONS
07-08 20:00:05.079  1130  1130 W android.permission.PermissionManager: Missing ActivityManager; assuming 1000 holds android.permission.SET_PREFERRED_APPLICATIONS
07-08 20:00:05.081  1130  1130 W android.permission.PermissionManager: Missing ActivityManager; assuming 1000 holds android.permission.SET_PREFERRED_APPLICATIONS
07-08 20:00:05.082  1130  1130 W android.permission.PermissionManager: Missing ActivityManager; assuming 1000 holds android.permission.SET_PREFERRED_APPLICATIONS
07-08 20:00:05.084     0     0 I pil-q6v5-mss 4080000.qcom,mss: Subsystem error monitoring/handling services are up
07-08 20:00:05.085     0     0 I pil-q6v5-mss 4080000.qcom,mss: modem: Power/Clock ready interrupt received
07-08 20:00:05.087     0     0 I init    : Control message: Processed ctl.start for 'vendor.msm_irqbalance' from pid: 1493 (start vendor.msm_irqbalance)
07-08 20:00:05.092     0     0 I memshare soc: qcom,memshare: memshare: notifier_cb processed for code: 8
07-08 20:00:05.090  1130  1130 W android.permission.PermissionManager: Missing ActivityManager; assuming 1000 holds android.permission.SET_PREFERRED_APPLICATIONS
07-08 20:00:05.091  1130  1130 W android.permission.PermissionManager: Missing ActivityManager; assuming 1000 holds android.permission.SET_PREFERRED_APPLICATIONS
07-08 20:00:05.092  1130  1130 W android.permission.PermissionManager: Missing ActivityManager; assuming 1000 holds android.permission.SET_PREFERRED_APPLICATIONS
07-08 20:00:05.093  1130  1130 W android.permission.PermissionManager: Missing ActivityManager; assuming 1000 holds android.permission.SET_PREFERRED_APPLICATIONS
07-08 20:00:05.094  1130  1130 W android.permission.PermissionManager: Missing ActivityManager; assuming 1000 holds android.permission.SET_PREFERRED_APPLICATIONS
07-08 20:00:05.095  1130  1130 W android.permission.PermissionManager: Missing ActivityManager; assuming 1000 holds android.permission.SET_PREFERRED_APPLICATIONS
07-08 20:00:05.096  1130  1130 W android.permission.PermissionManager: Missing ActivityManager; assuming 1000 holds android.permission.SET_PREFERRED_APPLICATIONS
07-08 20:00:05.099  1130  1130 W android.permission.PermissionManager: Missing ActivityManager; assuming 1000 holds android.permission.SET_PREFERRED_APPLICATIONS
07-08 20:00:05.100  1130  1130 W android.permission.PermissionManager: Missing ActivityManager; assuming 1000 holds android.permission.SET_PREFERRED_APPLICATIONS
07-08 20:00:05.108     0     0 I memshare soc: qcom,memshare: memshare: SUBSYS_AFTER_POWERUP: Modem has booted up
07-08 20:00:05.117     0     0 I qcom_smd_qrtr_probe: Entered
07-08 20:00:05.120     0     0 E OF      : /soc/qcom,msm-audio-apr/qcom,q6core-audio/sound-tavil: could not get #gpio-cells for /soc/slim@151c0000/tavil_codec/msm_cdc_pinctrl_hph_en1
07-08 20:00:05.120     0     0 I memshare soc: qcom,memshare: memshare: notifier_cb processed for code: 3
07-08 20:00:05.121     0     0 I adsprpc : fastrpc_restart_notifier_cb: modem subsystem is up
07-08 20:00:05.121     0     0 I         : IPA received MPSS AFTER_POWERUP
07-08 20:00:05.121     0     0 I         : IPA AFTER_POWERUP handling is complete
07-08 20:00:05.115  1130  1130 W android.permission.PermissionManager: Missing ActivityManager; assuming 1000 holds android.permission.SET_PREFERRED_APPLICATIONS
07-08 20:00:05.116  1130  1130 W android.permission.PermissionManager: Missing ActivityManager; assuming 1000 holds android.permission.SET_PREFERRED_APPLICATIONS
07-08 20:00:05.117  1130  1130 W android.permission.PermissionManager: Missing ActivityManager; assuming 1000 holds android.permission.SET_PREFERRED_APPLICATIONS
07-08 20:00:05.118  1130  1130 W android.permission.PermissionManager: Missing ActivityManager; assuming 1000 holds android.permission.SET_PREFERRED_APPLICATIONS
07-08 20:00:05.119  1130  1130 W android.permission.PermissionManager: Missing ActivityManager; assuming 1000 holds android.permission.SET_PREFERRED_APPLICATIONS
07-08 20:00:05.120  1130  1130 W android.permission.PermissionManager: Missing ActivityManager; assuming 1000 holds android.permission.SET_PREFERRED_APPLICATIONS
07-08 20:00:05.133     0     0 W cnss-daemon: no interop issues ap currently
07-08 20:00:05.134     0     0 I qcom_smd_qrtr_probe: SMD QRTR driver probed
07-08 20:00:05.143     0     0 I rmt_storage: INFO:rmt_storage_open_cb: Processing: Open Request (req_h 0x1) for /boot/modem_fs1!
07-08 20:00:05.145     0     0 E OF      : /soc/qcom,msm-audio-apr/qcom,q6core-audio/sound-tavil: could not get #gpio-cells for /soc/slim@151c0000/tavil_codec/msm_cdc_pinctrl_hph_en0
07-08 20:00:05.147     0     0 I rmt_storage: INFO:rmt_storage_open_cb: Processing: Open Request (req_h 0x2) for /boot/modem_fs2!
07-08 20:00:05.149     0     0 I rmt_storage: INFO:rmt_storage_open_cb: Processing: Open Request (req_h 0x3) for /boot/modem_fsg!
07-08 20:00:05.151     0     0 I rmt_storage: INFO:rmt_storage_open_cb: Processing: Open Request (req_h 0x4) for /boot/modem_fsc!
07-08 20:00:05.153     0     0 W cnss-daemon: wlfw_service_request: Start the pthread: 0x0K
07-08 20:00:05.154     0     0 I service-notifier: service_notifier_new_server: Connection established between QMI handle and 180 service
07-08 20:00:05.159     0     0 W cnss-daemon: ro.baseband : [msm]
07-08 20:00:05.162     0     0 I sysmon-qmi: ssctl_new_server: Connection established between QMI handle and modem's SSCTL service
07-08 20:00:05.162     0     0 E OF      : /soc/qcom,msm-audio-apr/qcom,q6core-audio/sound-tavil: could not get #gpio-cells for /soc/slim@151c0000/tavil_codec/msm_cdc_pinctrl_us_euro_sw
07-08 20:00:05.168     0     0 E OF      : /soc/qcom,msm-audio-apr/qcom,q6core-audio/sound-tavil: could not get #gpio-cells for /soc/slim@151c0000/tavil_codec/msm_cdc_pinctrl_hph_en1
07-08 20:00:05.177     0     0 I rmt_storage: INFO:rmt_storage_alloc_buff_cb: Received req_size: 2097152! avail: 2097152
07-08 20:00:05.180     0     0 E OF      : /soc/qcom,msm-audio-apr/qcom,q6core-audio/sound-tavil: could not get #gpio-cells for /soc/slim@151c0000/tavil_codec/msm_cdc_pinctrl_hph_en0
07-08 20:00:05.155  1130  1130 W PackageSettings: Missing permission state for package: com.android.cts.priv.ctsshim
07-08 20:00:05.155  1130  1130 W PackageSettings: Missing permission state for package: com.android.internal.display.cutout.emulation.corner
07-08 20:00:05.156  1130  1130 W PackageSettings: Missing permission state for package: com.android.internal.display.cutout.emulation.double
07-08 20:00:05.156  1130  1130 W PackageSettings: Missing permission state for package: com.qti.service.colorservice
07-08 20:00:05.157  1130  1130 W PackageSettings: Missing permission state for package: com.android.internal.systemui.navbar.gestural_wide_back
07-08 20:00:05.158  1130  1130 W PackageSettings: Missing permission state for package: com.android.protips
07-08 20:00:05.197     0     0 I rmt_storage: INFO:rmt_storage_rw_iovec_cb: Read iovec request (req_h 0x8 wr_count 0) received for /boot/modem_fs1
