07-14 18:36:20.821  6114  6114 I MCPTT_UIMiddleware: [CallManager]sendCallbackUIEvent: _extra = sip:00600112311g@ims.mnc001.mcc001.3gppnetwork.org
07-14 18:36:20.821  6114  6114 I MCPTT_UIMiddleware: [CallManager]sendCallbackUIEvent: _object = null
07-14 18:36:20.822  6114  6114 I MCPTT_UIMiddleware: [CallManager][makeCall] End --------------------------------------------
07-14 18:36:20.824  6114  6114 I _LOG_APP: [CommonUtil]CommonUtil.setActivityRunningStatus: running = false
07-14 18:36:20.828  6136 14878 D TELON_MCPTT_STACK: [::run]/SipStack StackThread Received Packet.. port:5080
07-14 18:36:20.828  6136 14878 V TELON_MCPTT_STACK_SIP: [::R]/SipStack OnRead Message  received ipAddr:211.118.224.205 ip-equal : true port : 5090 size : 401 
07-14 18:36:20.828  6136 14878 V TELON_MCPTT_STACK_SIP: SIP/2.0 100 Trying
07-14 18:36:20.828  6136 14878 V TELON_MCPTT_STACK_SIP: Via: SIP/2.0/UDP 192.168.200.100:5080;branch=z9hG4bK5371d2d8479ee17e;rport;transport=UDP
07-14 18:36:20.828  6136 14878 V TELON_MCPTT_STACK_SIP: From: <sip:00600112303@ims.mnc001.mcc001.3gppnetwork.org>;tag=c2e32300b28254ca
07-14 18:36:20.828  6136 14878 V TELON_MCPTT_STACK_SIP: To: <sip:mcx-service@ims.mnc001.mcc001.3gppnetwork.org>
07-14 18:36:20.828  6136 14878 V TELON_MCPTT_STACK_SIP: Call-ID: 5371d2d8479ee17ec2e32300b28254ca
07-14 18:36:20.828  6136 14878 V TELON_MCPTT_STACK_SIP: CSeq: 4 INVITE
07-14 18:36:20.828  6136 14878 V TELON_MCPTT_STACK_SIP: Server: MCS SipCore/MCX-AS v3.0.15.R-1.03_4.18.0-500.el8_x86_64_20260507
07-14 18:36:20.828  6136 14878 V TELON_MCPTT_STACK_SIP: Content-Length: 0
07-14 18:36:20.828  6136 14878 V TELON_MCPTT_STACK_SIP: 
07-14 18:36:20.830  6136 14878 I TELON_MCPTT_STACK: [SourceFile::a]/SipRetryProcess Retry Queue Remove. AnswerMsg CallID=> 5371d2d8479ee17ec2e32300b28254ca
07-14 18:36:20.830  6136 14878 I TELON_MCPTT_STACK: [SourceFile::h]/SessionManager Stop_Session_Completed_Check_Timer
07-14 18:36:20.831  6136 14878 D TELON_MCPTT_STACK: [SourceFile::e]/Received Message : SIP/2.0 100! CallId : 5371d2d8479ee17ec2e32300b28254ca
07-14 18:36:20.831  6136 14878 D TELON_MCPTT_STACK: [SourceFile::a]onSipMessage callId: 5371d2d8479ee17ec2e32300b28254ca msgStatus : Receive 100 Trying,msgCode: MSG_RECV_100MSG(4) ipAddr : 211.118.224.205
07-14 18:36:20.836  6114  6114 D MCPTT_UIMiddleware: [CallManager][mServiceEventCallback][onUpdateServiceEvent] serviceEventType:SESSION_ADD
07-14 18:36:20.837  6114  6114 I MCPTT_UIMiddleware: [CallManagerNokia]onUpdateServiceEvent: _serviceEventType = SESSION_ADD
07-14 18:36:20.837  6114  6114 D MCPTT_UIMiddleware: [ConfigurationManager][mServiceEventCallback][onUpdateServiceEvent] serviceEventType:SESSION_ADD
07-14 18:36:20.838  6114  6114 I MCPTT_UIMiddleware: [ConfigurationManager]onUpdateServiceEvent: SESSION_ADD sessionSize = 2
07-14 18:36:20.838  6114  6114 W MCPTT_UIMiddleware: [UIMiddlewareService][mServiceEventWarningCallback][onUpdateServiceEvent] serviceEventType:SESSION_ADD
07-14 18:36:20.838  6114  6114 W MCPTT_UIMiddleware: [UIMiddlewareService]onUpdateServiceEvent: _extra[0] = 5371d2d8479ee17ec2e32300b28254ca
07-14 18:36:20.839  6114  6114 D MCPTT_UIMiddleware: [ConversationManager][mServiceEventCallback][onUpdateServiceEvent] serviceEventType:SESSION_ADD
07-14 18:36:20.839  6114  6114 D MCPTT_UIMiddleware: [UIMiddlewareService][mServiceEventErrorCallback][onUpdateServiceEvent] serviceEventType:SESSION_ADD
07-14 18:36:20.840  6114  6114 D MCPTT_UIMiddleware: [GroupManager][mServiceEventCallback][onUpdateServiceEvent] serviceEventType:SESSION_ADD
07-14 18:36:20.840  6136 14878 I TELON_MCPTT_STACK: [SourceFile::b]sipEvent(callback) msgCode : INFO_CALL_TRYING(1) extra : Receive 100 Trying
07-14 18:36:20.840  6114  6114 I MCPTT_UIMiddleware: [UIMiddlewareService]sendCallbackUIEvent.run: total = 3
07-14 18:36:20.841  6136 14878 D TELON_MCPTT_STACK: [SourceFile::a]/SipStackService sipEvent reentrantLock : lock
07-14 18:36:20.841  6114  6114 I _LOG_APP: [ContactActivity]onUpdateUIEvent: callId = 5371d2d8479ee17ec2e32300b28254ca
07-14 18:36:20.842  6114  6114 I _LOG_APP: [ContactActivity]onUpdateUIEvent: uiEventType = TYPE_REQUEST_CALL
07-14 18:36:20.842  6114  6114 I _LOG_APP: [ContactActivity]onUpdateUIEvent: extra = sip:00600112311g@ims.mnc001.mcc001.3gppnetwork.org
07-14 18:36:20.842  6114  6114 I _LOG_APP: [UIService]onUpdateUIEvent: sessionId = 5371d2d8479ee17ec2e32300b28254ca
07-14 18:36:20.843  6114  6114 I _LOG_APP: [UIService]onUpdateUIEvent: uiEventType = TYPE_REQUEST_CALL
07-14 18:36:20.843  6114  6114 I _LOG_APP: [UIService]onUpdateUIEvent: extra = sip:00600112311g@ims.mnc001.mcc001.3gppnetwork.org
07-14 18:36:20.844  6114  6114 I _LOG_APP: [Login][onUpdateUIEvent] sessionId:5371d2d8479ee17ec2e32300b28254ca, uiEventType :TYPE_REQUEST_CALL, extra:sip:00600112311g@ims.mnc001.mcc001.3gppnetwork.org
07-14 18:36:20.844  6114  6114 I MCPTT_UIMiddleware: [UIMiddlewareService]sendUICallbackStatusBroadcast: uiEventKeyList = [com.cybertel.mcptt.ui.contact.ContactActivity$b, com.cybertel.service.LM75PSPUIService, com.cybertel.mcptt.ui.login.Login$e]
07-14 18:36:20.845  6114  6114 I MCPTT_UIMiddleware: [UIMiddlewareService]sendUICallbackStatusBroadcast: onTickKeyList = [com.cybertel.service.LM75PSPUIService, com.cybertel.mcptt.ui.main.EveryTalkMain]
07-14 18:36:20.847  6114 16573 I MCPTT_UIMiddleware: [UIMiddlewareService][sipEvent] msgCode : 1 callId : 5371d2d8479ee17ec2e32300b28254ca extra : Receive 100 Trying
07-14 18:36:20.847  6114 16573 I MCPTT_UIMiddleware: [UIMiddlewareService][sipEvent] isMsrpCall : false
07-14 18:36:20.849  6114 16573 I MCPTT_UIMiddleware: [CallManagerNokia]sipEvent: msgCode = 1
07-14 18:36:20.850  6114 16573 I MCPTT_UIMiddleware: [CallManagerNokia]sipEvent: sessionId = 5371d2d8479ee17ec2e32300b28254ca
07-14 18:36:20.850  6114 16573 I MCPTT_UIMiddleware: [CallManagerNokia]sipEvent: extra = Receive 100 Trying
07-14 18:36:20.850  6114 16573 I MCPTT_UIMiddleware: [CallManager][sipEvent] msgCode = 1 sessionId = 5371d2d8479ee17ec2e32300b28254ca extra = Receive 100 Trying
07-14 18:36:20.851  6114 16573 I MCPTT_UIMiddleware: [CallManager][sipEvent] mIsRunningRetryTimer = false
07-14 18:36:20.852  6136 14878 D TELON_MCPTT_STACK: [SourceFile::a]/SipStackService sipEvent reentrantLock : unlock
07-14 18:36:20.853  6136 14878 D TELON_MCPTT_STACK: [::run]/SipStack StackThread Waiting Packet.. port:5080
07-14 18:36:20.861  6114  6114 I _LOG_APP: [CommonUtil]CommonUtil.setActivityRunningStatus: running = true
07-14 18:36:20.862  6114  6114 D _LOG_APP: [EveryTalkMain][onResume] mOrientationVal=0
07-14 18:36:20.863  6114  6114 I _LOG_APP: [EveryTalkMain][onCreateInitView] FUNCTIONAL_ALIAS:true
07-14 18:36:20.863  6114  6114 I _LOG_APP: [EveryTalkMain][onCreateInitView] ENLARGE_PTT_BUTTON:false
07-14 18:36:21.020  6114  6114 I _LOG_APP: [EveryTalkMain][onCreateInitView] mapViewMode=false
07-14 18:36:21.023  6114  6114 I _LOG_APP: [Util]isLayoutRtl: layoutRtl = false
07-14 18:36:21.025  6114  6114 I _LOG_APP: [MiniView]hideMiniView: removeAllViews mPreviewLayout = android.widget.FrameLayout{89de4cc V.E...... ......ID 0,0-324,396 #7f0904c2 app:id/preview}
07-14 18:36:21.025  6114  6114 I _LOG_APP: [OverlayAudioView]hideOverlayAudioView: mAudioViewLayout = android.widget.LinearLayout{6556b01 I.E...... ......ID 0,0-1080,270}
07-14 18:36:21.026  6114  6114 I _LOG_APP: [OverlayVideoView]hideOverlayVideoView: mPreviewLayout = android.widget.FrameLayout{22cb63d V.E...... ......ID 0,0-201,270 #7f0904c2 app:id/preview}
07-14 18:36:21.056  6114  6114 I _LOG_APP: [EveryTalkMain]EveryTalkMain.onGlobalLayout: onGlobalLayout IN
07-14 18:36:21.057  6114  6114 I _LOG_APP: [EveryTalkMain]addPreview START isSend = true
07-14 18:36:21.058  6114  6114 I _LOG_APP: [EveryTalkMain]addPreview mutexPreview START isMapView = false
07-14 18:36:21.059  6114  6114 W _LOG_APP: [EveryTalkMain]addPreview deny: is not Video
07-14 18:36:21.070  6136  6156 I TELON_MCPTT_STACK: [::run]OrgExpire : 7200,Expire :6600 sleep-time:5851
07-14 18:36:21.097  6114  6114 I MCPTT_UIMiddleware: UIMiddlewareServiceBinder.getService: IN
07-14 18:36:21.098  6114  6114 I MCPTT_UIMiddleware: [UIMiddlewareService]registerCallback: className = com.cybertel.mcptt.ui.main.EveryTalkMain
07-14 18:36:21.098  6114  6114 I MCPTT_UIMiddleware: [UIMiddlewareService]registerCallback: _callback = com.cybertel.mcptt.ui.main.EveryTalkMain$d1@54ca920
07-14 18:36:21.099  6114  6114 I MCPTT_UIMiddleware: [CallbackList]register: cookie = com.cybertel.mcptt.ui.main.EveryTalkMain
07-14 18:36:21.100  6114  6114 I MCPTT_UIMiddleware: [UIMiddlewareService]registerCallback: mUIEventCallback.getRegisteredCallbackCount() = 4
07-14 18:36:21.101  6114  6114 I MCPTT_UIMiddleware: [UIMiddlewareService]setOnTimeTickListener: IUIEventOnTickCallback className = com.cybertel.mcptt.ui.main.EveryTalkMain
07-14 18:36:21.102  6114  6114 I MCPTT_UIMiddleware: [UIMiddlewareService]setOnTimeTickListener: IUIEventOnTickCallback callback = com.cybertel.mcptt.ui.main.EveryTalkMain$e1@bebf2d9
07-14 18:36:21.102  6114  6114 I MCPTT_UIMiddleware: [CallbackList]register: cookie = com.cybertel.mcptt.ui.main.EveryTalkMain
07-14 18:36:21.103  6114  6114 I MCPTT_UIMiddleware: [UIMiddlewareService]setOnTimeTickListener: IUIEventOnTickCallback Count = 2
07-14 18:36:21.104  6114  6114 D _LOG_APP: [EveryTalkMain][isLogin] login:true
07-14 18:36:21.105  6114  6114 D MCPTT_UIMiddleware: [Group][getPriority] priority:31
07-14 18:36:21.106  6114  6114 D MCPTT_UIMiddleware: [Session][getName] titleName = JH_Chat 01
07-14 18:36:21.107  6114  6114 I MCPTT_UIMiddleware: [Session]isVideo: isVideo = true
07-14 18:36:21.107  6114  6114 I MCPTT_UIMiddleware: [Session]getCallerNumber: number = 00600112303
07-14 18:36:21.108  6114  6114 D MCPTT_UIMiddleware: [Group][getPriority] priority:10
07-14 18:36:21.110  6114  6114 D MCPTT_UIMiddleware: [Session][getName] titleName = JH_Pri 01
07-14 18:36:21.111  6114  6114 I MCPTT_UIMiddleware: [Session]isVideo: isVideo = false
07-14 18:36:21.111  6114  6114 I MCPTT_UIMiddleware: [Session]getCallerNumber: number = 
07-14 18:36:21.112  6114  6114 W MCPTT_UIMiddleware: [CommonUtil][replaceUriToNumber] return, uri is empty
07-14 18:36:21.113  6114  6114 D _LOG_APP: [CommonUtil]getMyActivatedFA: mMyFAUri=[sip:JHFANAME003@ims.mnc001.mcc001.3gppnetwork.org, sip:JHchange003@ims.mnc001.mcc001.3gppnetwork.org, sip:qqqq@ims.mnc001.mcc001.3gppnetwork.org]
07-14 18:36:21.114  6114  6114 D MCPTT_UIMiddleware: [ConfigurationManagerPhaseTwo][getFunctionAliasList] item.get_Uri = sip:JHFANAME003@ims.mnc001.mcc001.3gppnetwork.org
07-14 18:36:21.115  6114  6114 I MCPTT_UIMiddleware: [ConfigurationManagerPhaseTwo][getFunctionAliasList] getUri = sip:JHFANAME003@ims.mnc001.mcc001.3gppnetwork.org, getDisplayName = JHFANAME003, getStatus = DEACTIVATED
07-14 18:36:21.116  6114  6114 D _LOG_APP: [CommonUtil]getMyActivatedFA: faName=JHFANAME003, faStatus=DEACTIVATED
07-14 18:36:21.116  6114  6114 D MCPTT_UIMiddleware: [ConfigurationManagerPhaseTwo][getFunctionAliasList] item.get_Uri = sip:JHFANAME003@ims.mnc001.mcc001.3gppnetwork.org
07-14 18:36:21.117  6114  6114 D MCPTT_UIMiddleware: [ConfigurationManagerPhaseTwo][getFunctionAliasList] item.get_Uri = sip:JHchange003@ims.mnc001.mcc001.3gppnetwork.org
07-14 18:36:21.118  6114  6114 I MCPTT_UIMiddleware: [ConfigurationManagerPhaseTwo][getFunctionAliasList] getUri = sip:JHchange003@ims.mnc001.mcc001.3gppnetwork.org, getDisplayName = JHchange003, getStatus = DEACTIVATED
07-14 18:36:21.118  6114  6114 D _LOG_APP: [CommonUtil]getMyActivatedFA: faName=JHchange003, faStatus=DEACTIVATED
07-14 18:36:21.120  6114  6114 D MCPTT_UIMiddleware: [ConfigurationManagerPhaseTwo][getFunctionAliasList] item.get_Uri = sip:JHFANAME003@ims.mnc001.mcc001.3gppnetwork.org
07-14 18:36:21.121  6114  6114 D MCPTT_UIMiddleware: [ConfigurationManagerPhaseTwo][getFunctionAliasList] item.get_Uri = sip:JHchange003@ims.mnc001.mcc001.3gppnetwork.org
07-14 18:36:21.121  6114  6114 D MCPTT_UIMiddleware: [ConfigurationManagerPhaseTwo][getFunctionAliasList] item.get_Uri = sip:qqqq@ims.mnc001.mcc001.3gppnetwork.org
07-14 18:36:21.122  6114  6114 I MCPTT_UIMiddleware: [ConfigurationManagerPhaseTwo][getFunctionAliasList] getUri = sip:qqqq@ims.mnc001.mcc001.3gppnetwork.org, getDisplayName = qqqq, getStatus = DEACTIVATED
07-14 18:36:21.123  6114  6114 D _LOG_APP: [CommonUtil]getMyActivatedFA: faName=qqqq, faStatus=DEACTIVATED
07-14 18:36:21.124  6114  6114 I _LOG_APP: [EveryTalkMain]LMS_SERVER_URI = 
07-14 18:36:21.125  6114  6114 I _LOG_APP: [EveryTalkMain]MQTT_SERVER_URI:
07-14 18:36:21.126  6114  6114 I _LOG_APP: [MCLoc]CurrentInfomation set_Dms_RestApi_Server_Path _Dms_RestApi_Server_Path= 
07-14 18:36:21.126  6114  6114 I _LOG_APP: [MCLoc]CurrentInfomation set_Mqtt_Server _Mqtt_Server= 
07-14 18:36:21.128  6114  6114 I _LOG_APP: [EveryTalkMain]isFrontCamera: UIMiddlewareProperties.CAMERA_EXIST = EXIST_CAMERA_BOTH
07-14 18:36:21.131  6114  6114 D _LOG_APP: [EveryTalkMain]EveryTalkMain.isFrontCamera: false
07-14 18:36:21.131  6114  6114 I _LOG_APP: [EveryTalkMain]onServiceConnected: mapViewMode=false
07-14 18:36:21.132  6114  6114 I _LOG_APP: [EveryTalkMain]mServiceConnection: getId=5371d2d8479ee17ec2e32300b28254ca
07-14 18:36:21.132  6114  6114 D MCPTT_UIMiddleware: [Session][getName] titleName = JH_Pri 01
07-14 18:36:21.132  6114  6114 I _LOG_APP: [EveryTalkMain]mServiceConnection: getName=JH_Pri 01
07-14 18:36:21.133  6114  6114 I _LOG_APP: [EveryTalkMain]mServiceConnection: isChatCall=false
07-14 18:36:21.133  6114  6114 I MCPTT_UIMiddleware: [Session]isVideo: isVideo = false
07-14 18:36:21.134  6114  6114 I _LOG_APP: [EveryTalkMain]mServiceConnection: isVideo=false
07-14 18:36:21.134  6114  6114 I _LOG_APP: [EveryTalkMain]mServiceConnection: isPrivateCall=false
07-14 18:36:21.135  6114  6114 I _LOG_APP: [EveryTalkMain]mServiceConnection: isMCVideoPushCall=false
07-14 18:36:21.135  6114  6114 I _LOG_APP: [EveryTalkMain]mServiceConnection: isMCVideoPullCall=false
07-14 18:36:21.138  6114  6114 I _LOG_APP: [EveryTalkMain]mServiceConnection: getUserSettings.USER_SETTINGS_KEY_CHAT_GROUP_SEND_MODE_VIDEO=1
07-14 18:36:21.142  6114  6114 I _LOG_APP: [EveryTalkMain]mServiceConnection: getUserSettings.USER_SETTINGS_KEY_CHAT_GROUP_RECEIVE_MODE_VIDEO=1
07-14 18:36:21.148  6114  6114 I _LOG_APP: [MiniView]hideMiniView: removeAllViews mPreviewLayout = android.widget.FrameLayout{89de4cc V.E...... ......ID 0,0-324,396 #7f0904c2 app:id/preview}
07-14 18:36:21.149  6114  6114 I _LOG_APP: [OverlayAudioView]hideOverlayAudioView: mAudioViewLayout = android.widget.LinearLayout{6556b01 I.E...... ......ID 0,0-1080,270}
07-14 18:36:21.150  6114  6114 I _LOG_APP: [OverlayVideoView]hideOverlayVideoView: mPreviewLayout = android.widget.FrameLayout{22cb63d V.E...... ......ID 0,0-201,270 #7f0904c2 app:id/preview}
07-14 18:36:21.150  6114  6114 I MCPTT_UIMiddleware: CallManager.getMBCPKeyStatus: primaryKey = 5371d2d8479ee17ec2e32300b28254ca
07-14 18:36:21.151  6114  6114 E MCPTT_MEDIA: [MBCPManager][getMBCPKeyStatus] mbcpSession is NULL
07-14 18:36:21.152  6114  6114 D _LOG_APP: [EveryTalkMain]setScanDisplay: scanList = []
07-14 18:36:21.154  6114  6114 D _LOG_APP: [EveryTalkMain][updateSessionConectedParticipation]
07-14 18:36:21.155  6114  6114 D MCPTT_UIMiddleware: [Group][getPriority] priority:31
07-14 18:36:21.155  6114  6114 D MCPTT_UIMiddleware: [Session][getName] titleName = JH_Chat 01
07-14 18:36:21.156  6114  6114 I MCPTT_UIMiddleware: [Session]isVideo: isVideo = true
07-14 18:36:21.157  6114  6114 I MCPTT_UIMiddleware: [Session]getCallerNumber: number = 00600112303
07-14 18:36:21.157  6114  6114 D MCPTT_UIMiddleware: [Group][getPriority] priority:10
07-14 18:36:21.158  6114  6114 D MCPTT_UIMiddleware: [Session][getName] titleName = JH_Pri 01
07-14 18:36:21.158  6114  6114 I MCPTT_UIMiddleware: [Session]isVideo: isVideo = false
07-14 18:36:21.159  6114  6114 I MCPTT_UIMiddleware: [Session]getCallerNumber: number = 
07-14 18:36:21.160  6114  6114 W MCPTT_UIMiddleware: [CommonUtil][replaceUriToNumber] return, uri is empty
07-14 18:36:21.161  6114  6114 D _LOG_APP: [EveryTalkMain]setScanDisplay: scanList = []
07-14 18:36:21.162  6114  6114 D MCPTT_UIMiddleware: [ConfigurationManager][getLoginStatus] getLoginStatus:REGISTER_OK
07-14 18:36:21.163  6114  6114 D MCPTT_UIMiddleware: [GroupManager][haveDownloadedAllDocuments] true, mCSCGroupListEventReceived:true
07-14 18:36:21.164  6114  6114 I _LOG_APP: [EveryTalkMain]updateUI: sessionInfo.isCallConnected() = false
07-14 18:36:21.165  6114  6114 D _LOG_APP: [CommonUtil]getMyActivatedFA: mMyFAUri=[sip:JHFANAME003@ims.mnc001.mcc001.3gppnetwork.org, sip:JHchange003@ims.mnc001.mcc001.3gppnetwork.org, sip:qqqq@ims.mnc001.mcc001.3gppnetwork.org]
07-14 18:36:21.165  6114  6114 D MCPTT_UIMiddleware: [ConfigurationManagerPhaseTwo][getFunctionAliasList] item.get_Uri = sip:JHFANAME003@ims.mnc001.mcc001.3gppnetwork.org
07-14 18:36:21.166  6114  6114 I MCPTT_UIMiddleware: [ConfigurationManagerPhaseTwo][getFunctionAliasList] getUri = sip:JHFANAME003@ims.mnc001.mcc001.3gppnetwork.org, getDisplayName = JHFANAME003, getStatus = DEACTIVATED
07-14 18:36:21.167  6114  6114 D _LOG_APP: [CommonUtil]getMyActivatedFA: faName=JHFANAME003, faStatus=DEACTIVATED
07-14 18:36:21.168  6114  6114 D MCPTT_UIMiddleware: [ConfigurationManagerPhaseTwo][getFunctionAliasList] item.get_Uri = sip:JHFANAME003@ims.mnc001.mcc001.3gppnetwork.org
07-14 18:36:21.168  6114  6114 D MCPTT_UIMiddleware: [ConfigurationManagerPhaseTwo][getFunctionAliasList] item.get_Uri = sip:JHchange003@ims.mnc001.mcc001.3gppnetwork.org
07-14 18:36:21.169  6114  6114 I MCPTT_UIMiddleware: [ConfigurationManagerPhaseTwo][getFunctionAliasList] getUri = sip:JHchange003@ims.mnc001.mcc001.3gppnetwork.org, getDisplayName = JHchange003, getStatus = DEACTIVATED
07-14 18:36:21.170  6114  6114 D _LOG_APP: [CommonUtil]getMyActivatedFA: faName=JHchange003, faStatus=DEACTIVATED
07-14 18:36:21.171  6114  6114 D MCPTT_UIMiddleware: [ConfigurationManagerPhaseTwo][getFunctionAliasList] item.get_Uri = sip:JHFANAME003@ims.mnc001.mcc001.3gppnetwork.org
07-14 18:36:21.171  6114  6114 D MCPTT_UIMiddleware: [ConfigurationManagerPhaseTwo][getFunctionAliasList] item.get_Uri = sip:JHchange003@ims.mnc001.mcc001.3gppnetwork.org
07-14 18:36:21.172  6114  6114 D MCPTT_UIMiddleware: [ConfigurationManagerPhaseTwo][getFunctionAliasList] item.get_Uri = sip:qqqq@ims.mnc001.mcc001.3gppnetwork.org
07-14 18:36:21.173  6114  6114 I MCPTT_UIMiddleware: [ConfigurationManagerPhaseTwo][getFunctionAliasList] getUri = sip:qqqq@ims.mnc001.mcc001.3gppnetwork.org, getDisplayName = qqqq, getStatus = DEACTIVATED
07-14 18:36:21.173  6114  6114 D _LOG_APP: [CommonUtil]getMyActivatedFA: faName=qqqq, faStatus=DEACTIVATED
07-14 18:36:21.178  6114  6114 I _LOG_APP: [EveryTalkMain]updateUI: chatGroupList = [Group{mUri='sip:00600121311g@ims.mnc001.mcc001.3gppnetwork.org', name='JH_Chat 01', mFilePath='/storage/emulated/0/mcptt/xml/sip%3A00600121311g%40ims_mnc001_mcc001_3gppnetwork_org.xml', mPocUsage=chat, mConversationOnly=false, mIsReceiveOnly=false, isAffiliated=true, mHaveSeverSession=false, mHaveTemporaryGroup=false, mTemporaryGroupUri=, mTemporaryGroupName=, mIsVideoSeverSession=false, mMultiTalkerControl=false, mVoiceEncoding=98, mVideoAudioEncoding=98, mVideoEncoding=100, mProtectMedia=false, mTemporaryGroup=false}, Group{mUri='sip:00600121312g@ims.mnc001.mcc001.3gppnetwork.org', name='JH_Chat 02', mFilePath='/storage/emulated/0/mcptt/xml/sip%3A00600121312g%40ims_mnc001_mcc001_3gppnetwork_org.xml', mPocUsage=chat, mConversationOnly=false, mIsReceiveOnly=false, isAffiliated=true, mHaveSeverSession=false, mHaveTemporaryGroup=false, mTemporaryGroupUri=, mTemporaryGroupName=, mIsVideoSeverSession=false, mMultiTalkerControl=false, mVoiceEncoding=98, mVideoAudioEncoding=98, mVideoEncoding=100, mProtectMedia=false, mTemporaryGroup=false}, Group{mUri='sip:00600121313g@ims.mnc001.mcc001.3gppnetwork.org', name='JH_Chat 03', mFilePath='/storage/emulated/0/mcptt/xml/sip%3A00600121313g%40ims_mnc001_mcc001_3gppnetwork_org.xml', mPocUsage=chat, mConversationOnly=false, mIsReceiveOnly=false, isAffiliated=true, mHaveSeverSession=false, mHaveTemporaryGroup=false, mTemporaryGroupUri=, mTemporaryGroupName=, mIsVideoSeverSession=false, mMultiTalkerControl=false, mVoiceEncoding=98, mVideoAudioEncoding=98, mVideoEncoding=100, mProtectMedia=false, mTemporaryGroup=false}, Group{mUri='sip:00600121314g@ims.mnc001.mcc001.3gppnetwork.org', name='JH_Chat 04', mFilePath='/storage/emulated/0/mcptt/xml/sip%3A00600121314g%40ims_mnc001_mcc001_3gppnetwork_org.xml', mPocUsage=chat, mConversationOnly=false, mIsReceiveOnly=false, isAffiliated=true, mHaveSeverSession=false, mHaveTemporaryGroup=false, mTemporaryGroupUri=, mTemporaryGroupName=, mIsVideoSeverSession=false, mMultiTalkerControl=false, mVoiceEncoding=98, mVideoAudioEncoding=98, mVideoEncoding=100, mProtectMedia=false, mTemporaryGroup=false}, Group{mUri='sip:00600121315g@ims.mnc001.mcc001.3gppnetwork.org', name='JH_Chat 05', mFilePath='/storage/emulated/0/mcptt/xml/sip%3A00600121315g%40ims_mnc001_mcc001_3gppnetwork_org.xml', mPocUsage=chat, mConversationOnly=false, mIsReceiveOnly=false, isAffiliated=true, mHaveSeverSession=false, mHaveTemporaryGroup=false, mTemporaryGroupUri=, mTemporaryGroupName=, mIsVideoSeverSession=false, mMultiTalkerControl=false, mVoiceEncoding=98, mVideoAudioEncoding=98, mVideoEncoding=100, mProtectMedia=false, mTemporaryGroup=false}, Group{mUri='sip:00600121316g@ims.mnc001.mcc001.3gppnetwork.org', name='JH_Chat 06', mFilePath='/storage/emulated/0/mcptt/xml/sip%3A00600121316g%40ims_mnc001_mcc001_3gppnetwork_org.xml', mPocUsage=chat, mConversationOnly=false, mIsReceiveOnly=false, isAffiliated=true, mHaveSeverSession=false, mHaveTemporaryGroup=false, mTemporaryGroupUri=, mTemporaryGroupName=, mIsVideoSeverSession=false, mMultiTalkerControl=false, mVoiceEncoding=98, mVideoAudioEncoding=98, mVideoEncoding=100, mProtectMedia=false, mTemporaryGroup=false}, Group{mUri='sip:00600121317g@ims.mnc001.mcc001.3gppnetwork.org', name='JH_Chat 07', mFilePath='/storage/emulated/0/mcptt/xml/sip%3A00600121317g%40ims_mnc001_mcc001_3gppnetwork_org.xml', mPocUsage=chat, mConversationOnly=false, mIsReceiveOnly=false, isAffiliated=true, mHaveSeverSession=false, mHaveTemporaryGroup=false, mTemporaryGroupUri=, mTemporaryGroupName=, mIsVideoSeverSession=false, mMultiTalkerControl=false, mVoiceEncoding=98, mVideoAudioEncoding=98, mVideoEncoding=100, mProtectMedia=false, mTemporaryGroup=false}, Group{mUri='sip:00600121318g@ims.mnc001.mcc001.3gppnetwork.org', name='JH_Chat 08', mFilePath='/storage/emulated/0/mcptt/xml/sip%3A00600121318g%40ims_mnc001_mcc001_3gppnetwork_org.xml', mPocUsage=chat, mConversationOnly=false, mIsReceiveOnly=false, isAffiliated=true, mHaveSeverSession=false, mHaveTemporaryGroup=false, mTemporaryGro
07-14 18:36:21.183  6114  6114 D _LOG_APP: [EveryTalkMain]updateUI: priorityGroupList = [Group{mUri='sip:00600112311g@ims.mnc001.mcc001.3gppnetwork.org', name='JH_Pri 01', mFilePath='/storage/emulated/0/mcptt/xml/sip%3A00600112311g%40ims_mnc001_mcc001_3gppnetwork_org.xml', mPocUsage=prearranged, mConversationOnly=false, mIsReceiveOnly=false, isAffiliated=true, mHaveSeverSession=false, mHaveTemporaryGroup=false, mTemporaryGroupUri=, mTemporaryGroupName=, mIsVideoSeverSession=false, mMultiTalkerControl=false, mVoiceEncoding=98, mVideoAudioEncoding=98, mVideoEncoding=100, mProtectMedia=false, mTemporaryGroup=false}, Group{mUri='sip:00600112312g@ims.mnc001.mcc001.3gppnetwork.org', name='JH_Pri 02', mFilePath='/storage/emulated/0/mcptt/xml/sip%3A00600112312g%40ims_mnc001_mcc001_3gppnetwork_org.xml', mPocUsage=prearranged, mConversationOnly=false, mIsReceiveOnly=false, isAffiliated=true, mHaveSeverSession=false, mHaveTemporaryGroup=false, mTemporaryGroupUri=, mTemporaryGroupName=, mIsVideoSeverSession=false, mMultiTalkerControl=false, mVoiceEncoding=98, mVideoAudioEncoding=98, mVideoEncoding=100, mProtectMedia=false, mTemporaryGroup=false}, Group{mUri='sip:00600112313g@ims.mnc001.mcc001.3gppnetwork.org', name='JH_Pri 03', mFilePath='/storage/emulated/0/mcptt/xml/sip%3A00600112313g%40ims_mnc001_mcc001_3gppnetwork_org.xml', mPocUsage=prearranged, mConversationOnly=false, mIsReceiveOnly=false, isAffiliated=true, mHaveSeverSession=false, mHaveTemporaryGroup=false, mTemporaryGroupUri=, mTemporaryGroupName=, mIsVideoSeverSession=false, mMultiTalkerControl=false, mVoiceEncoding=98, mVideoAudioEncoding=98, mVideoEncoding=100, mProtectMedia=false, mTemporaryGroup=false}, Group{mUri='sip:00600112314g@ims.mnc001.mcc001.3gppnetwork.org', name='JH_Pri 04', mFilePath='/storage/emulated/0/mcptt/xml/sip%3A00600112314g%40ims_mnc001_mcc001_3gppnetwork_org.xml', mPocUsage=prearranged, mConversationOnly=false, mIsReceiveOnly=false, isAffiliated=true, mHaveSeverSession=false, mHaveTemporaryGroup=false, mTemporaryGroupUri=, mTemporaryGroupName=, mIsVideoSeverSession=false, mMultiTalkerControl=false, mVoiceEncoding=98, mVideoAudioEncoding=98, mVideoEncoding=100, mProtectMedia=false, mTemporaryGroup=false}, Group{mUri='sip:00600112315g@ims.mnc001.mcc001.3gppnetwork.org', name='JH_Pri 05', mFilePath='/storage/emulated/0/mcptt/xml/sip%3A00600112315g%40ims_mnc001_mcc001_3gppnetwork_org.xml', mPocUsage=prearranged, mConversationOnly=false, mIsReceiveOnly=false, isAffiliated=true, mHaveSeverSession=false, mHaveTemporaryGroup=false, mTemporaryGroupUri=, mTemporaryGroupName=, mIsVideoSeverSession=false, mMultiTalkerControl=false, mVoiceEncoding=98, mVideoAudioEncoding=98, mVideoEncoding=100, mProtectMedia=false, mTemporaryGroup=false}, Group{mUri='sip:00600112316g@ims.mnc001.mcc001.3gppnetwork.org', name='JH_Pri 06', mFilePath='/storage/emulated/0/mcptt/xml/sip%3A00600112316g%40ims_mnc001_mcc001_3gppnetwork_org.xml', mPocUsage=prearranged, mConversationOnly=false, mIsReceiveOnly=false, isAffiliated=true, mHaveSeverSession=false, mHaveTemporaryGroup=false, mTemporaryGroupUri=, mTemporaryGroupName=, mIsVideoSeverSession=false, mMultiTalkerControl=false, mVoiceEncoding=98, mVideoAudioEncoding=98, mVideoEncoding=100, mProtectMedia=false, mTemporaryGroup=false}, Group{mUri='sip:00600112317g@ims.mnc001.mcc001.3gppnetwork.org', name='JH_Pri 07', mFilePath='/storage/emulated/0/mcptt/xml/sip%3A00600112317g%40ims_mnc001_mcc001_3gppnetwork_org.xml', mPocUsage=prearranged, mConversationOnly=false, mIsReceiveOnly=false, isAffiliated=true, mHaveSeverSession=false, mHaveTemporaryGroup=false, mTemporaryGroupUri=, mTemporaryGroupName=, mIsVideoSeverSession=false, mMultiTalkerControl=false, mVoiceEncoding=98, mVideoAudioEncoding=98, mVideoEncoding=100, mProtectMedia=false, mTemporaryGroup=false}, Group{mUri='sip:00600112318g@ims.mnc001.mcc001.3gppnetwork.org', name='JH_Pri 08', mFilePath='/storage/emulated/0/mcptt/xml/sip%3A00600112318g%40ims_mnc001_mcc001_3gppnetwork_org.xml', mPocUsage=prearranged, mConversationOnly=false, mIsReceiveOnly=false, isAffiliated=true, mHaveSeverSes
07-14 18:36:21.185  6114  6114 I _LOG_APP: [EveryTalkMain]updateUI: mSessionManager.getSessionList().size = 2
07-14 18:36:21.186  6114  6114 I MCPTT_UIMiddleware: [Session]isVideo: isVideo = false
07-14 18:36:21.187  6114  6114 D _LOG_APP: [EveryTalkMain]EveryTalkMain.updateUIKeyEvent: speaker =  /isVideo = false /callType = CALL_TYPE_NORMAL
07-14 18:36:21.188  6114  6114 I _LOG_APP: [FullViewCCTV]hideFullViewCCTV: removeAllViews mPreviewLayout = android.widget.FrameLayout{d5b72ce V.E...... ......ID 0,0-1,1 #7f0904c2 app:id/preview}
07-14 18:36:21.189  6114  6114 D _LOG_APP: [EveryTalkMain]updateUI: sessionInfo.isCallConnected():false
07-14 18:36:21.190  6114  6114 I MCPTT_UIMiddleware: [Session]getCallerNumber: number = 
07-14 18:36:21.190  6114  6114 W MCPTT_UIMiddleware: [CommonUtil][replaceUriToNumber] return, uri is empty
07-14 18:36:21.191  6114  6114 D _LOG_APP: [EveryTalkMain]updateUI: Speaker number:
07-14 18:36:21.192  6114  6114 D _LOG_APP: [EveryTalkMain][isLogin] login:true
07-14 18:36:21.194  6114  6114 W _LOG_APP: [EveryTalkMain]Gis Package Not Found : hu.geox.pttgcgisapp
07-14 18:36:21.195  6114  6114 D _LOG_APP: [EveryTalkMain]passwordMaxDay=90, passwordElapsedDays=6, passwordWarningDay=30
07-14 18:36:21.196  6114  6114 D _LOG_APP: [EveryTalkMain]useDay=84
07-14 18:36:21.199  6114  6114 I MCPTT_UIMiddleware: [Session]isTmgiListen: mTmgiStatus = false
07-14 18:36:21.200  6114  6114 I _LOG_APP: [EveryTalkMain]updateUI: sessionInfo.isTmgiListen() = false
07-14 18:36:21.200  6114  6114 I MCPTT_UIMiddleware: [Session]isTmgiListen: mTmgiStatus = false
07-14 18:36:21.201  6114  6114 I MCPTT_UIMiddleware: [DBUtil]deleteOldSmsData: 
07-14 18:36:21.202  6114  6114 W MCPTT_UIMiddleware: [DBUtil]deleteOldSmsData: smsSavePeriodSec is 0 Not Use SMS MAX PERIOD RETURN
07-14 18:36:21.205  6114  6114 I MCPTT_UIMiddleware: [CommonUtil]isScanMode: isScanMode = false
07-14 18:36:21.206  6114  6114 I _LOG_APP: [EveryTalkMain]onServiceConnected groupUpdateData = null
07-14 18:36:21.207  6114  6114 D _LOG_APP: [EveryTalkMain][checkGroupUpdateHistory] groupAlert:null
07-14 18:36:21.207  6114  6114 D _LOG_APP: [EveryTalkMain][checkGroupUpdateHistory] _data:null
07-14 18:36:21.208  6114  6114 D _LOG_APP: [EveryTalkMain][checkMemberUpdateHistory] _data:null
07-14 18:36:21.209  6114  6114 I MCPTT_UIMiddleware: [ConfigurationManager][haveNewVersion] _versionName = CTB.R-3.4.2.6-260714
07-14 18:36:21.209  6114  6114 D MCPTT_UIMiddleware: [GroupManager][haveDownloadedAllDocuments] true, mCSCGroupListEventReceived:true
07-14 18:36:21.210  6114  6114 D MCPTT_UIMiddleware: [ConfigurationManager][getStackInfo]
07-14 18:36:21.211  6114  6114 I MCPTT_UIMiddleware: [StackApi][getServiceInfoV2] get_App_Version_Info() = CTB.R-3.4.2.6-260714
07-14 18:36:21.212  6114  6114 I MCPTT_UIMiddleware: [StackApi][getServiceInfoV2] get_DMS_Server_Info() = https://211.118.224.205:2359/jdms
07-14 18:36:21.213  6114  6114 I MCPTT_UIMiddleware: [StackApi][getServiceInfoV2] get_Group_Xcap_Root_Info() = sip:gp.manager@ims.mnc001.mcc001.3gppnetwork.org/
07-14 18:36:21.213  6114  6114 I MCPTT_UIMiddleware: [StackApi][getServiceInfoV2] get_My_Ip_Info() = 192.168.200.100
07-14 18:36:21.214  6114  6114 I MCPTT_UIMiddleware: [StackApi][getServiceInfoV2] get_My_Mcptt_Id() = sip:00600112303@ims.mnc001.mcc001.3gppnetwork.org
07-14 18:36:21.215  6114  6114 I MCPTT_UIMiddleware: [StackApi][getServiceInfoV2] get_McPTT_ID() = sip:00600112303@ims.mnc001.mcc001.3gppnetwork.org
07-14 18:36:21.216  6114  6114 I MCPTT_UIMiddleware: [StackApi][getServiceInfoV2] get_McVideo_ID() = 
07-14 18:36:21.216  6114  6114 I MCPTT_UIMiddleware: [StackApi][getServiceInfoV2] get_McData_ID() = 
07-14 18:36:21.217  6114  6114 I MCPTT_UIMiddleware: [StackApi][getServiceInfoV2] get_Sftp_Ip_Info() = 211.118.224.205
07-14 18:36:21.218  6114  6114 I MCPTT_UIMiddleware: [StackApi][getServiceInfoV2] get_SipCore_Ip_Info() = 211.118.224.205
07-14 18:36:21.218  6114  6114 I MCPTT_UIMiddleware: [StackApi][getServiceInfoV2] is_Use_Group_Notification() = true
07-14 18:36:21.219  6114  6114 I MCPTT_UIMiddleware: [StackApi][getServiceInfoV2] get_GMS_Server_Info() = https://211.118.224.205:2359/gms
07-14 18:36:21.219  6114  6114 I MCPTT_UIMiddleware: [StackApi][getServiceInfoV2] get_Group_Creation_Uri() = sip:gp.manager@ims.mnc001.mcc001.3gppnetwork.org
07-14 18:36:21.220  6114  6114 I MCPTT_UIMiddleware: [StackApi][getServiceInfoV2] is_Use_Otp_Auth() = false
07-14 18:36:21.221  6114  6114 D MCPTT_UIMiddleware: [ConfigurationManager][haveNewVersion] newVersion:CTB.R-3.4.2.6-260714
07-14 18:36:21.222  6114  6114 D MCPTT_UIMiddleware: [ConfigurationUtil][haveNewVersionDefault] newVersionDate:260714, currentVersionDate:260714
07-14 18:36:21.223  6114  6114 D MCPTT_UIMiddleware: [ConfigurationUtil][haveNewVersionDefault] newVersionNumber:3426, currentVersionNumber:3426
07-14 18:36:21.224  6114  6114 I _LOG_APP: [EveryTalkMain]onServiceConnected app version : needAppUpdate = false
07-14 18:36:21.249  6114  6114 D _LOG_APP: [SessionConnectAdapter]Group mPriority=P31
07-14 18:36:21.250  6114  6114 I _LOG_APP: [Util]getMultiTenantNumber : displayNumber = 001-21311
07-14 18:36:21.250  6114  6114 D _LOG_APP: [SessionConnectAdapter]Group chNum=001-21311
07-14 18:36:21.251  6114  6114 D _LOG_APP: [SessionConnectAdapter]Group strName=JH_Chat 01
07-14 18:36:21.262  6114  8573 I OpenGLRenderer: Davey! duration=9223345858711ms; Flags=0, FrameTimelineVsyncId=146472, IntendedVsync=26178142615495, Vsync=26178325948821, InputEventId=0, HandleInputStart=26178327148554, AnimationStart=26178327152564, PerformTraversalsStart=26178327772616, DrawStart=26178327976002, FrameDeadline=26178159282161, FrameInterval=26178327130481, FrameStartTime=16666666, SyncQueued=26178328322981, SyncStart=26178328893710, IssueDrawCommandsStart=26178329240168, SwapBuffers=26178336828398, FrameCompleted=9223372036854775807, DequeueBufferDuration=56927, QueueBufferDuration=2960886, GpuCompleted=9223372036854775807, SwapBuffersCompleted=26178341486106, DisplayPresentTime=23362852570333302, 
07-14 18:36:21.322  6114 13227 I OpenGLRenderer: Davey! duration=9223345858498ms; Flags=0, FrameTimelineVsyncId=146497, IntendedVsync=26178343294207, Vsync=26178359960873, InputEventId=0, HandleInputStart=26178367206679, AnimationStart=26178367210741, PerformTraversalsStart=26178367710637, DrawStart=26178369746939, FrameDeadline=26178376627539, FrameInterval=26178367189648, FrameStartTime=16666666, SyncQueued=26178370271679, SyncStart=26178382958137, IssueDrawCommandsStart=26178383884700, SwapBuffers=26178392821783, FrameCompleted=9223372036854775807, DequeueBufferDuration=69166, QueueBufferDuration=1399792, GpuCompleted=9223372036854775807, SwapBuffersCompleted=26178395948971, DisplayPresentTime=12948329972367457, 
07-14 18:36:21.344  6114 13227 I OpenGLRenderer: Davey! duration=9223345858471ms; Flags=0, FrameTimelineVsyncId=146503, IntendedVsync=26178376711933, Vsync=26178376711933, InputEventId=0, HandleInputStart=26178384909908, AnimationStart=26178384912252, PerformTraversalsStart=26178385131418, DrawStart=26178396572616, FrameDeadline=26178410045265, FrameInterval=26178384903502, FrameStartTime=16666666, SyncQueued=26178397413658, SyncStart=26178403820793, IssueDrawCommandsStart=26178404297616, SwapBuffers=26178408494908, FrameCompleted=9223372036854775807, DequeueBufferDuration=42187, QueueBufferDuration=2327708, GpuCompleted=9223372036854775807, SwapBuffersCompleted=26178412196158, DisplayPresentTime=28429436510732409, 
07-14 18:36:21.386  6136 14878 D TELON_MCPTT_STACK: [::run]/SipStack StackThread Received Packet.. port:5080
07-14 18:36:21.387  6136 14878 V TELON_MCPTT_STACK_SIP: [::R]/SipStack OnRead Message  received ipAddr:211.118.224.205 ip-equal : true port : 5090 size : 1508 
07-14 18:36:21.387  6136 14878 V TELON_MCPTT_STACK_SIP: SIP/2.0 200 OK
07-14 18:36:21.387  6136 14878 V TELON_MCPTT_STACK_SIP: Via: SIP/2.0/UDP 192.168.200.100:5080;received=115.91.162.154;branch=z9hG4bK5371d2d8479ee17e;rport=65314
07-14 18:36:21.387  6136 14878 V TELON_MCPTT_STACK_SIP: Record-Route: <sip:mcx-controlling-service@211.118.224.205:5064;lr>
07-14 18:36:21.387  6136 14878 V TELON_MCPTT_STACK_SIP: Record-Route: <sip:sipcore-cscf@211.118.224.205:5090;lr>
07-14 18:36:21.387  6136 14878 V TELON_MCPTT_STACK_SIP: From: <sip:00600112303@ims.mnc001.mcc001.3gppnetwork.org>;tag=c2e32300b28254ca
07-14 18:36:21.387  6136 14878 V TELON_MCPTT_STACK_SIP: To: <sip:mcx-service@ims.mnc001.mcc001.3gppnetwork.org>;tag=58ca550c647549d39b3a4669
07-14 18:36:21.387  6136 14878 V TELON_MCPTT_STACK_SIP: CSeq: 4 INVITE
07-14 18:36:21.387  6136 14878 V TELON_MCPTT_STACK_SIP: Call-ID: 5371d2d8479ee17ec2e32300b28254ca
07-14 18:36:21.387  6136 14878 V TELON_MCPTT_STACK_SIP: Contact: <sip:a7c62-39a66-ad3e0-37d11-1-01@211.118.224.205:5064;session=a7c62-39a66-ad3e0-37d11-1-01>;+g.3gpp.mcptt;+g.3gpp.icsi-ref="urn%3Aurn-7%3A3gpp-service.ims.icsi.mcptt";isfocus
07-14 18:36:21.387  6136 14878 V TELON_MCPTT_STACK_SIP: User-Agent: MCX Controlling Function v3.0.15.R-1.03_4.18.0-500.el8_x86_64_20260507
07-14 18:36:21.387  6136 14878 V TELON_MCPTT_STACK_SIP: Allow: INVITE, ACK, BYE, CANCEL, OPTIONS, INFO, PUBLISH, MESSAGE, SUBSCRIBE, NOTIFY, UPDATE
07-14 18:36:21.387  6136 14878 V TELON_MCPTT_STACK_SIP: Supported: tdialog
07-14 18:36:21.387  6136 14878 V TELON_MCPTT_STACK_SIP: Require: timer
07-14 18:36:21.387  6136 14878 V TELON_MCPTT_STACK_SIP: Session-Expires: 7200;refresher=uac
07-14 18:36:21.387  6136 14878 V TELON_MCPTT_STACK_SIP: P-Asserted-Identity: <sip:00600112303@ims.mnc001.mcc001.3gppnetwork.org>
07-14 18:36:21.387  6136 14878 V TELON_MCPTT_STACK_SIP: P-Associated-Dialog: server=sip:a7c62-39a66-ad3e0-37d11-1-01@211.118.224.205:5064;session=a7c62-39a66-ad3e0-37d11-1-01
07-14 18:36:21.387  6136 14878 V TELON_MCPTT_STACK_SIP: P-Answer-State: Confirmed
07-14 18:36:21.387  6136 14878 V TELON_MCPTT_STACK_SIP: Content-Type: application/sdp
07-14 18:36:21.387  6136 14878 V TELON_MCPTT_STACK_SIP: Content-Length: 323
07-14 18:36:21.387  6136 14878 V TELON_MCPTT_STACK_SIP: 
07-14 18:36:21.387  6136 14878 V TELON_MCPTT_STACK_SIP: v=0
07-14 18:36:21.387  6136 14878 V TELON_MCPTT_STACK_SIP: o=MCPTT-CYBERTEL-CLIENT 1784021780 1784021780 IN IP4 211.118.224.205
07-14 18:36:21.387  6136 14878 V TELON_MCPTT_STACK_SIP: s=Cybertel Bridge Sip Call
07-14 18:36:21.387  6136 14878 V TELON_MCPTT_STACK_SIP: c=IN IP4 211.118.224.205
07-14 18:36:21.387  6136 14878 V TELON_MCPTT_STACK_SIP: t=0 0
07-14 18:36:21.387  6136 14878 V TELON_MCPTT_STACK_SIP: m=audio 11059 RTP/AVP 98
07-14 18:36:21.387  6136 14878 V TELON_MCPTT_STACK_SIP: a=rtpmap:98 AMR-WB/16000
07-14 18:36:21.387  6136 14878 V TELON_MCPTT_STACK_SIP: a=fmtp:98 octet-align=1
07-14 18:36:21.387  6136 14878 V TELON_MCPTT_STACK_SIP: a=label:audio
07-14 18:36:21.387  6136 14878 V TELON_MCPTT_STACK_SIP: a=ptime:20
07-14 18:36:21.387  6136 14878 V TELON_MCPTT_STACK_SIP: a=sendrecv
07-14 18:36:21.387  6136 14878 V TELON_MCPTT_STACK_SIP: m=application 11060 UDP MCPTT
07-14 18:36:21.387  6136 14878 V TELON_MCPTT_STACK_SIP: a=fmtp:MCPTT mc_priority=1
07-14 18:36:21.387  6136 14878 V TELON_MCPTT_STACK_SIP: a=sendrecv
07-14 18:36:21.389  6136 14878 I TELON_MCPTT_STACK: [SourceFile::h]/SessionManager Stop_Session_Completed_Check_Timer
07-14 18:36:21.390  6136 14878 D TELON_MCPTT_STACK: [SourceFile::e]/Received Message : SIP/2.0 200 OK! CallId : 5371d2d8479ee17ec2e32300b28254ca
07-14 18:36:21.393  6136 14878 W TELON_TELON_STACK_LOG: [SESSION][SIP Invite][Server->Client][Received Invite 200 OK. CalledUri:sip:00600112311g@ims.mnc001.mcc001.3gppnetwork.org,callType : prearranged,callid:5371d2d8479ee17ec2e32300b28254ca]  [ClientInfo : 00600112303,51e05727-8f43-4c66-889f-2faf82339a1c]
07-14 18:36:21.396  6136 14878 I TELON_MCPTT_STACK: [SourceFile::g]/SipStack sdpInit : v=0
07-14 18:36:21.397  6136 14878 I TELON_MCPTT_STACK: [SourceFile::g]/SipStack sdpInit : o=MCPTT-CYBERTEL-CLIENT 1784021780 1784021780 IN IP4 211.118.224.205
07-14 18:36:21.398  6136 14878 I TELON_MCPTT_STACK: [SourceFile::g]/SipStack sdpInit : s=Cybertel Bridge Sip Call
07-14 18:36:21.398  6136 14878 I TELON_MCPTT_STACK: [SourceFile::g]/SipStack sdpInit : c=IN IP4 211.118.224.205
07-14 18:36:21.399  6136 14878 I TELON_MCPTT_STACK: [SourceFile::g]/SipStack sdpInit : t=0 0
07-14 18:36:21.400  6136 14878 I TELON_MCPTT_STACK: [SourceFile::g]/SipStack sdpaudio : m=audio 11059 RTP/AVP 98
07-14 18:36:21.400  6136 14878 I TELON_MCPTT_STACK: [SourceFile::g]/SipStack sdpaudio : a=rtpmap:98 AMR-WB/16000
07-14 18:36:21.401  6136 14878 I TELON_MCPTT_STACK: [SourceFile::g]/SipStack sdpaudio : a=fmtp:98 octet-align=1
07-14 18:36:21.401  6136 14878 I TELON_MCPTT_STACK: [SourceFile::g]/SipStack sdpaudio : a=label:audio
07-14 18:36:21.402  6136 14878 I TELON_MCPTT_STACK: [SourceFile::g]/SipStack sdpaudio : a=ptime:20
07-14 18:36:21.402  6136 14878 I TELON_MCPTT_STACK: [SourceFile::g]/SipStack sdpaudio : a=sendrecv
07-14 18:36:21.402  6136 14878 I TELON_MCPTT_STACK: [SourceFile::g]/SipStack sdpmbcp : m=application 11060 UDP MCPTT
07-14 18:36:21.403  6136 14878 I TELON_MCPTT_STACK: [SourceFile::g]/SipStack sdpmbcp : a=fmtp:MCPTT mc_priority=1
07-14 18:36:21.403  6136 14878 I TELON_MCPTT_STACK: [SourceFile::g]/SipStack sdpmbcp : a=sendrecv
07-14 18:36:21.404  6136 14878 D TELON_MCPTT_STACK: [SourceFile::b]/SipStack recv_200(INVITE) sessionId : sip:a7c62-39a66-ad3e0-37d11-1-01@211.118.224.205:5064;session=a7c62-39a66-ad3e0-37d11-1-01
07-14 18:36:21.405  6136 14878 D TELON_MCPTT_STACK: [SourceFile::b]/SipStack recv_200(INVITE) test1
07-14 18:36:21.405  6136 14878 D TELON_MCPTT_STACK: [SourceFile::b]/SipStack recv_200(INVITE) test2
07-14 18:36:21.408  6136 14878 D TELON_MCPTT_STACK: [SourceFile::b]/SipStack recv_200(INVITE) test3
07-14 18:36:21.409  6136 14878 D TELON_MCPTT_STACK: [SourceFile::b]/SipStack recv_200(INVITE) test5
07-14 18:36:21.412  6136 14878 D TELON_MCPTT_STACK: [SourceFile::b]/SipStack recv_200(INVITE) test6
07-14 18:36:21.414  6136 14878 D TELON_MCPTT_STACK: [SourceFile::b]/SipStack recv_200(INVITE) test7
07-14 18:36:21.416  6136 14878 D TELON_MCPTT_STACK_SIP: [SourceFile::b]Session Initial Checker Invite 200OK(Send Result) callID :5371d2d8479ee17ec2e32300b28254ca
07-14 18:36:21.417  6136 14878 D TELON_MCPTT_STACK: [SourceFile::d]/SipStack _Send_Ack_For_200Sdp Session! SessionID : sip:a7c62-39a66-ad3e0-37d11-1-01@211.118.224.205:5064;session=a7c62-39a66-ad3e0-37d11-1-01
07-14 18:36:21.418  6136 14878 W TELON_TELON_STACK_LOG: [SESSION][SIP Invite][Client->Server][200OK Ack. CalledUri:sip:00600112311g@ims.mnc001.mcc001.3gppnetwork.org,callType : prearranged,callid:5371d2d8479ee17ec2e32300b28254ca]  [ClientInfo : 00600112303,51e05727-8f43-4c66-889f-2faf82339a1c]
07-14 18:36:21.420  6136 14878 V TELON_MCPTT_STACK: [SourceFile::c]/SipStack _Send_Sip_Message : _Send_Ack_For_200Sdp,callId : 5371d2d8479ee17ec2e32300b28254ca
07-14 18:36:21.434  6136 14878 I TELON_MCPTT_STACK: [SourceFile::k]set_Aka_AuthHeader :null
07-14 18:36:21.435  6136 14878 W TELON_MCPTT_STACK_SIP: [SourceFile::c]/UDP/_Send_Ack_For_200Sdp[ip:211.118.224.205/port:5090,size :713] => 
07-14 18:36:21.435  6136 14878 W TELON_MCPTT_STACK_SIP: ACK sip:a7c62-39a66-ad3e0-37d11-1-01@211.118.224.205:5064;session=a7c62-39a66-ad3e0-37d11-1-01 SIP/2.0
07-14 18:36:21.435  6136 14878 W TELON_MCPTT_STACK_SIP: Via: SIP/2.0/UDP 192.168.200.100:5080;branch=z9hG4bKa3c38ad3a5ba45f7;rport;transport=UDP
07-14 18:36:21.435  6136 14878 W TELON_MCPTT_STACK_SIP: From: <sip:00600112303@ims.mnc001.mcc001.3gppnetwork.org>;tag=c2e32300b28254ca
07-14 18:36:21.435  6136 14878 W TELON_MCPTT_STACK_SIP: To: <sip:mcx-service@ims.mnc001.mcc001.3gppnetwork.org>;tag=58ca550c647549d39b3a4669
07-14 18:36:21.435  6136 14878 W TELON_MCPTT_STACK_SIP: Call-ID: 5371d2d8479ee17ec2e32300b28254ca
07-14 18:36:21.435  6136 14878 W TELON_MCPTT_STACK_SIP: CSeq: 4 ACK
07-14 18:36:21.435  6136 14878 W TELON_MCPTT_STACK_SIP: Content-Length: 0
07-14 18:36:21.435  6136 14878 W TELON_MCPTT_STACK_SIP: Max-Forwards: 70
07-14 18:36:21.435  6136 14878 W TELON_MCPTT_STACK_SIP: Route: <sip:sipcore-cscf@211.118.224.205:5090;lr>
07-14 18:36:21.435  6136 14878 W TELON_MCPTT_STACK_SIP: Route: <sip:mcx-controlling-service@211.118.224.205:5064;lr>
07-14 18:36:21.435  6136 14878 W TELON_MCPTT_STACK_SIP: P-Access-Network-Info: IEEE-802.11;i-wlan-node-id="5C:87:78:05:21:D4"
07-14 18:36:21.435  6136 14878 W TELON_MCPTT_STACK_SIP: User-Agent: CYBERTEL CM65 12 S-CybertelBridge-Mcptt-Stack-3.7.2-20260707
07-14 18:36:21.435  6136 14878 W TELON_MCPTT_STACK_SIP: 
07-14 18:36:21.435  6136 14878 W TELON_MCPTT_STACK_SIP: 
07-14 18:36:21.437  6136 14878 D TELON_MCPTT_STACK: [SourceFile::a]onSipMessage callId: 5371d2d8479ee17ec2e32300b28254ca msgStatus : Receive 200 OK for Send Invite,msgCode: MSG_RECV_200SDP(11) ipAddr : 211.118.224.205
07-14 18:36:21.437  6136 14878 D TELON_MCPTT_STACK_SIP: [SourceFile::a]Session Initial Checker Invite 200OK(INFO_CALL_CONNECT) callID :5371d2d8479ee17ec2e32300b28254ca
07-14 18:36:21.462  6136 14878 I TELON_MCPTT_STACK: [SourceFile::b]sipEvent(callback) msgCode : INFO_CALL_CONNECT(6) extra : Receive 200 OK for Send Invite
07-14 18:36:21.463  6136 14878 D TELON_MCPTT_STACK: [SourceFile::a]/SipStackService sipEvent reentrantLock : lock
07-14 18:36:21.467  6114 16573 I MCPTT_UIMiddleware: [UIMiddlewareService][sipEvent] msgCode : 6 callId : 5371d2d8479ee17ec2e32300b28254ca extra : Receive 200 OK for Send Invite
07-14 18:36:21.467  6114 16573 I MCPTT_UIMiddleware: [UIMiddlewareService][sipEvent] isMsrpCall : false
07-14 18:36:21.468  6114 16573 I MCPTT_UIMiddleware: [CallManagerNokia]sipEvent: msgCode = 6
07-14 18:36:21.468  6114 16573 I MCPTT_UIMiddleware: [CallManagerNokia]sipEvent: sessionId = 5371d2d8479ee17ec2e32300b28254ca
07-14 18:36:21.471  6114 16573 I MCPTT_UIMiddleware: [CallManagerNokia]sipEvent: extra = Receive 200 OK for Send Invite
07-14 18:36:21.471  6114 16573 I MCPTT_UIMiddleware: [CallManager][sipEvent] msgCode = 6 sessionId = 5371d2d8479ee17ec2e32300b28254ca extra = Receive 200 OK for Send Invite
07-14 18:36:21.472  6114 16573 I MCPTT_UIMiddleware: [CallManager][sipEvent] mIsRunningRetryTimer = false
07-14 18:36:21.536  1273 16614 V AudioSink: pause
07-14 18:36:21.537  1273 16614 V AudioSink: flush
07-14 18:36:21.538  1273 16614 V AudioSink: stop
07-14 18:36:21.554  6114 16573 I OpenGLRenderer: Davey! duration=9223345858286ms; Flags=0, FrameTimelineVsyncId=146536, IntendedVsync=26178560480056, Vsync=26178577146722, InputEventId=0, HandleInputStart=26178578009543, AnimationStart=26178578011991, PerformTraversalsStart=26178578014595, DrawStart=26178578134752, FrameDeadline=26178593813388, FrameInterval=26178578004439, FrameStartTime=16666666, SyncQueued=26178579633398, SyncStart=26178587482929, IssueDrawCommandsStart=26178587767148, SwapBuffers=26178590542095, FrameCompleted=9223372036854775807, DequeueBufferDuration=26667, QueueBufferDuration=2733386, GpuCompleted=9223372036854775807, SwapBuffersCompleted=26178594699387, DisplayPresentTime=16842880, 
07-14 18:36:21.557  6114  6643 I OpenGLRenderer: Davey! duration=9223345858255ms; Flags=0, FrameTimelineVsyncId=146542, IntendedVsync=26178593903038, Vsync=26178593903038, InputEventId=0, HandleInputStart=26178598726054, AnimationStart=26178598728241, PerformTraversalsStart=26178598730950, DrawStart=26178599250845, FrameDeadline=26178627236370, FrameInterval=26178598720689, FrameStartTime=16666666, SyncQueued=26178599652043, SyncStart=26178604614283, IssueDrawCommandsStart=26178604880950, SwapBuffers=26178608259804, FrameCompleted=9223372036854775807, DequeueBufferDuration=33802, QueueBufferDuration=38602031, GpuCompleted=9223372036854775807, SwapBuffersCompleted=26178649525689, DisplayPresentTime=72339657442132502, 
07-14 18:36:21.564  1273 16618 D BufferPoolAccessor2.0: bufferpool2 0xed401e88 : 0(0 size) total buffers - 0(0 size) used buffers - 9/17 (recycle/alloc) - 8/30 (fetch/transfer)
07-14 18:36:21.567  6136 14878 D TELON_MCPTT_STACK: [SourceFile::a]/SipStackService sipEvent reentrantLock : unlock
07-14 18:36:21.568  1377  2288 D BufferPoolAccessor2.0: bufferpool2 0xb40000784f54e9a8 : 0(0 size) total buffers - 0(0 size) used buffers - 11/16 (recycle/alloc) - 5/16 (fetch/transfer)
07-14 18:36:21.568  1273 16934 I hw-BpHwBinder: onLastStrongRef automatically unlinking death recipients
07-14 18:36:21.570  1377  5416 I hw-BpHwBinder: onLastStrongRef automatically unlinking death recipients
07-14 18:36:21.574  1273  2292 W AMessage: failed to post message as target looper for handler 0 is gone.
07-14 18:36:21.576  6136 14878 I TELON_MCPTT_STACK: [SourceFile::a]/SessionManager _Add_Session_Update_Schedule _Session_Expire : 7200
07-14 18:36:21.577  6136 14878 I TELON_MCPTT_STACK: [SourceFile::a]/SessionManager sipMessageInfo.get_Refresher() :null
07-14 18:36:21.577  6136 14878 D TELON_MCPTT_STACK_SCHEDULE: [SourceFile::a]_AddStackSchedule Called!
07-14 18:36:21.608  1377  5416 V C2Store : in ~ComponentModule
07-14 18:36:21.608  1377  5416 V C2Store : unloading dll
07-14 18:36:21.610  6136 14878 D TELON_MCPTT_STACK_SCHEDULE: [SourceFile::a]_AddStackSchedule sipMesasgeType : INVITE:prearranged-sip:00600112311g@ims.mnc001.mcc001.3gppnetwork.org, scheduleType : update_sesssion, time : 3600, requestcode : 112, callid :5371d2d8479ee17ec2e32300b28254ca
07-14 18:36:21.616  6114 16933 V MediaPlayer: resetDrmState:  mDrmInfo=null mDrmProvisioningThread=null mPrepareDrmInProgress=false mActiveDrmScheme=false
07-14 18:36:21.616  1273  2292 V AudioSink: close
07-14 18:36:21.616  6114 16933 V MediaPlayer: cleanDrmObj: mDrmObj=null mDrmSessionId=null
07-14 18:36:21.617  6114 16933 V MediaPlayer: resetDrmState:  mDrmInfo=null mDrmProvisioningThread=null mPrepareDrmInProgress=false mActiveDrmScheme=false
07-14 18:36:21.618  6114 16933 V MediaPlayer: cleanDrmObj: mDrmObj=null mDrmSessionId=null
07-14 18:36:21.618  6114 16933 I MCPTT_UIMiddleware: [CallManager][sipEventCallConnect] start, sessionId:5371d2d8479ee17ec2e32300b28254ca, extra:Receive 200 OK for Send Invite
07-14 18:36:21.618  6114 16933 I MCPTT_UIMiddleware: SessionManager.getSession: session.getNumber() = 00600112311g
07-14 18:36:21.622 10651 10750 D Avrcp_ext: AudioManager Player: AudioPlaybackConfiguration piid:279 deviceId:0 type:android.media.SoundPool u/pid:1000/1043 state:idle attr:AudioAttributes: usage=USAGE_ASSISTANCE_SONIFICATION content=CONTENT_TYPE_SONIFICATION flags=0x800 tags= bundle=null sessionId:0
07-14 18:36:21.632 10651 10750 D Avrcp_ext: AudioManager Player: AudioPlaybackConfiguration piid:271 deviceId:0 type:android.media.SoundPool u/pid:1000/1043 state:idle attr:AudioAttributes: usage=USAGE_ASSISTANCE_SONIFICATION content=CONTENT_TYPE_SONIFICATION flags=0x800 tags= bundle=null sessionId:0
07-14 18:36:21.633 10651 10750 D Avrcp_ext: AudioManager Player: AudioPlaybackConfiguratio