07-08 20:00:29.754  1130  1152 D CompatibilityChangeReporter: Compat change id reported: 177438394; UID 10023; state: DISABLED
07-08 20:00:29.756  1130  1152 D CompatibilityChangeReporter: Compat change id reported: 135772972; UID 10023; state: DISABLED
07-08 20:00:29.756  1130  1152 D CompatibilityChangeReporter: Compat change id reported: 135754954; UID 10023; state: ENABLED
07-08 20:00:29.758  1130  1307 D CompatibilityChangeReporter: Compat change id reported: 143937733; UID 10023; state: ENABLED
07-08 20:00:29.856  1130  1307 W ActivityManager: Slow operation: 104ms so far, now at startProcess: returned from zygote!
07-08 20:00:29.856  1130  1307 W ActivityManager: Slow operation: 105ms so far, now at startProcess: done updating battery stats
07-08 20:00:29.857  1130  1307 W ActivityManager: Slow operation: 106ms so far, now at startProcess: building log message
07-08 20:00:29.858  1130  1307 I ActivityManager: Start proc 3194:android.process.acore/u0a23 for content provider {com.android.providers.contacts/com.android.providers.contacts.ContactsProvider2}
07-08 20:00:29.858  1130  1307 W ActivityManager: Slow operation: 106ms so far, now at startProcess: starting to update pids map
07-08 20:00:29.859  1130  1307 W ActivityManager: Slow operation: 107ms so far, now at startProcess: done updating pids map
07-08 20:00:29.984     0     0 I binder  : 3194:3194 ioctl 40046210 7fe8603364 returned -22
07-08 20:00:29.990  1130  1152 D CompatibilityChangeReporter: Compat change id reported: 168419799; UID 10023; state: DISABLED
07-08 20:00:30.037   571   571 I vold    : Bind mounting /mnt/runtime/default/emulated/0/Android/data on /mnt/user/0/emulated/0/Android/data
07-08 20:00:30.049   571   571 I vold    : Bind mounted /mnt/runtime/default/emulated/0/Android/data on /mnt/user/0/emulated/0/Android/data
07-08 20:00:30.050   571   571 I vold    : Bind mounting /mnt/runtime/default/emulated/0/Android/obb on /mnt/user/0/emulated/0/Android/obb
07-08 20:00:30.060   571   571 I vold    : Bind mounted /mnt/runtime/default/emulated/0/Android/obb on /mnt/user/0/emulated/0/Android/obb
07-08 20:00:30.060   571   571 I vold    : Bind mounting /mnt/runtime/write/emulated/0/Android/obb on /mnt/installer/0/emulated/0/Android/obb
07-08 20:00:30.065   571   571 I vold    : Bind mounted /mnt/runtime/write/emulated/0/Android/obb on /mnt/installer/0/emulated/0/Android/obb
07-08 20:00:30.065   571   571 I vold    : Configuring read_ahead of /mnt/user/0/emulated fuse filesystem to 256kb
07-08 20:00:30.066   571   571 I vold    : Writing 256 to /sys/class/bdi/0:98/read_ahead_kb
07-08 20:00:30.067   571   571 I vold    : Configuring max_ratio of /mnt/user/0/emulated fuse filesystem to 40
07-08 20:00:30.068   571   571 I vold    : Writing 40 to /sys/class/bdi/0:98/max_ratio
07-08 20:00:30.070  1130  1684 I StorageManagerService: Mounted volume VolumeInfo{emulated;0}:
07-08 20:00:30.070  1130  1684 I StorageManagerService:     type=EMULATED diskId=null partGuid= mountFlags=PRIMARY|VISIBLE 
07-08 20:00:30.070  1130  1684 I StorageManagerService:     mountUserId=0 state=MOUNTED 
07-08 20:00:30.070  1130  1684 I StorageManagerService:     fsType=null fsUuid=null fsLabel=null 
07-08 20:00:30.070  1130  1684 I StorageManagerService:     path=/storage/emulated internalPath=/data/media 
07-08 20:00:30.072  1130  1684 I StorageSessionController: Notifying volume state changed for session with id: emulated;0
07-08 20:00:30.091  1130  1684 I StorageSessionController: Notifying volume state changed for session with id: emulated;0
07-08 20:00:30.094  1130  1130 I CTB_DpmSVC: Notifying about volume: VolumeInfo{emulated;0}:
07-08 20:00:30.094  1130  1130 I CTB_DpmSVC:     type=EMULATED diskId=null partGuid= mountFlags=PRIMARY|VISIBLE 
07-08 20:00:30.094  1130  1130 I CTB_DpmSVC:     mountUserId=0 state=UNMOUNTED 
07-08 20:00:30.094  1130  1130 I CTB_DpmSVC:     fsType=null fsUuid=null fsLabel=null 
07-08 20:00:30.094  1130  1130 I CTB_DpmSVC:     path=null internalPath=null 
07-08 20:00:30.106  1130  1130 I CTB_DpmSVC: Notifying about volume: VolumeInfo{emulated;0}:
07-08 20:00:30.106  1130  1130 I CTB_DpmSVC:     type=EMULATED diskId=null partGuid= mountFlags=PRIMARY|VISIBLE 
07-08 20:00:30.106  1130  1130 I CTB_DpmSVC:     mountUserId=0 state=CHECKING 
07-08 20:00:30.106  1130  1130 I CTB_DpmSVC:     fsType=null fsUuid=null fsLabel=null 
07-08 20:00:30.106  1130  1130 I CTB_DpmSVC:     path=null internalPath=null 
07-08 20:00:30.112  1130  1684 I StorageSessionController: Notifying volume state changed for session with id: emulated;0
07-08 20:00:30.145  1130  1130 I CTB_DpmSVC: Notifying about volume: VolumeInfo{emulated;0}:
07-08 20:00:30.145  1130  1130 I CTB_DpmSVC:     type=EMULATED diskId=null partGuid= mountFlags=PRIMARY|VISIBLE 
07-08 20:00:30.145  1130  1130 I CTB_DpmSVC:     mountUserId=0 state=MOUNTED 
07-08 20:00:30.145  1130  1130 I CTB_DpmSVC:     fsType=null fsUuid=null fsLabel=null 
07-08 20:00:30.145  1130  1130 I CTB_DpmSVC:     path=/storage/emulated internalPath=/data/media 
07-08 20:00:30.147  1130  1684 D StorageManagerService: Volume emulated;0 broadcasting mounted to UserHandle{0}
07-08 20:00:30.155  1130  1684 D StorageManagerService: Volume emulated;0 broadcasting mounted to UserHandle{0}
07-08 20:00:30.199  1130  1152 D CompatibilityChangeReporter: Compat change id reported: 149924527; UID 10120; state: ENABLED
07-08 20:00:30.200  1130  1152 D CompatibilityChangeReporter: Compat change id reported: 132649864; UID 10120; state: DISABLED
07-08 20:00:30.203  1130  1152 D CompatibilityChangeReporter: Compat change id reported: 182734110; UID 10120; state: ENABLED
07-08 20:00:30.209  1130  1152 D CountryDetector: The first listener is added
07-08 20:00:30.305  1130  1152 I ActivityManager: com.qualcomm.qti.qmmi is exempt from freezer
07-08 20:00:30.307  1130  1152 D CompatibilityChangeReporter: Compat change id reported: 135634846; UID 1000; state: DISABLED
07-08 20:00:30.308  1130  1152 D CompatibilityChangeReporter: Compat change id reported: 177438394; UID 1000; state: DISABLED
07-08 20:00:30.308  1130  1152 D CompatibilityChangeReporter: Compat change id reported: 135772972; UID 1000; state: DISABLED
07-08 20:00:30.309  1130  1152 D CompatibilityChangeReporter: Compat change id reported: 135754954; UID 1000; state: DISABLED
07-08 20:00:30.323  1130  2259 D CompatibilityChangeReporter: Compat change id reported: 182478738; UID 10103; state: ENABLED
07-08 20:00:30.372  1130  1297 W UsageStatsService: Unexpected activity event reported! (com.android.settings/com.android.settings.FallbackHome event : 23 instanceId : 128197255)
07-08 20:00:30.384     0     0 I IRQ 6   : no longer affine to CPU7
07-08 20:00:30.381  1130  1307 W ActivityManager: Slow operation: 77ms so far, now at startProcess: returned from zygote!
07-08 20:00:30.382  1130  1307 W ActivityManager: Slow operation: 78ms so far, now at startProcess: done updating battery stats
07-08 20:00:30.382  1130  1307 W ActivityManager: Slow operation: 79ms so far, now at startProcess: building log message
07-08 20:00:30.383  1130  1307 I ActivityManager: Start proc 3231:com.qualcomm.qti.qmmi/1000 for broadcast {com.qualcomm.qti.qmmi/com.qualcomm.qti.qmmi.framework.QmmiReceiver}
07-08 20:00:30.383  1130  1307 W ActivityManager: Slow operation: 79ms so far, now at startProcess: starting to update pids map
07-08 20:00:30.384  1130  1307 W ActivityManager: Slow operation: 80ms so far, now at startProcess: done updating pids map
07-08 20:00:30.485     0     0 I binder  : 3231:3231 ioctl 40046210 7fe8603364 returned -22
07-08 20:00:30.495  1130  1665 D CompatibilityChangeReporter: Compat change id reported: 168419799; UID 1000; state: DISABLED
07-08 20:00:30.673  1130  2909 I ActivityManager: com.android.localtransport is exempt from freezer
07-08 20:00:30.675  1130  2909 D CompatibilityChangeReporter: Compat change id reported: 135634846; UID 1000; state: DISABLED
07-08 20:00:30.675  1130  2909 D CompatibilityChangeReporter: Compat change id reported: 177438394; UID 1000; state: DISABLED
07-08 20:00:30.676  1130  2909 D CompatibilityChangeReporter: Compat change id reported: 135772972; UID 1000; state: DISABLED
07-08 20:00:30.677  1130  2909 D CompatibilityChangeReporter: Compat change id reported: 135754954; UID 1000; state: ENABLED
07-08 20:00:30.691  1130  1130 V DevicePolicyManager: DPMS_Receiver : expired pwd noti! >>> userHandle = 0
07-08 20:00:30.700  1130  1152 D CompatibilityChangeReporter: Compat change id reported: 168419799; UID 1000; state: DISABLED
07-08 20:00:30.712  1130  1130 E BootReceiver: Could not open /sys/kernel/tracing/instances/bootreceiver/trace_pipe
07-08 20:00:30.712  1130  1130 E BootReceiver: android.system.ErrnoException: open failed: ENOENT (No such file or directory)
07-08 20:00:30.712  1130  1130 E BootReceiver: 	at libcore.io.Linux.open(Native Method)
07-08 20:00:30.712  1130  1130 E BootReceiver: 	at libcore.io.ForwardingOs.open(ForwardingOs.java:567)
07-08 20:00:30.712  1130  1130 E BootReceiver: 	at libcore.io.BlockGuardOs.open(BlockGuardOs.java:273)
07-08 20:00:30.712  1130  1130 E BootReceiver: 	at android.system.Os.open(Os.java:501)
07-08 20:00:30.712  1130  1130 E BootReceiver: 	at com.android.server.BootReceiver.onReceive(BootReceiver.java:167)
07-08 20:00:30.712  1130  1130 E BootReceiver: 	at android.app.ActivityThread.handleReceiver(ActivityThread.java:4376)
07-08 20:00:30.712  1130  1130 E BootReceiver: 	at android.app.ActivityThread.access$1600(ActivityThread.java:257)
07-08 20:00:30.712  1130  1130 E BootReceiver: 	at android.app.ActivityThread$H.handleMessage(ActivityThread.java:2103)
07-08 20:00:30.712  1130  1130 E BootReceiver: 	at android.os.Handler.dispatchMessage(Handler.java:106)
07-08 20:00:30.712  1130  1130 E BootReceiver: 	at android.os.Looper.loopOnce(Looper.java:201)
07-08 20:00:30.712  1130  1130 E BootReceiver: 	at android.os.Looper.loop(Looper.java:288)
07-08 20:00:30.712  1130  1130 E BootReceiver: 	at com.android.server.SystemServer.run(SystemServer.java:908)
07-08 20:00:30.712  1130  1130 E BootReceiver: 	at com.android.server.SystemServer.main(SystemServer.java:615)
07-08 20:00:30.712  1130  1130 E BootReceiver: 	at java.lang.reflect.Method.invoke(Native Method)
07-08 20:00:30.712  1130  1130 E BootReceiver: 	at com.android.internal.os.RuntimeInit$MethodAndArgsCaller.run(RuntimeInit.java:548)
07-08 20:00:30.712  1130  1130 E BootReceiver: 	at com.android.internal.os.ZygoteInit.main(ZygoteInit.java:987)
07-08 20:00:30.718  1130  1303 I DropBoxManagerService: add tag=system_server_wtf isTagEnabled=true flags=0x2
07-08 20:00:30.735  1130  3253 I DropBoxManagerService: add tag=SYSTEM_BOOT isTagEnabled=true flags=0x2
07-08 20:00:30.740  1130  3253 I BootReceiver: Copying audit failures to DropBox
07-08 20:00:30.743  1130  3253 I BootReceiver: Checking for fsck errors
07-08 20:00:30.745  1130  3253 I BootReceiver: fs_stat, partition:dsp_a stat:0x3
07-08 20:00:30.746  1130  3253 I BootReceiver: fs_stat, partition:persist stat:0x3
07-08 20:00:30.755  1130  1307 W ActivityManager: Slow operation: 83ms so far, now at startProcess: returned from zygote!
07-08 20:00:30.755  1130  1307 W ActivityManager: Slow operation: 84ms so far, now at startProcess: done updating battery stats
07-08 20:00:30.756  1130  1307 W ActivityManager: Slow operation: 84ms so far, now at startProcess: building log message
07-08 20:00:30.757  1130  1307 I ActivityManager: Start proc 3254:com.android.localtransport/1000 for service {com.android.localtransport/com.android.localtransport.LocalTransportService}
07-08 20:00:30.757  1130  1307 W ActivityManager: Slow operation: 86ms so far, now at startProcess: starting to update pids map
07-08 20:00:30.758  1130  1307 W ActivityManager: Slow operation: 86ms so far, now at startProcess: done updating pids map
07-08 20:00:30.768  1130  3253 D CompatibilityChangeReporter: Compat change id reported: 135634846; UID 10025; state: DISABLED
07-08 20:00:30.768  1130  3253 D CompatibilityChangeReporter: Compat change id reported: 177438394; UID 10025; state: DISABLED
07-08 20:00:30.769  1130  3253 D CompatibilityChangeReporter: Compat change id reported: 135772972; UID 10025; state: DISABLED
07-08 20:00:30.769  1130  3253 D CompatibilityChangeReporter: Compat change id reported: 135754954; UID 10025; state: ENABLED
07-08 20:00:30.770  1130  1307 D CompatibilityChangeReporter: Compat change id reported: 143937733; UID 10025; state: ENABLED
07-08 20:00:30.838  3015  3015 W ContextImpl: Calling a method in the system process without a qualified user: android.app.ContextImpl.startService:1824 android.content.ContextWrapper.startService:774 android.content.ContextWrapper.startService:774 com.qualcomm.qti.services.secureui.BootReceiver.onReceive:30 android.app.ActivityThread.handleReceiver:4376 
07-08 20:00:30.842  1130  1307 W ActivityManager: Slow operation: 74ms so far, now at startProcess: returned from zygote!
07-08 20:00:30.853     0     0 I binder  : 3254:3254 ioctl 40046210 7fe8603364 returned -22
07-08 20:00:30.849  1130  1307 W ActivityManager: Slow operation: 81ms so far, now at startProcess: done updating battery stats
07-08 20:00:30.850  1130  1307 W ActivityManager: Slow operation: 83ms so far, now at startProcess: building log message
07-08 20:00:30.851  1130  1307 I ActivityManager: Start proc 3270:android.process.media/u0a25 for content provider {com.android.providers.downloads/com.android.providers.downloads.DownloadProvider}
07-08 20:00:30.851  1130  1307 W ActivityManager: Slow operation: 84ms so far, now at startProcess: starting to update pids map
07-08 20:00:30.852  1130  1307 W ActivityManager: Slow operation: 84ms so far, now at startProcess: done updating pids map
07-08 20:00:30.862  1130  1665 D CompatibilityChangeReporter: Compat change id reported: 168419799; UID 10092; state: DISABLED
07-08 20:00:30.865     0     0 I binder  : 3015:3273 ioctl 40046210 7c0a13bfe4 returned -22
07-08 20:00:30.909  1130  2277 D CompatibilityChangeReporter: Compat change id reported: 168419799; UID 1000; state: DISABLED
07-08 20:00:30.918     0     0 I binder  : 2965:3279 ioctl 40046210 7c0a1864a4 returned -22
07-08 20:00:30.915  2990  2990 W ContextImpl: Calling a method in the system process without a qualified user: android.app.ContextImpl.startService:1824 android.content.ContextWrapper.startService:774 android.content.ContextWrapper.startService:774 com.qti.diagservices.Diag_OnBoot.onReceive:40 android.app.ActivityThread.handleReceiver:4376 
07-08 20:00:30.922  1130  2277 D CompatibilityChangeReporter: Compat change id reported: 135634846; UID 10100; state: DISABLED
07-08 20:00:30.923  1130  2277 D CompatibilityChangeReporter: Compat change id reported: 177438394; UID 10100; state: DISABLED
07-08 20:00:30.923  1130  2277 D CompatibilityChangeReporter: Compat change id reported: 135772972; UID 10100; state: DISABLED
07-08 20:00:30.924  1130  2277 D CompatibilityChangeReporter: Compat change id reported: 135754954; UID 10100; state: ENABLED
07-08 20:00:30.925  1130  1307 D CompatibilityChangeReporter: Compat change id reported: 143937733; UID 10100; state: ENABLED
07-08 20:00:30.960  1130  1130 I TransportClient: LocalTransportService#0: Notifying [TransportManager.registerTransport()] transport = IBackupTransport
07-08 20:00:30.968  1130  2909 D BackupTransportManager: Transport com.android.localtransport/.LocalTransportService registered
07-08 20:00:30.968  1130  2909 D BackupManagerService: [UserID:0] Transport com.android.localtransport/.LocalTransport registered 3316ms after first request (delay = 3000ms)
07-08 20:00:30.985     0     0 I binder  : 3270:3270 ioctl 40046210 7fe8603364 returned -22
07-08 20:00:30.988  1130  2909 I BackupManagerService: [UserID:0] Found 19 stale backup journal(s), scheduling.
07-08 20:00:30.989  1130  1152 D CompatibilityChangeReporter: Compat change id reported: 168419799; UID 10025; state: DISABLED
07-08 20:00:30.991  1130  2909 V BackupManagerConstants: getKeyValueBackupIntervalMilliseconds(...) returns 14400000
07-08 20:00:30.991  1130  2909 V BackupManagerConstants: getKeyValueBackupFuzzMilliseconds(...) returns 600000
07-08 20:00:30.991  1130  2909 V BackupManagerConstants: getKeyValueBackupRequiredNetworkType(...) returns 1
07-08 20:00:30.992  1130  2909 V BackupManagerConstants: getKeyValueBackupRequireCharging(...) returns true
07-08 20:00:30.992  1130  2909 V KeyValueBackupJob: Scheduling k/v pass in 242 minutes
07-08 20:00:30.999  1130  1307 W ActivityManager: Slow operation: 77ms so far, now at startProcess: returned from zygote!
07-08 20:00:30.999  1130  1307 W ActivityManager: Slow operation: 77ms so far, now at startProcess: done updating battery stats
07-08 20:00:31.000  1130  1307 W ActivityManager: Slow operation: 78ms so far, now at startProcess: building log message
07-08 20:00:31.000  1130  1307 I ActivityManager: Start proc 3299:org.codeaurora.dialer/u0a100 for broadcast {org.codeaurora.dialer/com.android.dialer.app.calllog.CallLogReceiver}
07-08 20:00:31.001  1130  1307 W ActivityManager: Slow operation: 79ms so far, now at startProcess: starting to update pids map
07-08 20:00:31.001  1130  1307 W ActivityManager: Slow operation: 79ms so far, now at startProcess: done updating pids map
07-08 20:00:31.026  1130  2909 I BackupManagerService: [UserID:0] Stale backup journals: Scheduled 13 package(s) total
07-08 20:00:31.160     0     0 I binder  : 3299:3299 ioctl 40046210 7fe8603364 returned -22
07-08 20:00:31.167  1130  2277 D CompatibilityChangeReporter: Compat change id reported: 168419799; UID 10100; state: DISABLED
07-08 20:00:31.805  1130  1130 I BatteryService: intent action: android.intent.action.BOOT_COMPLETED
07-08 20:00:31.807  1130  1130 I CTB_ScreenOffLockSVC:  register listener: com.android.server.BatteryService$ScreenOffLockListener@70d6846
07-08 20:00:31.808  1130  1130 I CTB_ScreenOffLockSVC:  this: com.ctb.service.ScreenOffLockService@3ddee0a, call: com.android.server.BatteryService$BinderService@29eea07
07-08 20:00:31.815  1130  1130 I CTB_ScreenOffLockSVC:  register listener: com.android.server.notification.NotificationManagerService$ScreenOffLockListener@161f734
07-08 20:00:31.815  1130  1130 I CTB_ScreenOffLockSVC:  this: com.ctb.service.ScreenOffLockService@3ddee0a, call: com.android.server.notification.NotificationManagerService$10@640495d
07-08 20:00:31.846  1130  1130 I CTB_DbgSVC:  init state - Jig Connect: 0, Debug Switch:0
07-08 20:00:31.848  1130  1130 I CTB_DbgSVC:  dbg switch state: 0
07-08 20:00:31.851  1130  1130 D CTB_ConnectionSVC: initConnectionState
07-08 20:00:31.869     0     0 I ptt_assy_getCurrentAccyType: Current Accessory Type is none
07-08 20:00:31.854  1130  1130 I CTB_ScreenOffLockSVC:  Action: android.intent.action.BOOT_COMPLETED
07-08 20:00:31.856  1130  1130 I CTB_HeadsetAccessorySVC:  Action: android.intent.action.BOOT_COMPLETED
07-08 20:00:31.857  1130  1130 I CTB_HeadsetAccessorySVC: msg : 1003 , type : 0
07-08 20:00:31.862  1130  1666 I CTB_HeadsetAccessorySVC: HeadsetAccessery type: none
07-08 20:00:31.864  1130  1130 D CTB_FactoryAndAutoSVC: inputHex = 22225546718d
07-08 20:00:31.865  1130  1130 D CTB_FactoryAndAutoSVC: outputHex = 8D7146552222
07-08 20:00:31.866  1130  1130 D FACTORY : bluetoothMac read = 8D:71:46:55:22:22
07-08 20:00:31.867  1130  1130 I CTB_HeadsetAccessorySVC: msg : 1002 , type : 0
07-08 20:00:31.873  1130  1130 I CTB_HeadsetAccessorySVC: msg : 1001 , type : 0
07-08 20:00:31.874  1130  1130 D CTB_FactoryAndAutoSVC: bluetooth mac address : 8D:71:46:55:22:22
07-08 20:00:31.875  1130  1130 D NIA_AUTOTEST: [NIA-RSP] adb shell am broadcast -a android.intent.action.BOOT_COMPLETED
07-08 20:00:31.876  1130  1130 I Telecom : DefaultDialerCache: Refreshing default dialer for user 0: now org.codeaurora.dialer: DDC.oR@AB8
07-08 20:00:31.877  1130  1130 I Telecom : MissedCallNotifierImpl: reloadAfterBootComplete: user=0: TSBCR.oR@ACA
07-08 20:00:31.882  1130  1130 I Telecom : MissedCallNotifierImpl: reloadAfterBootComplete: user=0: TSBCR.oR@ACA
07-08 20:00:31.926  1130  1665 W BroadcastQueue: Permission Denial: receiving Intent { act=android.intent.action.BOOT_COMPLETED flg=0x89000010 (has extras) } to com.ctb.calendar/.UpgradeReceiver requires android.permission.RECEIVE_BOOT_COMPLETED due to sender null (uid 1000)
07-08 20:00:31.935  1130  1303 D CompatibilityChangeReporter: Compat change id reported: 168419799; UID 10122; state: DISABLED
07-08 20:00:31.949  1130  1665 D CompatibilityChangeReporter: Compat change id reported: 135634846; UID 10039; state: DISABLED
07-08 20:00:31.949  1130  1665 D CompatibilityChangeReporter: Compat change id reported: 177438394; UID 10039; state: DISABLED
07-08 20:00:31.951  1130  1665 D CompatibilityChangeReporter: Compat change id reported: 135772972; UID 10039; state: DISABLED
07-08 20:00:31.951  1130  1665 D CompatibilityChangeReporter: Compat change id reported: 135754954; UID 10039; state: ENABLED
07-08 20:00:31.963  1130  1307 D CompatibilityChangeReporter: Compat change id reported: 143937733; UID 10039; state: ENABLED
07-08 20:00:32.052  1130  1307 W ActivityManager: Slow operation: 104ms so far, now at startProcess: returned from zygote!
07-08 20:00:32.052  1130  1307 W ActivityManager: Slow operation: 105ms so far, now at startProcess: done updating battery stats
07-08 20:00:32.053  1130  1307 W ActivityManager: Slow operation: 105ms so far, now at startProcess: building log message
07-08 20:00:32.053  1130  1307 I ActivityManager: Start proc 3329:com.android.contacts/u0a39 for broadcast {com.android.contacts/com.android.contacts.interactions.OnBootOrUpgradeReceiver}
07-08 20:00:32.054  1130  1307 W ActivityManager: Slow operation: 106ms so far, now at startProcess: starting to update pids map
07-08 20:00:32.054  1130  1307 W ActivityManager: Slow operation: 107ms so far, now at startProcess: done updating pids map
07-08 20:00:32.179     0     0 I binder  : 3329:3329 ioctl 40046210 7fe8603364 returned -22
07-08 20:00:32.187  1130  2277 D CompatibilityChangeReporter: Compat change id reported: 168419799; UID 10039; state: DISABLED
07-08 20:00:32.488  1130  1665 D CompatibilityChangeReporter: Compat change id reported: 168419799; UID 10078; state: DISABLED
07-08 20:00:32.576  1130  2277 I ActivityManager: com.android.dynsystem is exempt from freezer
07-08 20:00:32.578  1130  2277 D CompatibilityChangeReporter: Compat change id reported: 135634846; UID 1000; state: DISABLED
07-08 20:00:32.579  1130  2277 D CompatibilityChangeReporter: Compat change id reported: 177438394; UID 1000; state: DISABLED
07-08 20:00:32.581  1130  2277 D CompatibilityChangeReporter: Compat change id reported: 135772972; UID 1000; state: DISABLED
07-08 20:00:32.582  1130  2277 D CompatibilityChangeReporter: Compat change id reported: 135754954; UID 1000; state: ENABLED
07-08 20:00:32.682  1130  1307 W ActivityManager: Slow operation: 108ms so far, now at startProcess: returned from zygote!
07-08 20:00:32.683  1130  1307 W ActivityManager: Slow operation: 108ms so far, now at startProcess: done updating battery stats
07-08 20:00:32.684  1130  1307 W ActivityManager: Slow operation: 110ms so far, now at startProcess: building log message
07-08 20:00:32.685  1130  1307 I ActivityManager: Start proc 3348:com.android.dynsystem/1000 for broadcast {com.android.dynsystem/com.android.dynsystem.BootCompletedReceiver}
07-08 20:00:32.685  1130  1307 W ActivityManager: Slow operation: 111ms so far, now at startProcess: starting to update pids map
07-08 20:00:32.686  1130  1307 W ActivityManager: Slow operation: 111ms so far, now at startProcess: done updating pids map
07-08 20:00:32.787     0     0 I binder  : 3348:3348 ioctl 40046210 7fe8603364 returned -22
07-08 20:00:32.855  1130  1130 I CTB_CradleSVC:  Init Cradle Type: 0
07-08 20:00:32.866     0     0 I ctb_cradle: *** cmd: 80000001
07-08 20:00:32.967  1130  2277 I ActivityManager: com.android.dynsystem is exempt from freezer
07-08 20:00:32.969  1130  2277 D CompatibilityChangeReporter: Compat change id reported: 135634846; UID 1000; state: DISABLED
07-08 20:00:32.970  1130  2277 D CompatibilityChangeReporter: Compat change id reported: 177438394; UID 1000; state: DISABLED
07-08 20:00:32.970  1130  2277 D CompatibilityChangeReporter: Compat change id reported: 135772972; UID 1000; state: DISABLED
07-08 20:00:32.971  1130  2277 D CompatibilityChangeReporter: Compat change id reported: 135754954; UID 1000; state: ENABLED
07-08 20:00:32.977  1130  2277 D CompatibilityChangeReporter: Compat change id reported: 135634846; UID 10068; state: DISABLED
07-08 20:00:32.978  1130  2277 D CompatibilityChangeReporter: Compat change id reported: 177438394; UID 10068; state: DISABLED
07-08 20:00:32.978  1130  2277 D CompatibilityChangeReporter: Compat change id reported: 135772972; UID 10068; state: DISABLED
07-08 20:00:32.979  1130  2277 D CompatibilityChangeReporter: Compat change id reported: 135754954; UID 10068; state: ENABLED
07-08 20:00:33.066  1130  1307 W ActivityManager: Slow operation: 100ms so far, now at startProcess: returned from zygote!
07-08 20:00:33.067  1130  1307 W ActivityManager: Slow operation: 101ms so far, now at startProcess: done updating battery stats
07-08 20:00:33.067  1130  1307 W ActivityManager: Slow operation: 101ms so far, now at startProcess: building log message
07-08 20:00:33.068  1130  1307 I ActivityManager: Start proc 3365:com.android.dynsystem:dynsystem/1000 for service {com.android.dynsystem/com.android.dynsystem.DynamicSystemInstallationService}
07-08 20:00:33.068  1130  1307 W ActivityManager: Slow operation: 102ms so far, now at startProcess: starting to update pids map
07-08 20:00:33.068  1130  1307 W ActivityManager: Slow operation: 103ms so far, now at startProcess: done updating pids map
07-08 20:00:33.069  1130  1307 W ActivityManager: Slow operation: 93ms so far, now at startProcess: asking zygote to start proc
07-08 20:00:33.070  1130  1307 D CompatibilityChangeReporter: Compat change id reported: 143937733; UID 10068; state: ENABLED
07-08 20:00:33.138  1130  1307 W ActivityManager: Slow operation: 163ms so far, now at startProcess: returned from zygote!
07-08 20:00:33.139  1130  1307 W ActivityManager: Slow operation: 164ms so far, now at startProcess: done updating battery stats
07-08 20:00:33.140  1130  1307 W ActivityManager: Slow operation: 164ms so far, now at startProcess: building log message
07-08 20:00:33.141  1130  1307 I ActivityManager: Start proc 3376:com.android.imsserviceentitlement/u0a68 for broadcast {com.android.imsserviceentitlement/com.android.imsserviceentitlement.fcm.FcmRegistrationReceiver}
07-08 20:00:33.141  1130  1307 W ActivityManager: Slow operation: 165ms so far, now at startProcess: starting to update pids map
07-08 20:00:33.142  1130  1307 W ActivityManager: Slow operation: 166ms so far, now at startProcess: done updating pids map
07-08 20:00:33.155     0     0 I binder  : 3365:3365 ioctl 40046210 7fe8603364 returned -22
07-08 20:00:33.265     0     0 I binder  : 3376:3376 ioctl 40046210 7fe8603364 returned -22
07-08 20:00:33.268  1130  2259 I DynamicSystemService: isInstalled(): false
07-08 20:00:33.269  1130  2277 D CompatibilityChangeReporter: Compat change id reported: 168419799; UID 10068; state: DISABLED
07-08 20:00:33.553  1130  2259 D CompatibilityChangeReporter: Compat change id reported: 135634846; UID 10085; state: DISABLED
07-08 20:00:33.554  1130  2259 D CompatibilityChangeReporter: Compat change id reported: 177438394; UID 10085; state: DISABLED
07-08 20:00:33.555  1130  2259 D CompatibilityChangeReporter: Compat change id reported: 135772972; UID 10085; state: DISABLED
07-08 20:00:33.556  1130  2259 D CompatibilityChangeReporter: Compat change id reported: 135754954; UID 10085; state: ENABLED
07-08 20:00:33.557  1130  1307 D CompatibilityChangeReporter: Compat change id reported: 143937733; UID 10085; state: ENABLED
07-08 20:00:33.660  1130  1307 W ActivityManager: Slow operation: 108ms so far, now at startProcess: returned from zygote!
07-08 20:00:33.661  1130  1307 W ActivityManager: Slow operation: 109ms so far, now at startProcess: done updating battery stats
07-08 20:00:33.662  1130  1307 W ActivityManager: Slow operation: 110ms so far, now at startProcess: building log message
07-08 20:00:33.662  1130  1307 I ActivityManager: Start proc 3400:com.android.inputmethod.latin/u0a85 for broadcast {com.android.inputmethod.latin/com.android.inputmethod.latin.SystemBroadcastReceiver}
07-08 20:00:33.663  1130  1307 W ActivityManager: Slow operation: 111ms so far, now at startProcess: starting to update pids map
07-08 20:00:33.664  1130  1307 W ActivityManager: Slow operation: 112ms so far, now at startProcess: done updating pids map
07-08 20:00:33.823     0     0 I binder  : 3400:3400 ioctl 40046210 7fe8603364 returned -22
07-08 20:00:33.852  1130  2259 D CompatibilityChangeReporter: Compat change id reported: 168419799; UID 10085; state: DISABLED
07-08 20:00:33.979     0     0 I init    : Sending signal 9 to service 'idmap2d' (pid 2324) process group...
07-08 20:00:33.987     0     0 I libprocessgroup: Successfully killed process cgroup uid 1000 pid 2324 in 7ms
07-08 20:00:33.987  1130  2259 W OverlayManager: service 'idmap' died
07-08 20:00:34.008     0     0 I init    : Control message: Processed ctl.stop for 'idmap2d' from pid: 1130 (system_server)
07-08 20:00:34.010     0     0 I init    : Service 'idmap2d' (pid 2324) received signal 9
07-08 20:00:34.119  1130  2277 I ActivityManager: com.android.managedprovisioning is exempt from freezer
07-08 20:00:34.120  1130  2277 D CompatibilityChangeReporter: Compat change id reported: 135634846; UID 10029; state: DISABLED
07-08 20:00:34.120  1130  2277 D CompatibilityChangeReporter: Compat change id reported: 177438394; UID 10029; state: DISABLED
07-08 20:00:34.121  1130  2277 D CompatibilityChangeReporter: Compat change id reported: 135772972; UID 10029; state: DISABLED
07-08 20:00:34.122  1130  2277 D CompatibilityChangeReporter: Compat change id reported: 135754954; UID 10029; state: ENABLED
07-08 20:00:34.123  1130  1307 D CompatibilityChangeReporter: Compat change id reported: 143937733; UID 10029; state: ENABLED
07-08 20:00:34.218  1130  1307 W ActivityManager: Slow operation: 99ms so far, now at startProcess: returned from zygote!
07-08 20:00:34.219  1130  1307 W ActivityManager: Slow operation: 100ms so far, now at startProcess: done updating battery stats
07-08 20:00:34.220  1130  1307 W ActivityManager: Slow operation: 101ms so far, now at startProcess: building log message
07-08 20:00:34.220  1130  1307 I ActivityManager: Start proc 3420:com.android.managedprovisioning/u0a29 for broadcast {com.android.managedprovisioning/com.android.managedprovisioning.BootReminder}
07-08 20:00:34.220  1130  1307 W ActivityManager: Slow operation: 102ms so far, now at startProcess: starting to update pids map
07-08 20:00:34.221  1130  1307 W ActivityManager: Slow operation: 102ms so far, now at startProcess: done updating pids map
07-08 20:00:34.390     0     0 I binder  : 3420:3420 ioctl 40046210 7fe8603364 returned -22
07-08 20:00:34.402  1130  2259 D CompatibilityChangeReporter: Compat change id reported: 168419799; UID 10029; state: DISABLED
07-08 20:00:34.728  1130  1665 D CompatibilityChangeReporter: Compat change id reported: 168419799; UID 10025; state: DISABLED
07-08 20:00:34.750  1130  2259 D CompatibilityChangeReporter: Compat change id reported: 168419799; UID 1027; state: DISABLED
07-08 20:00:34.764  1130  2259 D CompatibilityChangeReporter: Compat change id reported: 135634846; UID 10066; state: DISABLED
07-08 20:00:34.765  1130  2259 D CompatibilityChangeReporter: Compat change id reported: 177438394; UID 10066; state: DISABLED
07-08 20:00:34.767  1130  2259 D CompatibilityChangeReporter: Compat change id reported: 135772972; UID 10066; state: DISABLED
07-08 20:00:34.768  1130  2259 D CompatibilityChangeReporter: Compat change id reported: 135754954; UID 10066; state: ENABLED
07-08 20:00:34.770  1130  1307 D CompatibilityChangeReporter: Compat change id reported: 143937733; UID 10066; state: ENABLED
07-08 20:00:34.865  1130  1307 W ActivityManager: Slow operation: 102ms so far, now at startProcess: returned from zygote!
07-08 20:00:34.865  1130  1307 W ActivityManager: Slow operation: 103ms so far, now at startProcess: done updating battery stats
07-08 20:00:34.866  1130  1307 W ActivityManager: Slow operation: 103ms so far, now at startProcess: building log message
07-08 20:00:34.867  1130  1307 I ActivityManager: Start proc 3437:com.android.onetimeinitializer/u0a66 for broadcast {com.android.onetimeinitializer/com.android.onetimeinitializer.OneTimeInitializerReceiver}
07-08 20:00:34.867  1130  1307 W ActivityManager: Slow operation: 104ms so far, now at startProcess: starting to update pids map
07-08 20:00:34.868  1130  1307 W ActivityManager: Slow operation: 105ms so far, now at startProcess: done updating pids map
07-08 20:00:35.052     0     0 I binder  : 3437:3437 ioctl 40046210 7fe8603364 returned -22
07-08 20:00:35.062  1130  2259 D CompatibilityChangeReporter: Compat change id reported: 168419799; UID 10066; state: DISABLED
07-08 20:00:35.232  1130  2259 I ActivityManager: com.android.packageinstaller is exempt from freezer
07-08 20:00:35.233  1130  2259 D CompatibilityChangeReporter: Compat change id reported: 135634846; UID 10041; state: DISABLED
07-08 20:00:35.234  1130  2259 D CompatibilityChangeReporter: Compat change id reported: 177438394; UID 10041; state: DISABLED
07-08 20:00:35.235  1130  2259 D CompatibilityChangeReporter: Compat change id reported: 135772972; UID 10041; state: DISABLED
07-08 20:00:35.236  1130  2259 D CompatibilityChangeReporter: Compat change id reported: 135754954; UID 10041; state: ENABLED
07-08 20:00:35.238  1130  1307 D CompatibilityChangeReporter: Compat change id reported: 143937733; UID 10041; state: ENABLED
07-08 20:00:35.341  1130  1307 W ActivityManager: Slow operation: 110ms so far, now at startProcess: returned from zygote!
07-08 20:00:35.342  1130  1307 W ActivityManager: Slow operation: 111ms so far, now at startProcess: done updating battery stats
07-08 20:00:35.342  1130  1307 W ActivityManager: Slow operation: 112ms so far, now at startProcess: building log message
07-08 20:00:35.343  1130  1307 I ActivityManager: Start proc 3457:com.android.packageinstaller/u0a41 for broadcast {com.android.packageinstaller/com.android.packageinstaller.TemporaryFileManager}
07-08 20:00:35.344  1130  1307 W ActivityManager: Slow operation: 113ms so far, now at startProcess: starting to update pids map
07-08 20:00:35.344  1130  1307 W ActivityManager: Slow operation: 113ms so far, now at startProcess: done updating pids map
07-08 20:00:35.471     0     0 I binder  : 3457:3457 ioctl 40046210 7fe8603364 returned -22
07-08 20:00:35.480  1130  2259 D CompatibilityChangeReporter: Compat change id reported: 168419799; UID 10041; state: DISABLED
07-08 20:00:35.642  1130  1399 V DisplayPowerController[0]: Brightness [0.05] reason changing to: 'manual [ dim ]', previous reason: 'manual'.
07-08 20:00:35.650  1130  1946 E DisplayDeviceConfig: requesting nits when no mapping exists.
07-08 20:00:35.651  1130  1946 E DisplayDeviceConfig: requesting nits when no mapping exists.
07-08 20:00:35.654  1130  1303 I DropBoxManagerService: add tag=system_server_wtf isTagEnabled=true flags=0x2
07-08 20:00:35.666  1130  1946 E DisplayDeviceConfig: requesting nits when no mapping exists.
07-08 20:00:35.667  1130  1303 I DropBoxManagerService: add tag=system_server_wtf isTagEnabled=true flags=0x2
07-08 20:00:35.668  1130  1946 E DisplayDeviceConfig: requesting nits when no mapping exists.
07-08 20:00:35.680  1130  1303 I DropBoxManagerService: add tag=system_server_wtf isTagEnabled=true flags=0x2
07-08 20:00:35.683  1130  1946 E DisplayDeviceConfig: requesting nits when no mapping exists.
07-08 20:00:35.684  1130  1946 E DisplayDeviceConfig: requesting nits when no mapping exists.
07-08 20:00:35.687  1130  1303 I DropBoxManagerService: add tag=system_server_wtf isTagEnabled=true flags=0x2
07-08 20:00:35.699  1130  1946 E DisplayDeviceConfig: requesting nits when no mapping exists.
07-08 20:00:35.700  1130  1946 E DisplayDeviceConfig: requesting nits when no mapping exists.
07-08 20:00:35.716  1130  1946 E DisplayDeviceConfig: requesting nits when no mapping exists.
07-08 20:00:35.717  1130  1946 E DisplayDeviceConfig: requesting nits when no mapping exists.
07-08 20:00:35.737  1130  1665 D CompatibilityChangeReporter: Compat change id reported: 168419799; UID 10119; state: DISABLED
07-08 20:00:35.744  1130  1946 E DisplayDeviceConfig: requesting nits when no mapping exists.
07-08 20:00:35.745  1130  1946 E DisplayDeviceConfig: requesting nits when no mapping exists.
07-08 20:00:35.751  1130  1946 E DisplayDeviceConfig: requesting nits when no mapping exists.
07-08 20:00:35.752  1130  1946 E DisplayDeviceConfig: requesting nits when no mapping exists.
07-08 20:00:35.766  1130  1946 E DisplayDeviceConfig: requesting nits when no mapping exists.
07-08 20:00:35.767  1130  1946 E DisplayDeviceConfig: requesting nits when no mapping exists.
07-08 20:00:35.784  1130  1946 E DisplayDeviceConfig: requesting nits when no mapping exists.
07-08 20:00:35.785  1130  1946 E DisplayDeviceConfig: requesting nits when no mapping exists.
07-08 20:00:35.799  1130  1946 E DisplayDeviceConfig: requesting nits when no mapping exists.
07-08 20:00:35.800  1130  1946 E DisplayDeviceConfig: requesting nits when no mapping exists.
07-08 20:00:35.813  1130  1665 D CompatibilityChangeReporter: Compat change id reported: 135634846; UID 10034; state: DISABLED
07-08 20:00:35.814  1130  1665 D CompatibilityChangeReporter: Compat change id reported: 177438394; UID 10034; state: DISABLED
07-08 20:00:35.815  1130  1665 D CompatibilityChangeReporter: Compat change id reported: 135772972; UID 10034; state: DISABLED
07-08 20:00:35.816  1130  1665 D CompatibilityChangeReporter: Compat change id reported: 135754954; UID 10034; state: ENABLED
07-08 20:00:35.817  1130  1946 E DisplayDeviceConfig: requesting nits when no mapping exists.
07-08 20:00:35.818  1130  1946 E DisplayDeviceConfig: requesting nits when no mapping exists.
07-08 20:00:35.818  1130  1307 D CompatibilityChangeReporter: Compat change id reported: 143937733; UID 10034; state: ENABLED
07-08 20:00:35.833  1130  1946 E DisplayDeviceConfig: requesting nits when no mapping exists.
07-08 20:00:35.834  1130  1946 E DisplayDeviceConfig: requesting nits when no mapping exists.
07-08 20:00:35.849  1130  1946 E DisplayDeviceConfig: requesting nits when no mapping exists.
07-08 20:00:35.850  1130  1946 E DisplayDeviceConfig: requesting nits when no mapping exists.
07-08 20:00:35.868  1130  1946 E DisplayDeviceConfig: requesting nits when no mapping exists.
07-08 20:00:35.869  1130  1946 E DisplayDeviceConfig: requesting nits when no mapping exists.
07-08 20:00:35.883  1130  1946 E DisplayDeviceConfig: requesting nits when no mapping exists.
07-08 20:00:35.884  1130  1946 E DisplayDeviceConfig: requesting nits when no mapping exists.
07-08 20:00:35.900  1130  1946 E DisplayDeviceConfig: requesting nits when no mapping exists.
07-08 20:00:35.901  1130  1946 E DisplayDeviceConfig: requesting nits when no mapping exists.
07-08 20:00:35.916  1130  1946 E DisplayDeviceConfig: requesting nits when no mapping exists.
07-08 20:00:35.917  1130  1946 E DisplayDeviceConfig: requesting nits when no mapping exists.
07-08 20:00:35.918  1130  1307 W ActivityManager: Slow operation: 106ms so far, now at startProcess: returned from zygote!
07-08 20:00:35.919  1130  1307 W ActivityManager: Slow operation: 107ms so far, now at startProcess: done updating battery stats
07-08 20:00:35.920  1130  1307 W ActivityManager: Slow operation: 108ms so far, now at startProcess: building log message
07-08 20:00:35.920  1130  1307 I ActivityManager: Start proc 3475:com.android.providers.calendar/u0a34 for broadcast {com.android.providers.calendar/com.android.providers.calendar.CalendarReceiver}
07-08 20:00:35.921  1130  1307 W ActivityManager: Slow operation: 109ms so far, now at startProcess: starting to update pids map
07-08 20:00:35.922  1130  1307 W ActivityManager: Slow operation: 110ms so far, now at startProcess: done updating pids map
07-08 20:00:35.933  1130  1946 E DisplayDeviceConfig: requesting nits when no mapping exists.
07-08 20:00:35.934  1130  1946 E DisplayDeviceConfig: requesting nits when no mapping exists.
07-08 20:00:35.949  1130  1946 E DisplayDeviceConfig: requesting nits when no mapping exists.
07-08 20:00:35.951  1130  1946 E DisplayDeviceConfig: requesting nits when no mapping exists.
07-08 20:00:35.966  1130  1946 E DisplayDeviceConfig: requesting nits when no mapping exists.
07-08 20:00:35.967  1130  1946 E DisplayDeviceConfig: requesting nits when no mapping exists.
07-08 20:00:35.982  1130  1946 E DisplayDeviceConfig: requesting nits when no mapping exists.
07-08 20:00:35.984  1130  1946 E DisplayDeviceConfig: requesting nits when no mapping exists.
07-08 20:00:36.000  1130  1946 E DisplayDeviceConfig: requesting nits when no mapping exists.
07-08 20:00:36.001  1130  1946 E DisplayDeviceConfig: requesting nits when no mapping exists.
07-08 20:00:36.017  1130  1946 E DisplayDeviceConfig: requesting nits when no mapping exists.
07-08 20:00:36.019  1130  1946 E DisplayDeviceConfig: requesting nits when no mapping exists.
07-08 20:00:36.033  1130  1946 E DisplayDeviceConfig: requesting nits when no mapping exists.
07-08 20:00:36.034  1130  1946 E DisplayDeviceConfig: requesting nits when no mapping exists.
07-08 20:00:36.042     0     0 I binder  : 3475:3475 ioctl 40046210 7fe8603364 returned -22
07-08 20:00:36.046  1130  2259 D CompatibilityChangeReporter: Compat change id reported: 168419799; UID 10034; state: DISABLED
07-08 20:00:36.049  1130  1946 E DisplayDeviceConfig: requesting nits when no mapping exists.
07-08 20:00:36.051  1130  1946 E DisplayDeviceConfig: requesting nits when no mapping exists.
07-08 20:00:36.067  1130  1946 E DisplayDeviceConfig: requesting nits when no mapping exists.
07-08 20:00:36.068  1130  1946 E DisplayDeviceConfig: requesting nits when no mapping exists.
07-08 20:00:36.084  1130  1946 E DisplayDeviceConfig: requesting nits when no mapping exists.
07-08 20:00:36.085  1130  1946 E DisplayDeviceConfig: requesting nits when no mapping exists.
07-08 20:00:36.100  1130  1946 E DisplayDeviceConfig: requesting nits when no mapping exists.
07-08 20:00:36.101  1130  1946 E DisplayDeviceConfig: requesting nits when no mapping exists.
07-08 20:00:36.116  1130  1946 E DisplayDeviceConfig: requesting nits when no mapping exists.
07-08 20:00:36.117  1130  1946 E DisplayDeviceConfig: requesting nits when no mapping exists.
07-08 20:00:36.134  1130  1946 E DisplayDeviceConfig: requesting nits when no mapping exists.
07-08 20:00:36.135  1130  1946 E DisplayDeviceConfig: requesting nits when no mapping exists.
07-08 20:00:36.150  1130  1946 E DisplayDeviceConfig: requesting nits when no mapping exists.
07-08 20:00:36.151  1130  1946 E DisplayDeviceConfig: requesting nits when no mapping exists.
07-08 20:00:36.166  1130  1946 E DisplayDeviceConfig: requesting nits when no mapping exists.
07-08 20:00:36.167  1130  1946 E DisplayDeviceConfig: requesting nits when no mapping exists.
07-08 20:00:36.183  1130  1946 E DisplayDeviceConfig: requesting nits when no mapping exists.
07-08 20:00:36.184  1130  1946 E DisplayDeviceConfig: requesting nits when no mapping exists.
07-08 20:00:36.200  1130  1946 E DisplayDeviceConfig: requesting nits when no mapping exists.
07-08 20:00:36.201  1130  1946 E DisplayDeviceConfig: requesting nits when no mapping exists.
07-08 20:00:36.216  1130  1946 E DisplayDeviceConfig: requesting nits when no mapping exists.
07-08 20:00:36.217  1130  1946 E DisplayDeviceConfig: requesting nits when no mapping exists.
07-08 20:00:36.233  1130  1946 E DisplayDeviceConfig: requesting nits when no mapping exists.
07-08 20:00:36.235  1130  1946 E DisplayDeviceConfig: requesting nits when no mapping exists.
07-08 20:00:36.250  1130  1946 E DisplayDeviceConfig: requesting nits when no mapping exists.
07-08 20:00:36.251  1130  1946 E DisplayDeviceConfig: requesting nits when no mapping exists.
07-08 20:00:36.266  1130  1946 E DisplayDeviceConfig: requesting nits when no mapping exists.
07-08 20:00:36.267  1130  1946 E DisplayDeviceConfig: requesting nits when no mapping exists.
07-08 20:00:36.272  1130  1665 D CompatibilityChangeReporter: Compat change id reported: 171306433; UID 10034; state: ENABLED
07-08 20:00:36.282  1130  1946 E DisplayDeviceConfig: requesting nits when no mapping exists.
07-08 20:00:36.284  1130  1946 E DisplayDeviceConfig: requesting nits when no mapping exists.
07-08 20:00:36.291  1130  1665 D CompatibilityChangeReporter: Compat change id reported: 143231523; UID 10034; state: DISABLED
07-08 20:00:36.299  1130  1946 E DisplayDeviceConfig: requesting nits when no mapping exists.
07-08 20:00:36.300  1130  1946 E DisplayDeviceConfig: requesting nits when no mapping exists.
07-08 20:00:36.313  1130  2259 D CompatibilityChangeReporter: Compat change id reported: 168419799; UID 10120; state: DISABLED
07-08 20:00:36.317  1130  1946 E DisplayDeviceConfig: requesting nits when no mapping exists.
07-08 20:00:36.319  1130  1946 E DisplayDeviceConfig: requesting nits when no mapping exists.
07-08 20:00:36.329  1130  2259 D CompatibilityChangeReporter: Compat change id reported: 168419799; UID 1000; state: DISABLED
07-08 20:00:36.333  1130  1946 E DisplayDeviceConfig: requesting nits when no mapping exists.
07-08 20:00:36.336  1130  1946 E DisplayDeviceConfig: requesting nits when no mapping exists.
07-08 20:00:36.349  1130  1946 E DisplayDeviceConfig: requesting nits when no mapping exists.
07-08 20:00:36.350  1130  1946 E DisplayDeviceConfig: requesting nits when no mapping exists.
07-08 20:00:36.366  1130  1946 E DisplayDeviceConfig: requesting nits when no mapping exists.
07-08 20:00:36.367  1130  2259 I ActivityManager: com.android.shell is exempt from freezer
07-08 20:00:36.367  1130  1946 E DisplayDeviceConfig: requesting nits when no mapping exists.
07-08 20:00:36.368  1130  2259 D CompatibilityChangeReporter: Compat change id reported: 135634846; UID 2000; state: DISABLED
07-08 20:00:36.369  1130  2259 D CompatibilityChangeReporter: Compat change id reported: 177438394; UID 2000; state: DISABLED
07-08 20:00:36.370  1130  2259 D CompatibilityChangeReporter: Compat change id reported: 135772972; UID 2000; state: DISABLED
07-08 20:00:36.371  1130  2259 D CompatibilityChangeReporter: Compat change id reported: 135754954; UID 2000; state: ENABLED
07-08 20:00:36.383  1130  1946 E DisplayDeviceConfig: requesting nits when no mapping exists.
07-08 20:00:36.384  1130  1946 E DisplayDeviceConfig: requesting nits when no mapping exists.
07-08 20:00:36.399  1130  1946 E DisplayDeviceConfig: requesting nits when no mapping exists.
07-08 20:00:36.400  1130  1946 E DisplayDeviceConfig: requesting nits when no mapping exists.
07-08 20:00:36.465  1130  1307 W ActivityManager: Slow operation: 99ms so far, now at startProcess: returned from zygote!
07-08 20:00:36.466  1130  1307 W ActivityManager: Slow operation: 100ms so far, now at startProcess: done updating battery stats
07-08 20:00:36.467  1130  1307 W ActivityManager: Slow operation: 101ms so far, now at startProcess: building log message
07-08 20:00:36.467  1130  1307 I ActivityManager: Start proc 3498:com.android.shell/2000 for broadcast {com.android.shell/com.android.shell.HeapDumpReceiver}
07-08 20:00:36.468  1130  1307 W ActivityManager: Slow operation: 102ms so far, now at startProcess: starting to update pids map
07-08 20:00:36.468  1130  1307 W ActivityManager: Slow operation: 102ms so far, now at startProcess: done updating pids map
07-08 20:00:36.551     0     0 I binder  : 3498:3498 ioctl 40046210 7fe8603364 returned -22
07-08 20:00:36.557  1130  2259 D CompatibilityChangeReporter: Compat change id reported: 168419799; UID 2000; state: DISABLED
07-08 20:00:36.739  1130  2259 D CompatibilityChangeReporter: Compat change id reported: 135634846; UID 10033; state: DISABLED
07-08 20:00:36.740  1130  2259 D CompatibilityChangeReporter: Compat change id reported: 177438394; UID 10033; state: DISABLED
07-08 20:00:36.740  1130  2259 D CompatibilityChangeReporter: Compat change id reported: 135772972; UID 10033; state: DISABLED
07-08 20:00:36.741  1130  2259 D CompatibilityChangeReporter: Compat change id reported: 135754954; UID 10033; state: DISABLED
07-08 20:00:36.742  1130  1307 D CompatibilityChangeReporter: Compat change id reported: 143937733; UID 10033; state: DISABLED
07-08 20:00:36.844  1130  1307 W ActivityManager: Slow operation: 105ms so far, now at startProcess: returned from zygote!
07-08 20:00:36.845  1130  1307 W ActivityManager: Slow operation: 106ms so far, now at startProcess: done updating battery stats
07-08 20:00:36.846  1130  1307 W ActivityManager: Slow operation: 107ms so far, now at startProcess: building log message
07-08 20:00:36.846  1130  1307 I ActivityManager: Start proc 3516:com.android.statementservice/u0a33 for broadcast {com.android.statementservice/com.android.statementservice.domain.BootCompletedReceiver}
07-08 20:00:36.846  1130  1307 W ActivityManager: Slow operation: 108ms so far, now at startProcess: starting to update pids map
07-08 20:00:36.847  1130  1307 W ActivityManager: Slow operation: 108ms so far, now at startProcess: done updating pids map
07-08 20:00:36.996     0     0 I binder  : 3516:3516 ioctl 40046210 7fe8603364 returned -22
07-08 20:00:37.010  1130  2259 D CompatibilityChangeReporter: Compat change id reported: 168419799; UID 10033; state: DISABLED
07-08 20:00:37.355  1130  1665 D CompatibilityChangeReporter: Compat change id reported: 171306433; UID 10033; state: DISABLED
