07-14 18:36:10.351     0     0 I afe_find_cal_topo_id_by_port: port id: 0x4000, dev_acdb_id: 124
07-14 18:36:10.354     0     0 I afe_find_cal_topo_id_by_port: top_id:1025d acdb_id:124 afe_port_id:0x4000
07-14 18:36:10.361     0     0 I afe_get_cal_topology_id: port_id = 0x4000 acdb_id = 124 topology_id = 0x1025d cal_type_index=8 ret=0
07-14 18:36:10.350  6114  6114 D MCPTT_UIMiddleware: [Group][getPriority] priority:31
07-14 18:36:10.351  6114  6114 D MCPTT_UIMiddleware: [Group][getPriority] priority:31
07-14 18:36:10.352  6114  6114 D MCPTT_UIMiddleware: [Group][getPriority] priority:31
07-14 18:36:10.352  6114  6114 D MCPTT_UIMiddleware: [Group][getPriority] priority:31
07-14 18:36:10.352  6114  6114 D MCPTT_UIMiddleware: [Group][getPriority] priority:31
07-14 18:36:10.353  6114  6114 D MCPTT_UIMiddleware: [Group][getPriority] priority:10
07-14 18:36:10.353  6114  6114 D MCPTT_UIMiddleware: [Group][getPriority] priority:10
07-14 18:36:10.354  6114  6114 D MCPTT_UIMiddleware: [Group][getPriority] priority:10
07-14 18:36:10.354  6114  6114 D MCPTT_UIMiddleware: [Group][getPriority] priority:10
07-14 18:36:10.355  6114  6114 D MCPTT_UIMiddleware: [Group][getPriority] priority:10
07-14 18:36:10.356  6114  6114 D MCPTT_UIMiddleware: [Group][getPriority] priority:10
07-14 18:36:10.356  6114  6114 D MCPTT_UIMiddleware: [Group][getPriority] priority:10
07-14 18:36:10.357  6114  6114 D MCPTT_UIMiddleware: [Group][getPriority] priority:10
07-14 18:36:10.358  6114  6114 D MCPTT_UIMiddleware: [Group][getPriority] priority:10
07-14 18:36:10.359  6114  6114 D _LOG_APP: [GroupFragment][searchGroup] reGroupList = 1
07-14 18:36:10.360  6114  6114 D _LOG_APP: [GroupFragment][searchGroup] ReGroup name = Re group test, uri = sip:00000077777g@ims.mnc001.mcc001.3gppnetwork.org, number = sip:00000077777g@ims.mnc001.mcc001.3gppnetwork.org
07-14 18:36:10.361  6114  6114 D MCPTT_UIMiddleware: [ScanUtils][deleteScanGroupDb] _uri:sip:12303260408170827@ims.mnc001.mcc001.3gppnetwork.org
07-14 18:36:10.365  6114  6114 D MCPTT_UIMiddleware: [ScanUtils][deleteScanGroupDb] _uri:sip:12301260220144143@ims.mnc001.mcc001.3gppnetwork.org
07-14 18:36:10.367  6114  6114 D MCPTT_UIMiddleware: [ScanUtils][deleteScanGroupDb] _uri:sip:12302260128173758@ims.mnc001.mcc001.3gppnetwork.org
07-14 18:36:10.370     0     0 I afe_send_port_topology_id: AFE set topology id 0x1025d  enable for port 0x4000 ret 0
07-14 18:36:10.379     0     0 I send_afe_cal_type: cal_index is 0
07-14 18:36:10.370  6114  6114 D MCPTT_UIMiddleware: [ScanUtils][deleteScanGroupDb] _uri:sip:12306260615163741@ims.mnc001.mcc001.3gppnetwork.org
07-14 18:36:10.370   707  3339 I netd    : setProcSysNet(4, 2, wlan0, retrans_time_ms, 750) <0.21ms>
07-14 18:36:10.373   707  3339 I netd    : setProcSysNet(4, 2, wlan0, ucast_solicit, 10) <0.30ms>
07-14 18:36:10.373  6114  6114 D MCPTT_UIMiddleware: [ScanUtils][deleteScanGroupDb] _uri:sip:12305260612142843@ims.mnc001.mcc001.3gppnetwork.org
07-14 18:36:10.375  6114  6114 D MCPTT_UIMiddleware: [ScanUtils][deleteScanGroupDb] _uri:sip:12304260615173700@ims.mnc001.mcc001.3gppnetwork.org
07-14 18:36:10.376   707  3339 I netd    : setProcSysNet(6, 2, wlan0, retrans_time_ms, 750) <1.57ms>
07-14 18:36:10.388     0     0 I send_afe_cal_type: dev_acdb_id[15] is 124
07-14 18:36:10.379   707  3339 I netd    : setProcSysNet(6, 2, wlan0, ucast_solicit, 10) <0.39ms>
07-14 18:36:10.379  6114  6114 D MCPTT_UIMiddleware: [ScanUtils][deleteScanGroupDb] _uri:sip:12302260408170617@ims.mnc001.mcc001.3gppnetwork.org
07-14 18:36:10.392     0     0 I afe_find_cal: cal_index 0 port_id 0x4000 port_index 15
07-14 18:36:10.397     0     0 I afe_find_cal: acdb_id 124 dev_acdb_id 124 sample_rate 48000 afe_sample_rates 48000
07-14 18:36:10.387  1043  4438 W InputManager-JNI: Input channel object '8e1ac56 com.EveryTalk.Global/com.cybertel.mcptt.ui.contact.ContactActivity (client)' was disposed without first being removed with the input manager!
07-14 18:36:10.403     0     0 I afe_find_cal: cal block is a match, size is 1372
07-14 18:36:10.412     0     0 I send_afe_cal_type: Sending cal_index cal 0
07-14 18:36:10.418     0     0 I afe_send_hw_delay: port_id 0x4000 rate 48000 delay_usec 474 status 0
07-14 18:36:10.439   766  4296 D audio_hw_primary: start_output_stream: exit
07-14 18:36:10.463   865  1859 W AudioFlinger: write blocked for 446 msecs, 254 delayed writes, thread 13
07-14 18:36:10.475  6114  6114 I _LOG_APP: [Util]getMultiTenantNumber : displayNumber = 001-21311
07-14 18:36:10.504  6114  6114 I _LOG_APP: [Util]getMultiTenantNumber : displayNumber = 001-21312
07-14 18:36:10.532  6114  6114 I _LOG_APP: [Util]getMultiTenantNumber : displayNumber = 001-21313
07-14 18:36:10.560  6114  6114 I _LOG_APP: [Util]getMultiTenantNumber : displayNumber = 001-21314
07-14 18:36:10.587  6114  6114 I _LOG_APP: [Util]getMultiTenantNumber : displayNumber = 001-21315
07-14 18:36:10.614  6114  6114 I _LOG_APP: [Util]getMultiTenantNumber : displayNumber = 001-21316
07-14 18:36:10.642  6114  6114 I _LOG_APP: [Util]getMultiTenantNumber : displayNumber = 001-21317
07-14 18:36:10.668  6114  6114 I _LOG_APP: [Util]getMultiTenantNumber : displayNumber = 001-21318
07-14 18:36:10.756  6114  8573 I OpenGLRenderer: Davey! duration=9223345869054ms; Flags=0, FrameTimelineVsyncId=145946, IntendedVsync=26167800292260, Vsync=26167800292260, InputEventId=0, HandleInputStart=26167812517308, AnimationStart=26167812521475, PerformTraversalsStart=26167813363870, DrawStart=26167813616579, FrameDeadline=26167833625592, FrameInterval=26167812501370, FrameStartTime=16666666, SyncQueued=26167814478714, SyncStart=26167814809235, IssueDrawCommandsStart=26167815669756, SwapBuffers=26167824138818, FrameCompleted=9223372036854775807, DequeueBufferDuration=3783386, QueueBufferDuration=868073, GpuCompleted=9223372036854775807, SwapBuffersCompleted=26167825926162, DisplayPresentTime=7602286, 
07-14 18:36:11.048  6136  6156 I TELON_MCPTT_STACK: [::run]OrgExpire : 7200,Expire :6600 sleep-time:5861
07-14 18:36:11.596 16808 16873 D UIAutomatorStub: URI: /jsonrpc/0, Method: POST, params, {NanoHttpd.QUERY_STRING=null}, files: {postData={"jsonrpc": "2.0", "id": 1, "method": "exist", "params": [{"mask": 2097153, "childOrSibling": [], "childOrSiblingSelector": [], "resourceId": "com.EveryTalk.Global:id/group_name", "text": "JH_Pri 01"}]}}
07-14 18:36:11.598 16808 16873 D UiDevice: Retrieving node with selector: BySelector [RES='\Qcom.EveryTalk.Global:id/group_name\E', TEXT='\QJH_Pri 01\E'].
07-14 18:36:11.600 16808 16873 W QueryController: Could not detect idle state.
07-14 18:36:11.803 16808 16873 D UiDevice: Node not found with selector: BySelector [RES='\Qcom.EveryTalk.Global:id/group_name\E', TEXT='\QJH_Pri 01\E'].
07-14 18:36:12.049  6136  6156 I TELON_MCPTT_STACK: [::run]OrgExpire : 7200,Expire :6600 sleep-time:5860
07-14 18:36:12.052 16876 16876 D ProcessState: Binder ioctl to enable oneway spam detection failed: Invalid argument
07-14 18:36:12.062     0     0 I binder  : 16876:16876 ioctl 40046210 7fdb023f34 returned -22
07-14 18:36:12.241     0     0 I IRQ 1   : no longer affine to CPU7
07-14 18:36:12.241     0     0 I IRQ 33  : no longer affine to CPU7
07-14 18:36:12.383     0     0 I binder  : 16879:16879 ioctl 40046210 7fdb703db4 returned -22
07-14 18:36:12.373 16879 16879 D ProcessState: Binder ioctl to enable oneway spam detection failed: Invalid argument
07-14 18:36:12.478 16808 16884 D UIAutomatorStub: URI: /jsonrpc/0, Method: POST, params, {NanoHttpd.QUERY_STRING=null}, files: {postData={"jsonrpc": "2.0", "id": 1, "method": "exist", "params": [{"mask": 2097153, "childOrSibling": [], "childOrSiblingSelector": [], "resourceId": "com.EveryTalk.Global:id/group_name", "text": "JH_Pri 01"}]}}
07-14 18:36:12.482 16808 16884 D UiDevice: Retrieving node with selector: BySelector [RES='\Qcom.EveryTalk.Global:id/group_name\E', TEXT='\QJH_Pri 01\E'].
07-14 18:36:12.484 16808 16884 W QueryController: Could not detect idle state.
07-14 18:36:12.518 16808 16884 D UiDevice: Node not found with selector: BySelector [RES='\Qcom.EveryTalk.Global:id/group_name\E', TEXT='\QJH_Pri 01\E'].
07-14 18:36:12.582 16808 16885 D UIAutomatorStub: URI: /jsonrpc/0, Method: POST, params, {NanoHttpd.QUERY_STRING=null}, files: {postData={"jsonrpc": "2.0", "id": 1, "method": "swipe", "params": [540.0, 1536.0, 540.0, 384.0, 60]}}
07-14 18:36:12.587 16808 16885 D UiDevice: Swiping from (540, 1536) to (540, 384) in 60 steps.
07-14 18:36:12.642  6114  6114 I _LOG_APP: [Util]getMultiTenantNumber : displayNumber = 001-21319
07-14 18:36:12.678     0     0 W healthd : charger type:  USB, VBUS Volt: 4746093
07-14 18:36:12.679     0     0 W healthd : battery l=40 v=3606 t=33.0 h=2 st=2 c=-756 fc=3544000 cc=0 chg=u
07-14 18:36:12.799  6114  6114 W Thread-14: type=1400 audit(0.0:9819): avc: denied { read } for name="tcp" dev="proc" ino=4026532114 scontext=u:r:untrusted_app:s0:c123,c256,c512,c768 tcontext=u:object_r:proc_net_tcp_udp:s0 tclass=file permissive=0 app=com.EveryTalk.Global
07-14 18:36:12.824     0     0 I binder  : 16887:16887 ioctl 40046210 7fd61072e4 returned -22
07-14 18:36:12.836 16887 16887 D ProcessState: Binder ioctl to enable oneway spam detection failed: Invalid argument
07-14 18:36:12.836     0     0 W healthd : charger type:  USB, VBUS Volt: 4746093
07-14 18:36:12.846  1043  1691 D BatteryService: Processing new values: info={.chargerAcOnline = false, .chargerUsbOnline = true, .chargerWirelessOnline = false, .maxChargingCurrent = 75000, .maxChargingVoltage = 5000000, .batteryStatus = CHARGING, .batteryHealth = GOOD, .batteryPresent = true, .batteryLevel = 40, .batteryVoltage = 3606, .batteryTemperature = 330, .batteryCurrent = -756, .batteryCycleCount = 0, .batteryFullCharge = 3544000, .batteryChargeCounter = 1241292, .batteryTechnology = Li-ion, .chargerRealType = USB, .chargingVoltage = 4746093, .batteryID = 50000}, mBatteryLevelCritical=false, mPlugType=2
07-14 18:36:12.848  1043  1691 D BatteryService: Sending ACTION_BATTERY_CHANGED. scale:100, info:{.chargerAcOnline = false, .chargerUsbOnline = true, .chargerWirelessOnline = false, .maxChargingCurrent = 75000, .maxChargingVoltage = 5000000, .batteryStatus = CHARGING, .batteryHealth = GOOD, .batteryPresent = true, .batteryLevel = 40, .batteryVoltage = 3606, .batteryTemperature = 330, .batteryCurrent = -756, .batteryCycleCount = 0, .batteryFullCharge = 3544000, .batteryChargeCounter = 1241292, .batteryTechnology = Li-ion, .chargerRealType = USB, .chargingVoltage = 4746093, .batteryID = 50000}
07-14 18:36:12.864  6114  6114 I _LOG_APP: [Util]getMultiTenantNumber : displayNumber = 001-21320
07-14 18:36:13.046  6114 16573 I OpenGLRenderer: Davey! duration=9223345866748ms; Flags=0, FrameTimelineVsyncId=146035, IntendedVsync=26170106199144, Vsync=26170106199144, InputEventId=-474839223, HandleInputStart=26170107204078, AnimationStart=26170108167724, PerformTraversalsStart=26170108199390, DrawStart=26170108351213, FrameDeadline=26170122865810, FrameInterval=26170107195536, FrameStartTime=16666666, SyncQueued=26170108627880, SyncStart=26170109039755, IssueDrawCommandsStart=26170109802359, SwapBuffers=26170118915901, FrameCompleted=9223372036854775807, DequeueBufferDuration=48177, QueueBufferDuration=2866302, GpuCompleted=9223372036854775807, SwapBuffersCompleted=26170124168297, DisplayPresentTime=4294969472, 
07-14 18:36:13.052  6136  6156 I TELON_MCPTT_STACK: [::run]OrgExpire : 7200,Expire :6600 sleep-time:5859
07-14 18:36:13.055  1043  2948 E TaskPersister: File error accessing recents directory (directory doesn't exist?).
07-14 18:36:13.102  6114  6114 I _LOG_APP: [Util]getMultiTenantNumber : displayNumber = 001-21321
07-14 18:36:13.168  6114  8573 I OpenGLRenderer: Davey! duration=9223345866631ms; Flags=0, FrameTimelineVsyncId=146046, IntendedVsync=26170223175762, Vsync=26170223175762, InputEventId=-915741825, HandleInputStart=26170224946682, AnimationStart=26170225787776, PerformTraversalsStart=26170225838765, DrawStart=26170226028088, FrameDeadline=26170256509094, FrameInterval=26170224940744, FrameStartTime=16666666, SyncQueued=26170226492203, SyncStart=26170226684234, IssueDrawCommandsStart=26170227608869, SwapBuffers=26170234972672, FrameCompleted=9223372036854775807, DequeueBufferDuration=97865, QueueBufferDuration=3116406, GpuCompleted=9223372036854775807, SwapBuffersCompleted=26170240697932, DisplayPresentTime=4294967296, 
07-14 18:36:13.187  6114  8573 I OpenGLRenderer: Davey! duration=9223345866614ms; Flags=0, FrameTimelineVsyncId=146048, IntendedVsync=26170239885162, Vsync=26170239885162, InputEventId=-468437373, HandleInputStart=26170241803869, AnimationStart=26170243334338, PerformTraversalsStart=26170243399703, DrawStart=26170243639599, FrameDeadline=26170273218494, FrameInterval=26170241797776, FrameStartTime=16666666, SyncQueued=26170244221942, SyncStart=26170244898401, IssueDrawCommandsStart=26170245956942, SwapBuffers=26170250658088, FrameCompleted=9223372036854775807, DequeueBufferDuration=40313, QueueBufferDuration=1525416, GpuCompleted=9223372036854775807, SwapBuffersCompleted=26170253059703, DisplayPresentTime=518479862038528, 
07-14 18:36:13.346  6114  6114 I _LOG_APP: [Util]getMultiTenantNumber : displayNumber = 001-21322
07-14 18:36:13.565  6114  8573 I OpenGLRenderer: Davey! duration=9223345866230ms; Flags=0, FrameTimelineVsyncId=146085, IntendedVsync=26170624510988, Vsync=26170624510988, InputEventId=-428030032, HandleInputStart=26170627040536, AnimationStart=26170628769130, PerformTraversalsStart=26170628795328, DrawStart=26170628900744, FrameDeadline=26170641177654, FrameInterval=26170627028817, FrameStartTime=16666666, SyncQueued=26170629158505, SyncStart=26170629370380, IssueDrawCommandsStart=26170630705067, SwapBuffers=26170635671734, FrameCompleted=9223372036854775807, DequeueBufferDuration=90365, QueueBufferDuration=2625573, GpuCompleted=9223372036854775807, SwapBuffersCompleted=26170641614651, DisplayPresentTime=22236823812964425, 
07-14 18:36:13.582  6114  6114 I _LOG_APP: [Util]getMultiTenantNumber : displayNumber = 001-21323
07-14 18:36:13.597   766   782 D audio_hw_primary: out_standby: enter: stream (0xed8821a0) usecase(1: low-latency-playback)
07-14 18:36:13.687  6114  8573 I OpenGLRenderer: Davey! duration=9223345866113ms; Flags=0, FrameTimelineVsyncId=146096, IntendedVsync=26170741540595, Vsync=26170741540595, InputEventId=-974600037, HandleInputStart=26170744751682, AnimationStart=26170747602567, PerformTraversalsStart=26170747626578, DrawStart=26170747735901, FrameDeadline=26170774873927, FrameInterval=26170744736786, FrameStartTime=16666666, SyncQueued=26170748016421, SyncStart=26170748144703, IssueDrawCommandsStart=26170748885953, SwapBuffers=26170753752776, FrameCompleted=9223372036854775807, DequeueBufferDuration=82552, QueueBufferDuration=1814322, GpuCompleted=9223372036854775807, SwapBuffersCompleted=26170756569755, DisplayPresentTime=3255295502, 
07-14 18:36:13.727     0     0 I afe_close: port_id = 0x4000
07-14 18:36:13.744   766   782 D audio_hw_primary: disable_audio_route: reset and update mixer path: low-latency-playback
07-14 18:36:13.746   766   782 D soundtrigger: audio_extn_sound_trigger_update_stream_status: uc_info->id 1 of type 0 for Event 2, with Raise=0
07-14 18:36:13.747   766   782 I audio_hw_primary: disable_snd_device: 2(speaker)
07-14 18:36:13.747   766   782 D hardware_info: hw_info_append_hw_type : device_name = speaker
07-14 18:36:13.748   766   782 D audio_hw_primary: disable_snd_device: snd_device(2: speaker)
07-14 18:36:13.760     0     0 I afe_close: port_id = 0x4009
07-14 18:36:13.756  6114  8573 I OpenGLRenderer: Davey! duration=9223345866046ms; Flags=0, FrameTimelineVsyncId=146103, IntendedVsync=26170808137265, Vsync=26170808137265, InputEventId=-85042796, HandleInputStart=26170809660796, AnimationStart=26170811292098, PerformTraversalsStart=26170811358036, DrawStart=26170811569286, FrameDeadline=26170841470597, FrameInterval=26170809649703, FrameStartTime=16666666, SyncQueued=26170812004234, SyncStart=26170812232828, IssueDrawCommandsStart=26170813269598, SwapBuffers=26170818829546, FrameCompleted=9223372036854775807, DequeueBufferDuration=83594, QueueBufferDuration=3722760, GpuCompleted=9223372036854775807, SwapBuffersCompleted=26170824777880, DisplayPresentTime=1687922147327, 
07-14 18:36:13.767   766   782 I audio_hw_primary: disable_snd_device: 213(vi-feedback)
07-14 18:36:13.769   766   782 D hardware_info: hw_info_append_hw_type : device_name = vi-feedback
07-14 18:36:13.769   766   782 D audio_hw_primary: disable_snd_device: snd_device(213: vi-feedback)
07-14 18:36:13.770   766   782 I soundtrigger: audio_extn_sound_trigger_update_device_status: device 0xd5 of type 1 for Event 0, with Raise=0
07-14 18:36:13.771   766   782 D audio_hw_primary: disable_audio_route: reset and update mixer path: spkr-vi-record
07-14 18:36:13.772   766   782 D soundtrigger: audio_extn_sound_trigger_update_stream_status: uc_info->id 53 of type 1 for Event 2, with Raise=0
07-14 18:36:13.783  6114  8573 I OpenGLRenderer: Davey! duration=9223345866012ms; Flags=0, FrameTimelineVsyncId=146106, IntendedVsync=26170841480920, Vsync=26170841480920, InputEventId=-1067158987, HandleInputStart=26170844700953, AnimationStart=26170846729651, PerformTraversalsStart=26170846768817, DrawStart=26170846965588, FrameDeadline=26170874814252, FrameInterval=26170844689286, FrameStartTime=16666666, SyncQueued=26170847381369, SyncStart=26170847709963, IssueDrawCommandsStart=26170848739026, SwapBuffers=26170852569651, FrameCompleted=9223372036854775807, DequeueBufferDuration=42656, QueueBufferDuration=1620573, GpuCompleted=9223372036854775807, SwapBuffersCompleted=26170855655328, DisplayPresentTime=30399714102083705, 
07-14 18:36:13.798  6114  6114 I _LOG_APP: [Util]getMultiTenantNumber : displayNumber = 001-21324
07-14 18:36:13.826   766   782 I soundtrigger: audio_extn_sound_trigger_update_device_status: device 0x2 of type 0 for Event 0, with Raise=0
07-14 18:36:13.832  6114  6643 I OpenGLRenderer: Davey! duration=9223345865962ms; Flags=0, FrameTimelineVsyncId=146111, IntendedVsync=26170891505086, Vsync=26170891505086, InputEventId=-635286335, HandleInputStart=26170893267255, AnimationStart=26170896242984, PerformTraversalsStart=26170896264650, DrawStart=26170896377515, FrameDeadline=26170924838418, FrameInterval=26170893262515, FrameStartTime=16666666, SyncQueued=26170896936265, SyncStart=26170897252828, IssueDrawCommandsStart=26170897685692, SwapBuffers=26170901050119, FrameCompleted=9223372036854775807, DequeueBufferDuration=23750, QueueBufferDuration=3272083, GpuCompleted=9223372036854775807, SwapBuffersCompleted=26170907808505, DisplayPresentTime=8589934591, 
07-14 18:36:13.848  6114  6643 I OpenGLRenderer: Davey! duration=9223345865946ms; Flags=0, FrameTimelineVsyncId=146113, IntendedVsync=26170908204814, Vsync=26170908204814, InputEventId=-466183269, HandleInputStart=26170909436525, AnimationStart=26170911364286, PerformTraversalsStart=26170911401057, DrawStart=26170911733557, FrameDeadline=26170941538146, FrameInterval=26170909419598, FrameStartTime=16666666, SyncQueued=26170913725536, SyncStart=26170914181421, IssueDrawCommandsStart=26170915308140, SwapBuffers=26170918596942, FrameCompleted=9223372036854775807, DequeueBufferDuration=81563, QueueBufferDuration=2974011, GpuCompleted=9223372036854775807, SwapBuffersCompleted=26170923607046, DisplayPresentTime=29555366483394661, 
07-14 18:36:13.898  6114  8573 I OpenGLRenderer: Davey! duration=9223345865896ms; Flags=0, FrameTimelineVsyncId=146118, IntendedVsync=26170958168355, Vsync=26170958168355, InputEventId=-334377920, HandleInputStart=26170960152567, AnimationStart=26170961583869, PerformTraversalsStart=26170961646057, DrawStart=26170961872567, FrameDeadline=26170991501687, FrameInterval=26170960145588, FrameStartTime=16666666, SyncQueued=26170962308348, SyncStart=26170962486630, IssueDrawCommandsStart=26170963744650, SwapBuffers=26170968496161, FrameCompleted=9223372036854775807, DequeueBufferDuration=61198, QueueBufferDuration=1836666, GpuCompleted=9223372036854775807, SwapBuffersCompleted=26170971423557, DisplayPresentTime=29555349303459940, 
07-14 18:36:13.950  6114  8573 I OpenGLRenderer: Davey! duration=9223345865845ms; Flags=0, FrameTimelineVsyncId=146123, IntendedVsync=26171008207351, Vsync=26171008207351, InputEventId=-731864949, HandleInputStart=26171009776838, AnimationStart=26171010643869, PerformTraversalsStart=26171010665328, DrawStart=26171010754911, FrameDeadline=26171041540683, FrameInterval=26171009732359, FrameStartTime=16666666, SyncQueued=26171011143348, SyncStart=26171011965067, IssueDrawCommandsStart=26171013006005, SwapBuffers=26171018052984, FrameCompleted=9223372036854775807, DequeueBufferDuration=79480, QueueBufferDuration=3645365, GpuCompleted=9223372036854775807, SwapBuffersCompleted=26171023435536, DisplayPresentTime=7809616109424178757, 
07-14 18:36:14.032  6114  6643 I OpenGLRenderer: Davey! duration=9223345865762ms; Flags=0, FrameTimelineVsyncId=146131, IntendedVsync=26171091683569, Vsync=26171091683569, InputEventId=-521752342, HandleInputStart=26171093204494, AnimationStart=26171094213140, PerformTraversalsStart=26171094271682, DrawStart=26171094794025, FrameDeadline=26171125016901, FrameInterval=26171093189807, FrameStartTime=16666666, SyncQueued=26171095318713, SyncStart=26171095540380, IssueDrawCommandsStart=26171096566577, SwapBuffers=26171101391682, FrameCompleted=9223372036854775807, DequeueBufferDuration=72084, QueueBufferDuration=2706406, GpuCompleted=9223372036854775807, SwapBuffersCompleted=26171105368765, DisplayPresentTime=32651505327931502, 
07-14 18:36:14.034  6114  6114 I _LOG_APP: [Util]getMultiTenantNumber : displayNumber = 001-21325
07-14 18:36:14.060  6136  6156 I TELON_MCPTT_STACK: [::run]OrgExpire : 7200,Expire :6600 sleep-time:5858
07-14 18:36:14.167  6114  6643 I OpenGLRenderer: Davey! duration=9223345865628ms; Flags=0, FrameTimelineVsyncId=146144, IntendedVsync=26171225606569, Vsync=26171225606569, InputEventId=-585727452, HandleInputStart=26171227215119, AnimationStart=26171228714286, PerformTraversalsStart=26171228769546, DrawStart=26171228993505, FrameDeadline=26171258939901, FrameInterval=26171227195744, FrameStartTime=16666666, SyncQueued=26171229434650, SyncStart=26171229776265, IssueDrawCommandsStart=26171230940015, SwapBuffers=26171236367202, FrameCompleted=9223372036854775807, DequeueBufferDuration=70208, QueueBufferDuration=1996718, GpuCompleted=9223372036854775807, SwapBuffersCompleted=26171239211890, DisplayPresentTime=6103148527916, 
07-14 18:36:14.189  6114  6643 I OpenGLRenderer: Davey! duration=9223345865611ms; Flags=0, FrameTimelineVsyncId=146146, IntendedVsync=26171242315910, Vsync=26171242315910, InputEventId=-922787504, HandleInputStart=26171244413505, AnimationStart=26171245169807, PerformTraversalsStart=26171245189077, DrawStart=26171245272723, FrameDeadline=26171275649242, FrameInterval=26171244405848, FrameStartTime=16666666, SyncQueued=26171245441525, SyncStart=26171245996630, IssueDrawCommandsStart=26171246719130, SwapBuffers=26171251489546, FrameCompleted=9223372036854775807, DequeueBufferDuration=30782, QueueBufferDuration=5756927, GpuCompleted=9223372036854775807, SwapBuffersCompleted=26171260214442, DisplayPresentTime=26740621011320944, 
07-14 18:36:14.199  6114  6643 I OpenGLRenderer: Davey! duration=9223345865595ms; Flags=0, FrameTimelineVsyncId=146148, IntendedVsync=26171259093073, Vsync=26171259093073, InputEventId=-340175455, HandleInputStart=26171260411161, AnimationStart=26171261835223, PerformTraversalsStart=26171261873140, DrawStart=26171261997932, FrameDeadline=26171292426405, FrameInterval=26171260391734, FrameStartTime=16666666, SyncQueued=26171262382671, SyncStart=26171262625588, IssueDrawCommandsStart=26171267520327, SwapBuffers=26171272442984, FrameCompleted=9223372036854775807, DequeueBufferDuration=80886, QueueBufferDuration=2623750, GpuCompleted=9223372036854775807, SwapBuffersCompleted=26171276703765, DisplayPresentTime=12948317087400035, 
07-14 18:36:14.217  6114  6114 I _LOG_APP: [Util]getMultiTenantNumber : displayNumber = 001-21326
07-14 18:36:14.454  6114  8573 I OpenGLRenderer: Davey! duration=9223345865359ms; Flags=0, FrameTimelineVsyncId=146173, IntendedVsync=26171476289681, Vsync=26171476289681, InputEventId=0, HandleInputStart=26171484797671, AnimationStart=26171484799286, PerformTraversalsStart=26171485078036, DrawStart=26171485148296, FrameDeadline=26171509623013, FrameInterval=26171484794390, FrameStartTime=16666666, SyncQueued=26171485451213, SyncStart=26171504117463, IssueDrawCommandsStart=26171504875171, SwapBuffers=26171519793504, FrameCompleted=9223372036854775807, DequeueBufferDuration=10469271, QueueBufferDuration=2665261, GpuCompleted=9223372036854775807, SwapBuffersCompleted=26171526068609, DisplayPresentTime=12948329972367457, 
07-14 18:36:14.722  6114  6160 I MCPTT_UIMiddleware: [MainController][run] _Stack_Start serviceTask Called!
07-14 18:36:14.723  6114  6160 D MCPTT_UIMiddleware: [MainController][run] networkType = default
07-14 18:36:14.723  6114  6160 D MCPTT_UIMiddleware: [SipStackServiceManager]_GetDeviceDefaultIpAddress Called!
07-14 18:36:14.724  6114  6160 D MCPTT_UIMiddleware: [SipStackServiceManager]Used Network NetworkDeviceType : wifi,IP :192.168.200.100
07-14 18:36:14.725  6114  6160 I MCPTT_UIMiddleware: [MainController][run] addr = 192.168.200.100
07-14 18:36:14.727  6114  6160 I MCPTT_UIMiddleware: [MainController][run] get_My_IP = 192.168.200.100
07-14 18:36:14.728  6114  6160 I MCPTT_UIMiddleware: [MainController][run] isSet_Ue_Initial_Configuration_Path = true
07-14 18:36:14.729  6114  6160 I MCPTT_UIMiddleware: [MainController][run] isLoad_Ue_Initial_Configuration = true
07-14 18:36:14.730  6114  6160 I MCPTT_UIMiddleware: [MainController][run] stackStatus = 0
07-14 18:36:14.731  6114  6160 I MCPTT_UIMiddleware: [MainController][run] errorCode = 0
07-14 18:36:14.732  6114  6160 I MCPTT_UIMiddleware: [MainController][run] sleep 5000
07-14 18:36:14.764 16808 16893 D UIAutomatorStub: URI: /jsonrpc/0, Method: POST, params, {NanoHttpd.QUERY_STRING=null}, files: {postData={"jsonrpc": "2.0", "id": 1, "method": "exist", "params": [{"mask": 2097153, "childOrSibling": [], "childOrSiblingSelector": [], "resourceId": "com.EveryTalk.Global:id/group_name", "text": "JH_Pri 01"}]}}
07-14 18:36:14.766 16808 16893 D UiDevice: Retrieving node with selector: BySelector [RES='\Qcom.EveryTalk.Global:id/group_name\E', TEXT='\QJH_Pri 01\E'].
07-14 18:36:14.767 16808 16893 W QueryController: Could not detect idle state.
07-14 18:36:14.819  6136  6159 I TELON_MCPTT_STACK: [::run]MainController_GC21 _Stack_Start serviceTask Called!
07-14 18:36:14.821  6136  6159 I TELON_MCPTT_STACK: [::q]_GetLocationInfo
07-14 18:36:14.822  6136  6159 I TELON_MCPTT_STACK: [::q]mccAndMnc is :
07-14 18:36:14.826  6136  6159 I TELON_MCPTT_STACK: [::q]_lat :null
07-14 18:36:14.827  6136  6159 I TELON_MCPTT_STACK: [::q]_long :null
07-14 18:36:14.952 16808 16893 D UiDevice: Node not found with selector: BySelector [RES='\Qcom.EveryTalk.Global:id/group_name\E', TEXT='\QJH_Pri 01\E'].
07-14 18:36:15.032 16808 16894 D UIAutomatorStub: URI: /jsonrpc/0, Method: POST, params, {NanoHttpd.QUERY_STRING=null}, files: {postData={"jsonrpc": "2.0", "id": 1, "method": "swipe", "params": [540.0, 1536.0, 540.0, 384.0, 60]}}
07-14 18:36:15.037 16808 16894 D UiDevice: Swiping from (540, 1536) to (540, 384) in 60 steps.
07-14 18:36:15.062  6136  6156 I TELON_MCPTT_STACK: [::run]OrgExpire : 7200,Expire :6600 sleep-time:5857
07-14 18:36:15.137  6114  6114 I _LOG_APP: [Util]getMultiTenantNumber : displayNumber = 001-21327
07-14 18:36:15.204  6114 16573 I OpenGLRenderer: Davey! duration=9223345864592ms; Flags=0, FrameTimelineVsyncId=146235, IntendedVsync=26172261686613, Vsync=26172261686613, InputEventId=-515571225, HandleInputStart=26172263605015, AnimationStart=26172265601056, PerformTraversalsStart=26172265682515, DrawStart=26172265948035, FrameDeadline=26172278353279, FrameInterval=26172263586421, FrameStartTime=16666666, SyncQueued=26172266327931, SyncStart=26172266539181, IssueDrawCommandsStart=26172267722567, SwapBuffers=26172272224337, FrameCompleted=9223372036854775807, DequeueBufferDuration=93489, QueueBufferDuration=2992084, GpuCompleted=9223372036854775807, SwapBuffersCompleted=26172276254285, DisplayPresentTime=0, 
07-14 18:36:15.255  6114 16573 I OpenGLRenderer: Davey! duration=9223345864542ms; Flags=0, FrameTimelineVsyncId=146240, IntendedVsync=26172311832848, Vsync=26172311832848, InputEventId=-867953241, HandleInputStart=26172313303712, AnimationStart=26172315049233, PerformTraversalsStart=26172315070952, DrawStart=26172315224442, FrameDeadline=26172345166180, FrameInterval=26172313291785, FrameStartTime=16666666, SyncQueued=26172315662983, SyncStart=26172315875171, IssueDrawCommandsStart=26172317037150, SwapBuffers=26172322274181, FrameCompleted=9223372036854775807, DequeueBufferDuration=66041, QueueBufferDuration=1402604, GpuCompleted=9223372036854775807, SwapBuffersCompleted=26172326176525, DisplayPresentTime=0, 
07-14 18:36:15.270  6114 16573 I OpenGLRenderer: Davey! duration=9223345864525ms; Flags=0, FrameTimelineVsyncId=146242, IntendedVsync=26172328542669, Vsync=26172328542669, InputEventId=-343592317, HandleInputStart=26172329869077, AnimationStart=26172332304650, PerformTraversalsStart=26172332358556, DrawStart=26172332565119, FrameDeadline=26172361876001, FrameInterval=26172329854337, FrameStartTime=16666666, SyncQueued=26172332968087, SyncStart=26172333295744, IssueDrawCommandsStart=26172333787202, SwapBuffers=26172341342202, FrameCompleted=9223372036854775807, DequeueBufferDuration=1350053, QueueBufferDuration=2794167, GpuCompleted=9223372036854775807, SwapBuffersCompleted=26172345825015, DisplayPresentTime=0, 
07-14 18:36:15.318  6114  6114 I _LOG_APP: [Util]getMultiTenantNumber : displayNumber = 001-21328
07-14 18:36:15.469  6114  6114 I _LOG_APP: [Util]getMultiTenantNumber : displayNumber = 001-12311
07-14 18:36:15.571  6114  6643 I OpenGLRenderer: Davey! duration=9223345864225ms; Flags=0, FrameTimelineVsyncId=146276, IntendedVsync=26172629008259, Vsync=26172629008259, InputEventId=-905785801, HandleInputStart=26172630315535, AnimationStart=26172632360796, PerformTraversalsStart=26172632427879, DrawStart=26172632662514, FrameDeadline=26172662341591, FrameInterval=26172630304910, FrameStartTime=16666666, SyncQueued=26172633119389, SyncStart=26172633725744, IssueDrawCommandsStart=26172634648712, SwapBuffers=26172640375900, FrameCompleted=9223372036854775807, DequeueBufferDuration=76250, QueueBufferDuration=2036563, GpuCompleted=9223372036854775807, SwapBuffersCompleted=26172645492254, DisplayPresentTime=3345452569198592020, 
07-14 18:36:15.638  6114  6114 I _LOG_APP: [Util]getMultiTenantNumber : displayNumber = 001-12312
07-14 18:36:15.738  6114 13227 I OpenGLRenderer: Davey! duration=9223345864058ms; Flags=0, FrameTimelineVsyncId=146294, IntendedVsync=26172796237140, Vsync=26172796237140, InputEventId=-635290669, HandleInputStart=26172797718452, AnimationStart=26172800248764, PerformTraversalsStart=26172800306525, DrawStart=26172800514650, FrameDeadline=26172829570472, FrameInterval=26172797708921, FrameStartTime=16666666, SyncQueued=26172801448608, SyncStart=26172801824494, IssueDrawCommandsStart=26172802492462, SwapBuffers=26172806103348, FrameCompleted=9223372036854775807, DequeueBufferDuration=43178, QueueBufferDuration=3178385, GpuCompleted=9223372036854775807, SwapBuffersCompleted=26172810995900, DisplayPresentTime=27303270317228133, 
07-14 18:36:15.803  6114 13227 I OpenGLRenderer: Davey! duration=9223345863991ms; Flags=0, FrameTimelineVsyncId=146301, IntendedVsync=26172863013488, Vsync=26172863013488, InputEventId=-1013271867, HandleInputStart=26172865721837, AnimationStart=26172867202046, PerformTraversalsStart=26172867252775, DrawStart=26172867424650, FrameDeadline=26172896346820, FrameInterval=26172865694389, FrameStartTime=16666666, SyncQueued=26172867884441, SyncStart=26172868245535, IssueDrawCommandsStart=26172869198400, SwapBuffers=26172873224129, FrameCompleted=9223372036854775807, DequeueBufferDuration=132604, QueueBufferDuration=3244740, GpuCompleted=9223372036854775807, SwapBuffersCompleted=26172877851368, DisplayPresentTime=7809631459534646891, 
07-14 18:36:15.799  6114  6114 W Thread-14: type=1400 audit(0.0:9820): avc: denied { read } for name="tcp" dev="proc" ino=4026532114 scontext=u:r:untrusted_app:s0:c123,c256,c512,c768 tcontext=u:object_r:proc_net_tcp_udp:s0 tclass=file permissive=0 app=com.EveryTalk.Global
07-14 18:36:15.837  6114  6114 I _LOG_APP: [Util]getMultiTenantNumber : displayNumber = 001-12313
07-14 18:36:15.902  6114 13227 I OpenGLRenderer: Davey! duration=9223345863890ms; Flags=0, FrameTimelineVsyncId=146311, IntendedVsync=26172963392314, Vsync=26172963392314, InputEventId=-687452064, HandleInputStart=26172965078712, AnimationStart=26172965887098, PerformTraversalsStart=26172965929025, DrawStart=26172966109441, FrameDeadline=26172996725646, FrameInterval=26172965072931, FrameStartTime=16666666, SyncQueued=26172966480796, SyncStart=26172967040327, IssueDrawCommandsStart=26172968350952, SwapBuffers=26172973594910, FrameCompleted=9223372036854775807, DequeueBufferDuration=67083, QueueBufferDuration=3447396, GpuCompleted=9223372036854775807, SwapBuffersCompleted=26172979441108, DisplayPresentTime=7450195644178000239, 
07-14 18:36:15.935  6114 13227 I OpenGLRenderer: Davey! duration=9223345863857ms; Flags=0, FrameTimelineVsyncId=146314, IntendedVsync=26172996763127, Vsync=26172996763127, InputEventId=-814280407, HandleInputStart=26172997972150, AnimationStart=26172999187410, PerformTraversalsStart=26172999259285, DrawStart=26172999499546, FrameDeadline=26173030096459, FrameInterval=26172997966733, FrameStartTime=16666666, SyncQueued=26173000267462, SyncStart=26173000466941, IssueDrawCommandsStart=26173001687671, SwapBuffers=26173006100952, FrameCompleted=9223372036854775807, DequeueBufferDuration=92396, QueueBufferDuration=1457395, GpuCompleted=9223372036854775807, SwapBuffersCompleted=26173008710223, DisplayPresentTime=518393962693000, 
07-14 18:36:15.987  6114  8573 I OpenGLRenderer: Davey! duration=9223345863807ms; Flags=0, FrameTimelineVsyncId=146319, IntendedVsync=26173046865093, Vsync=26173046865093, InputEventId=-787480019, HandleInputStart=26173048683556, AnimationStart=26173050697358, PerformTraversalsStart=26173050760483, DrawStart=26173050980431, FrameDeadline=26173080198425, FrameInterval=26173048664389, FrameStartTime=16666666, SyncQueued=26173051387514, SyncStart=26173051587775, IssueDrawCommandsStart=26173052216681, SwapBuffers=26173054820587, FrameCompleted=9223372036854775807, DequeueBufferDuration=28177, QueueBufferDuration=1292916, GpuCompleted=9223372036854775807, SwapBuffersCompleted=26173056961837, DisplayPresentTime=21955361722269767, 
07-14 18:36:16.062  6136  6156 I TELON_MCPTT_STACK: [::run]OrgExpire : 7200,Expire :6600 sleep-time:5856
07-14 18:36:16.071  6114  6114 I _LOG_APP: [Util]getMultiTenantNumber : displayNumber = 001-12314
07-14 18:36:16.086  6114 13227 I OpenGLRenderer: Davey! duration=9223345863707ms; Flags=0, FrameTimelineVsyncId=146329, IntendedVsync=26173147090095, Vsync=26173147090095, InputEventId=-716409786, HandleInputStart=26173148065379, AnimationStart=26173149429389, PerformTraversalsStart=26173149492931, DrawStart=26173149685223, FrameDeadline=26173180423427, FrameInterval=26173148059598, FrameStartTime=16666666, SyncQueued=26173150304285, SyncStart=26173150523243, IssueDrawCommandsStart=26173151423556, SwapBuffers=26173155351108, FrameCompleted=9223372036854775807, DequeueBufferDuration=60520, QueueBufferDuration=2931093, GpuCompleted=9223372036854775807, SwapBuffersCompleted=26173159241108, DisplayPresentTime=1818321519, 
07-14 18:36:16.150  6114 13227 I OpenGLRenderer: Davey! duration=9223345863640ms; Flags=0, FrameTimelineVsyncId=146336, IntendedVsync=26173213849432, Vsync=26173213849432, InputEventId=-139264470, HandleInputStart=26173214796160, AnimationStart=26173216197462, PerformTraversalsStart=26173216252931, DrawStart=26173216452670, FrameDeadline=26173247182764, FrameInterval=26173214779962, FrameStartTime=16666666, SyncQueued=26173216837879, SyncStart=26173217014077, IssueDrawCommandsStart=26173218042827, SwapBuffers=26173222266889, FrameCompleted=9223372036854775807, DequeueBufferDuration=69427, QueueBufferDuration=1421510, GpuCompleted=9223372036854775807, SwapBuffersCompleted=26173224417254, DisplayPresentTime=7018136992855520357, 
07-14 18:36:16.169  6114 13227 I OpenGLRenderer: Davey! duration=9223345863623ms; Flags=0, FrameTimelineVsyncId=146338, IntendedVsync=26173230515323, Vsync=26173230515323, InputEventId=-946168085, HandleInputStart=26173231754389, AnimationStart=26173233205639, PerformTraversalsStart=26173233254806, DrawStart=26173233934285, FrameDeadline=26173263848655, FrameInterval=26173231739598, FrameStartTime=16666666, SyncQueued=26173234318920, SyncStart=26173234931004, IssueDrawCommandsStart=26173235783452, SwapBuffers=26173239542306, FrameCompleted=9223372036854775807, DequeueBufferDuration=72500, QueueBufferDuration=3463854, GpuCompleted=9223372036854775807, SwapBuffersCompleted=26173244859545, DisplayPresentTime=32651612701130798, 
07-14 18:36:16.252  6114 13227 I OpenGLRenderer: Davey! duration=9223345863540ms; Flags=0, FrameTimelineVsyncId=146346, IntendedVsync=26173313947608, Vsync=26173313947608, InputEventId=-324423987, HandleInputStart=26173315278504, AnimationStart=26173316952306, PerformTraversalsStart=26173317012202, DrawStart=26173317223347, FrameDeadline=26173347280940, FrameInterval=26173315260743, FrameStartTime=16666666, SyncQueued=26173317651785, SyncStart=26173318048087, IssueDrawCommandsStart=26173319059650, SwapBuffers=26173323090014, FrameCompleted=9223372036854775807, DequeueBufferDuration=68020, QueueBufferDuration=3195052, GpuCompleted=9223372036854775807, SwapBuffersCompleted=26173327533400, DisplayPresentTime=27585024466092103, 
07-14 18:36:16.254  6114  6114 I _LOG_APP: [Util]getMultiTenantNumber : displayNumber = 001-12315
07-14 18:36:16.276  6114 16573 I OpenGLRenderer: Davey! duration=9223345863524ms; Flags=0, FrameTimelineVsyncId=146348, IntendedVsync=26173330643993, Vsync=26173330643993, InputEventId=-7564934, HandleInputStart=26173331952931, AnimationStart=26173333673764, PerformTraversalsStart=26173333730118, DrawStart=26173333950847, FrameDeadline=26173363977325, FrameInterval=26173331935431, FrameStartTime=16666666, SyncQueued=26173334136785, SyncStart=26173334221785, IssueDrawCommandsStart=26173334634441, SwapBuffers=26173339436889, FrameCompleted=9223372036854775807, DequeueBufferDuration=26667, QueueBufferDuration=2893333, GpuCompleted=9223372036854775807, SwapBuffersCompleted=26173344131941, DisplayPresentTime=5273280192572582263, 
07-14 18:36:16.376 16898 16898 D ProcessState: Binder ioctl to enable oneway spam detection failed: Invalid argument
07-14 18:36:16.387     0     0 I binder  : 16898:16898 ioctl 40046210 7feacde4b4 returned -22
07-14 18:36:16.384  6114  8573 I OpenGLRenderer: Davey! duration=9223345863406ms; Flags=0, FrameTimelineVsyncId=146361, IntendedVsync=26173447946747, Vsync=26173447946747, InputEventId=-435200848, HandleInputStart=26173449031577, AnimationStart=26173451016056, PerformTraversalsStart=26173451068764, DrawStart=26173451209233, FrameDeadline=26173481280079, FrameInterval=26173449018920, FrameStartTime=16666666, SyncQueued=26173451546837, SyncStart=26173452195379, IssueDrawCommandsStart=26173453303504, SwapBuffers=26173457140379, FrameCompleted=9223372036854775807, DequeueBufferDuration=73073, QueueBufferDuration=1921875, GpuCompleted=9223372036854775807, SwapBuffersCompleted=26173460447879, DisplayPresentTime=7450195644178000239, 
07-14 18:36:16.422  6114  6114 I _LOG_APP: [Util]getMultiTenantNumber : displayNumber = 001-12316
07-14 18:36:16.473  6114 13227 I OpenGLRenderer: Davey! duration=9223345863339ms; Flags=0, FrameTimelineVsyncId=146368, IntendedVsync=26173514678697, Vsync=26173514678697, InputEventId=0, HandleInputStart=26173516226108, AnimationStart=26173516228660, PerformTraversalsStart=26173522493399, DrawStart=26173522755639, FrameDeadline=26173548012029, FrameInterval=26173516217722, FrameStartTime=16666666, SyncQueued=26173524086785, SyncStart=26173524271264, IssueDrawCommandsStart=26173525184962, SwapBuffers=26173540487566, FrameCompleted=9223372036854775807, DequeueBufferDuration=10547083, QueueBufferDuration=2437344, GpuCompleted=9223372036854775807, SwapBuffersCompleted=26173546027202, DisplayPresentTime=518471272103936, 
07-14 18:36:16.577  6114  8573 I OpenGLRenderer: Davey! duration=9223345863233ms; Flags=0, FrameTimelineVsyncId=146380, IntendedVsync=26173614954617, Vsync=26173614954617, InputEventId=0, HandleInputStart=26173622661524, AnimationStart=26173622665535, PerformTraversalsStart=26173623493712, DrawStart=26173623692670, FrameDeadline=26173648287949, FrameInterval=26173622648660, FrameStartTime=16666666, SyncQueued=26173624091889, SyncStart=26173630682827, IssueDrawCommandsStart=26173631864389, SwapBuffers=26173644977462, FrameCompleted=9223372036854775807, DequeueBufferDuration=9000521, QueueBufferDuration=1228489, GpuCompleted=9223372036854775807, SwapBuffersCompleted=26173647230535, DisplayPresentTime=3255295502, 
07-14 18:36:16.722  6114 13227 I OpenGLRenderer: Davey! duration=9223345863090ms; Flags=0, FrameTimelineVsyncId=146395, IntendedVsync=26173748636513, Vsync=26173748636513, InputEventId=0, HandleInputStart=26173751792774, AnimationStart=26173751795483, PerformTraversalsStart=26173752610431, DrawStart=26173752803347, FrameDeadline=26173781969845, FrameInterval=26173751781316, FrameStartTime=16666666, SyncQueued=26173753113764, SyncStart=26173768508087, IssueDrawCommandsStart=26173770929754, SwapBuffers=26173790775483, FrameCompleted=9223372036854775807, DequeueBufferDuration=13813489, QueueBufferDuration=2392969, GpuCompleted=9223372036854775807, SwapBuffersCompleted=26173794212618, DisplayPresentTime=3345452569198592020, 
07-14 18:36:16.921 16808 16904 D UIAutomatorStub: URI: /jsonrpc/0, Method: POST, params, {NanoHttpd.QUERY_STRING=null}, files: {postData={"jsonrpc": "2.0", "id": 1, "method": "exist", "params": [{"mask": 2097153, "childOrSibling": [], "childOrSiblingSelector": [], "resourceId": "com.EveryTalk.Global:id/group_name", "text": "JH_Pri 01"}]}}
07-14 18:36:16.923 16808 16904 D UiDevice: Retrieving node with selector: BySelector [RES='\Qcom.EveryTalk.Global:id/group_name\E', TEXT='\QJH_Pri 01\E'].
07-14 18:36:16.924 16808 16904 W QueryController: Could not detect idle state.
07-14 18:36:17.025 16808 16905 D UIAutomatorStub: URI: /jsonrpc/0, Method: POST, params, {NanoHttpd.QUERY_STRING=null}, files: {postData={"jsonrpc": "2.0", "id": 1, "method": "exist", "params": [{"mask": 2097153, "childOrSibling": [], "childOrSiblingSelector": [], "resourceId": "com.EveryTalk.Global:id/group_name", "text": "JH_Pri 01"}]}}
07-14 18:36:17.027 16808 16905 D UiDevice: Retrieving node with selector: BySelector [RES='\Qcom.EveryTalk.Global:id/group_name\E', TEXT='\QJH_Pri 01\E'].
07-14 18:36:17.029 16808 16905 W QueryController: Could not detect idle state.
07-14 18:36:17.065  6136  6156 I TELON_MCPTT_STACK: [::run]OrgExpire : 7200,Expire :6600 sleep-time:5855
07-14 18:36:17.094 16808 16906 D UIAutomatorStub: URI: /jsonrpc/0, Method: POST, params, {NanoHttpd.QUERY_STRING=null}, files: {postData={"jsonrpc": "2.0", "id": 1, "method": "objInfo", "params": [{"mask": 2097153, "childOrSibling": [], "childOrSiblingSelector": [], "resourceId": "com.EveryTalk.Global:id/group_name", "text": "JH_Pri 01"}]}}
07-14 18:36:17.099 16808 16906 D UiDevice: Retrieving node with selector: BySelector [RES='\Qcom.EveryTalk.Global:id/group_name\E', TEXT='\QJH_Pri 01\E'].
07-14 18:36:17.100 16808 16906 W QueryController: Could not detect idle state.
07-14 18:36:17.142 16808 16906 W QueryController: Could not detect idle state.
07-14 18:36:17.163 16808 16906 W QueryController: Could not detect idle state.
07-14 18:36:17.181 16808 16906 W QueryController: Could not detect idle state.
07-14 18:36:17.199 16808 16906 W QueryController: Could not detect idle state.
07-14 18:36:17.230 16808 16906 W QueryController: Could not detect idle state.
07-14 18:36:17.247 16808 16906 W QueryController: Could not detect idle state.
07-14 18:36:17.263 16808 16906 W QueryController: Could not detect idle state.
07-14 18:36:17.282 16808 16906 W QueryController: Could not detect idle state.
07-14 18:36:17.316 16808 16906 W QueryController: Could not detect idle state.
07-14 18:36:17.329 16808 16906 W QueryController: Could not detect idle state.
07-14 18:36:17.361 16808 16906 W QueryController: Could not detect idle state.
07-14 18:36:17.378 16808 16906 W QueryController: Could not detect idle state.
07-14 18:36:17.389 16808 16906 W QueryController: Could not detect idle state.
07-14 18:36:17.402 16808 16906 W QueryController: Could not detect idle state.
07-14 18:36:17.412 16808 16906 W QueryController: Could not detect idle state.
07-14 18:36:17.420 16808 16906 W QueryController: Could not detect idle state.
07-14 18:36:17.428 16808 16906 W QueryController: Could not detect idle state.
07-14 18:36:17.434 16808 16906 W QueryController: Could not detect idle state.
07-14 18:36:17.505 16808 16907 D UIAutomatorStub: URI: /jsonrpc/0, Method: POST, params, {NanoHttpd.QUERY_STRING=null}, files: {postData={"jsonrpc": "2.0", "id": 1, "method": "objInfoOfAllInstances", "params": [{"mask": 2097152, "childOrSibling": [], "childOrSiblingSelector": [], "resourceId": "com.EveryTalk.Global:id/group_session_divider_text"}]}}
07-14 18:36:17.515 16808 16907 D UiObject: Waiting 0ms for UiSelector[RESOURCE_ID=com.EveryTalk.Global:id/group_session_divider_text].
07-14 18:36:17.517 16808 16907 W QueryController: Could not detect idle state.
07-14 18:36:17.640 16808 16908 D UIAutomatorStub: URI: /jsonrpc/0, Method: POST, params, {NanoHttpd.QUERY_STRING=null}, files: {postData={"jsonrpc": "2.0", "id": 1, "method": "objInfo", "params": [{"mask": 2097153, "childOrSibling": [], "childOrSiblingSelector": [], "resourceId": "com.EveryTalk.Global:id/group_name", "text": "JH_Pri 01"}]}}
07-14 18:36:17.642 16808 16908 D UiDevice: Retrieving node with selector: BySelector [RES='\Qcom.EveryTalk.Global:id/group_name\E', TEXT='\QJH_Pri 01\E'].
07-14 18:36:17.643 16808 16908 W QueryController: Could not detect idle state.
07-14 18:36:17.660 16808 16908 W QueryController: Could not detect idle state.
07-14 18:36:17.664 16808 16908 W QueryController: Could not detect idle state.
07-14 18:36:17.669 16808 16908 W QueryController: Could not detect idle state.
07-14 18:36:17.673 16808 16908 W QueryController: Could not detect idle state.
07-14 18:36:17.678 16808 16908 W QueryController: Could not detect idle state.
07-14 18:36:17.683 16808 16908 W QueryController: Could not detect idle state.
07-14 18:36:17.688 16808 16908 W QueryController: Could not detect idle state.
07-14 18:36:17.693 16808 16908 W QueryController: Could not detect idle state.
07-14 18:36:17.698 16808 16908 W QueryController: Could not detect idle state.
07-14 18:36:17.703 16808 16908 W QueryController: Could not detect idle state.
07-14 18:36:17.708 16808 16908 W QueryController: Could not detect idle state.
07-14 18:36:17.716 16808 16908 W QueryController: Could not detect idle state.
07-14 18:36:17.723 16808 16908 W QueryController: Could not detect idle state.
07-14 18:36:17.731 16808 16908 W QueryController: Could not detect idle state.
07-14 18:36:17.736 16808 16908 W QueryController: Could not detect idle state.
07-14 18:36:17.740 16808 16908 W QueryController: Could not detect idle state.
07-14 18:36:17.745 16808 16908 W QueryController: Could not detect idle state.
07-14 18:36:17.750 16808 16908 W QueryController: Could not detect idle state.
07-14 18:36:17.814 16808 16910 D UIAutomatorStub: URI: /jsonrpc/0, Method: POST, params, {NanoHttpd.QUERY_STRING=null}, files: {postData={"jsonrpc": "2.0", "id": 1, "method": "objInfoOfAllInstances", "params": [{"mask": 2097152, "childOrSibling": [], "childOrSiblingSelector": [], "resourceId": "com.EveryTalk.Global:id/btn_more"}]}}
07-14 18:36:17.818 16808 16910 D UiObject: Waiting 0ms for UiSelector[RESOURCE_ID=com.EveryTalk.Global:id/btn_more].
07-14 18:36:17.820 16808 16910 W QueryController: Could not detect idle state.
07-14 18:36:17.833 16808 16910 I QueryController: Matched selector: UiSelector[RESOURCE_ID=com.EveryTalk.Global:id/btn_more] <<==>> [android.view.accessibility.AccessibilityNodeInfo@6f521ce; boundsInParent: Rect(0, 0 - 150, 83); boundsInScreen: Rect(930, 397 - 1080, 478); packageName: com.EveryTalk.Global; className: android.widget.ImageView; text: null; error: null; maxTextLength: -1; stateDescription: null; contentDescription: null; tooltipText: null; viewIdResName: com.EveryTalk.Global:id/btn_more; checkable: false; checked: false; focusable: false; focused: false; selected: false; clickable: false; longClickable: false; contextClickable: false; enabled: true; password: false; scrollable: false; importantForAccessibility: false; visible: true; actions: [AccessibilityAction: ACTION_SELECT - null, AccessibilityAction: ACTION_CLEAR_SELECTION - null, AccessibilityAction: ACTION_ACCESSIBILITY_FOCUS - null, AccessibilityAction: ACTION_SHOW_ON_SCREEN - null]]
07-14 18:36:17.834 16808 16910 D UiObject: Waiting 0ms for UiSelector[INSTANCE=1, RESOURCE_ID=com.EveryTalk.Global:id/btn_more].
07-14 18:36:17.836 16808 16910 W QueryController: Could not detect idle state.
