06-28 03:51:17.089     0     0 I input   : sdm660-tasha-snd-card Button Jack as /devices/platform/soc/soc:sound-9335/sound/card0/input7
06-28 03:51:17.088  1053  1053 D CompatConfig: Adding: com.android.server.compat.config.Change@aaf5102
06-28 03:51:17.089  1053  1053 D CompatConfig: Adding: com.android.server.compat.config.Change@e04a13
06-28 03:51:17.090  1053  1053 D CompatConfig: Adding: com.android.server.compat.config.Change@3c38450
06-28 03:51:17.090  1053  1053 D CompatConfig: Adding: com.android.server.compat.config.Change@26fe649
06-28 03:51:17.090  1053  1053 D CompatConfig: Adding: com.android.server.compat.config.Change@7b746f
06-28 03:51:17.091  1053  1053 D CompatConfig: Adding: com.android.server.compat.config.Change@ee4957c
06-28 03:51:17.091  1053  1616 I SystemConfig: Reading permissions from /system/etc/sysconfig/ctb_whitelist.xml
06-28 03:51:17.091  1053  1053 D CompatConfig: Adding: com.android.server.compat.config.Change@6c79e05
06-28 03:51:17.092  1053  1053 D CompatConfig: Adding: com.android.server.compat.config.Change@201fe5a
06-28 03:51:17.092  1053  1053 D CompatConfig: Adding: com.android.server.compat.config.Change@9f4e88b
06-28 03:51:17.093  1053  1053 D CompatConfig: Adding: com.android.server.compat.config.Change@2a38d68
06-28 03:51:17.093  1053  1053 D CompatConfig: Adding: com.android.server.compat.config.Change@b291581
06-28 03:51:17.093  1053  1053 D CompatConfig: Adding: com.android.server.compat.config.Change@7d1a626
06-28 03:51:17.094  1053  1616 I SystemConfig: Reading permissions from /system/etc/sysconfig/hiddenapi-package-whitelist.xml
06-28 03:51:17.094  1053  1053 D CompatConfig: Adding: com.android.server.compat.config.Change@6d81814
06-28 03:51:17.095  1053  1053 D CompatConfig: Adding: com.android.server.compat.config.Change@4d088bd
06-28 03:51:17.095  1053  1053 D CompatConfig: Adding: com.android.server.compat.config.Change@5a1feb2
06-28 03:51:17.095  1053  1053 D CompatConfig: Adding: com.android.server.compat.config.Change@13fde03
06-28 03:51:17.096  1053  1053 D CompatConfig: Adding: com.android.server.compat.config.Change@728a180
06-28 03:51:17.096  1053  1053 D CompatConfig: Adding: com.android.server.compat.config.Change@681f3b9
06-28 03:51:17.096  1053  1053 D CompatConfig: Adding: com.android.server.compat.config.Change@8d8575f
06-28 03:51:17.097  1053  1616 I SystemConfig: Reading permissions from /system/etc/sysconfig/preinstalled-packages-platform.xml
06-28 03:51:17.097  1053  1053 D CompatConfig: Adding: com.android.server.compat.config.Change@13655ac
06-28 03:51:17.098  1053  1053 D CompatConfig: Adding: com.android.server.compat.config.Change@1451275
06-28 03:51:17.098  1053  1053 D CompatConfig: Adding: com.android.server.compat.config.Change@186b20a
06-28 03:51:17.098  1053  1053 D CompatConfig: Adding: com.android.server.compat.config.Change@e550a7b
06-28 03:51:17.099  1053  1053 D CompatConfig: Adding: com.android.server.compat.config.Change@9892098
06-28 03:51:17.099  1053  1053 D CompatConfig: Adding: com.android.server.compat.config.Change@4e160f1
06-28 03:51:17.099  1053  1053 D CompatConfig: Adding: com.android.server.compat.config.Change@ae5e4d6
06-28 03:51:17.100  1053  1053 D CompatConfig: Adding: com.android.server.compat.config.Change@31fd357
06-28 03:51:17.100  1053  1053 D CompatConfig: Adding: com.android.server.compat.config.Change@33bae44
06-28 03:51:17.100  1053  1053 D CompatConfig: Adding: com.android.server.compat.config.Change@c1a1b2d
06-28 03:51:17.101  1053  1053 D CompatConfig: Adding: com.android.server.compat.config.Change@d337862
06-28 03:51:17.101  1053  1053 D CompatConfig: Adding: com.android.server.compat.config.Change@6676ab0
06-28 03:51:17.101  1053  1616 I SystemConfig: Reading permissions from /system/etc/sysconfig/framework-sysconfig.xml
06-28 03:51:17.102  1053  1053 D CompatConfig: Adding: com.android.server.compat.config.Change@aa3d29
06-28 03:51:17.102  1053  1053 D CompatConfig: Adding: com.android.server.compat.config.Change@dd4b8ae
06-28 03:51:17.103  1053  1053 D CompatConfig: Adding: com.android.server.compat.config.Change@86bd64f
06-28 03:51:17.103  1053  1053 D CompatConfig: Adding: com.android.server.compat.config.Change@15081dc
06-28 03:51:17.103  1053  1053 D CompatConfig: Adding: com.android.server.compat.config.Change@30082e5
06-28 03:51:17.104  1053  1053 D CompatConfig: Adding: com.android.server.compat.config.Change@137b1ba
06-28 03:51:17.104  1053  1616 I SystemConfig: Reading permissions from /system/etc/sysconfig/preinstalled-packages-com.android.providers.media.module.xml
06-28 03:51:17.104  1053  1053 D CompatConfig: Adding: com.android.server.compat.config.Change@51dfc8
06-28 03:51:17.105  1053  1053 D CompatConfig: Adding: com.android.server.compat.config.Change@1bb6861
06-28 03:51:17.105  1053  1053 D CompatConfig: Adding: com.android.server.compat.config.Change@29f2f86
06-28 03:51:17.106  1053  1053 D CompatConfig: Adding: com.android.server.compat.config.Change@5e64047
06-28 03:51:17.106  1053  1053 D CompatConfig: Adding: com.android.server.compat.config.Change@8893074
06-28 03:51:17.106  1053  1053 D CompatConfig: Adding: com.android.server.compat.config.Change@caebe12
06-28 03:51:17.107  1053  1053 D CompatConfig: Adding: com.android.server.compat.config.Change@83c99e3
06-28 03:51:17.107  1053  1616 I SystemConfig: Reading permissions from /system/etc/sysconfig/preinstalled-packages-platform-full-base.xml
06-28 03:51:17.108  1053  1053 D CompatConfig: Adding: com.android.server.compat.config.Change@142dfe0
06-28 03:51:17.108  1053  1053 D CompatConfig: Adding: com.android.server.compat.config.Change@efc299
06-28 03:51:17.108  1053  1053 D CompatConfig: Adding: com.android.server.compat.config.Change@eb6a95e
06-28 03:51:17.101     0     0 E OF      : /soc/qcom,msm-audio-apr/qcom,q6core-audio/sound-tavil: could not get #gpio-cells for /soc/slim@151c0000/tavil_codec/msm_cdc_pinctrl_hph_en1
06-28 03:51:17.106     0     0 E OF      : /soc/qcom,msm-audio-apr/qcom,q6core-audio/sound-tavil: could not get #gpio-cells for /soc/slim@151c0000/tavil_codec/msm_cdc_pinctrl_hph_en0
06-28 03:51:17.109  1053  1053 D CompatConfig: Adding: com.android.server.compat.config.Change@814f13f
06-28 03:51:17.109  1053  1053 D CompatConfig: Adding: com.android.server.compat.config.Change@8261a0c
06-28 03:51:17.110  1053  1053 D CompatConfig: Adding: com.android.server.compat.config.Change@570ef55
06-28 03:51:17.110  1053  1053 D CompatConfig: Adding: com.android.server.compat.config.Change@abffd6a
06-28 03:51:17.110  1053  1053 D CompatConfig: Adding: com.android.server.compat.config.Change@cf1625b
06-28 03:51:17.111  1053  1053 D CompatConfig: Adding: com.android.server.compat.config.Change@c20caf8
06-28 03:51:17.111  1053  1053 D CompatConfig: Adding: com.android.server.compat.config.Change@b9e2bd1
06-28 03:51:17.111  1053  1053 D CompatConfig: Adding: com.android.server.compat.config.Change@8588636
06-28 03:51:17.112  1053  1053 D CompatConfig: Adding: com.android.server.compat.config.Change@a59c937
06-28 03:51:17.112  1053  1053 D CompatConfig: Adding: com.android.server.compat.config.Change@b139ea4
06-28 03:51:17.112  1053  1053 D CompatConfig: Adding: com.android.server.compat.config.Change@81ecfc2
06-28 03:51:17.113  1053  1053 D CompatConfig: Adding: com.android.server.compat.config.Change@a77c1d3
06-28 03:51:17.113  1053  1053 D CompatConfig: Adding: com.android.server.compat.config.Change@e3e0110
06-28 03:51:17.113  1053  1053 D CompatConfig: Adding: com.android.server.compat.config.Change@7198409
06-28 03:51:17.114  1053  1616 I SystemConfig: Reading permissions from /system/etc/permissions/privapp-permissions-platform.xml
06-28 03:51:17.116  1053  1053 D CompatConfig: Found a config file: /system/etc/compatconfig/icu4j-platform-compat-config.xml
06-28 03:51:17.118  1053  1053 D CompatConfig: Adding: com.android.server.compat.config.Change@672a82f
06-28 03:51:17.120  1053  1053 D CompatConfig: Found a config file: /system/etc/compatconfig/calendar-provider-compat-config.xml
06-28 03:51:17.121  1053  1053 D CompatConfig: Adding: com.android.server.compat.config.Change@dcd57c5
06-28 03:51:17.123  1053  1053 D CompatConfig: Found a config file: /system/etc/compatconfig/services-platform-compat-config.xml
06-28 03:51:17.120     0     0 E OF      : /soc/qcom,msm-audio-apr/qcom,q6core-audio/sound-tavil: could not get #gpio-cells for /soc/slim@151c0000/tavil_codec/msm_cdc_pinctrl_us_euro_sw
06-28 03:51:17.124  1053  1616 I SystemConfig: Reading permissions from /system/etc/permissions/uimremoteserver.xml
06-28 03:51:17.126  1053  1053 D CompatConfig: Adding: com.android.server.compat.config.Change@d8e228
06-28 03:51:17.126  1053  1053 D CompatConfig: Adding: com.android.server.compat.config.Change@22ce8e6
06-28 03:51:17.127  1053  1616 I SystemConfig: Reading permissions from /system/etc/permissions/android.software.verified_boot.xml
06-28 03:51:17.127  1053  1053 D CompatConfig: Adding: com.android.server.compat.config.Change@3f96e27
06-28 03:51:17.128  1053  1053 D CompatConfig: Adding: com.android.server.compat.config.Change@9edf8d4
06-28 03:51:17.128  1053  1053 D CompatConfig: Adding: com.android.server.compat.config.Change@41bba7d
06-28 03:51:17.128  1053  1053 D CompatConfig: Adding: com.android.server.compat.config.Change@c4ead72
06-28 03:51:17.129  1053  1053 D CompatConfig: Adding: com.android.server.compat.config.Change@e84c5c3
06-28 03:51:17.129  1053  1053 D CompatConfig: Adding: com.android.server.compat.config.Change@2ae8179
06-28 03:51:17.129  1053  1053 D CompatConfig: Adding: com.android.server.compat.config.Change@c562ebe
06-28 03:51:17.130  1053  1053 D CompatConfig: Adding: com.android.server.compat.config.Change@7e3fb1f
06-28 03:51:17.130  1053  1616 I SystemConfig: Reading permissions from /system/etc/permissions/com.android.future.usb.accessory.xml
06-28 03:51:17.130  1053  1053 D CompatConfig: Adding: com.android.server.compat.config.Change@b8f8e6c
06-28 03:51:17.131  1053  1053 D CompatConfig: Adding: com.android.server.compat.config.Change@d0cbc35
06-28 03:51:17.131  1053  1053 D CompatConfig: Adding: com.android.server.compat.config.Change@5c278ca
06-28 03:51:17.132  1053  1053 D CompatConfig: Adding: com.android.server.compat.config.Change@ad72a3b
06-28 03:51:17.132  1053  1053 D CompatConfig: Adding: com.android.server.compat.config.Change@11d2558
06-28 03:51:17.132  1053  1053 D CompatConfig: Adding: com.android.server.compat.config.Change@2f75796
06-28 03:51:17.133  1053  1053 D CompatConfig: Adding: com.android.server.compat.config.Change@4042f17
06-28 03:51:17.133  1053  1053 D CompatConfig: Adding: com.android.server.compat.config.Change@eeb3f04
06-28 03:51:17.133  1053  1053 D CompatConfig: Adding: com.android.server.compat.config.Change@8753ced
06-28 03:51:17.134  1053  1616 I SystemConfig: Reading permissions from /system/etc/permissions/uimremoteclient.xml
06-28 03:51:17.134  1053  1053 D CompatConfig: Adding: com.android.server.compat.config.Change@ec95722
06-28 03:51:17.134  1053  1053 D CompatConfig: Adding: com.android.server.compat.config.Change@a92a5b3
06-28 03:51:17.135  1053  1053 D CompatConfig: Adding: com.android.server.compat.config.Change@a5f4770
06-28 03:51:17.135  1053  1053 D CompatConfig: Adding: com.android.server.compat.config.Change@2f5bae9
06-28 03:51:17.136  1053  1053 D CompatConfig: Adding: com.android.server.compat.config.Change@ac9c36e
06-28 03:51:17.136  1053  1053 D CompatConfig: Adding: com.android.server.compat.config.Change@687ea0f
06-28 03:51:17.136  1053  1053 D CompatConfig: Adding: com.android.server.compat.config.Change@7c96a9c
06-28 03:51:17.137  1053  1053 D CompatConfig: Adding: com.android.server.compat.config.Change@e52a87a
06-28 03:51:17.137  1053  1053 D CompatConfig: Adding: com.android.server.compat.config.Change@e3182b
06-28 03:51:17.137  1053  1616 I SystemConfig: Reading permissions from /system/etc/permissions/com.ctb.dpm.xml
06-28 03:51:17.138  1053  1053 D CompatConfig: Adding: com.android.server.compat.config.Change@e509488
06-28 03:51:17.138  1053  1053 D CompatConfig: Adding: com.android.server.compat.config.Change@ec0de21
06-28 03:51:17.138  1053  1053 D CompatConfig: Adding: com.android.server.compat.config.Change@a52d246
06-28 03:51:17.139  1053  1053 D CompatConfig: Adding: com.android.server.compat.config.Change@9790c07
06-28 03:51:17.139  1053  1053 D CompatConfig: Adding: com.android.server.compat.config.Change@e9e7134
06-28 03:51:17.139  1053  1616 I SystemConfig: Reading permissions from /system/etc/permissions/android.software.webview.xml
06-28 03:51:17.140  1053  1053 D CompatConfig: Adding: com.android.server.compat.config.Change@dd9ccd2
06-28 03:51:17.140  1053  1053 D CompatConfig: Adding: com.android.server.compat.config.Change@e9061a3
06-28 03:51:17.141  1053  1053 D CompatConfig: Adding: com.android.server.compat.config.Change@84b6ca0
06-28 03:51:17.141  1053  1053 D CompatConfig: Adding: com.android.server.compat.config.Change@6f63059
06-28 03:51:17.141  1053  1053 D CompatConfig: Adding: com.android.server.compat.config.Change@763e41e
06-28 03:51:17.142  1053  1053 D CompatConfig: Adding: com.android.server.compat.config.Change@a0ab2cc
06-28 03:51:17.142  1053  1616 I SystemConfig: Reading permissions from /system/etc/permissions/android.test.mock.xml
06-28 03:51:17.142  1053  1053 D CompatConfig: Adding: com.android.server.compat.config.Change@ed07915
06-28 03:51:17.143  1053  1053 D CompatConfig: Adding: com.android.server.compat.config.Change@ee6242a
06-28 03:51:17.143  1053  1053 D CompatConfig: Adding: com.android.server.compat.config.Change@97e621b
06-28 03:51:17.143  1053  1053 D CompatConfig: Adding: com.android.server.compat.config.Change@8962fb8
06-28 03:51:17.144  1053  1053 D CompatConfig: Adding: com.android.server.compat.config.Change@acc9191
06-28 03:51:17.144  1053  1053 D CompatConfig: Adding: com.android.server.compat.config.Change@49a58f6
06-28 03:51:17.145  1053  1053 D CompatConfig: Adding: com.android.server.compat.config.Change@85a8f64
06-28 03:51:17.145  1053  1053 D CompatConfig: Adding: com.android.server.compat.config.Change@197b5cd
06-28 03:51:17.146  1053  1053 D CompatConfig: Adding: com.android.server.compat.config.Change@8b0e82
06-28 03:51:17.146  1053  1616 I SystemConfig: Reading permissions from /system/etc/permissions/javax.obex.xml
06-28 03:51:17.146  1053  1053 D CompatConfig: Adding: com.android.server.compat.config.Change@42cf993
06-28 03:51:17.147  1053  1053 D CompatConfig: Adding: com.android.server.compat.config.Change@5e33dd0
06-28 03:51:17.147  1053  1053 D CompatConfig: Adding: com.android.server.compat.config.Change@d76e1c9
06-28 03:51:17.147  1053  1053 D CompatConfig: Adding: com.android.server.compat.config.Change@edf90ce
06-28 03:51:17.148  1053  1053 D CompatConfig: Adding: com.android.server.compat.config.Change@a39bef
06-28 03:51:17.148  1053  1616 I SystemConfig: Reading permissions from /system/etc/permissions/com.android.networkstack.xml
06-28 03:51:17.149  1053  1053 D CompatConfig: Adding: com.android.server.compat.config.Change@e02d185
06-28 03:51:17.149  1053  1053 D CompatConfig: Adding: com.android.server.compat.config.Change@4e7ebda
06-28 03:51:17.151  1053  1053 D CompatConfig: Found a config file: /system/etc/compatconfig/documents-ui-compat-config.xml
06-28 03:51:17.152  1053  1053 D CompatConfig: Adding: com.android.server.compat.config.Change@9a40101
06-28 03:51:17.153  1053  1616 I SystemConfig: Reading permissions from /system/etc/permissions/android.hardware.nfc.hce.xml
06-28 03:51:17.156  1053  1616 I SystemConfig: Reading permissions from /system/etc/permissions/com.android.mediadrm.signer.xml
06-28 03:51:17.156  1053  1053 D CompatConfig: Found a config file: /system/system_ext/etc/compatconfig/settings-platform-compat-config.xml
06-28 03:51:17.158  1053  1053 D CompatConfig: Adding: com.android.server.compat.config.Change@6329994
06-28 03:51:17.158  1053  1616 I SystemConfig: Reading permissions from /system/etc/permissions/com.android.networkstack.tethering.xml
06-28 03:51:17.161  1053  1616 I SystemConfig: Reading permissions from /system/etc/permissions/android.test.runner.xml
06-28 03:51:17.161  1053  1053 D CompatConfig: No directory /apex/com.android.wifi/etc/compatconfig, skipping
06-28 03:51:17.162  1053  1053 D CompatConfig: No directory /apex/com.android.vndk.v32/etc/compatconfig, skipping
06-28 03:51:17.163  1053  1053 D CompatConfig: No directory /apex/com.android.tzdata/etc/compatconfig, skipping
06-28 03:51:17.163  1053  1616 I SystemConfig: Reading permissions from /system/etc/permissions/android.software.midi.xml
06-28 03:51:17.163  1053  1053 D CompatConfig: No directory /apex/com.android.tethering/etc/compatconfig, skipping
06-28 03:51:17.164  1053  1053 D CompatConfig: No directory /apex/com.android.sdkext/etc/compatconfig, skipping
06-28 03:51:17.164  1053  1053 D CompatConfig: No directory /apex/com.android.scheduling/etc/compatconfig, skipping
06-28 03:51:17.165  1053  1053 D CompatConfig: No directory /apex/com.android.runtime/etc/compatconfig, skipping
06-28 03:51:17.165  1053  1616 I SystemConfig: Reading permissions from /system/etc/permissions/com.android.location.provider.xml
06-28 03:51:17.166  1053  1053 D CompatConfig: No directory /apex/com.android.resolv/etc/compatconfig, skipping
06-28 03:51:17.166  1053  1053 D CompatConfig: No directory /apex/com.android.permission/etc/compatconfig, skipping
06-28 03:51:17.167  1053  1053 D CompatConfig: No directory /apex/com.android.os.statsd/etc/compatconfig, skipping
06-28 03:51:17.167  1053  1616 I SystemConfig: Reading permissions from /system/etc/permissions/com.ctb.serviceManager.xml
06-28 03:51:17.168  1053  1053 D CompatConfig: No directory /apex/com.android.neuralnetworks/etc/compatconfig, skipping
06-28 03:51:17.169  1053  1053 D CompatConfig: Found a config file: /apex/com.android.mediaprovider/etc/compatconfig/media-provider-platform-compat-config.xml
06-28 03:51:17.170  1053  1616 I SystemConfig: Reading permissions from /system/etc/permissions/privapp-permissions-qti.xml
06-28 03:51:17.171  1053  1053 D CompatConfig: Adding: com.android.server.compat.config.Change@e2f872c
06-28 03:51:17.171  1053  1053 D CompatConfig: Adding: com.android.server.compat.config.Change@d7425f5
06-28 03:51:17.172  1053  1053 D CompatConfig: Adding: com.android.server.compat.config.Change@e82ff8a
06-28 03:51:17.172  1053  1053 D CompatConfig: Adding: com.android.server.compat.config.Change@65f09fb
06-28 03:51:17.172  1053  1053 D CompatConfig: Adding: com.android.server.compat.config.Change@ea3ea18
06-28 03:51:17.173  1053  1053 D CompatConfig: Adding: com.android.server.compat.config.Change@3ae2c71
06-28 03:51:17.173  1053  1053 D CompatConfig: Adding: com.android.server.compat.config.Change@3198a56
06-28 03:51:17.175  1053  1616 I SystemConfig: Reading permissions from /system/etc/permissions/privapp-permissions-ctb.xml
06-28 03:51:17.175  1053  1053 D CompatConfig: No directory /apex/com.android.media.swcodec/etc/compatconfig, skipping
06-28 03:51:17.176  1053  1053 D CompatConfig: No directory /apex/com.android.media/etc/compatconfig, skipping
06-28 03:51:17.176  1053  1053 D CompatConfig: No directory /apex/com.android.ipsec/etc/compatconfig, skipping
06-28 03:51:17.177  1053  1053 D CompatConfig: No directory /apex/com.android.i18n/etc/compatconfig, skipping
06-28 03:51:17.178  1053  1053 D CompatConfig: No directory /apex/com.android.extservices/etc/compatconfig, skipping
06-28 03:51:17.178  1053  1616 I SystemConfig: Reading permissions from /system/etc/permissions/com.ctb.extlib.xml
06-28 03:51:17.178  1053  1053 D CompatConfig: No directory /apex/com.android.conscrypt/etc/compatconfig, skipping
06-28 03:51:17.179  1053  1053 D CompatConfig: No directory /apex/com.android.cellbroadcast/etc/compatconfig, skipping
06-28 03:51:17.180  1053  1053 D CompatConfig: Found a config file: /apex/com.android.art/etc/compatconfig/libcore-platform-compat-config.xml
06-28 03:51:17.181  1053  1616 I SystemConfig: Reading permissions from /system/etc/permissions/android.hardware.nfc.hcef.xml
06-28 03:51:17.182  1053  1053 D CompatConfig: Adding: com.android.server.compat.config.Change@bbebd73
06-28 03:51:17.183  1053  1053 D CompatConfig: Adding: com.android.server.compat.config.Change@7e1e430
06-28 03:51:17.183  1053  1053 D CompatConfig: Adding: com.android.server.compat.config.Change@bd4f8a9
06-28 03:51:17.183  1053  1053 D CompatConfig: Adding: com.android.server.compat.config.Change@8bdbdcf
06-28 03:51:17.184  1053  1053 D CompatConfig: Adding: com.android.server.compat.config.Change@5b9135c
06-28 03:51:17.184  1053  1616 I SystemConfig: Reading permissions from /system/etc/permissions/com.ctb.internal.xml
06-28 03:51:17.186  1053  1053 D CompatConfig: No directory /apex/com.android.appsearch/etc/compatconfig, skipping
06-28 03:51:17.186  1053  1053 D CompatConfig: No directory /apex/com.android.adbd/etc/compatconfig, skipping
06-28 03:51:17.187  1053  1616 I SystemConfig: Reading permissions from /system/etc/permissions/com.android.documentsui.xml
06-28 03:51:17.189  1053  1616 I SystemConfig: Reading permissions from /system/etc/permissions/org.apache.http.legacy.xml
06-28 03:51:17.191  1053  1053 D SystemServerTiming: PlatformCompat took to complete: 114ms
06-28 03:51:17.191  1053  1053 I SystemServerTiming: StartFileIntegrityService
06-28 03:51:17.191  1053  1616 I SystemConfig: Reading permissions from /system/etc/permissions/com.nxp.nfc.xml
06-28 03:51:17.192  1053  1053 I SystemServiceManager: Starting com.android.server.security.FileIntegrityService
06-28 03:51:17.194  1053  1616 I SystemConfig: Reading permissions from /system/etc/permissions/com.android.media.remotedisplay.xml
06-28 03:51:17.197  1053  1616 I SystemConfig: Reading permissions from /system/etc/permissions/android.software.live_wallpaper.xml
06-28 03:51:17.200  1053  1616 I SystemConfig: Reading permissions from /system/etc/permissions/android.hardware.nfc.uicc.xml
06-28 03:51:17.202  1053  1616 I SystemConfig: Reading permissions from /system/etc/permissions/com.nxp.mifare.xml
06-28 03:51:17.204  1053  1616 I SystemConfig: Reading permissions from /system/etc/permissions/android.test.base.xml
06-28 03:51:17.206  1053  1053 D SystemServerTiming: StartFileIntegrityService took to complete: 15ms
06-28 03:51:17.207  1053  1616 I SystemConfig: Reading permissions from /system/etc/permissions/android.hardware.nfc.ese.xml
06-28 03:51:17.207  1053  1053 I SystemServerTiming: StartInstaller
06-28 03:51:17.208  1053  1053 I SystemServiceManager: Starting com.android.server.pm.Installer
06-28 03:51:17.209  1053  1616 I SystemConfig: Reading permissions from /system/etc/permissions/android.hardware.nfc.xml
06-28 03:51:17.211  1053  1616 I SystemConfig: Reading permissions from /system/etc/permissions/platform.xml
06-28 03:51:17.216  1053  1053 D SystemServerTiming: StartInstaller took to complete: 9ms
06-28 03:51:17.217  1053  1053 I SystemServerTiming: DeviceIdentifiersPolicyService
06-28 03:51:17.217  1053  1053 I SystemServiceManager: Starting com.android.server.os.DeviceIdentifiersPolicyService
06-28 03:51:17.219  1053  1053 D SystemServerTiming: DeviceIdentifiersPolicyService took to complete: 1ms
06-28 03:51:17.219  1053  1053 I SystemServerTiming: UriGrantsManagerService
06-28 03:51:17.220  1053  1053 I SystemServiceManager: Starting com.android.server.uri.UriGrantsManagerService$Lifecycle
06-28 03:51:17.220  1053  1616 I SystemConfig: Reading permissions from /vendor/etc/permissions/android.hardware.telephony.ims.xml
06-28 03:51:17.222  1053  1053 D SystemServerTiming: UriGrantsManagerService took to complete: 3ms
06-28 03:51:17.222  1053  1053 I SystemServerTiming: StartPowerStatsService
06-28 03:51:17.223  1053  1053 I SystemServiceManager: Starting com.android.server.powerstats.PowerStatsService
06-28 03:51:17.225  1053  1616 I SystemConfig: Reading permissions from /vendor/etc/permissions/android.hardware.bluetooth_le.xml
06-28 03:51:17.228  1053  1616 I SystemConfig: Reading permissions from /vendor/etc/permissions/android.software.device_id_attestation.xml
06-28 03:51:17.231  1053  1616 I SystemConfig: Reading permissions from /vendor/etc/permissions/android.hardware.sensor.light.xml
06-28 03:51:17.231  1053  1053 D SystemServerTiming: StartPowerStatsService took to complete: 9ms
06-28 03:51:17.231  1053  1053 I SystemServerTiming: StartIStatsService
06-28 03:51:17.233  1053  1616 I SystemConfig: Reading permissions from /vendor/etc/permissions/android.hardware.sensor.compass.xml
06-28 03:51:17.237     0     0 I binder  : 1053:1053 ioctl 40046210 7fd1096aa4 returned -22
06-28 03:51:17.236  1053  1616 I SystemConfig: Reading permissions from /vendor/etc/permissions/android.hardware.sensor.barometer.xml
06-28 03:51:17.238  1053  1053 D SystemServerTiming: StartIStatsService took to complete: 6ms
06-28 03:51:17.238  1053  1053 I SystemServerTiming: MemtrackProxyService
06-28 03:51:17.239  1053  1616 I SystemConfig: Reading permissions from /vendor/etc/permissions/android.hardware.location.gps.xml
06-28 03:51:17.241  1053  1616 I SystemConfig: Reading permissions from /vendor/etc/permissions/android.hardware.audio.low_latency.xml
06-28 03:51:17.244  1053  1053 D SystemServerTiming: MemtrackProxyService took to complete: 6ms
06-28 03:51:17.245  1053  1053 I SystemServerTiming: StartActivityManager
06-28 03:51:17.245  1053  1053 I SystemServiceManager: Starting com.android.server.wm.ActivityTaskManagerService$Lifecycle
06-28 03:51:17.245  1053  1616 I SystemConfig: Reading permissions from /vendor/etc/permissions/android.hardware.se.omapi.uicc.xml
06-28 03:51:17.249  1053  1616 I SystemConfig: Reading permissions from /vendor/etc/permissions/android.hardware.vulkan.level-0.xml
06-28 03:51:17.252  1053  1616 I SystemConfig: Reading permissions from /vendor/etc/permissions/android.hardware.sensor.accelerometer.xml
06-28 03:51:17.255  1053  1616 I SystemConfig: Reading permissions from /vendor/etc/permissions/android.hardware.telephony.cdma.xml
06-28 03:51:17.257  1053  1616 I SystemConfig: Reading permissions from /vendor/etc/permissions/android.hardware.wifi.xml
06-28 03:51:17.259  1053  1616 I SystemConfig: Reading permissions from /vendor/etc/permissions/android.hardware.vulkan.version-1_1.xml
06-28 03:51:17.261  1053  1616 I SystemConfig: Reading permissions from /vendor/etc/permissions/android.hardware.bluetooth.xml
06-28 03:51:17.263  1053  1616 I SystemConfig: Reading permissions from /vendor/etc/permissions/android.hardware.light.xml
06-28 03:51:17.264  1053  1053 I SystemServiceManager: Starting com.android.server.am.ActivityManagerService$Lifecycle
06-28 03:51:17.265  1053  1616 I SystemConfig: Reading permissions from /vendor/etc/permissions/android.hardware.sensor.gyroscope.xml
06-28 03:51:17.268  1053  1616 I SystemConfig: Reading permissions from /vendor/etc/permissions/android.hardware.usb.accessory.xml
06-28 03:51:17.272  1053  1616 I SystemConfig: Reading permissions from /vendor/etc/permissions/android.hardware.camera.raw.xml
06-28 03:51:17.274  1053  1616 I SystemConfig: Reading permissions from /vendor/etc/permissions/android.hardware.camera.front.xml
06-28 03:51:17.276  1053  1616 I SystemConfig: Reading permissions from /vendor/etc/permissions/android.hardware.camera.flash-autofocus.xml
06-28 03:51:17.279  1053  1616 I SystemConfig: Reading permissions from /vendor/etc/permissions/handheld_core_hardware.xml
06-28 03:51:17.281  1053  1616 I SystemConfig: Reading permissions from /vendor/etc/permissions/android.hardware.sensor.proximity.xml
06-28 03:51:17.284  1053  1616 I SystemConfig: Reading permissions from /vendor/etc/permissions/android.software.sip.voip.xml
06-28 03:51:17.285  1053  1053 I ActivityManager: Memory class: 256
06-28 03:51:17.286  1053  1616 I SystemConfig: Reading permissions from /vendor/etc/permissions/android.software.vulkan.deqp.level.xml
06-28 03:51:17.288  1053  1616 I SystemConfig: Reading permissions from /vendor/etc/permissions/android.hardware.touchscreen.multitouch.jazzhand.xml
06-28 03:51:17.289  1053  1619 I Binder  : Setting heavy hitter watcher config: false, 0, 0.0
06-28 03:51:17.290  1053  1616 I SystemConfig: Reading permissions from /vendor/etc/permissions/android.hardware.wifi.passpoint.xml
06-28 03:51:17.292  1053  1616 I SystemConfig: Reading permissions from /vendor/etc/permissions/android.hardware.usb.host.xml
06-28 03:51:17.294  1053  1616 I SystemConfig: Reading permissions from /vendor/etc/permissions/android.hardware.opengles.aep.xml
06-28 03:51:17.296  1053  1616 I SystemConfig: Reading permissions from /vendor/etc/permissions/vendor.qti.hardware.factory.xml
06-28 03:51:17.298  1053  1616 I SystemConfig: Reading permissions from /vendor/etc/permissions/android.hardware.vulkan.compute-0.xml
06-28 03:51:17.300  1053  1616 I SystemConfig: Reading permissions from /vendor/etc/permissions/android.hardware.sensor.stepcounter.xml
06-28 03:51:17.302  1053  1616 I SystemConfig: Reading permissions from /vendor/etc/permissions/android.hardware.wifi.rtt.xml
06-28 03:51:17.304  1053  1616 I SystemConfig: Reading permissions from /vendor/etc/permissions/android.hardware.wifi.direct.xml
06-28 03:51:17.306  1053  1616 I SystemConfig: Reading permissions from /vendor/etc/permissions/android.hardware.sensor.stepdetector.xml
06-28 03:51:17.307  1053  1616 I SystemConfig: Reading permissions from /vendor/etc/permissions/android.software.midi.xml
06-28 03:51:17.309  1053  1616 I SystemConfig: Reading permissions from /vendor/etc/permissions/android.hardware.camera.full.xml
06-28 03:51:17.311  1053  1616 I SystemConfig: Reading permissions from /vendor/etc/permissions/android.software.verified_boot.xml
06-28 03:51:17.313  1053  1616 I SystemConfig: Reading permissions from /vendor/etc/permissions/android.hardware.telephony.gsm.xml
06-28 03:51:17.317  1053  1616 I SystemConfig: Reading permissions from /product/etc/sysconfig/preinstalled-packages-platform-overlays.xml
06-28 03:51:17.319  1053  1616 I SystemConfig: Reading permissions from /product/etc/sysconfig/preinstalled-packages-platform-handheld-product.xml
06-28 03:51:17.323  1053  1616 I SystemConfig: Reading permissions from /product/etc/permissions/lpa.xml
06-28 03:51:17.324  1053  1616 I SystemConfig: Reading permissions from /product/etc/permissions/com.android.settings.intelligence.xml
06-28 03:51:17.326  1053  1616 I SystemConfig: Reading permissions from /product/etc/permissions/qti_telephony_utils_prd.xml
06-28 03:51:17.328  1053  1616 I SystemConfig: Reading permissions from /product/etc/permissions/RemoteSimlock.xml
06-28 03:51:17.330  1053  1616 I SystemConfig: Reading permissions from /product/etc/permissions/extphonelib_product.xml
06-28 03:51:17.332  1053  1616 I SystemConfig: Reading permissions from /product/etc/permissions/vendor.qti.hardware.data.connection-V1.1-java.xml
06-28 03:51:17.333  1053  1616 I SystemConfig: Reading permissions from /product/etc/permissions/ims_ext_common.xml
06-28 03:51:17.335  1053  1616 I SystemConfig: Reading permissions from /product/etc/permissions/com.android.imsserviceentitlement.xml
06-28 03:51:17.337  1053  1616 I SystemConfig: Reading permissions from /product/etc/permissions/RemoteSimlockManager.xml
06-28 03:51:17.339  1053  1616 I SystemConfig: Reading permissions from /product/etc/permissions/UimGbaManager.xml
06-28 03:51:17.341  1053  1616 I SystemConfig: Reading permissions from /product/etc/permissions/com.qti.snapdragon.sdk.display.xml
06-28 03:51:17.344  1053  1616 I SystemConfig: Reading permissions from /product/etc/permissions/com.android.contacts.xml
06-28 03:51:17.346  1053  1616 I SystemConfig: Reading permissions from /product/etc/permissions/vendor.qti.hardware.data.connection-V1.0-java.xml
06-28 03:51:17.348  1053  1616 I SystemConfig: Reading permissions from /product/etc/permissions/qti_telephony_hidl_wrapper_prd.xml
06-28 03:51:17.350  1053  1616 I SystemConfig: Reading permissions from /product/etc/permissions/UimGba.xml
06-28 03:51:17.352  1053  1616 I SystemConfig: Reading permissions from /product/etc/permissions/UimService.xml
06-28 03:51:17.354  1053  1616 I SystemConfig: Reading permissions from /product/etc/permissions/telephony_product_privapp-permissions-qti.xml
06-28 03:51:17.356  1053  1616 I SystemConfig: Reading permissions from /system_ext/etc/sysconfig/qti_telephony_system_packages_config.xml
06-28 03:51:17.358  1053  1616 I SystemConfig: Reading permissions from /system_ext/etc/sysconfig/ctb_whitelist_system_ext.xml
06-28 03:51:17.361  1053  1616 I SystemConfig: Reading permissions from /system_ext/etc/sysconfig/whitelist_com.qualcomm.qti.uceShimService.xml
06-28 03:51:17.364  1053  1616 I SystemConfig: Reading permissions from /system_ext/etc/permissions/com.android.storagemanager.xml
06-28 03:51:17.366  1053  1616 I SystemConfig: Reading permissions from /system_ext/etc/permissions/com.android.settings.xml
06-28 03:51:17.368  1053  1616 I SystemConfig: Reading permissions from /system_ext/etc/permissions/com.android.provision.xml
06-28 03:51:17.370  1053  1616 I SystemConfig: Reading permissions from /system_ext/etc/permissions/qti_libpermissions.xml
06-28 03:51:17.372  1053  1616 I SystemConfig: Reading permissions from /system_ext/etc/permissions/com.android.launcher3.xml
06-28 03:51:17.374  1053  1616 I SystemConfig: Reading permissions from /system_ext/etc/permissions/com.android.systemui.xml
06-28 03:51:17.376  1053  1616 I SystemConfig: Reading permissions from /system_ext/etc/permissions/com.android.emergency.xml
06-28 03:51:17.378  1053  1616 I SystemConfig: Reading permissions from /system_ext/etc/permissions/embms.xml
06-28 03:51:17.380  1053  1616 I SystemConfig: Reading permissions from /system_ext/etc/permissions/com.qualcomm.qti.imscmservice-V2.0-java.xml
06-28 03:51:17.382  1053  1616 I SystemConfig: Reading permissions from /system_ext/etc/permissions/com.android.carrierconfig.xml
06-28 03:51:17.384  1053  1616 I SystemConfig: Reading permissions from /system_ext/etc/permissions/com.qualcomm.qti.izattools.xml
06-28 03:51:17.386  1053  1616 I SystemConfig: Reading permissions from /system_ext/etc/permissions/com.qti.media.secureprocessor.xml
06-28 03:51:17.388  1053  1616 I SystemConfig: Reading permissions from /system_ext/etc/permissions/embms-noship_product_privapp_permissions_qti.xml
06-28 03:51:17.390  1053  1616 I SystemConfig: Reading permissions from /system_ext/etc/permissions/com.qti.location.sdk.xml
06-28 03:51:17.392  1053  1616 I SystemConfig: Reading permissions from /system_ext/etc/permissions/audiosphere.xml
06-28 03:51:17.393  1053  1616 I SystemConfig: Reading permissions from /system_ext/etc/permissions/privapp-permissions-com.qualcomm.location.xml
06-28 03:51:17.396  1053  1616 I SystemConfig: Reading permissions from /system_ext/etc/permissions/qti_telephony_utils.xml
06-28 03:51:17.398  1053  1616 I SystemConfig: Reading permissions from /system_ext/etc/permissions/com.ctb.service.xml
06-28 03:51:17.399  1053  1616 I SystemConfig: Reading permissions from /system_ext/etc/permissions/privapp-permissions-qti-system-ext.xml
06-28 03:51:17.401  1053  1616 I SystemConfig: Reading permissions from /system_ext/etc/permissions/privapp-permissions-ctb-system-ext.xml
06-28 03:51:17.406  1053  1616 I SystemConfig: Reading permissions from /system_ext/etc/permissions/com.qualcomm.qmapbridge.xml
06-28 03:51:17.408  1053  1616 I SystemConfig: Reading permissions from /system_ext/etc/permissions/com.qti.dpmframework.xml
06-28 03:51:17.410  1053  1616 I SystemConfig: Reading permissions from /system_ext/etc/permissions/extphonelib.xml
06-28 03:51:17.411  1053  1616 I SystemConfig: Reading permissions from /system_ext/etc/permissions/izat.xt.srv.xml
06-28 03:51:17.413  1053  1616 I SystemConfig: Reading permissions from /system_ext/etc/permissions/telephony_system-ext_privapp-permissions-qti.xml
06-28 03:51:17.416  1053  1616 I SystemConfig: Reading permissions from /system_ext/etc/permissions/com.qualcomm.qti.imscmservice-V2.1-java.xml
06-28 03:51:17.417  1053  1616 I SystemConfig: Reading permissions from /system_ext/etc/permissions/qcrilhook.xml
06-28 03:51:17.419  1053  1616 I SystemConfig: Reading permissions from /system_ext/etc/permissions/com.qualcomm.qti.imscmservice-V2.2-java.xml
06-28 03:51:17.421  1053  1616 I SystemConfig: Reading permissions from /system_ext/etc/permissions/com.qualcomm.qti.imscmservice.xml
06-28 03:51:17.423  1053  1616 I SystemConfig: Reading permissions from /system_ext/etc/permissions/vendor.qti.ims.rcsservice.xml
06-28 03:51:17.425  1053  1616 I SystemConfig: Reading permissions from /system_ext/etc/permissions/qti_permissions.xml
06-28 03:51:17.427  1053  1616 I SystemConfig: Reading permissions from /system_ext/etc/permissions/qti_telephony_hidl_wrapper.xml
06-28 03:51:17.428  1053  1616 I SystemConfig: Reading permissions from /system_ext/etc/permissions/com.qualcomm.location.xml
06-28 03:51:17.430  1053  1616 I SystemConfig: Reading permissions from /system_ext/etc/permissions/dpmapi.xml
06-28 03:51:17.436  1053  1616 I SystemConfig: Reading permissions from /apex/com.android.ipsec/etc/permissions/android.net.ipsec.ike.xml
06-28 03:51:17.442  1053  1616 D SystemConfig: readAllPermissions took to complete: 364ms
06-28 03:51:17.443  1053  1616 D SystemServerInitThreadPool: Finished executing ReadingSystemConfig
06-28 03:51:17.444  1053  1616 D SystemServerTimingAsync: InitThreadPoolExec:ReadingSystemConfig took to complete: 366ms
06-28 03:51:17.488  1053  1053 W PowerProfile: screen.on is deprecated! Use screen.on.display0 instead.
06-28 03:51:17.489  1053  1053 W PowerProfile: screen.full is deprecated! Use screen.full.display0 instead.
06-28 03:51:17.494  1053  1053 D BatteryStatsImpl: Reading daily items from /data/system/batterystats-daily.xml
06-28 03:51:17.505  1053  1626 I KernelCpuUidFreqTimeReader: mPerClusterTimesAvailable=false
06-28 03:51:17.592  1053  1053 I AppOps  : No existing app ops /data/system/appops.xml; starting empty
06-28 03:51:17.595  1053  1053 I IntentFirewall: Read new rules (A:0 B:0 S:0)
06-28 03:51:17.626  1053  1053 D AppOps  : AppOpsService published
06-28 03:51:17.629  1053  1053 D SystemServerTiming: StartActivityManager took to complete: 384ms
06-28 03:51:17.629  1053  1053 I SystemServerTiming: StartDataLoaderManagerService
06-28 03:51:17.630  1053  1053 I SystemServiceManager: Starting com.android.server.pm.DataLoaderManagerService
06-28 03:51:17.636  1053  1053 D SystemServerTiming: StartDataLoaderManagerService took to complete: 7ms
06-28 03:51:17.636  1053  1053 I SystemServerTiming: StartIncrementalService
06-28 03:51:17.652  1053  1053 D SystemServerTiming: StartIncrementalService took to complete: 15ms
06-28 03:51:17.652  1053  1053 I SystemServerTiming: StartPowerManager
06-28 03:51:17.653  1053  1053 I SystemServiceManager: Starting com.android.server.power.PowerManagerService
06-28 03:51:17.679     0     0 I ptt_assy_getCurrentAccyType: Current Accessory Type is none
06-28 03:51:17.683     0     0 I ptt_assy_getCurrentAccyType: Current Accessory Type is none
06-28 03:51:17.699     0     0 E ctb_fist_mic_on: tasha_p->mhbc_emer_key : 0
06-28 03:51:17.702     0     0 E ctb_fist_mic_on: tasha_p->mhbc_emer_key : 0
06-28 03:51:17.709     0     0 E ctb_fist_mic_on: g_data->mhbc_emer_key : 0
06-28 03:51:17.714     0     0 E ctb_fist_mic_on: g_data->mhbc_emer_key : 0
06-28 03:51:17.723     0     0 E ctb_fist_mic_on: Disable fist mic on.
06-28 03:51:17.724     0     0 E ctb_fist_mic_on: Disable fist mic on.
06-28 03:51:17.733     0     0 I binder  : 800:800 ioctl 40046210 7fdbdb8874 returned -22
06-28 03:51:17.739     0     0 E init    : Control message: Could not find 'android.frameworks.sensorservice@1.0::ISensorManager/default' for ctl.interface_start from pid: 542 (/system/bin/hwservicemanager)
06-28 03:51:17.750  1053  1053 D SystemServerTiming: StartPowerManager took to complete: 97ms
06-28 03:51:17.751  1053  1053 I SystemServerTiming: StartThermalManager
06-28 03:51:17.751  1053  1053 I SystemServiceManager: Starting com.android.server.power.ThermalManagerService
06-28 03:51:17.754  1053  1053 D SystemServerTiming: StartThermalManager took to complete: 2ms
06-28 03:51:17.757  1053  1053 I SystemServerTiming: StartHintManager
06-28 03:51:17.757  1053  1053 I SystemServiceManager: Starting com.android.server.power.hint.HintManagerService
06-28 03:51:17.764  1053  1053 D SystemServerTiming: StartHintManager took to complete: 6ms
06-28 03:51:17.757     0     0 E init    : Control message: Could not find 'android.frameworks.sensorservice@1.0::ISensorManager/default' for ctl.interface_start from pid: 542 (/system/bin/hwservicemanager)
06-28 03:51:17.787  1053  1053 I SystemServerTiming: InitPowerManagement
06-28 03:51:17.792  1053  1053 D SystemServerTiming: InitPowerManagement took to complete: 5ms
06-28 03:51:17.793  1053  1053 I SystemServerTiming: StartRecoverySystemService
06-28 03:51:17.793  1053  1053 I SystemServiceManager: Starting com.android.server.recoverysystem.RecoverySystemService$Lifecycle
06-28 03:51:17.799  1053  1053 D SystemServerTiming: StartRecoverySystemService took to complete: 6ms
06-28 03:51:17.800  1053  1053 I PackageWatchdog: Syncing state, reason: added new observer
06-28 03:51:17.800  1053  1053 I PackageWatchdog: Not pruning observers, elapsed time: 0ms
06-28 03:51:17.801  1053  1053 I PackageWatchdog: Cancelling state sync, nothing to sync
06-28 03:51:17.804  1053  1618 I PackageWatchdog: Saving observer state to file
06-28 03:51:17.805  1053  1053 I SystemServerTiming: StartLightsService
06-28 03:51:17.806  1053  1053 I SystemServiceManager: Starting com.android.server.lights.LightsService
06-28 03:51:17.821  1053  1053 D SystemServerTiming: StartLightsService took to complete: 15ms
06-28 03:51:17.821  1053  1053 I SystemServerTiming: StartSidekickService
06-28 03:51:17.822  1053  1053 D SystemServerTiming: StartSidekickService took to complete: 0ms
06-28 03:51:17.823  1053  1053 I SystemServerTiming: StartDisplayManager
06-28 03:51:17.823  1053  1053 I SystemServiceManager: Starting com.android.server.display.DisplayManagerService
06-28 03:51:17.850  1053  1053 D SystemServerTiming: StartDisplayManager took to complete: 26ms
06-28 03:51:17.850  1053  1053 I SystemServerTiming: WaitForDisplay
06-28 03:51:17.851  1053  1053 I SystemServiceManager: Starting phase 100
06-28 03:51:17.851  1053  1053 I SystemServerTiming: OnBootPhase_100
06-28 03:51:17.851  1053  1053 I SystemServerTiming: OnBootPhase_100_com.android.server.security.FileIntegrityService
06-28 03:51:17.852  1053  1053 D SystemServerTiming: OnBootPhase_100_com.android.server.security.FileIntegrityService took to complete: 0ms
06-28 03:51:17.852  1053  1053 I SystemServerTiming: OnBootPhase_100_com.android.server.pm.Installer
06-28 03:51:17.852  1053  1053 D SystemServerTiming: OnBootPhase_100_com.android.server.pm.Installer took to complete: 0ms
06-28 03:51:17.853  1053  1053 I SystemServerTiming: OnBootPhase_100_com.android.server.os.DeviceIdentifiersPolicyService
06-28 03:51:17.853  1053  1053 D SystemServerTiming: OnBootPhase_100_com.android.server.os.DeviceIdentifiersPolicyService took to complete: 0ms
06-28 03:51:17.853  1053  1053 I SystemServerTiming: OnBootPhase_100_com.android.server.uri.UriGrantsManagerService$Lifecycle
06-28 03:51:17.854  1053  1053 D SystemServerTiming: OnBootPhase_100_com.android.server.uri.UriGrantsManagerService$Lifecycle took to complete: 0ms
06-28 03:51:17.854  1053  1053 I SystemServerTiming: OnBootPhase_100_com.android.server.powerstats.PowerStatsService
06-28 03:51:17.855  1053  1053 D SystemServerTiming: OnBootPhase_100_com.android.server.powerstats.PowerStatsService took to complete: 0ms
06-28 03:51:17.855  1053  1053 I SystemServerTiming: OnBootPhase_100_com.android.server.wm.ActivityTaskManagerService$Lifecycle
06-28 03:51:17.856  1053  1053 D SystemServerTiming: OnBootPhase_100_com.android.server.wm.ActivityTaskManagerService$Lifecycle took to complete: 0ms
06-28 03:51:17.856  1053  1053 I SystemServerTiming: OnBootPhase_100_com.android.server.am.ActivityManagerService$Lifecycle
06-28 03:51:17.857  1053  1053 D SystemServerTiming: OnBootPhase_100_com.android.server.am.ActivityManagerService$Lifecycle took to complete: 0ms
06-28 03:51:17.857  1053  1053 I SystemServerTiming: OnBootPhase_100_com.android.server.pm.DataLoaderManagerService
06-28 03:51:17.858  1053  1053 D SystemServerTiming: OnBootPhase_100_com.android.server.pm.DataLoaderManagerService took to complete: 0ms
06-28 03:51:17.858  1053  1053 I SystemServerTiming: OnBootPhase_100_com.android.server.power.PowerManagerService
06-28 03:51:17.858  1053  1053 D SystemServerTiming: OnBootPhase_100_com.android.server.power.PowerManagerService took to complete: 0ms
06-28 03:51:17.859  1053  1053 I SystemServerTiming: OnBootPhase_100_com.android.server.power.ThermalManagerService
06-28 03:51:17.859  1053  1053 D SystemServerTiming: OnBootPhase_100_com.android.server.power.ThermalManagerService took to complete: 0ms
06-28 03:51:17.860  1053  1053 I SystemServerTiming: OnBootPhase_100_com.android.server.power.hint.HintManagerService
06-28 03:51:17.860  1053  1053 D SystemServerTiming: OnBootPhase_100_com.android.server.power.hint.HintManagerService took to complete: 0ms
06-28 03:51:17.861  1053  1053 I SystemServerTiming: OnBootPhase_100_com.android.server.recoverysystem.RecoverySystemService$Lifecycle
06-28 03:51:17.861  1053  1053 D SystemServerTiming: OnBootPhase_100_com.android.server.recoverysystem.RecoverySystemService$Lifecycle took to complete: 0ms
06-28 03:51:17.861  1053  1053 I SystemServerTiming: OnBootPhase_100_com.android.server.lights.LightsService
06-28 03:51:17.862  1053  1053 D SystemServerTiming: OnBootPhase_100_com.android.server.lights.LightsService took to complete: 0ms
06-28 03:51:17.862  1053  1053 I SystemServerTiming: OnBootPhase_100_com.android.server.display.DisplayManagerService
06-28 03:51:17.874  1053  1612 I DisplayDeviceRepository: Display device added: DisplayDeviceInfo{"Built-in Screen": uniqueId="local:0", 1080 x 1920, modeId 1, defaultModeId 1, supportedModes [{id=1, width=1080, height=1920, fps=60.000004, alternativeRefreshRates=[]}], colorMode 0, supportedColorModes [0], hdrCapabilities HdrCapabilities{mSupportedHdrTypes=[], mMaxLuminance=500.0, mMaxAverageLuminance=500.0, mMinLuminance=0.0}, allmSupported false, gameContentTypeSupported false, density 480, 318.976 x 320.842 dpi, appVsyncOff 1000000, presDeadline 16666666, touch INTERNAL, rotation 0, type INTERNAL, address {port=0}, deviceProductInfo null, state UNKNOWN, frameRateOverride , brightnessMinimum 0.0, brightnessMaximum 1.0, brightnessDefault 0.5748032, FLAG_DEFAULT_DISPLAY, FLAG_ROTATES_WITH_CONTENT, FLAG_SECURE, FLAG_SUPPORTS_PROTECTED_BUFFERS}
06-28 03:51:17.878  1053  1612 I LogicalDisplayMapper: Applying layout: [{addr: {port=0}, dispId: 0(ON)}], Previous layout: null
06-28 03:51:17.889  1053  1612 I LogicalDisplayMapper: Adding new display: 0: DisplayInfo{"Built-in Screen", displayId 0", displayGroupId -1, FLAG_SECURE, FLAG_SUPPORTS_PROTECTED_BUFFERS, FLAG_TRUSTED, real 1080 x 1920, largest app 1080 x 1920, smallest app 1080 x 1920, appVsyncOff 1000000, presDeadline 16666666, mode 1, defaultMode 1, modes [{id=1, width=1080, height=1920, fps=60.000004, alternativeRefreshRates=[]}], hdrCapabilities HdrCapabilities{mSupportedHdrTypes=[], mMaxLuminance=500.0, mMaxAverageLuminance=500.0, mMinLuminance=0.0}, userDisabledHdrTypes [], minimalPostProcessingSupported false, rotation 0, state UNKNOWN, type INTERNAL, uniqueId "local:0", app 1080 x 1920, density 480 (318.976 x 320.842) dpi, layerStack 0, colorMode 0, supportedColorModes [0], address {port=0}, deviceProductInfo null, removeMode 0, refreshRateOverride 0.0, brightnessMinimum 0.0, brightnessMaximum 1.0, brightnessDefault 0.5748032}
06-28 03:51:17.891  1053  1612 I LogicalDisplayMapper: Setting new display group 0 for display 0, from previous group: null
06-28 03:51:17.906  1053  1612 E DisplayDeviceConfig: requesting nits when no mapping exists.
06-28 03:51:17.929  1053  1612 E DisplayDeviceConfig: requesting nits when no mapping exists.
06-28 03:51:17.935  1053  1053 W SystemServiceManager: Service com.android.server.display.DisplayManagerService took 73 ms in onBootPhase
06-28 03:51:17.936  1053  1053 D SystemServerTiming: OnBootPhase_100_com.android.server.display.DisplayManagerService took to complete: 73ms
06-28 03:51:17.936  1053  1053 D SystemServerTiming: OnBootPhase_100 took to complete: 85ms
06-28 03:51:17.937  1053  1053 D SystemServerTiming: WaitForDisplay took to complete: 86ms
06-28 03:51:17.938  1053  1053 I SystemServerTiming: StartDomainVerificationService
06-28 03:51:17.957  1053  1053 D SystemServerTiming: StartDomainVerificationService took to complete: 19ms
06-28 03:51:17.958  1053  1053 I SystemServerTiming: StartPackageManagerService
06-28 03:51:17.958  1053  1053 I Watchdog: Pausing HandlerChecker: main thread for reason: packagemanagermain. Pause count: 1
06-28 03:51:17.962  1053  1053 I PackageManagerTiming: create package manager
06-28 03:51:17.969  1053  1612 I DisplayDeviceRepository: Display device changed state: "Built-in Screen", ON
06-28 03:51:17.987     0     0 I init    : processing action (persist.vendor.data.shs_ko_load=0) from (/vendor/etc/init/netmgrd.rc:51)
06-28 03:51:17.988     0     0 I init    : starting service 'exec 27 (/vendor/bin/modprobe -r -d /vendor/lib/modules rmnet_shs)'...
06-28 03:51:17.988  1053  1053 I PackageManagerTiming: readListOfPackagesToBeDisabled
06-28 03:51:17.988  1053  1053 D PackageManagerTiming: readListOfPackagesToBeDisabled took to complete: 0ms
06-28 03:51:17.989  1053  1053 I PackageManagerTiming: createSubComponents
06-28 03:51:17.997     0     0 E ip_local_port_range: prefer different parity for start/end values.
