07-08 20:00:05.204     0     0 E OF      : /soc/qcom,msm-audio-apr/qcom,q6core-audio/sound-tavil: could not get #gpio-cells for /soc/slim@151c0000/tavil_codec/msm_cdc_pinctrl_us_euro_sw
07-08 20:00:05.159  1130  1130 W PackageSettings: Missing permission state for package: com.android.htmlviewer
07-08 20:00:05.159  1130  1130 W PackageSettings: Missing permission state for package: com.ctb.ctbitems
07-08 20:00:05.160  1130  1130 W PackageSettings: Missing permission state for package: com.android.internal.systemui.onehanded.gestural
07-08 20:00:05.160  1130  1130 W PackageSettings: Missing permission state for package: com.qualcomm.qti.optinoverlay
07-08 20:00:05.161  1130  1130 W PackageSettings: Missing permission state for package: com.ctb.newnote
07-08 20:00:05.163  1130  1130 W PackageSettings: Missing permission state for package: android.qvaoverlay.common
07-08 20:00:05.164  1130  1130 W PackageSettings: Missing permission state for package: com.android.simappdialog
07-08 20:00:05.164  1130  1130 W PackageSettings: Missing permission state for package: android.overlay.common
07-08 20:00:05.165  1130  1130 W PackageSettings: Missing permission state for package: com.android.connectivity.resources
07-08 20:00:05.166  1130  1130 W PackageSettings: Missing permission state for package: com.android.internal.display.cutout.emulation.hole
07-08 20:00:05.166  1130  1130 W PackageSettings: Missing permission state for package: com.android.internal.display.cutout.emulation.tall
07-08 20:00:05.167  1130  1130 W PackageSettings: Missing permission state for package: com.android.modulemetadata
07-08 20:00:05.168  1130  1130 W PackageSettings: Missing permission state for package: com.android.internal.systemui.navbar.threebutton
07-08 20:00:05.168  1130  1130 W PackageSettings: Missing permission state for package: com.ctb.exactcalculator
07-08 20:00:05.169  1130  1130 W PackageSettings: Missing permission state for package: com.android.internal.systemui.navbar.gestural_extra_wide_back
07-08 20:00:05.169  1130  1130 W PackageSettings: Missing permission state for package: com.android.wifi.resources.overlay.common
07-08 20:00:05.169  1130  1130 W PackageSettings: Missing permission state for package: com.android.dreams.basic
07-08 20:00:05.170  1130  1130 W PackageSettings: Missing permission state for package: com.android.settings.overlay.common
07-08 20:00:05.170  1130  1130 W PackageSettings: Missing permission state for package: com.android.cellbroadcastreceiver
07-08 20:00:05.170  1130  1130 W PackageSettings: Missing permission state for package: android.ext.shared
07-08 20:00:05.171  1130  1130 W PackageSettings: Missing permission state for package: com.android.wifi.resources
07-08 20:00:05.171  1130  1130 W PackageSettings: Missing permission state for package: com.android.phone.overlay.common
07-08 20:00:05.171  1130  1130 W PackageSettings: Missing permission state for package: com.android.carrierconfig.overlay.common
07-08 20:00:05.172  1130  1130 W PackageSettings: Missing permission state for package: com.android.systemui.overlay.common
07-08 20:00:05.172  1130  1130 W PackageSettings: Missing permission state for package: com.android.cameraextensions
07-08 20:00:05.173  1130  1130 W PackageSettings: Missing permission state for package: com.android.server.telecom.overlay.common
07-08 20:00:05.173  1130  1130 W PackageSettings: Missing permission state for package: com.qualcomm.qti.remoteSimlockAuth
07-08 20:00:05.182  1130  1130 W PackageSettings: Missing permission state for package: com.android.theme.font.notoserifsource
07-08 20:00:05.185  1130  1130 W PackageSettings: Missing permission state for package: com.android.internal.display.cutout.emulation.waterfall
07-08 20:00:05.188  1130  1130 W PackageSettings: Missing permission state for package: com.qualcomm.qti.uim
07-08 20:00:05.189  1130  1130 W PackageSettings: Missing permission state for package: com.android.cts.ctsshim
07-08 20:00:05.190  1130  1130 W PackageSettings: Missing permission state for package: com.qualcomm.qti.uimGbaApp
07-08 20:00:05.191  1130  1130 W PackageSettings: Missing permission state for package: com.qualcomm.qti.seccamservice
07-08 20:00:05.194  1130  1130 W PackageSettings: Missing permission state for package: com.android.internal.systemui.navbar.gestural
07-08 20:00:05.213     0     0 I capability: warning: `msm_irqbalance' uses 32-bit capabilities (legacy support in use)
07-08 20:00:05.224  1130  1130 W PackageSettings: Missing permission state for package: com.android.internal.systemui.navbar.none
07-08 20:00:05.225  1130  1130 W PackageSettings: Missing permission state for package: com.android.internal.systemui.navbar.gestural_narrow_back
07-08 20:00:05.225  1130  1130 W PackageSettings: Missing permission state for package: com.android.cellbroadcastreceiver.overlay.common
07-08 20:00:05.227  1130  1130 W PackageSettings: Missing permission state for shared user: android.uid.log
07-08 20:00:05.227  1130  1130 W PackageSettings: Missing permission state for shared user: android.uid.uwb
07-08 20:00:05.237     0     0 I rmt_storage: INFO:rmt_storage_client_thread: Calling Read [offset=512, size=512, req_h 0x8, wr_count 0] for /boot/modem_fs1!
07-08 20:00:05.354     0     0 I rmt_storage: INFO:rmt_storage_client_thread: Done Read (bytes = 512, req_h 0x8, wr_count 0) for /boot/modem_fs1!
07-08 20:00:05.353  1130  1130 D PackageManagerTiming: read user settings took to complete: 702ms
07-08 20:00:05.366     0     0 I rmt_storage: INFO:rmt_storage_rw_iovec_cb: Read iovec request (req_h 0x9 wr_count 0) received for /boot/modem_fs2
07-08 20:00:05.374     0     0 E init    : Control message: Could not find 'android.frameworks.sensorservice@1.0::ISensorManager/default' for ctl.interface_start from pid: 539 (/system/bin/hwservicemanager)
07-08 20:00:05.378     0     0 I rmt_storage: INFO:rmt_storage_client_thread: Calling Read [offset=512, size=512, req_h 0x9, wr_count 0] for /boot/modem_fs2!
07-08 20:00:05.387  1130  1130 D PackageManager: Keeping known cache 25eb2c0e2a0860a3d5271f5244927d5772bf35a8
07-08 20:00:05.391     0     0 E init    : Control message: Could not find 'android.frameworks.sensorservice@1.0::ISensorManager/default' for ctl.interface_start from pid: 539 (/system/bin/hwservicemanager)
07-08 20:00:05.414  1130  1130 D CompatibilityChangeReporter: Compat change id reported: 143539591; UID -1; state: ENABLED
07-08 20:00:05.518     0     0 I init    : processing action (ro.vendor.ril.mbn_copy_completed=1) from (/vendor/etc/init/hw/init.qcom.rc:741)
07-08 20:00:05.522  1130  1130 W PackageManager: Failed to parse /system/framework/arm: Missing base APK in /system/framework/arm
07-08 20:00:05.522  1130  1130 W PackageManager: Failed to parse /system/framework/arm64: Missing base APK in /system/framework/arm64
07-08 20:00:05.522  1130  1130 W PackageManager: Failed to parse /system/framework/oat: Missing base APK in /system/framework/oat
07-08 20:00:05.563     0     0 I memshare_child soc: qcom,memshare:qcom,client_3: memshare_query: client_id : 1, query_resp.size :15728640, query_resp.resp.result :0
07-08 20:00:05.563     0     0 I memshare_child soc: qcom,memshare:qcom,client_3: memshare_alloc: memory alloc request received for client id: 1, proc_id: 0, request size: 15728640
07-08 20:00:05.591     0     0 E OF      : /soc/qcom,msm-audio-apr/qcom,q6core-audio/sound-tavil: could not get #gpio-cells for /soc/slim@151c0000/tavil_codec/msm_cdc_pinctrl_hph_en1
07-08 20:00:05.591     0     0 E OF      : /soc/qcom,msm-audio-apr/qcom,q6core-audio/sound-tavil: could not get #gpio-cells for /soc/slim@151c0000/tavil_codec/msm_cdc_pinctrl_hph_en0
07-08 20:00:05.596     0     0 I         : Sending QMI_IPA_INIT_MODEM_DRIVER_REQ_V01
07-08 20:00:05.621     0     0 E ipa-wan handle_indication_req: 103 not send indication
07-08 20:00:05.632     0     0 E ipa_uc_wdi_event_log_info_handler: 313 WDI stats ofst=0x45138
07-08 20:00:05.632     0     0 E ipa_uc_ntn_event_log_info_handler: 29 NTN feature missing 0x9
07-08 20:00:05.634     0     0 I         : QMI_IPA_INIT_MODEM_DRIVER_REQ_V01 response received
07-08 20:00:05.635     0     0 E OF      : /soc/qcom,msm-audio-apr/qcom,q6core-audio/sound-tavil: could not get #gpio-cells for /soc/slim@151c0000/tavil_codec/msm_cdc_pinctrl_us_euro_sw
07-08 20:00:05.649     0     0 E ipa_uc_response_hdlr: 453 IPA uC loaded
07-08 20:00:05.656  1130  1130 D CompatibilityChangeReporter: Compat change id reported: 143539591; UID -1; state: DISABLED
07-08 20:00:05.656  1130  1130 D CompatibilityChangeReporter: Compat change id reported: 168782947; UID -1; state: DISABLED
07-08 20:00:05.684     0     0 E ipa_sps_irq_control_all: 956 EP (5) not allocated.
07-08 20:00:05.698     0     0 E ipa_sps_irq_control_all: 956 EP (5) not allocated.
07-08 20:00:05.710     0     0 I init    : Service 'qcom-sh' (pid 1407) exited with status 0 oneshot service took 1.662000 seconds in background
07-08 20:00:05.711     0     0 E ipa_sps_irq_control_all: 956 EP (5) not allocated.
07-08 20:00:05.728     0     0 I memshare_child soc: qcom,memshare:qcom,client_3: memshare_alloc: client_id: 1, alloc_resp.num_bytes: 15728640, alloc_resp.resp.result: 0
07-08 20:00:05.748     0     0 E diag    : In diag_send_peripheral_buffering_mode, buffering flag not set for 0
07-08 20:00:05.748  1130  1130 D CompatibilityChangeReporter: Compat change id reported: 168782947; UID -1; state: ENABLED
07-08 20:00:05.856     0     0 I binder  : 1330:1379 ioctl 40046210 6ef4497244 returned -22
07-08 20:00:05.866     0     0 E OF      : /soc/qcom,msm-audio-apr/qcom,q6core-audio/sound-tavil: could not get #gpio-cells for /soc/slim@151c0000/tavil_codec/msm_cdc_pinctrl_hph_en1
07-08 20:00:05.867     0     0 E OF      : /soc/qcom,msm-audio-apr/qcom,q6core-audio/sound-tavil: could not get #gpio-cells for /soc/slim@151c0000/tavil_codec/msm_cdc_pinctrl_hph_en0
07-08 20:00:05.880     0     0 E OF      : /soc/qcom,msm-audio-apr/qcom,q6core-audio/sound-tavil: could not get #gpio-cells for /soc/slim@151c0000/tavil_codec/msm_cdc_pinctrl_us_euro_sw
07-08 20:00:05.942  1433  1433 I TLOC    : [ModemComm  ]"Open a connection successfully"
07-08 20:00:05.949  1433  1433 I TLOC    : [ModemComm  ]"Sent register events request to the modem successfully"
07-08 20:00:05.953  1433  1433 I TLOC    : [ModemComm  ]"ModemComm create successfully"
07-08 20:00:05.956  1433  1433 I TLOC    : [ModemComm  ]"Request succeeded for gps engine lock"
07-08 20:00:05.956  1433  1433 D TLOC    : [TLOCChannel] "Going to receive message for TLOCD"
07-08 20:00:05.957  1433  1433 D TLOC    : [TLOCChannel] "wait for message for user TLOCD"
07-08 20:00:05.988     0     0 I cnss-daemon: Send DMS get mac address failed: rc 0, result 1, error 16
07-08 20:00:05.990     0     0 I cnss-daemon: Failed to get WLAN MAC address
07-08 20:00:06.145     0     0 I binder  : 1446:1446 ioctl 40046210 7fce357b74 returned -22
07-08 20:00:06.187     0     0 I service-notifier: root_service_service_ind_cb: Indication received from msm/modem/wlan_pd, state: 0x1fffffff, trans-id: 1
07-08 20:00:06.188     0     0 I service-notifier: send_ind_ack: Indication ACKed for transid 1, service msm/modem/wlan_pd, instance 180!
07-08 20:00:06.190     0     0 I icnss_qmi: QMI Server Connected: state: 0x980
07-08 20:00:06.215     0     0 I binder  : 1446:1446 ioctl 40046210 7fce357504 returned -22
07-08 20:00:06.451  1130  1130 I PackageManager: Finished scanning system apps. Time: 1068 ms, packageCount: 191 , timePerPackage: 5 , cached: 191
07-08 20:00:06.464  1130  1130 D CompatibilityChangeReporter: Compat change id reported: 133396946; UID -1; state: ENABLED
07-08 20:00:06.500  1130  1515 W PackageParsing: Ignoring duplicate uses-permissions/uses-permissions-sdk-m: com.qualcomm.permission.USE_EMBMS_SERVICE in package: com.EveryTalk.Global at: Binary XML file line #103
07-08 20:00:06.520  1130  1130 I PackageManager: Finished scanning non-system apps. Time: 69 ms, packageCount: 3 , timePerPackage: 23 , cached: 2
07-08 20:00:06.523  1130  1130 E PackageManager: updateAllSharedLibrariesLPw failed: Package com.qti.snapdragon.qdcm_ff requires unavailable shared library vendor.display.color.V1_0.IDisplayColor; failing!
07-08 20:00:06.531  1130  1130 I PackageManager: Time to scan packages: 1.148 seconds
07-08 20:00:06.531  1130  1130 I PackageManager: Permission ownership changed. Updating all permissions.
07-08 20:00:06.557  1130  1130 V PackageManager: reconcileAppsData for null u0 0x1 migrateAppData=true
07-08 20:00:06.216     0     0 E icnss_qmi: Invalid Hang Data details, Offset:0x0, Length:0x0
07-08 20:00:06.617     0     0 I IRQ 6   : no longer affine to CPU4
07-08 20:00:06.765     0     0 I gfx_mem_acc_corner: disabling
07-08 20:00:06.765     0     0 I gdsc_ufs: disabling
07-08 20:00:06.768     0     0 I cam_avdd2p8_gpio_regulator: disabling
07-08 20:00:06.771     0     0 I cam_avdd1p8_gpio_regulator: disabling
07-08 20:00:06.799     0     0 I cam_avdd_gpio_regulator: disabling
07-08 20:00:06.799     0     0 I cam_actuator_regulator: disabling
07-08 20:00:06.803     0     0 I cam_f_avdd2p8_gpio_regulator: disabling
07-08 20:00:06.830     0     0 I cam_f_avdd1p8_gpio_regulator: disabling
07-08 20:00:06.830     0     0 I lcdb_ldo: disabling
07-08 20:00:06.854     0     0 I apc0_pwrcl_corner: disabling
07-08 20:00:06.854     0     0 I apc1_perfcl_corner: disabling
07-08 20:00:06.858     0     0 I cam_dvdd_gpio_regulator: disabling
07-08 20:00:06.872     0     0 I cam_rear_dvdd_gpio_regulator: disabling
07-08 20:00:06.954  1433  1433 E TLOC    : [TLOCChannel]"Can't receive message due to timeout"
07-08 20:00:06.955  1433  1433 E TLOC    : [TLOCDaemon ]"Couldn't receive command response"
07-08 20:00:06.955  1433  1433 I TLOC    : [TLOCDaemon ]"TLOC Daemon create successfully"
07-08 20:00:06.955  1433  1433 D TLOC    : [TLOCChannel] "TLOCChannel is already initialized"
07-08 20:00:06.956  1433  1433 D TLOC    : [main       ]"TLOC Intercom thread created successfully"
07-08 20:00:06.957  1433  1433 D TLOC    : [TLOCDaemon ]"waiting for command"
07-08 20:00:06.958  1433  1433 D TLOC    : [TLOCChannel] "Going to receive message for TLOCD"
07-08 20:00:06.958  1433  1433 D TLOC    : [TLOCChannel] "wait for message for user TLOCD"
07-08 20:00:06.969  1433  1606 I TLOC    : [TLOC Intercom]"-----------TLOCIntercom_StartRequest--------------"
07-08 20:00:06.970  1433  1606 D TLOC    : [TLOC_SMC_CALL]"start getKeyDataFromTZ"
07-08 20:00:06.971  1433  1606 E TLOC    : [TLOC_SMC_CALL]"TZCom_getClientEnvObject failed with err: -1"
07-08 20:00:06.972  1433  1606 E TLOC    : [TLOC Intercom]"SCM call for KeyBuffer failed. SMC INVOKE ERROR:-1"
07-08 20:00:06.972  1433  1606 E TLOC    : [TLOC Intercom]"TLOCIntercom_StartRequest: getkeyandSendtoMDM failed"
07-08 20:00:07.002  1433  1607 I TLOC    : [TZComm     ]"The listener was registered successfully"
07-08 20:00:07.002  1433  1607 I TLOC    : [TZComm     ]"TZComm create successfully"
07-08 20:00:07.002  1433  1607 D TLOC    : [TLOCChannel] "TLOCChannel is already initialized"
07-08 20:00:07.003  1433  1607 D TLOC    : [Listener   ]"waiting for command from TZ..."
07-08 20:00:07.176     0     0 I IRQ 6   : no longer affine to CPU4
07-08 20:00:07.537  1130  1130 V PackageManager: reconcileAppsData finished 47 packages
07-08 20:00:07.538  1130  1130 I PackageManagerTiming: write settings
07-08 20:00:07.538  1130  1619 I SystemServerTimingAsync: InitThreadPoolExec:prepareAppData
07-08 20:00:07.539  1130  1619 D SystemServerInitThreadPool: Started executing prepareAppData
07-08 20:00:07.704  1130  1130 D PackageManagerTiming: write settings took to complete: 165ms
07-08 20:00:07.707  1130  1130 W PackageManager: Domain verification agent not found
07-08 20:00:07.715  1130  1130 D PackageManager: Ephemeral resolver NOT found; no matching intent filters
07-08 20:00:07.716  1130  1130 D PackageManager: Instant App installer not found with android.intent.action.INSTALL_INSTANT_APP_PACKAGE
07-08 20:00:07.716  1130  1130 D PackageManager: Clear ephemeral installer activity
07-08 20:00:07.755  1130  1130 I PackageManagerTiming: GC
07-08 20:00:07.755  1130  1130 D PackageManagerTiming: GC took to complete: 0ms
07-08 20:00:07.756  1130  1130 I PackageManager: Fix for b/169414761 is applied
07-08 20:00:07.756  1130  1130 D PackageManagerTiming: create package manager took to complete: 3260ms
07-08 20:00:07.757  1130  1130 V UserManagerService: Checking that all system packages are whitelisted.
07-08 20:00:07.768  1130  1130 W UserManagerService: checkWhitelistedSystemPackages(mode=ENFORCE|IMPLICIT_WHITELIST|IMPLICIT_WHITELIST_SYSTEM) has 55 warnings:
07-08 20:00:07.768  1130  1130 W UserManagerService: com.android.theme.color.amethyst is allowlisted but not present.
07-08 20:00:07.770  1130  1130 W UserManagerService: com.android.theme.icon.pebble is allowlisted but not present.
07-08 20:00:07.770  1130  1130 W UserManagerService: com.android.theme.color.sand is allowlisted but not present.
07-08 20:00:07.771  1130  1130 W UserManagerService: com.android.theme.icon.vessel is allowlisted but not present.
07-08 20:00:07.771  1130  1130 W UserManagerService: com.android.theme.color.cinnamon is allowlisted but not present.
07-08 20:00:07.772  1130  1130 W UserManagerService: com.android.theme.icon_pack.victor.settings is allowlisted but not present.
07-08 20:00:07.773  1130  1130 W UserManagerService: com.android.theme.icon_pack.rounded.systemui is allowlisted but not present.
07-08 20:00:07.774  1130  1130 W UserManagerService: com.android.theme.icon.taperedrect is allowlisted but not present.
07-08 20:00:07.775  1130  1130 W UserManagerService: com.android.theme.icon_pack.rounded.android is allowlisted but not present.
07-08 20:00:07.775  1130  1130 W UserManagerService: com.qualcomm.qti.euiccresource is allowlisted but not present.
07-08 20:00:07.775  1130  1130 W UserManagerService: com.android.theme.icon_pack.victor.systemui is allowlisted but not present.
07-08 20:00:07.776  1130  1130 W UserManagerService: com.android.theme.icon_pack.circular.themepicker is allowlisted but not present.
07-08 20:00:07.777  1130  1130 W UserManagerService: com.android.theme.color.tangerine is allowlisted but not present.
07-08 20:00:07.777  1130  1130 W UserManagerService: com.android.theme.color.aquamarine is allowlisted but not present.
07-08 20:00:07.777  1130  1130 W UserManagerService: com.android.theme.color.black is allowlisted but not present.
07-08 20:00:07.778  1130  1130 W UserManagerService: com.android.theme.color.green is allowlisted but not present.
07-08 20:00:07.778  1130  1130 W UserManagerService: com.android.theme.color.ocean is allowlisted but not present.
07-08 20:00:07.778  1130  1130 W UserManagerService: com.android.theme.color.space is allowlisted but not present.
07-08 20:00:07.779  1130  1130 W UserManagerService: com.android.theme.icon_pack.rounded.launcher is allowlisted but not present.
07-08 20:00:07.779  1130  1130 W UserManagerService: com.android.theme.icon_pack.kai.settings is allowlisted but not present.
07-08 20:00:07.780  1130  1130 W UserManagerService: com.android.internal.systemui.navbar.twobutton is allowlisted but not present.
07-08 20:00:07.780  1130  1130 W UserManagerService: com.android.theme.icon_pack.sam.settings is allowlisted but not present.
07-08 20:00:07.780  1130  1130 W UserManagerService: com.android.theme.icon_pack.kai.themepicker is allowlisted but not present.
07-08 20:00:07.781  1130  1130 W UserManagerService: com.android.theme.icon_pack.victor.launcher is allowlisted but not present.
07-08 20:00:07.781  1130  1130 W UserManagerService: com.android.theme.icon_pack.filled.settings is allowlisted but not present.
07-08 20:00:07.781  1130  1130 W UserManagerService: com.android.theme.icon_pack.kai.systemui is allowlisted but not present.
07-08 20:00:07.782  1130  1130 W UserManagerService: com.android.theme.icon_pack.circular.settings is allowlisted but not present.
07-08 20:00:07.782  1130  1130 W UserManagerService: com.android.theme.icon_pack.sam.systemui is allowlisted but not present.
07-08 20:00:07.782  1130  1130 W UserManagerService: com.android.theme.icon.teardrop is allowlisted but not present.
07-08 20:00:07.783  1130  1130 W UserManagerService: com.android.theme.icon_pack.rounded.themepicker is allowlisted but not present.
07-08 20:00:07.783  1130  1130 W UserManagerService: com.android.theme.icon_pack.filled.systemui is allowlisted but not present.
07-08 20:00:07.791  1130  1130 W UserManagerService: com.qualcomm.qti.devicestatisticsservice is allowlisted but not present.
07-08 20:00:07.791  1130  1130 W UserManagerService: com.qualcomm.qti.imsiprivacy.tests is allowlisted but not present.
07-08 20:00:07.791  1130  1130 W UserManagerService: com.android.theme.icon_pack.sam.android is allowlisted but not present.
07-08 20:00:07.792  1130  1130 W UserManagerService: com.android.theme.icon_pack.filled.android is allowlisted but not present.
07-08 20:00:07.792  1130  1130 W UserManagerService: com.android.theme.icon_pack.circular.systemui is allowlisted but not present.
07-08 20:00:07.792  1130  1130 W UserManagerService: com.android.theme.icon_pack.kai.android is allowlisted but not present.
07-08 20:00:07.793  1130  1130 W UserManagerService: com.android.theme.icon_pack.kai.launcher is allowlisted but not present.
07-08 20:00:07.793  1130  1130 W UserManagerService: com.qualcomm.qti.sam.service is allowlisted but not present.
07-08 20:00:07.794  1130  1130 W UserManagerService: com.android.theme.icon_pack.sam.launcher is allowlisted but not present.
07-08 20:00:07.795  1130  1130 W UserManagerService: com.android.theme.icon.squircle is allowlisted but not present.
07-08 20:00:07.795  1130  1130 W UserManagerService: com.android.theme.icon_pack.victor.android is allowlisted but not present.
07-08 20:00:07.795  1130  1130 W UserManagerService: com.android.theme.color.palette is allowlisted but not present.
07-08 20:00:07.796  1130  1130 W UserManagerService: com.android.theme.icon_pack.filled.launcher is allowlisted but not present.
07-08 20:00:07.796  1130  1130 W UserManagerService: com.android.theme.color.carbon is allowlisted but not present.
07-08 20:00:07.799  1130  1130 W UserManagerService: com.android.theme.icon_pack.circular.launcher is allowlisted but not present.
07-08 20:00:07.800  1130  1130 W UserManagerService: com.android.theme.icon_pack.filled.themepicker is allowlisted but not present.
07-08 20:00:07.800  1130  1130 W UserManagerService: com.android.theme.icon_pack.victor.themepicker is allowlisted but not present.
07-08 20:00:07.801  1130  1130 W UserManagerService: com.android.theme.color.orchid is allowlisted but not present.
07-08 20:00:07.801  1130  1130 W UserManagerService: com.android.theme.color.purple is allowlisted but not present.
07-08 20:00:07.801  1130  1130 W UserManagerService: com.android.theme.icon_pack.sam.themepicker is allowlisted but not present.
07-08 20:00:07.802  1130  1130 W UserManagerService: com.android.theme.icon.roundedrect is allowlisted but not present.
07-08 20:00:07.802  1130  1130 W UserManagerService: com.android.theme.icon_pack.rounded.settings is allowlisted but not present.
07-08 20:00:07.803  1130  1130 W UserManagerService: org.codeaurora.qti.nrNetworkSettingApp is allowlisted but not present.
07-08 20:00:07.803  1130  1130 W UserManagerService: com.android.theme.icon_pack.circular.android is allowlisted but not present.
07-08 20:00:07.811  1130  1130 I Watchdog: Resuming HandlerChecker: main thread for reason: packagemanagermain. Pause count: 0
07-08 20:00:07.812  1130  1130 I SystemServerDexLoadReporter: Configuring system server dex reporter
07-08 20:00:07.878  1130  1130 D SystemServerTiming: StartPackageManagerService took to complete: 3395ms
07-08 20:00:07.879  1130  1130 I SystemServerTiming: StartOtaDexOptService
07-08 20:00:07.879  1130  1130 I Watchdog: Pausing HandlerChecker: main thread for reason: moveab. Pause count: 1
07-08 20:00:07.881  1130  1130 D OTADexopt: No upgrade, skipping A/B artifacts check.
07-08 20:00:07.882  1130  1130 I Watchdog: Resuming HandlerChecker: main thread for reason: moveab. Pause count: 0
07-08 20:00:07.882  1130  1130 D SystemServerTiming: StartOtaDexOptService took to complete: 3ms
07-08 20:00:07.883  1130  1130 I SystemServerTiming: StartUserManagerService
07-08 20:00:07.883  1130  1130 I SystemServiceManager: Starting com.android.server.pm.UserManagerService$LifeCycle
07-08 20:00:07.885  1130  1130 D SystemServerTiming: StartUserManagerService took to complete: 2ms
07-08 20:00:07.885  1130  1130 I SystemServerTiming: InitAttributerCache
07-08 20:00:07.886  1130  1130 D SystemServerTiming: InitAttributerCache took to complete: 0ms
07-08 20:00:07.886  1130  1130 I SystemServerTiming: SetSystemProcess
07-08 20:00:07.906  1130  1152 V HistoricalRegistry: Interaction before persistence initialized
07-08 20:00:07.924  1130  1317 I ActivityManager: Connection with lmkd established
07-08 20:00:07.929  1130  1130 D SystemServerTiming: SetSystemProcess took to complete: 43ms
07-08 20:00:07.930  1130  1130 I SystemServerTiming: InitWatchdog
07-08 20:00:07.931  1130  1130 D SystemServerTiming: InitWatchdog took to complete: 0ms
07-08 20:00:07.934  1130  1130 I SystemServerTiming: StartOverlayManagerService
07-08 20:00:07.939  1277  1623 I storaged: storaged: Start
07-08 20:00:08.246  1130  1130 D SystemServerTiming: StartOverlayManagerService took to complete: 312ms
07-08 20:00:08.247  1130  1130 I SystemServerTiming: StartSensorPrivacyService
07-08 20:00:08.253  1130  1239 W ActivityTaskManager: Skip updateConfiguration because mWindowManager isn't set
07-08 20:00:08.257  1130  1130 D SystemServerTiming: StartSensorPrivacyService took to complete: 9ms
07-08 20:00:08.257  1130  1130 I SystemServerTiming: StartSensorService
07-08 20:00:08.257  1130  1130 I SystemServiceManager: Starting com.android.server.sensors.SensorService
07-08 20:00:08.259  1130  1130 D SystemServerTiming: StartSensorService took to complete: 1ms
07-08 20:00:08.259  1130  1130 D SystemServerTiming: startBootstrapServices took to complete: 6083ms
07-08 20:00:08.259  1130  1130 I SystemServerTiming: startCoreServices
07-08 20:00:08.260  1130  1130 I SystemServerTiming: StartSystemConfigService
07-08 20:00:08.260  1130  1130 I SystemServiceManager: Starting com.android.server.SystemConfigService
07-08 20:00:08.262  1130  1628 I SystemServerTimingAsync: InitThreadPoolExec:StartNativeSensorService
07-08 20:00:08.263  1130  1628 D SystemServerInitThreadPool: Started executing StartNativeSensorService
07-08 20:00:08.263  1130  1628 I SystemServerTimingAsync: StartNativeSensorService
07-08 20:00:08.265  1130  1130 D SystemServerTiming: StartSystemConfigService took to complete: 4ms
07-08 20:00:08.265  1130  1130 I SystemServerTiming: StartBatteryService
07-08 20:00:08.265  1130  1130 I SystemServiceManager: Starting com.android.server.BatteryService
07-08 20:00:08.301  1130  1291 D BatteryService: Processing new values: info={.chargerAcOnline = false, .chargerUsbOnline = false, .chargerWirelessOnline = false, .maxChargingCurrent = 0, .maxChargingVoltage = 0, .batteryStatus = DISCHARGING, .batteryHealth = GOOD, .batteryPresent = true, .batteryLevel = 55, .batteryVoltage = 3580, .batteryTemperature = 300, .batteryCurrent = -1078, .batteryCycleCount = 1, .batteryFullCharge = 3820000, .batteryChargeCounter = 1739848, .batteryTechnology = Li-ion, .chargerRealType = , .chargingVoltage = 0, .batteryID = 100000}, mBatteryLevelCritical=false, mPlugType=0
07-08 20:00:08.305  1130  1291 D BatteryService: Sending ACTION_BATTERY_CHANGED. scale:100, info:{.chargerAcOnline = false, .chargerUsbOnline = false, .chargerWirelessOnline = false, .maxChargingCurrent = 0, .maxChargingVoltage = 0, .batteryStatus = DISCHARGING, .batteryHealth = GOOD, .batteryPresent = true, .batteryLevel = 55, .batteryVoltage = 3580, .batteryTemperature = 300, .batteryCurrent = -1078, .batteryCycleCount = 1, .batteryFullCharge = 3820000, .batteryChargeCounter = 1739848, .batteryTechnology = Li-ion, .chargerRealType = , .chargingVoltage = 0, .batteryID = 100000}
07-08 20:00:08.333     0     0 W healthd : battery l=55 v=3580 t=30.0 h=2 st=3 c=-1078 fc=3820000 cc=1 chg=
07-08 20:00:08.339  1130  1291 D BatteryService: Processing new values: info={.chargerAcOnline = false, .chargerUsbOnline = false, .chargerWirelessOnline = false, .maxChargingCurrent = 0, .maxChargingVoltage = 0, .batteryStatus = DISCHARGING, .batteryHealth = GOOD, .batteryPresent = true, .batteryLevel = 55, .batteryVoltage = 3580, .batteryTemperature = 300, .batteryCurrent = -1078, .batteryCycleCount = 1, .batteryFullCharge = 3820000, .batteryChargeCounter = 1739848, .batteryTechnology = Li-ion, .chargerRealType = , .chargingVoltage = 0, .batteryID = 100000}, mBatteryLevelCritical=false, mPlugType=0
07-08 20:00:08.345  1130  1130 I HealthServiceWrapper: health: HealthServiceWrapper listening to instance default
07-08 20:00:08.345  1130  1130 I BatteryService: health: Waited 0ms and received the update.
07-08 20:00:08.349  1130  1130 I BatteryService:  is FRT Model: false
07-08 20:00:08.350  1130  1130 I BatteryService:  is Ma Bridge: false
07-08 20:00:08.352  1130  1130 W SystemServiceManager: Service com.android.server.BatteryService took 85 ms in onStart
07-08 20:00:08.353  1130  1130 D SystemServerTiming: StartBatteryService took to complete: 88ms
07-08 20:00:08.353  1130  1130 I SystemServerTiming: StartUsageService
07-08 20:00:08.354  1130  1130 I SystemServiceManager: Starting com.android.server.usage.UsageStatsService
07-08 20:00:08.358  1130  1628 V HistoricalRegistry: Interaction before persistence initialized
07-08 20:00:08.360  1130  1628 D SystemServerTimingAsync: StartNativeSensorService took to complete: 97ms
07-08 20:00:08.361  1130  1628 D SystemServerInitThreadPool: Finished executing StartNativeSensorService
07-08 20:00:08.361  1130  1628 D SystemServerTimingAsync: InitThreadPoolExec:StartNativeSensorService took to complete: 99ms
07-08 20:00:08.401  1130  1130 D SystemServerTiming: StartUsageService took to complete: 47ms
07-08 20:00:08.401  1130  1130 I SystemServerTiming: StartWebViewUpdateService
07-08 20:00:08.402  1130  1130 I SystemServiceManager: Starting com.android.server.webkit.WebViewUpdateService
07-08 20:00:08.416  1130  1130 D SystemServerTiming: StartWebViewUpdateService took to complete: 14ms
07-08 20:00:08.416  1130  1130 I SystemServerTiming: StartCachedDeviceStateService
07-08 20:00:08.417  1130  1130 I SystemServiceManager: Starting com.android.server.CachedDeviceStateService
07-08 20:00:08.417  1130  1130 D SystemServerTiming: StartCachedDeviceStateService took to complete: 0ms
07-08 20:00:08.417  1130  1130 I SystemServerTiming: StartBinderCallsStatsService
07-08 20:00:08.418  1130  1130 I SystemServiceManager: Starting com.android.server.BinderCallsStatsService$LifeCycle
07-08 20:00:08.424  1130  1130 D SystemServerTiming: StartBinderCallsStatsService took to complete: 6ms
07-08 20:00:08.424  1130  1130 I SystemServerTiming: StartLooperStatsService
07-08 20:00:08.425  1130  1130 I SystemServiceManager: Starting com.android.server.LooperStatsService$Lifecycle
07-08 20:00:08.435  1130  1130 D SystemServerTiming: StartLooperStatsService took to complete: 10ms
07-08 20:00:08.435  1130  1130 I SystemServerTiming: StartRollbackManagerService
07-08 20:00:08.436  1130  1130 I SystemServiceManager: Starting com.android.server.rollback.RollbackManagerService
07-08 20:00:08.474  1130  1130 I PackageWatchdog: Syncing state, reason: added new observer
07-08 20:00:08.475  1130  1130 I PackageWatchdog: Not pruning observers, elapsed time: 0ms
07-08 20:00:08.475  1130  1130 I PackageWatchdog: Cancelling state sync, nothing to sync
07-08 20:00:08.477  1130  1297 I PackageWatchdog: Saving observer state to file
07-08 20:00:08.492  1130  1130 W SystemServiceManager: Service com.android.server.rollback.RollbackManagerService took 56 ms in onStart
07-08 20:00:08.492  1130  1130 D SystemServerTiming: StartRollbackManagerService took to complete: 57ms
07-08 20:00:08.493  1130  1130 I SystemServerTiming: StartNativeTombstoneManagerService
07-08 20:00:08.493  1130  1130 I SystemServiceManager: Starting com.android.server.os.NativeTombstoneManagerService
07-08 20:00:08.513  1130  1130 D SystemServerTiming: StartNativeTombstoneManagerService took to complete: 20ms
07-08 20:00:08.514  1130  1130 I SystemServerTiming: StartBugreportManagerService
07-08 20:00:08.514  1130  1130 I SystemServiceManager: Starting com.android.server.os.BugreportManagerService
07-08 20:00:08.518  1130  1130 D SystemServerTiming: StartBugreportManagerService took to complete: 5ms
07-08 20:00:08.519  1130  1130 I SystemServerTiming: GpuService
07-08 20:00:08.519  1130  1130 I SystemServiceManager: Starting com.android.server.gpu.GpuService
07-08 20:00:08.520  1130  1130 D SystemServerTiming: GpuService took to complete: 1ms
07-08 20:00:08.520  1130  1130 D SystemServerTiming: startCoreServices took to complete: 260ms
07-08 20:00:08.520  1130  1130 I SystemServerTiming: startOtherServices
07-08 20:00:08.522  1130  1130 I SystemServerTiming: StartKeyAttestationApplicationIdProviderService
07-08 20:00:08.534  1130  1130 D SystemServerTiming: StartKeyAttestationApplicationIdProviderService took to complete: 11ms
07-08 20:00:08.534  1130  1130 I SystemServerTiming: StartKeyChainSystemService
07-08 20:00:08.534  1130  1130 I SystemServiceManager: Starting com.android.server.security.KeyChainSystemService
07-08 20:00:08.535  1130  1130 D SystemServerTiming: StartKeyChainSystemService took to complete: 0ms
07-08 20:00:08.536  1130  1130 I SystemServerTiming: StartSchedulingPolicyService
07-08 20:00:08.538  1130  1130 D SystemServerTiming: StartSchedulingPolicyService took to complete: 2ms
07-08 20:00:08.539  1130  1130 I SystemServerTiming: StartTelecomLoaderService
07-08 20:00:08.539  1130  1130 I SystemServiceManager: Starting com.android.server.telecom.TelecomLoaderService
07-08 20:00:08.540  1130  1130 D SystemServerTiming: StartTelecomLoaderService took to complete: 2ms
07-08 20:00:08.541  1130  1130 I SystemServerTiming: StartTelephonyRegistry
07-08 20:00:08.551  1130  1643 I SystemServerTimingAsync: InitThreadPoolExec:SchedulingPolicyService.<init>
07-08 20:00:08.551  1130  1643 D SystemServerInitThreadPool: Started executing SchedulingPolicyService.<init>
07-08 20:00:08.554  1130  1642 I SystemServerTimingAsync: InitThreadPoolExec:SecondaryZygotePreload
07-08 20:00:08.555  1130  1642 D SystemServerInitThreadPool: Started executing SecondaryZygotePreload
07-08 20:00:08.555  1130  1642 I SystemServer: SecondaryZygotePreload
07-08 20:00:08.555  1130  1642 I SystemServerTimingAsync: SecondaryZygotePreload
07-08 20:00:08.576  1130  1130 D SystemServerTiming: StartTelephonyRegistry took to complete: 35ms
07-08 20:00:08.576  1130  1130 I SystemServerTiming: StartEntropyMixer
07-08 20:00:08.579  1130  1130 I EntropyMixer: Writing entropy...
07-08 20:00:08.615  1130  1130 D SystemServerTiming: StartEntropyMixer took to complete: 38ms
07-08 20:00:08.615  1130  1130 I SystemServerTiming: StartAccountManagerService
07-08 20:00:08.616  1130  1130 I SystemServiceManager: Starting com.android.server.accounts.AccountManagerService$Lifecycle
07-08 20:00:08.649  1130  1130 D SystemServerTiming: StartAccountManagerService took to complete: 33ms
07-08 20:00:08.649  1130  1130 I SystemServerTiming: StartContentService
07-08 20:00:08.650  1130  1130 I SystemServiceManager: Starting com.android.server.content.ContentService$Lifecycle
07-08 20:00:08.653  1130  1130 D SystemServerTiming: StartContentService took to complete: 3ms
07-08 20:00:08.654  1130  1130 I SystemServerTiming: InstallSystemProviders
07-08 20:00:08.781   701   701 D ZygoteInitTiming_lazy: BeginPreload took to complete: 192ms
07-08 20:00:08.861  1130  1643 D SystemServerInitThreadPool: Finished executing SchedulingPolicyService.<init>
07-08 20:00:08.861  1130  1643 D SystemServerTimingAsync: InitThreadPoolExec:SchedulingPolicyService.<init> took to complete: 311ms
07-08 20:00:08.912     0     0 E ip_local_port_range: prefer different parity for start/end values.
07-08 20:00:08.956  1130  1303 D ActivityManager: Freezer enabled
07-08 20:00:08.957  1130  1303 D ActivityManager: freezer override set to false
07-08 20:00:08.965  1130  1130 D SystemServerTiming: InstallSystemProviders took to complete: 310ms
07-08 20:00:08.966  1130  1130 I SystemServerTiming: StartDropBoxManager
07-08 20:00:08.966  1130  1130 I SystemServiceManager: Starting com.android.server.DropBoxManagerService
07-08 20:00:08.969  1130  1130 D SystemServerTiming: StartDropBoxManager took to complete: 4ms
07-08 20:00:08.970  1130  1130 I SystemServerTiming: StartRoleManagerService
07-08 20:00:08.971  1130  1130 I SystemServiceManager: Starting com.android.role.RoleService
07-08 20:00:08.979  1130  1130 D SystemServerTiming: StartRoleManagerService took to complete: 9ms
07-08 20:00:08.980  1130  1130 I SystemServerTiming: StartVibratorManagerService
07-08 20:00:08.980  1130  1130 I SystemServiceManager: Starting com.android.server.vibrator.VibratorManagerService$Lifecycle
07-08 20:00:08.995  1130  1619 D SystemServerTimingAsync: AppDataFixup took to complete: 1456ms
07-08 20:00:09.017  1130  1130 D SystemServerTiming: StartVibratorManagerService took to complete: 38ms
07-08 20:00:09.018  1130  1130 I SystemServerTiming: StartDynamicSystemService
07-08 20:00:09.019  1130  1130 D SystemServerTiming: StartDynamicSystemService took to complete: 2ms
07-08 20:00:09.020  1130  1130 I SystemServerTiming: StartConsumerIrService
07-08 20:00:09.028  1130  1130 D SystemServerTiming: StartConsumerIrService took to complete: 8ms
07-08 20:00:09.028  1130  1130 I SystemServerTiming: StartAlarmManagerService
07-08 20:00:09.028  1130  1130 I SystemServiceManager: Starting com.android.server.alarm.AlarmManagerService
07-08 20:00:09.065     0     0 I IRQ 6   : no longer affine to CPU4
07-08 20:00:09.165  1130  1130 W SystemServiceManager: Service com.android.server.alarm.AlarmManagerService took 137 ms in onStart
07-08 20:00:09.166  1130  1130 D SystemServerTiming: StartAlarmManagerService took to complete: 137ms
07-08 20:00:09.166  1130  1130 I SystemServerTiming: StartInputManagerService
07-08 20:00:09.167  1130  1130 I InputManager: Initializing input manager, mUseDevInputEventForAudioJack=true
07-08 20:00:09.185     0     0 I cnss-daemon: wlfw_qmi_ind_cb: Receive Ind : 0x21
07-08 20:00:09.185     0     0 I icnss   : WLAN FW is ready: 0xd87
07-08 20:00:09.199     0     0 W         : (NULL device *): Falling back to syfs fallback for: wlan/qca_cld/WCNSS_qcom_cfg.ini
07-08 20:00:09.206  1130  1297 W ProcessCpuTracker: Failed to stat(/proc/1646): android.system.ErrnoException: stat failed: ENOENT (No such file or directory)
07-08 20:00:09.207  1130  1297 W ProcessCpuTracker: Skipping unknown process pid 1646
07-08 20:00:09.215  1130  1130 D SystemServerTiming: StartInputManagerService took to complete: 48ms
07-08 20:00:09.216  1130  1130 I SystemServerTiming: DeviceStateManagerService
07-08 20:00:09.216  1130  1130 I SystemServiceManager: Starting com.android.server.devicestate.DeviceStateManagerService
07-08 20:00:09.232  1130  1130 D SystemServerTiming: DeviceStateManagerService took to complete: 17ms
07-08 20:00:09.233  1130  1130 I SystemServerTiming: StartCameraServiceProxy
07-08 20:00:09.233  1130  1130 I SystemServiceManager: Starting com.android.server.camera.CameraServiceProxy
07-08 20:00:09.239  1130  1130 D SystemServerTiming: StartCameraServiceProxy took to complete: 6ms
07-08 20:00:09.239  1130  1130 I SystemServerTiming: StartWindowManagerService
07-08 20:00:09.240  1130  1130 I SystemServiceManager: Starting phase 200
07-08 20:00:09.240  1130  1130 I SystemServerTiming: OnBootPhase_200
07-08 20:00:09.240  1130  1130 I SystemServerTiming: OnBootPhase_200_com.android.server.security.FileIntegrityService
07-08 20:00:09.241  1130  1130 D SystemServerTiming: OnBootPhase_200_com.android.server.security.FileIntegrityService took to complete: 0ms
07-08 20:00:09.241  1130  1130 I SystemServerTiming: OnBootPhase_200_com.android.server.pm.Installer
07-08 20:00:09.241  1130  1130 D SystemServerTiming: OnBootPhase_200_com.android.server.pm.Installer took to complete: 0ms
07-08 20:00:09.242  1130  1130 I SystemServerTiming: OnBootPhase_200_com.android.server.os.DeviceIdentifiersPolicyService
07-08 20:00:09.242  1130  1130 D SystemServerTiming: OnBootPhase_200_com.android.server.os.DeviceIdentifiersPolicyService took to complete: 0ms
07-08 20:00:09.243  1130  1130 I SystemServerTiming: OnBootPhase_200_com.android.server.uri.UriGrantsManagerService$Lifecycle
07-08 20:00:09.243  1130  1130 D SystemServerTiming: OnBootPhase_200_com.android.server.uri.UriGrantsManagerService$Lifecycle took to complete: 0ms
07-08 20:00:09.244  1130  1130 I SystemServerTiming: OnBootPhase_200_com.android.server.powerstats.PowerStatsService
07-08 20:00:09.245  1130  1130 D SystemServerTiming: OnBootPhase_200_com.android.server.powerstats.PowerStatsService took to complete: 0ms
07-08 20:00:09.245  1130  1130 I SystemServerTiming: OnBootPhase_200_com.android.server.wm.ActivityTaskManagerService$Lifecycle
07-08 20:00:09.246  1130  1130 D SystemServerTiming: OnBootPhase_200_com.android.server.wm.ActivityTaskManagerService$Lifecycle took to complete: 0ms
07-08 20:00:09.246  1130  1130 I SystemServerTiming: OnBootPhase_200_com.android.server.am.ActivityManagerService$Lifecycle
07-08 20:00:09.246  1130  1130 D SystemServerTiming: OnBootPhase_200_com.android.server.am.ActivityManagerService$Lifecycle took to complete: 0ms
07-08 20:00:09.247  1130  1130 I SystemServerTiming: OnBootPhase_200_com.android.server.pm.DataLoaderManagerService
07-08 20:00:09.249  1130  1130 D SystemServerTiming: OnBootPhase_200_com.android.server.pm.DataLoaderManagerService took to complete: 0ms
07-08 20:00:09.249  1130  1130 I SystemServerTiming: OnBootPhase_200_com.android.server.power.PowerManagerService
07-08 20:00:09.250  1130  1130 D SystemServerTiming: OnBootPhase_200_com.android.server.power.PowerManagerService took to complete: 0ms
07-08 20:00:09.250  1130  1130 I SystemServerTiming: OnBootPhase_200_com.android.server.power.ThermalManagerService
07-08 20:00:09.250  1130  1130 D SystemServerTiming: OnBootPhase_200_com.android.server.power.ThermalManagerService took to complete: 0ms
07-08 20:00:09.251  1130  1130 I SystemServerTiming: OnBootPhase_200_com.android.server.power.hint.HintManagerService
07-08 20:00:09.251  1130  1130 D SystemServerTiming: OnBootPhase_200_com.android.server.power.hint.HintManagerService took to complete: 0ms
07-08 20:00:09.252  1130  1130 I SystemServerTiming: OnBootPhase_200_com.android.server.recoverysystem.RecoverySystemService$Lifecycle
07-08 20:00:09.252  1130  1130 D SystemServerTiming: OnBootPhase_200_com.android.server.recoverysystem.RecoverySystemService$Lifecycle took to complete: 0ms
07-08 20:00:09.252  1130  1130 I SystemServerTiming: OnBootPhase_200_com.android.server.lights.LightsService
07-08 20:00:09.253  1130  1130 D SystemServerTiming: OnBootPhase_200_com.android.server.lights.LightsService took to complete: 0ms
07-08 20:00:09.256  1130  1130 I SystemServerTiming: OnBootPhase_200_com.android.server.display.DisplayManagerService
07-08 20:00:09.257  1130  1130 D SystemServerTiming: OnBootPhase_200_com.android.server.display.DisplayManagerService took to complete: 0ms
07-08 20:00:09.257  1130  1130 I SystemServerTiming: OnBootPhase_200_com.android.server.pm.verify.domain.DomainVerificationService
07-08 20:00:09.258  1130  1130 D SystemServerTiming: OnBootPhase_200_com.android.server.pm.verify.domain.DomainVerificationService took to complete: 0ms
07-08 20:00:09.258  1130  1130 I SystemServerTiming: OnBootPhase_200_com.android.server.pm.PackageInstallerService$Lifecycle
07-08 20:00:09.258  1130  1130 D SystemServerTiming: OnBootPhase_200_com.android.server.pm.PackageInstallerService$Lifecycle took to complete: 0ms
07-08 20:00:09.259  1130  1130 I SystemServerTiming: OnBootPhase_200_com.android.server.pm.UserManagerService$LifeCycle
07-08 20:00:09.259  1130  1130 D SystemServerTiming: OnBootPhase_200_com.android.server.pm.UserManagerService$LifeCycle took to complete: 0ms
07-08 20:00:09.260  1130  1130 I SystemServerTiming: OnBootPhase_200_com.android.server.om.OverlayManagerService
07-08 20:00:09.260  1130  1130 D SystemServerTiming: OnBootPhase_200_com.android.server.om.OverlayManagerService took to complete: 0ms
07-08 20:00:09.260  1130  1130 I SystemServerTiming: OnBootPhase_200_com.android.server.SensorPrivacyService
07-08 20:00:09.261  1130  1130 D SystemServerTiming: OnBootPhase_200_com.android.server.SensorPrivacyService took to complete: 0ms
07-08 20:00:09.261  1130  1130 I SystemServerTiming: OnBootPhase_200_com.android.server.sensors.SensorService
07-08 20:00:09.261  1130  1130 D SystemServerTiming: OnBootPhase_200_com.android.server.sensors.SensorService took to complete: 0ms
07-08 20:00:09.262  1130  1130 I SystemServerTiming: OnBootPhase_200_com.android.server.SystemConfigService
07-08 20:00:09.262  1130  1130 D SystemServerTiming: OnBootPhase_200_com.android.server.SystemConfigService took to complete: 0ms
07-08 20:00:09.263  1130  1130 I SystemServerTiming: OnBootPhase_200_com.android.server.BatteryService
07-08 20:00:09.263  1130  1130 D SystemServerTiming: OnBootPhase_200_com.android.server.BatteryService took to complete: 0ms
07-08 20:00:09.264  1130  1130 I SystemServerTiming: OnBootPhase_200_com.android.server.usage.UsageStatsService
07-08 20:00:09.264  1130  1130 D SystemServerTiming: OnBootPhase_200_com.android.server.usage.UsageStatsService took to complete: 0ms
07-08 20:00:09.265  1130  1130 I SystemServerTiming: OnBootPhase_200_com.android.server.webkit.WebViewUpdateService
07-08 20:00:09.265  1130  1130 D SystemServerTiming: OnBootPhase_200_com.android.server.webkit.WebViewUpdateService took to complete: 0ms
07-08 20:00:09.265  1130  1130 I SystemServerTiming: OnBootPhase_200_com.android.server.CachedDeviceStateService
07-08 20:00:09.266  1130  1130 D SystemServerTiming: OnBootPhase_200_com.android.server.CachedDeviceStateService took to complete: 0ms
07-08 20:00:09.266  1130  1130 I SystemServerTiming: OnBootPhase_200_com.android.server.BinderCallsStatsService$LifeCycle
07-08 20:00:09.266  1130  1130 D SystemServerTiming: OnBootPhase_200_com.android.server.BinderCallsStatsService$LifeCycle took to complete: 0ms
07-08 20:00:09.267  1130  1130 I SystemServerTiming: OnBootPhase_200_com.android.server.LooperStatsService$Lifecycle
07-08 20:00:09.267  1130  1130 D SystemServerTiming: OnBootPhase_200_com.android.server.LooperStatsService$Lifecycle took to complete: 0ms
07-08 20:00:09.268  1130  1130 I SystemServerTiming: OnBootPhase_200_com.android.server.rollback.RollbackManagerService
07-08 20:00:09.268  1130  1130 D SystemServerTiming: OnBootPhase_200_com.android.server.rollback.RollbackManagerService took to complete: 0ms
07-08 20:00:09.269  1130  1130 I SystemServerTiming: OnBootPhase_200_com.android.server.os.NativeTombstoneManagerService
07-08 20:00:09.269  1130  1130 D SystemServerTiming: OnBootPhase_200_com.android.server.os.NativeTombstoneManagerService took to complete: 0ms
07-08 20:00:09.269  1130  1130 I SystemServerTiming: OnBootPhase_200_com.android.server.os.BugreportManagerService
07-08 20:00:09.270  1130  1130 D SystemServerTiming: OnBootPhase_200_com.android.server.os.BugreportManagerService took to complete: 0ms
07-08 20:00:09.270  1130  1130 I SystemServerTiming: OnBootPhase_200_com.android.server.gpu.GpuService
07-08 20:00:09.270  1130  1130 D SystemServerTiming: OnBootPhase_200_com.android.server.gpu.GpuService took to complete: 0ms
07-08 20:00:09.271  1130  1130 I SystemServerTiming: OnBootPhase_200_com.android.server.security.KeyChainSystemService
07-08 20:00:09.271  1130  1130 D SystemServerTiming: OnBootPhase_200_com.android.server.security.KeyChainSystemService took to complete: 0ms
07-08 20:00:09.272  1130  1130 I SystemServerTiming: OnBootPhase_200_com.android.server.telecom.TelecomLoaderService
07-08 20:00:09.272  1130  1130 D SystemServerTiming: OnBootPhase_200_com.android.server.telecom.TelecomLoaderService took to complete: 0ms
07-08 20:00:09.272  1130  1130 I SystemServerTiming: OnBootPhase_200_com.android.server.accounts.AccountManagerService$Lifecycle
07-08 20:00:09.273  1130  1130 D SystemServerTiming: OnBootPhase_200_com.android.server.accounts.AccountManagerService$Lifecycle took to complete: 0ms
07-08 20:00:09.273  1130  1130 I SystemServerTiming: OnBootPhase_200_com.android.server.content.ContentService$Lifecycle
07-08 20:00:09.274  1130  1130 D SystemServerTiming: OnBootPhase_200_com.android.server.content.ContentService$Lifecycle took to complete: 0ms
07-08 20:00:09.274  1130  1130 I SystemServerTiming: OnBootPhase_200_com.android.server.DropBoxManagerService
07-08 20:00:09.274  1130  1130 D SystemServerTiming: OnBootPhase_200_com.android.server.DropBoxManagerService took to complete: 0ms
07-08 20:00:09.275  1130  1130 I SystemServerTiming: OnBootPhase_200_com.android.role.RoleService
07-08 20:00:09.275  1130  1130 D SystemServerTiming: OnBootPhase_200_com.android.role.RoleService took to complete: 0ms
07-08 20:00:09.276  1130  1130 I SystemServerTiming: OnBootPhase_200_com.android.server.vibrator.VibratorManagerService$Lifecycle
07-08 20:00:09.276  1130  1130 D SystemServerTiming: OnBootPhase_200_com.android.server.vibrator.VibratorManagerService$Lifecycle took to complete: 0ms
07-08 20:00:09.276  1130  1130 I SystemServerTiming: OnBootPhase_200_com.android.server.alarm.AlarmManagerService
07-08 20:00:09.277  1130  1130 D SystemServerTiming: OnBootPhase_200_com.android.server.alarm.AlarmManagerService took to complete: 0ms
07-08 20:00:09.277  1130  1130 I SystemServerTiming: OnBootPhase_200_com.android.server.devicestate.DeviceStateManagerService
