07-08 13:39:10.229  1388  2026 E DisplayDeviceConfig: requesting nits when no mapping exists.
07-08 13:39:10.242  1388  2026 E DisplayDeviceConfig: requesting nits when no mapping exists.
07-08 13:39:10.243  1388  2026 E DisplayDeviceConfig: requesting nits when no mapping exists.
07-08 13:39:10.259  1388  2026 E DisplayDeviceConfig: requesting nits when no mapping exists.
07-08 13:39:10.260  1388  2026 E DisplayDeviceConfig: requesting nits when no mapping exists.
07-08 13:39:10.274  1388  2026 E DisplayDeviceConfig: requesting nits when no mapping exists.
07-08 13:39:10.276  1388  2026 E DisplayDeviceConfig: requesting nits when no mapping exists.
07-08 13:39:10.290  1388  2026 E DisplayDeviceConfig: requesting nits when no mapping exists.
07-08 13:39:10.291  1388  2026 E DisplayDeviceConfig: requesting nits when no mapping exists.
07-08 13:39:10.306  1388  2026 E DisplayDeviceConfig: requesting nits when no mapping exists.
07-08 13:39:10.307  1388  2026 E DisplayDeviceConfig: requesting nits when no mapping exists.
07-08 13:39:16.283  1388  1671 I PowerManagerService: Powering off display group due to timeout (groupId= 0, uid= 1000)...
07-08 13:39:16.284  1388  1671 I PowerManagerService: Going to sleep due to timeout (uid 1000)...
07-08 13:39:16.348  1388  1671 V DisplayPowerController[0]: Brightness [0.75686276] reason changing to: 'manual', previous reason: 'manual [ dim ]'.
07-08 13:39:16.773  1388  1671 I DisplayPowerController[0]: Blocking screen off
07-08 13:39:16.773  1388  1671 I DisplayPowerController[0]: Unblocked screen off after 1 ms
07-08 13:39:16.774  1388  2026 E DisplayDeviceConfig: requesting nits when no mapping exists.
07-08 13:39:16.776  1388  2026 E DisplayDeviceConfig: requesting nits when no mapping exists.
07-08 13:39:16.798  1388  1671 D ActivityTaskManager: Top Process State changed to PROCESS_STATE_TOP_SLEEPING
07-08 13:39:16.816     0     0 F ***time : 9479, msoc : 72, uA: 166503. temp : 310, uV: 3876454, uOhm: 253662
07-08 13:39:16.816     0     0 I         : *** current capacity= 7776000, soc for low_temp= 72
07-08 13:39:16.816     0     0 I         : *** cal msoc : 72
07-08 13:39:16.843  1388  1671 V DisplayPowerController[0]: Brightness [0.0] reason changing to: 'screen_off', previous reason: 'manual'.
07-08 13:39:16.836     0     0 W healthd : battery l=72 v=3876 t=31.0 h=2 st=3 c=-166 fc=2794000 cc=20 chg=
07-08 13:39:16.852  1388  1634 I DisplayDeviceRepository: Display device changed state: "Built-in Screen", OFF
07-08 13:39:16.854     0     0 I [FTS_TS/I]fb_notifier_callback: FB event:16,blank:4
07-08 13:39:16.854     0     0 I [FTS_TS/I]fts_ts_suspend: make TP enter into sleep mode
07-08 13:39:16.869  1388  1888 D BatteryService: Processing new values: info={.chargerAcOnline = false, .chargerUsbOnline = false, .chargerWirelessOnline = false, .maxChargingCurrent = 0, .maxChargingVoltage = 0, .batteryStatus = DISCHARGING, .batteryHealth = GOOD, .batteryPresent = true, .batteryLevel = 72, .batteryVoltage = 3876, .batteryTemperature = 310, .batteryCurrent = -166, .batteryCycleCount = 20, .batteryFullCharge = 2794000, .batteryChargeCounter = 1650069, .batteryTechnology = Li-ion, .chargerRealType = , .chargingVoltage = 0, .batteryID = 100000}, mBatteryLevelCritical=false, mPlugType=0
07-08 13:39:16.869  1388  1888 D BatteryService: Sending ACTION_BATTERY_CHANGED. scale:100, info:{.chargerAcOnline = false, .chargerUsbOnline = false, .chargerWirelessOnline = false, .maxChargingCurrent = 0, .maxChargingVoltage = 0, .batteryStatus = DISCHARGING, .batteryHealth = GOOD, .batteryPresent = true, .batteryLevel = 72, .batteryVoltage = 3876, .batteryTemperature = 310, .batteryCurrent = -166, .batteryCycleCount = 20, .batteryFullCharge = 2794000, .batteryChargeCounter = 1650069, .batteryTechnology = Li-ion, .chargerRealType = , .chargingVoltage = 0, .batteryID = 100000}
07-08 13:39:17.057     0     0 I mdss_dsi_panel_power_off: ext_ldo
07-08 13:39:17.057     0     0 I PanelType: lcdtype=3
07-08 13:39:17.059     0     0 I [FTS_TS/I]fb_notifier_callback: FB event:9,blank:4
07-08 13:39:17.059     0     0 I [FTS_TS/I]fb_notifier_callback: suspend: event = 9, not care
07-08 13:39:17.065  1388  1671 I DreamManagerService: Entering dreamland.
07-08 13:39:17.066  1388  1671 I PowerManagerService: Dozing...
07-08 13:39:17.075  1388  1631 I DreamController: Starting dream: name=ComponentInfo{com.android.systemui/com.android.systemui.doze.DozeService}, isTest=false, canDoze=true, userId=0
07-08 13:39:17.130  1388  1634 V UsbDeviceManager: onKeyguardStateChanged: isShowing:false secure:false user:0
07-08 13:39:17.234  1388  1388 I BatteryService: intent action: android.intent.action.SCREEN_OFF
07-08 13:39:21.340  1388  1634 V UsbDeviceManager: onKeyguardStateChanged: isShowing:true secure:false user:0
07-08 13:40:00.945  1388  1870 I ActivityManager: Background started FGS: Allowed [callingPackage: com.dkitec.android.argos.mdm; callingUid: 10095; uidState: FGS ; intent: Intent { act=com.dki.dm.service.agentAlive.action.SEND_AGENT_ALIVE cmp=com.dkitec.android.argos.mdm/.service.agentAlive.AgentAliveIntentService (has extras) }; code:PROC_STATE_FGS; tempAllowListReason:<,reasonCode:SYSTEM_ALLOW_LISTED,duration:9223372036854775807,callingUid:-1>; targetSdkVersion:23; callerTargetSdkVersion:23; startForegroundCount:0; bindFromPackage:null]
07-08 13:40:00.948  1388  1644 I DropBoxManagerService: add tag=system_server_wtf isTagEnabled=true flags=0x2
07-08 13:40:00.971  1388  4219 W ActivityManager: Foreground service started from background can not have location/camera/microphone access: service com.dkitec.android.argos.mdm/.service.agentAlive.AgentAliveIntentService
07-08 13:40:00.976  1388  1644 I ActivityManager: Deferring FGS notification in legacy app com.dkitec.android.argos.mdm/u0a95 : Notification(channel=com.dkitec.android.argos.mdm.service.base.Noti shortcut=null contentView=com.dkitec.android.argos.mdm/0x10900ab vibrate=null sound=null defaults=0x0 flags=0x40 color=0x00000000 category=service groupKey=Argos MDM vis=PRIVATE)
07-08 13:40:00.981  1388  4219 W ActivityManager: Foreground service started from background can not have location/camera/microphone access: service com.dkitec.android.argos.mdm/.service.agentAlive.AgentAliveIntentService
07-08 13:41:04.786     0     0 F -----------> timestamp: 2026.07.08-13:41:04 (total suspend time: 0 Sec)
07-08 13:41:17.518     0     0 I [cds_ol][0x2af1162fb1][13:41:17.518015] wlan: [12574:I:QDF] DHCP-D RX: SA:62:40:d2:b3:fb:2a DA:ff:ff:ff:ff:ff:ff
07-08 13:41:17.518     0     0 I [cds_ol][0x2af11655f0][13:41:17.518525] wlan: [12574:I:QDF] DHCP-R RX: SA:62:40:d2:b3:fb:2a DA:ff:ff:ff:ff:ff:ff
07-08 13:41:32.731  1388  1642 I UsageStatsService: User[0] Flushing usage stats to disk
07-08 13:43:07.667     0     0 F -----------> timestamp: 2026.07.08-13:43:07 (total suspend time: 0 Sec)
07-08 13:43:15.950     0     0 F ***time : 9718, msoc : 72, uA: 46874. temp : 300, uV: 3909413, uOhm: 254150
07-08 13:43:15.950     0     0 I         : *** current capacity= 7776000, soc for low_temp= 72
07-08 13:43:15.950     0     0 I         : *** cal msoc : 72
07-08 13:43:15.957     0     0 W healthd : battery l=72 v=3909 t=30.0 h=2 st=3 c=-46 fc=2794000 cc=20 chg=
07-08 13:43:15.968  1388  1888 D BatteryService: Processing new values: info={.chargerAcOnline = false, .chargerUsbOnline = false, .chargerWirelessOnline = false, .maxChargingCurrent = 0, .maxChargingVoltage = 0, .batteryStatus = DISCHARGING, .batteryHealth = GOOD, .batteryPresent = true, .batteryLevel = 72, .batteryVoltage = 3909, .batteryTemperature = 300, .batteryCurrent = -46, .batteryCycleCount = 20, .batteryFullCharge = 2794000, .batteryChargeCounter = 1646421, .batteryTechnology = Li-ion, .chargerRealType = , .chargingVoltage = 0, .batteryID = 100000}, mBatteryLevelCritical=false, mPlugType=0
07-08 13:43:15.969  1388  1888 D BatteryService: Sending ACTION_BATTERY_CHANGED. scale:100, info:{.chargerAcOnline = false, .chargerUsbOnline = false, .chargerWirelessOnline = false, .maxChargingCurrent = 0, .maxChargingVoltage = 0, .batteryStatus = DISCHARGING, .batteryHealth = GOOD, .batteryPresent = true, .batteryLevel = 72, .batteryVoltage = 3909, .batteryTemperature = 300, .batteryCurrent = -46, .batteryCycleCount = 20, .batteryFullCharge = 2794000, .batteryChargeCounter = 1646421, .batteryTechnology = Li-ion, .chargerRealType = , .chargingVoltage = 0, .batteryID = 100000}
07-08 13:44:46.488  1388  1868 D ActivityManager: freezing 12015 com.qualcomm.qti.qccauthmgr
07-08 13:44:46.489  1388  1868 E ActivityManager: Unable to freeze binder for 12015 com.qualcomm.qti.qccauthmgr
07-08 13:44:46.491  1388  1868 D ActivityManager: froze 12015 com.qualcomm.qti.qccauthmgr
07-08 13:44:46.493  1388  1868 E ActivityManager: Unable to freeze binder for 12015 com.qualcomm.qti.qccauthmgr
07-08 13:44:46.488     0     0 I binder  : 1388:1868 ioctl 400c620e 79aa1b5488 returned -22
07-08 13:44:46.492     0     0 I binder  : 1388:1868 ioctl c00c620f 79aa1b5468 returned -22
07-08 13:44:46.495  1388  1868 I ActivityManager: Killing 12015:com.qualcomm.qti.qccauthmgr/u0a116 (adj 905): Unable to freeze binder interface
07-08 13:45:00.952  1388  1870 I ActivityManager: Background started FGS: Allowed [callingPackage: com.dki.pushagent; callingUid: 10096; uidState: FGS ; intent: Intent { flg=0x4 cmp=com.dki.pushagent/.keepalive.KeepAliveIntentService (has extras) }; code:PROC_STATE_FGS; tempAllowListReason:<,reasonCode:SYSTEM_ALLOW_LISTED,duration:9223372036854775807,callingUid:-1>; targetSdkVersion:27; callerTargetSdkVersion:27; startForegroundCount:0; bindFromPackage:null]
07-08 13:45:00.969  1388  4219 W ActivityManager: Foreground service started from background can not have location/camera/microphone access: service com.dki.pushagent/.keepalive.KeepAliveIntentService
07-08 13:45:00.973  1388  1644 I ActivityManager: Deferring FGS notification in legacy app com.dki.pushagent/u0a96 : Notification(channel=com.dki.pushagent.service.base.Noti shortcut=null contentView=null vibrate=null sound=null defaults=0x0 flags=0x40 color=0x00000000 category=service groupKey=Push Agent vis=PRIVATE)
07-08 13:45:00.978  1388  4219 W ActivityManager: Foreground service started from background can not have location/camera/microphone access: service com.dki.pushagent/.keepalive.KeepAliveIntentService
07-08 13:45:01.057  1388  1870 I ActivityManager: Background started FGS: Allowed [callingPackage: com.dkitec.android.argos.mdm; callingUid: 10095; uidState: FGS ; intent: Intent { act=com.dki.dm.service.agentAlive.action.SEND_AGENT_ALIVE cmp=com.dkitec.android.argos.mdm/.service.agentAlive.AgentAliveIntentService (has extras) }; code:PROC_STATE_FGS; tempAllowListReason:<,reasonCode:SYSTEM_ALLOW_LISTED,duration:9223372036854775807,callingUid:-1>; targetSdkVersion:23; callerTargetSdkVersion:23; startForegroundCount:0; bindFromPackage:null]
07-08 13:45:01.060  1388  1644 I DropBoxManagerService: add tag=system_server_wtf isTagEnabled=true flags=0x2
07-08 13:45:01.079  1388  4219 W ActivityManager: Foreground service started from background can not have location/camera/microphone access: service com.dkitec.android.argos.mdm/.service.agentAlive.AgentAliveIntentService
07-08 13:45:01.083  1388  1644 I ActivityManager: Deferring FGS notification in legacy app com.dkitec.android.argos.mdm/u0a95 : Notification(channel=com.dkitec.android.argos.mdm.service.base.Noti shortcut=null contentView=com.dkitec.android.argos.mdm/0x10900ab vibrate=null sound=null defaults=0x0 flags=0x40 color=0x00000000 category=service groupKey=Argos MDM vis=PRIVATE)
07-08 13:45:01.091  1388  4220 W ActivityManager: Foreground service started from background can not have location/camera/microphone access: service com.dkitec.android.argos.mdm/.service.agentAlive.AgentAliveIntentService
07-08 13:45:10.545     0     0 F -----------> timestamp: 2026.07.08-13:45:10 (total suspend time: 0 Sec)
07-08 13:45:58.689  1388  1868 D ActivityManager: freezing 9800 com.qualcomm.telephony
07-08 13:45:58.690  1388  1868 E ActivityManager: Unable to freeze binder for 9800 com.qualcomm.telephony
07-08 13:45:58.689     0     0 I binder  : 1388:1868 ioctl 400c620e 79aa1b5488 returned -22
07-08 13:45:58.693     0     0 I binder  : 1388:1868 ioctl c00c620f 79aa1b5468 returned -22
07-08 13:45:58.693  1388  1868 D ActivityManager: froze 9800 com.qualcomm.telephony
07-08 13:45:58.693  1388  1868 E ActivityManager: Unable to freeze binder for 9800 com.qualcomm.telephony
07-08 13:45:58.697  1388  1868 I ActivityManager: Killing 9800:com.qualcomm.telephony/u0a112 (adj 915): Unable to freeze binder interface
07-08 13:45:58.739  1388  4219 W ActivityManager: Scheduling restart of crashed service com.qualcomm.atfwd/.AtFwdService in 1000ms for start-requested
07-08 13:45:59.742  1388  1644 D CompatibilityChangeReporter: Compat change id reported: 135634846; UID 10112; state: DISABLED
07-08 13:45:59.743  1388  1644 D CompatibilityChangeReporter: Compat change id reported: 177438394; UID 10112; state: DISABLED
07-08 13:45:59.743  1388  1644 D CompatibilityChangeReporter: Compat change id reported: 135772972; UID 10112; state: DISABLED
07-08 13:45:59.743  1388  1644 D CompatibilityChangeReporter: Compat change id reported: 135754954; UID 10112; state: ENABLED
07-08 13:45:59.746  1388  1645 D CompatibilityChangeReporter: Compat change id reported: 143937733; UID 10112; state: ENABLED
07-08 13:45:59.778  1388  1645 I ActivityManager: Start proc 13026:com.qualcomm.telephony/u0a112 for service {com.qualcomm.atfwd/com.qualcomm.atfwd.AtFwdService}
07-08 13:45:59.819     0     0 I binder  : 13026:13026 ioctl 40046210 7fc7437b34 returned -22
07-08 13:45:59.836  1388  4219 D CompatibilityChangeReporter: Compat change id reported: 168419799; UID 10112; state: DISABLED
07-08 13:45:59.899     0     0 I binder  : 13026:13026 ioctl 40046210 7fc7437384 returned -22
07-08 13:46:32.056     0     0 I FG      : fg_cycle_counter_update: batt_soc: 153 bucket: 4 chg_status: 2
07-08 13:46:32.057     0     0 I FG      : fg_charge_full_update: msoc: 69 bsoc: 992a health: 1 status: 2 full: 0
07-08 13:46:32.061     0     0 F ***time : 9914, msoc : 71, uA: 181640. temp : 300, uV: 3890859, uOhm: 218750
07-08 13:46:32.061     0     0 I         : *** current capacity= 7776000, soc for low_temp= 72
07-08 13:46:32.061     0     0 I         : *** cal msoc : 71
07-08 13:46:32.064     0     0 I FG      : fg_cycle_counter_update: batt_soc: 153 bucket: 4 chg_status: 2
07-08 13:46:32.065     0     0 I FG      : fg_charge_full_update: msoc: 69 bsoc: 992a health: 1 status: 2 full: 0
07-08 13:46:32.065     0     0 I FG      : fg_adjust_recharge_voltage: health: 1 chg_status: 2 chg_done: 0
07-08 13:46:32.066     0     0 I FG      : status_change_work: charge_status:2 charge_type:1 charge_done:0
07-08 13:46:32.083     0     0 W healthd : battery l=71 v=3890 t=30.0 h=2 st=3 c=-181 fc=2794000 cc=20 chg=
07-08 13:46:32.091  1388  1888 D BatteryService: Processing new values: info={.chargerAcOnline = false, .chargerUsbOnline = false, .chargerWirelessOnline = false, .maxChargingCurrent = 0, .maxChargingVoltage = 0, .batteryStatus = DISCHARGING, .batteryHealth = GOOD, .batteryPresent = true, .batteryLevel = 71, .batteryVoltage = 3890, .batteryTemperature = 300, .batteryCurrent = -181, .batteryCycleCount = 20, .batteryFullCharge = 2794000, .batteryChargeCounter = 1643375, .batteryTechnology = Li-ion, .chargerRealType = , .chargingVoltage = 0, .batteryID = 100000}, mBatteryLevelCritical=false, mPlugType=0
07-08 13:46:32.092  1388  1888 D BatteryService: Sending ACTION_BATTERY_CHANGED. scale:100, info:{.chargerAcOnline = false, .chargerUsbOnline = false, .chargerWirelessOnline = false, .maxChargingCurrent = 0, .maxChargingVoltage = 0, .batteryStatus = DISCHARGING, .batteryHealth = GOOD, .batteryPresent = true, .batteryLevel = 71, .batteryVoltage = 3890, .batteryTemperature = 300, .batteryCurrent = -181, .batteryCycleCount = 20, .batteryFullCharge = 2794000, .batteryChargeCounter = 1643375, .batteryTechnology = Li-ion, .chargerRealType = , .chargingVoltage = 0, .batteryID = 100000}
07-08 13:47:13.435     0     0 F -----------> timestamp: 2026.07.08-13:47:13 (total suspend time: 0 Sec)
07-08 13:47:43.704     0     0 I FG      : fg_adjust_recharge_voltage: health: 1 chg_status: 2 chg_done: 0
07-08 13:47:43.708     0     0 F ***time : 9986, msoc : 71, uA: 46386. temp : 290, uV: 3911366, uOhm: 218261
07-08 13:47:43.708     0     0 I         : *** current capacity= 7668000, soc for low_temp= 71
07-08 13:47:43.708     0     0 I         : *** cal msoc : 71
07-08 13:47:43.711     0     0 I FG      : fg_cycle_counter_update: batt_soc: 153 bucket: 4 chg_status: 2
07-08 13:47:43.712     0     0 I FG      : fg_charge_full_update: msoc: 69 bsoc: 9912 health: 1 status: 2 full: 0
07-08 13:47:43.712     0     0 I FG      : fg_adjust_recharge_voltage: health: 1 chg_status: 2 chg_done: 0
07-08 13:47:43.712     0     0 I FG      : status_change_work: charge_status:2 charge_type:1 charge_done:0
07-08 13:47:43.730     0     0 W healthd : battery l=71 v=3911 t=29.0 h=2 st=3 c=-46 fc=2794000 cc=20 chg=
07-08 13:47:43.737  1388  1888 D BatteryService: Processing new values: info={.chargerAcOnline = false, .chargerUsbOnline = false, .chargerWirelessOnline = false, .maxChargingCurrent = 0, .maxChargingVoltage = 0, .batteryStatus = DISCHARGING, .batteryHealth = GOOD, .batteryPresent = true, .batteryLevel = 71, .batteryVoltage = 3911, .batteryTemperature = 290, .batteryCurrent = -46, .batteryCycleCount = 20, .batteryFullCharge = 2794000, .batteryChargeCounter = 1642380, .batteryTechnology = Li-ion, .chargerRealType = , .chargingVoltage = 0, .batteryID = 100000}, mBatteryLevelCritical=false, mPlugType=0
07-08 13:47:43.738  1388  1888 D BatteryService: Sending ACTION_BATTERY_CHANGED. scale:100, info:{.chargerAcOnline = false, .chargerUsbOnline = false, .chargerWirelessOnline = false, .maxChargingCurrent = 0, .maxChargingVoltage = 0, .batteryStatus = DISCHARGING, .batteryHealth = GOOD, .batteryPresent = true, .batteryLevel = 71, .batteryVoltage = 3911, .batteryTemperature = 290, .batteryCurrent = -46, .batteryCycleCount = 20, .batteryFullCharge = 2794000, .batteryChargeCounter = 1642380, .batteryTechnology = Li-ion, .chargerRealType = , .chargingVoltage = 0, .batteryID = 100000}
07-08 13:47:45.169     0     0 I FG      : fg_adjust_recharge_voltage: health: 1 chg_status: 2 chg_done: 0
07-08 13:47:45.174     0     0 I FG      : fg_cycle_counter_update: batt_soc: 153 bucket: 4 chg_status: 2
07-08 13:47:45.175     0     0 I FG      : fg_charge_full_update: msoc: 69 bsoc: 9912 health: 1 status: 2 full: 0
07-08 13:47:45.176     0     0 I FG      : fg_adjust_recharge_voltage: health: 1 chg_status: 2 chg_done: 0
07-08 13:47:45.176     0     0 I FG      : status_change_work: charge_status:2 charge_type:1 charge_done:0
07-08 13:47:45.191     0     0 W healthd : battery l=71 v=3908 t=30.0 h=2 st=3 c=-59 fc=2794000 cc=20 chg=
07-08 13:47:45.201  1388  1888 D BatteryService: Processing new values: info={.chargerAcOnline = false, .chargerUsbOnline = false, .chargerWirelessOnline = false, .maxChargingCurrent = 0, .maxChargingVoltage = 0, .batteryStatus = DISCHARGING, .batteryHealth = GOOD, .batteryPresent = true, .batteryLevel = 71, .batteryVoltage = 3908, .batteryTemperature = 300, .batteryCurrent = -59, .batteryCycleCount = 20, .batteryFullCharge = 2794000, .batteryChargeCounter = 1642356, .batteryTechnology = Li-ion, .chargerRealType = , .chargingVoltage = 0, .batteryID = 100000}, mBatteryLevelCritical=false, mPlugType=0
07-08 13:47:45.202  1388  1888 D BatteryService: Sending ACTION_BATTERY_CHANGED. scale:100, info:{.chargerAcOnline = false, .chargerUsbOnline = false, .chargerWirelessOnline = false, .maxChargingCurrent = 0, .maxChargingVoltage = 0, .batteryStatus = DISCHARGING, .batteryHealth = GOOD, .batteryPresent = true, .batteryLevel = 71, .batteryVoltage = 3908, .batteryTemperature = 300, .batteryCurrent = -59, .batteryCycleCount = 20, .batteryFullCharge = 2794000, .batteryChargeCounter = 1642356, .batteryTechnology = Li-ion, .chargerRealType = , .chargingVoltage = 0, .batteryID = 100000}
07-08 13:49:16.309     0     0 F -----------> timestamp: 2026.07.08-13:49:16 (total suspend time: 0 Sec)
07-08 13:50:01.186  1388  1870 I ActivityManager: Background started FGS: Allowed [callingPackage: com.dkitec.android.argos.mdm; callingUid: 10095; uidState: FGS ; intent: Intent { act=com.dki.dm.service.agentAlive.action.SEND_AGENT_ALIVE cmp=com.dkitec.android.argos.mdm/.service.agentAlive.AgentAliveIntentService (has extras) }; code:PROC_STATE_FGS; tempAllowListReason:<,reasonCode:SYSTEM_ALLOW_LISTED,duration:9223372036854775807,callingUid:-1>; targetSdkVersion:23; callerTargetSdkVersion:23; startForegroundCount:0; bindFromPackage:null]
07-08 13:50:01.190  1388  1644 I DropBoxManagerService: add tag=system_server_wtf isTagEnabled=true flags=0x2
07-08 13:50:01.209  1388  4633 W ActivityManager: Foreground service started from background can not have location/camera/microphone access: service com.dkitec.android.argos.mdm/.service.agentAlive.AgentAliveIntentService
07-08 13:50:01.212  1388  1644 I ActivityManager: Deferring FGS notification in legacy app com.dkitec.android.argos.mdm/u0a95 : Notification(channel=com.dkitec.android.argos.mdm.service.base.Noti shortcut=null contentView=com.dkitec.android.argos.mdm/0x10900ab vibrate=null sound=null defaults=0x0 flags=0x40 color=0x00000000 category=service groupKey=Argos MDM vis=PRIVATE)
07-08 13:50:01.218  1388  4633 W ActivityManager: Foreground service started from background can not have location/camera/microphone access: service com.dkitec.android.argos.mdm/.service.agentAlive.AgentAliveIntentService
07-08 13:51:00.189  1388  1868 D ActivityManager: freezing 10371 com.EveryTalk.Global:mcdata
07-08 13:51:00.190  1388  1868 E ActivityManager: Unable to freeze binder for 10371 com.EveryTalk.Global:mcdata
07-08 13:51:00.192  1388  1868 D ActivityManager: froze 10371 com.EveryTalk.Global:mcdata
07-08 13:51:00.189     0     0 I binder  : 1388:1868 ioctl 400c620e 79aa1b5488 returned -22
07-08 13:51:00.192     0     0 I binder  : 1388:1868 ioctl c00c620f 79aa1b5468 returned -22
07-08 13:51:00.193  1388  1868 E ActivityManager: Unable to freeze binder for 10371 com.EveryTalk.Global:mcdata
07-08 13:51:00.195  1388  1868 I ActivityManager: Killing 10371:com.EveryTalk.Global:mcdata/u0a86 (adj 905): Unable to freeze binder interface
07-08 13:51:00.250  1388  4219 W ActivityManager: Scheduling restart of crashed service com.EveryTalk.Global/com.cybertel.mcptt.uimiddleware.sms.MCDataService in 1000ms for start-requested
07-08 13:51:01.252  1388  1644 D CompatibilityChangeReporter: Compat change id reported: 135634846; UID 10086; state: DISABLED
07-08 13:51:01.253  1388  1645 D CompatibilityChangeReporter: Compat change id reported: 143937733; UID 10086; state: DISABLED
07-08 13:51:01.265  1388  1645 I ActivityManager: Start proc 13095:com.EveryTalk.Global:mcdata/u0a86 for service {com.EveryTalk.Global/com.cybertel.mcptt.uimiddleware.sms.MCDataService}
07-08 13:51:01.302     0     0 I binder  : 13095:13095 ioctl 40046210 ff8f1de8 returned -22
07-08 13:51:01.342 13095 13095 E LoadedApk: Unable to instantiate appComponentFactory
07-08 13:51:01.342 13095 13095 E LoadedApk: java.lang.ClassNotFoundException: Didn't find class "androidx.core.app.CoreComponentFactory" on path: DexPathList[[zip file "/data/app/~~iucqzAMrr2tVHxp0KpQADQ==/com.EveryTalk.Global-CEq1A-BK5yGaVccYejVBog==/base.apk"],nativeLibraryDirectories=[/data/app/~~iucqzAMrr2tVHxp0KpQADQ==/com.EveryTalk.Global-CEq1A-BK5yGaVccYejVBog==/lib/arm, /data/app/~~iucqzAMrr2tVHxp0KpQADQ==/com.EveryTalk.Global-CEq1A-BK5yGaVccYejVBog==/base.apk!/lib/armeabi-v7a, /system/lib, /system_ext/lib]]
07-08 13:51:01.342 13095 13095 E LoadedApk: 	at dalvik.system.BaseDexClassLoader.findClass(BaseDexClassLoader.java:218)
07-08 13:51:01.342 13095 13095 E LoadedApk: 	at java.lang.ClassLoader.loadClass(ClassLoader.java:379)
07-08 13:51:01.342 13095 13095 E LoadedApk: 	at java.lang.ClassLoader.loadClass(ClassLoader.java:312)
07-08 13:51:01.342 13095 13095 E LoadedApk: 	at android.app.LoadedApk.createAppFactory(LoadedApk.java:262)
07-08 13:51:01.342 13095 13095 E LoadedApk: 	at android.app.LoadedApk.createOrUpdateClassLoaderLocked(LoadedApk.java:975)
07-08 13:51:01.342 13095 13095 E LoadedApk: 	at android.app.LoadedApk.getClassLoader(LoadedApk.java:1062)
07-08 13:51:01.342 13095 13095 E LoadedApk: 	at android.app.LoadedApk.getResources(LoadedApk.java:1310)
07-08 13:51:01.342 13095 13095 E LoadedApk: 	at android.app.ContextImpl.createAppContext(ContextImpl.java:3036)
07-08 13:51:01.342 13095 13095 E LoadedApk: 	at android.app.ContextImpl.createAppContext(ContextImpl.java:3028)
07-08 13:51:01.342 13095 13095 E LoadedApk: 	at android.app.ActivityThread.handleBindApplication(ActivityThread.java:6670)
07-08 13:51:01.342 13095 13095 E LoadedApk: 	at android.app.ActivityThread.access$1500(ActivityThread.java:257)
07-08 13:51:01.342 13095 13095 E LoadedApk: 	at android.app.ActivityThread$H.handleMessage(ActivityThread.java:2092)
07-08 13:51:01.342 13095 13095 E LoadedApk: 	at android.os.Handler.dispatchMessage(Handler.java:106)
07-08 13:51:01.342 13095 13095 E LoadedApk: 	at android.os.Looper.loopOnce(Looper.java:201)
07-08 13:51:01.342 13095 13095 E LoadedApk: 	at android.os.Looper.loop(Looper.java:288)
07-08 13:51:01.342 13095 13095 E LoadedApk: 	at android.app.ActivityThread.main(ActivityThread.java:7911)
07-08 13:51:01.342 13095 13095 E LoadedApk: 	at java.lang.reflect.Method.invoke(Native Method)
07-08 13:51:01.342 13095 13095 E LoadedApk: 	at com.android.internal.os.RuntimeInit$MethodAndArgsCaller.run(RuntimeInit.java:548)
07-08 13:51:01.342 13095 13095 E LoadedApk: 	at com.android.internal.os.ZygoteInit.main(ZygoteInit.java:1009)
07-08 13:51:01.694     0     0 I binder  : 13121:13121 ioctl 40046210 7fee892f94 returned -22
07-08 13:51:02.049  1388  4219 E PackageDexUsage: Unsupported context?
07-08 13:51:02.444     0     0 W audit   : audit_lost=215 audit_rate_limit=5 audit_backlog_limit=64
07-08 13:51:02.444     0     0 E audit   : rate limit exceeded
07-08 13:51:02.465     0     0 I binder  : 13128:13128 ioctl 40046210 7fe3c376c4 returned -22
07-08 13:51:02.662     0     0 I binder  : 13133:13133 ioctl 40046210 7ff8690ba4 returned -22
07-08 13:51:19.187     0     0 F -----------> timestamp: 2026.07.08-13:51:19 (total suspend time: 0 Sec)
07-08 13:53:15.950     0     0 F ***time : 10318, msoc : 71, uA: 49316. temp : 290, uV: 3910390, uOhm: 218017
07-08 13:53:15.951     0     0 I         : *** current capacity= 7668000, soc for low_temp= 71
07-08 13:53:15.951     0     0 I         : *** cal msoc : 71
07-08 13:53:15.957     0     0 W healthd : battery l=71 v=3910 t=29.0 h=2 st=3 c=-49 fc=2794000 cc=20 chg=
07-08 13:53:15.965  1388  1888 D BatteryService: Processing new values: info={.chargerAcOnline = false, .chargerUsbOnline = false, .chargerWirelessOnline = false, .maxChargingCurrent = 0, .maxChargingVoltage = 0, .batteryStatus = DISCHARGING, .batteryHealth = GOOD, .batteryPresent = true, .batteryLevel = 71, .batteryVoltage = 3910, .batteryTemperature = 290, .batteryCurrent = -49, .batteryCycleCount = 20, .batteryFullCharge = 2794000, .batteryChargeCounter = 1637452, .batteryTechnology = Li-ion, .chargerRealType = , .chargingVoltage = 0, .batteryID = 100000}, mBatteryLevelCritical=false, mPlugType=0
07-08 13:53:15.966  1388  1888 D BatteryService: Sending ACTION_BATTERY_CHANGED. scale:100, info:{.chargerAcOnline = false, .chargerUsbOnline = false, .chargerWirelessOnline = false, .maxChargingCurrent = 0, .maxChargingVoltage = 0, .batteryStatus = DISCHARGING, .batteryHealth = GOOD, .batteryPresent = true, .batteryLevel = 71, .batteryVoltage = 3910, .batteryTemperature = 290, .batteryCurrent = -49, .batteryCycleCount = 20, .batteryFullCharge = 2794000, .batteryChargeCounter = 1637452, .batteryTechnology = Li-ion, .chargerRealType = , .chargingVoltage = 0, .batteryID = 100000}
07-08 13:53:22.067     0     0 F -----------> timestamp: 2026.07.08-13:53:22 (total suspend time: 0 Sec)
07-08 13:55:01.000  1388  1870 I ActivityManager: Background started FGS: Allowed [callingPackage: com.dki.pushagent; callingUid: 10096; uidState: FGS ; intent: Intent { flg=0x4 cmp=com.dki.pushagent/.keepalive.KeepAliveIntentService (has extras) }; code:PROC_STATE_FGS; tempAllowListReason:<,reasonCode:SYSTEM_ALLOW_LISTED,duration:9223372036854775807,callingUid:-1>; targetSdkVersion:27; callerTargetSdkVersion:27; startForegroundCount:0; bindFromPackage:null]
07-08 13:55:01.016  1388  4633 W ActivityManager: Foreground service started from background can not have location/camera/microphone access: service com.dki.pushagent/.keepalive.KeepAliveIntentService
07-08 13:55:01.018  1388  1644 I ActivityManager: Deferring FGS notification in legacy app com.dki.pushagent/u0a96 : Notification(channel=com.dki.pushagent.service.base.Noti shortcut=null contentView=null vibrate=null sound=null defaults=0x0 flags=0x40 color=0x00000000 category=service groupKey=Push Agent vis=PRIVATE)
07-08 13:55:01.023  1388  4633 W ActivityManager: Foreground service started from background can not have location/camera/microphone access: service com.dki.pushagent/.keepalive.KeepAliveIntentService
07-08 13:55:01.291  1388  1870 I ActivityManager: Background started FGS: Allowed [callingPackage: com.dkitec.android.argos.mdm; callingUid: 10095; uidState: FGS ; intent: Intent { act=com.dki.dm.service.agentAlive.action.SEND_AGENT_ALIVE cmp=com.dkitec.android.argos.mdm/.service.agentAlive.AgentAliveIntentService (has extras) }; code:PROC_STATE_FGS; tempAllowListReason:<,reasonCode:SYSTEM_ALLOW_LISTED,duration:9223372036854775807,callingUid:-1>; targetSdkVersion:23; callerTargetSdkVersion:23; startForegroundCount:0; bindFromPackage:null]
07-08 13:55:01.294  1388  1644 I DropBoxManagerService: add tag=system_server_wtf isTagEnabled=true flags=0x2
07-08 13:55:01.312  1388  4633 W ActivityManager: Foreground service started from background can not have location/camera/microphone access: service com.dkitec.android.argos.mdm/.service.agentAlive.AgentAliveIntentService
07-08 13:55:01.317  1388  1644 I ActivityManager: Deferring FGS notification in legacy app com.dkitec.android.argos.mdm/u0a95 : Notification(channel=com.dkitec.android.argos.mdm.service.base.Noti shortcut=null contentView=com.dkitec.android.argos.mdm/0x10900ab vibrate=null sound=null defaults=0x0 flags=0x40 color=0x00000000 category=service groupKey=Argos MDM vis=PRIVATE)
07-08 13:55:01.322  1388  4633 W ActivityManager: Foreground service started from background can not have location/camera/microphone access: service com.dkitec.android.argos.mdm/.service.agentAlive.AgentAliveIntentService
07-08 13:55:24.947     0     0 F -----------> timestamp: 2026.07.08-13:55:24 (total suspend time: 0 Sec)
07-08 13:57:27.825     0     0 F -----------> timestamp: 2026.07.08-13:57:27 (total suspend time: 0 Sec)
07-08 13:59:30.707     0     0 F -----------> timestamp: 2026.07.08-13:59:30 (total suspend time: 0 Sec)
07-08 13:59:41.710     0     0 I [cds_ol][0x2fe0bc0f01][13:59:41.710433] wlan: [12574:I:QDF] EAPOL-3 RX: SA:88:d7:f6:06:49:1c DA:72:96:66:13:f4:c0
07-08 13:59:41.719     0     0 I [soft_i][0x2fe0bea666][13:59:41.719278] wlan: [0:I:QDF] EAPOL-4 TX: SA:72:96:66:13:f4:c0 DA:88:d7:f6:06:49:1c msdu_id:1177 status: succ
07-08 14:00:01.403  1388  1870 I ActivityManager: Background started FGS: Allowed [callingPackage: com.dkitec.android.argos.mdm; callingUid: 10095; uidState: FGS ; intent: Intent { act=com.dki.dm.service.agentAlive.action.SEND_AGENT_ALIVE cmp=com.dkitec.android.argos.mdm/.service.agentAlive.AgentAliveIntentService (has extras) }; code:PROC_STATE_FGS; tempAllowListReason:<,reasonCode:SYSTEM_ALLOW_LISTED,duration:9223372036854775807,callingUid:-1>; targetSdkVersion:23; callerTargetSdkVersion:23; startForegroundCount:0; bindFromPackage:null]
07-08 14:00:01.405  1388  1644 I DropBoxManagerService: add tag=system_server_wtf isTagEnabled=true flags=0x2
07-08 14:00:01.417  1388  2430 W ActivityManager: Foreground service started from background can not have location/camera/microphone access: service com.dkitec.android.argos.mdm/.service.agentAlive.AgentAliveIntentService
07-08 14:00:01.420  1388  1644 I ActivityManager: Deferring FGS notification in legacy app com.dkitec.android.argos.mdm/u0a95 : Notification(channel=com.dkitec.android.argos.mdm.service.base.Noti shortcut=null contentView=com.dkitec.android.argos.mdm/0x10900ab vibrate=null sound=null defaults=0x0 flags=0x40 color=0x00000000 category=service groupKey=Argos MDM vis=PRIVATE)
07-08 14:00:01.424  1388  1483 W ActivityManager: Foreground service started from background can not have location/camera/microphone access: service com.dkitec.android.argos.mdm/.service.agentAlive.AgentAliveIntentService
07-08 14:01:31.231  1388  1633 I EntropyMixer: Writing entropy...
07-08 14:01:32.906  1388  1642 I UsageStatsService: User[0] Flushing usage stats to disk
07-08 14:01:33.587     0     0 F -----------> timestamp: 2026.07.08-14:01:33 (total suspend time: 0 Sec)
07-08 14:02:32.308     0     0 F ***time : 10875, msoc : 71, uA: 47363. temp : 280, uV: 3908681, uOhm: 219482
07-08 14:02:32.308     0     0 I         : *** current capacity= 7668000, soc for low_temp= 71
07-08 14:02:32.308     0     0 I         : *** cal msoc : 71
07-08 14:02:32.314     0     0 W healthd : battery l=71 v=3908 t=28.0 h=2 st=3 c=-47 fc=2794000 cc=20 chg=
07-08 14:02:32.325  1388  1888 D BatteryService: Processing new values: info={.chargerAcOnline = false, .chargerUsbOnline = false, .chargerWirelessOnline = false, .maxChargingCurrent = 0, .maxChargingVoltage = 0, .batteryStatus = DISCHARGING, .batteryHealth = GOOD, .batteryPresent = true, .batteryLevel = 71, .batteryVoltage = 3908, .batteryTemperature = 280, .batteryCurrent = -47, .batteryCycleCount = 20, .batteryFullCharge = 2794000, .batteryChargeCounter = 1629305, .batteryTechnology = Li-ion, .chargerRealType = , .chargingVoltage = 0, .batteryID = 100000}, mBatteryLevelCritical=false, mPlugType=0
07-08 14:02:32.326  1388  1888 D BatteryService: Sending ACTION_BATTERY_CHANGED. scale:100, info:{.chargerAcOnline = false, .chargerUsbOnline = false, .chargerWirelessOnline = false, .maxChargingCurrent = 0, .maxChargingVoltage = 0, .batteryStatus = DISCHARGING, .batteryHealth = GOOD, .batteryPresent = true, .batteryLevel = 71, .batteryVoltage = 3908, .batteryTemperature = 280, .batteryCurrent = -47, .batteryCycleCount = 20, .batteryFullCharge = 2794000, .batteryChargeCounter = 1629305, .batteryTechnology = Li-ion, .chargerRealType = , .chargingVoltage = 0, .batteryID = 100000}
07-08 14:02:50.325     0     0 I [cds_ol][0x30b8965f02][14:02:50.325474] wlan: [12574:I:QDF] DHCP-D RX: SA:9c:67:d6:f1:2e:7b DA:ff:ff:ff:ff:ff:ff
07-08 14:02:50.426     0     0 I [cds_ol][0x30b8b3ffc3][14:02:50.426603] wlan: [12574:I:QDF] DHCP-R RX: SA:9c:67:d6:f1:2e:7b DA:ff:ff:ff:ff:ff:ff
07-08 14:03:14.008  1251  1251 E TLOC    : [TLOCChannel]"Can't receive message due to timeout"
07-08 14:03:14.013  1251  1251 I TLOC    : [ModemComm  ]"Request succeeded for gps engine lock"
07-08 14:03:14.013  1251  1251 D TLOC    : [TLOCChannel] "Going to receive message for TLOCD"
07-08 14:03:14.013  1251  1251 D TLOC    : [TLOCChannel] "wait for message for user TLOCD"
07-08 14:03:15.010  1251  1251 E TLOC    : [TLOCChannel]"Can't receive message due to timeout"
07-08 14:03:15.010  1251  1251 E TLOC    : [TLOCDaemon ]"Couldn't receive command response"
07-08 14:03:15.010  1251  1251 I TLOC    : [TLOCDaemon ]"timeout passed - start periodic warm-up"
07-08 14:03:15.011  1251  1251 I TLOC    : [ModemComm  ]"Start a session successfully"
07-08 14:03:15.011  1251  1251 D TLOC    : [TLOCDaemon ]"The command finished successfully"
07-08 14:03:15.011  1251  1251 D TLOC    : [TLOCDaemon ]"waiting for command"
07-08 14:03:15.012  1251  1251 D TLOC    : [TLOCChannel] "Going to receive message for TLOCD"
07-08 14:03:15.012  1251  1251 D TLOC    : [TLOCChannel] "wait for message for user TLOCD"
07-08 14:03:15.955     0     0 W healthd : battery l=71 v=3909 t=28.0 h=2 st=3 c=-41 fc=2794000 cc=20 chg=
07-08 14:03:15.963  1388  1888 D BatteryService: Processing new values: info={.chargerAcOnline = false, .chargerUsbOnline = false, .chargerWirelessOnline = false, .maxChargingCurrent = 0, .maxChargingVoltage = 0, .batteryStatus = DISCHARGING, .batteryHealth = GOOD, .batteryPresent = true, .batteryLevel = 71, .batteryVoltage = 3909, .batteryTemperature = 280, .batteryCurrent = -41, .batteryCycleCount = 20, .batteryFullCharge = 2794000, .batteryChargeCounter = 1628633, .batteryTechnology = Li-ion, .chargerRealType = , .chargingVoltage = 0, .batteryID = 100000}, mBatteryLevelCritical=false, mPlugType=0
07-08 14:03:15.964  1388  1888 D BatteryService: Sending ACTION_BATTERY_CHANGED. scale:100, info:{.chargerAcOnline = false, .chargerUsbOnline = false, .chargerWirelessOnline = false, .maxChargingCurrent = 0, .maxChargingVoltage = 0, .batteryStatus = DISCHARGING, .batteryHealth = GOOD, .batteryPresent = true, .batteryLevel = 71, .batteryVoltage = 3909, .batteryTemperature = 280, .batteryCurrent = -41, .batteryCycleCount = 20, .batteryFullCharge = 2794000, .batteryChargeCounter = 1628633, .batteryTechnology = Li-ion, .chargerRealType = , .chargingVoltage = 0, .batteryID = 100000}
07-08 14:03:35.012  1251  1251 E TLOC    : [TLOCChannel]"Can't receive message due to timeout"
07-08 14:03:35.012  1251  1251 I TLOC    : [TLOCDaemon ]"timeout passed with no location fix - close the session"
07-08 14:03:35.014  1251  1515 I TLOC    : [Modem      ]"Received event indication of position report with status GENERAL_FAILURE"
07-08 14:03:35.014  1251  1251 I TLOC    : [ModemComm  ]"Stopped the session successfully"
07-08 14:03:35.014  1251  1251 D TLOC    : [TLOCDaemon ]"The command finished successfully"
07-08 14:03:35.014  1251  1251 D TLOC    : [TLOCDaemon ]"waiting for command"
07-08 14:03:35.014  1251  1251 D TLOC    : [TLOCChannel] "Going to receive message for TLOCD"
07-08 14:03:35.014  1251  1251 D TLOC    : [TLOCChannel] "wait for message for user TLOCD"
07-08 14:03:36.465     0     0 F -----------> timestamp: 2026.07.08-14:03:36 (total suspend time: 0 Sec)
07-08 14:05:01.038  1388  1870 I ActivityManager: Background started FGS: Allowed [callingPackage: com.dki.pushagent; callingUid: 10096; uidState: FGS ; intent: Intent { flg=0x4 cmp=com.dki.pushagent/.keepalive.KeepAliveIntentService (has extras) }; code:PROC_STATE_FGS; tempAllowListReason:<,reasonCode:SYSTEM_ALLOW_LISTED,duration:9223372036854775807,callingUid:-1>; targetSdkVersion:27; callerTargetSdkVersion:27; startForegroundCount:0; bindFromPackage:null]
07-08 14:05:01.053  1388  1483 W ActivityManager: Foreground service started from background can not have location/camera/microphone access: service com.dki.pushagent/.keepalive.KeepAliveIntentService
07-08 14:05:01.058  1388  1644 I ActivityManager: Deferring FGS notification in legacy app com.dki.pushagent/u0a96 : Notification(channel=com.dki.pushagent.service.base.Noti shortcut=null contentView=null vibrate=null sound=null defaults=0x0 flags=0x40 color=0x00000000 category=service groupKey=Push Agent vis=PRIVATE)
07-08 14:05:01.062  1388  4219 W ActivityManager: Foreground service started from background can not have location/camera/microphone access: service com.dki.pushagent/.keepalive.KeepAliveIntentService
07-08 14:05:01.498  1388  1870 I ActivityManager: Background started FGS: Allowed [callingPackage: com.dkitec.android.argos.mdm; callingUid: 10095; uidState: FGS ; intent: Intent { act=com.dki.dm.service.agentAlive.action.SEND_AGENT_ALIVE cmp=com.dkitec.android.argos.mdm/.service.agentAlive.AgentAliveIntentService (has extras) }; code:PROC_STATE_FGS; tempAllowListReason:<,reasonCode:SYSTEM_ALLOW_LISTED,duration:9223372036854775807,callingUid:-1>; targetSdkVersion:23; callerTargetSdkVersion:23; startForegroundCount:0; bindFromPackage:null]
07-08 14:05:01.501  1388  1644 I DropBoxManagerService: add tag=system_server_wtf isTagEnabled=true flags=0x2
07-08 14:05:01.510  1388  1483 W ActivityManager: Foreground service started from background can not have location/camera/microphone access: service com.dkitec.android.argos.mdm/.service.agentAlive.AgentAliveIntentService
07-08 14:05:01.514  1388  1644 I ActivityManager: Deferring FGS notification in legacy app com.dkitec.android.argos.mdm/u0a95 : Notification(channel=com.dkitec.android.argos.mdm.service.base.Noti shortcut=null contentView=com.dkitec.android.argos.mdm/0x10900ab vibrate=null sound=null defaults=0x0 flags=0x40 color=0x00000000 category=service groupKey=Argos MDM vis=PRIVATE)
07-08 14:05:01.520  1388  1483 W ActivityManager: Foreground service started from background can not have location/camera/microphone access: service com.dkitec.android.argos.mdm/.service.agentAlive.AgentAliveIntentService
07-08 14:05:39.347     0     0 F -----------> timestamp: 2026.07.08-14:05:39 (total suspend time: 0 Sec)
07-08 14:07:42.225     0     0 F -----------> timestamp: 2026.07.08-14:07:42 (total suspend time: 0 Sec)
07-08 14:09:45.105     0     0 F -----------> timestamp: 2026.07.08-14:09:45 (total suspend time: 0 Sec)
07-08 14:10:01.610  1388  1870 I ActivityManager: Background started FGS: Allowed [callingPackage: com.dkitec.android.argos.mdm; callingUid: 10095; uidState: FGS ; intent: Intent { act=com.dki.dm.service.agentAlive.action.SEND_AGENT_ALIVE cmp=com.dkitec.android.argos.mdm/.service.agentAlive.AgentAliveIntentService (has extras) }; code:PROC_STATE_FGS; tempAllowListReason:<,reasonCode:SYSTEM_ALLOW_LISTED,duration:9223372036854775807,callingUid:-1>; targetSdkVersion:23; callerTargetSdkVersion:23; startForegroundCount:0; bindFromPackage:null]
07-08 14:10:01.613  1388  1644 I DropBoxManagerService: add tag=system_server_wtf isTagEnabled=true flags=0x2
07-08 14:10:01.635  1388  1483 W ActivityManager: Foreground service started from background can not have location/camera/microphone access: service com.dkitec.android.argos.mdm/.service.agentAlive.AgentAliveIntentService
07-08 14:10:01.638  1388  1644 I ActivityManager: Deferring FGS notification in legacy app com.dkitec.android.argos.mdm/u0a95 : Notification(channel=com.dkitec.android.argos.mdm.service.base.Noti shortcut=null contentView=com.dkitec.android.argos.mdm/0x10900ab vibrate=null sound=null defaults=0x0 flags=0x40 color=0x00000000 category=service groupKey=Argos MDM vis=PRIVATE)
07-08 14:10:01.644  1388  1483 W ActivityManager: Foreground service started from background can not have location/camera/microphone access: service com.dkitec.android.argos.mdm/.service.agentAlive.AgentAliveIntentService
07-08 14:11:16.376     0     0 I FG      : fg_cycle_counter_update: batt_soc: 151 bucket: 4 chg_status: 2
07-08 14:11:16.377     0     0 I FG      : fg_charge_full_update: msoc: 68 bsoc: 970a health: 1 status: 2 full: 0
07-08 14:11:16.380     0     0 F ***time : 11399, msoc : 70, uA: 48828. temp : 280, uV: 3906240, uOhm: 225097
07-08 14:11:16.380     0     0 I         : *** current capacity= 7668000, soc for low_temp= 71
07-08 14:11:16.380     0     0 I         : *** cal msoc : 70
07-08 14:11:16.385     0     0 I FG      : fg_cycle_counter_update: batt_soc: 151 bucket: 4 chg_status: 2
07-08 14:11:16.399     0     0 I FG      : fg_charge_full_update: msoc: 68 bsoc: 970a health: 1 status: 2 full: 0
07-08 14:11:16.400     0     0 I FG      : fg_adjust_recharge_voltage: health: 1 chg_status: 2 chg_done: 0
07-08 14:11:16.400     0     0 I FG      : status_change_work: charge_status:2 charge_type:1 charge_done:0
07-08 14:11:16.403     0     0 W healthd : battery l=70 v=3906 t=28.0 h=2 st=3 c=-48 fc=2794000 cc=20 chg=
07-08 14:11:16.417  1388  1888 D BatteryService: Processing new values: info={.chargerAcOnline = false, .chargerUsbOnline = false, .chargerWirelessOnline = false, .maxChargingCurrent = 0, .maxChargingVoltage = 0, .batteryStatus = DISCHARGING, .batteryHealth = GOOD, .batteryPresent = true, .batteryLevel = 70, .batteryVoltage = 3906, .batteryTemperature = 280, .batteryCurrent = -48, .batteryCycleCount = 20, .batteryFullCharge = 2794000, .batteryChargeCounter = 1620963, .batteryTechnology = Li-ion, .chargerRealType = , .chargingVoltage = 0, .batteryID = 100000}, mBatteryLevelCritical=false, mPlugType=0
07-08 14:11:16.418  1388  1888 D BatteryService: Sending ACTION_BATTERY_CHANGED. scale:100, info:{.chargerAcOnline = false, .chargerUsbOnline = false, .chargerWirelessOnline = false, .maxChargingCurrent = 0, .maxChargingVoltage = 0, .batteryStatus = DISCHARGING, .batteryHealth = GOOD, .batteryPresent = true, .batteryLevel = 70, .batteryVoltage = 3906, .batteryTemperature = 280, .batteryCurrent = -48, .batteryCycleCount = 20, .batteryFullCharge = 2794000, .batteryChargeCounter = 1620963, .batteryTechnology = Li-ion, .chargerRealType = , .chargingVoltage = 0, .batteryID = 100000}
07-08 14:11:47.987     0     0 F -----------> timestamp: 2026.07.08-14:11:47 (total suspend time: 0 Sec)
07-08 14:13:15.951     0     0 F ***time : 11518, msoc : 70, uA: 41992. temp : 280, uV: 3907704, uOhm: 225097
07-08 14:13:15.951     0     0 I         : *** current capacity= 7560000, soc for low_temp= 70
07-08 14:13:15.951     0     0 I         : *** cal msoc : 70
07-08 14:13:15.959     0     0 W healthd : battery l=70 v=3907 t=28.0 h=2 st=3 c=-41 fc=2794000 cc=20 chg=
07-08 14:13:15.971  1388  1888 D BatteryService: Processing new values: i