--------- beginning of kernel
07-14 18:35:26.181     0     0 I logd    : logdr: UID=2000 GID=2000 PID=16687 b tail=0 logMask=99 pid=0 start=0ns deadline=0ns
07-14 18:35:26.245     0     0 I binder  : 16689:16689 ioctl 40046210 7fecb46504 returned -22
--------- beginning of main
07-14 18:35:26.235 16689 16689 D ProcessState: Binder ioctl to enable oneway spam detection failed: Invalid argument
07-14 18:35:26.729 16696 16696 D AndroidRuntime: >>>>>> START com.android.internal.os.RuntimeInit uid 2000 <<<<<<
07-14 18:35:26.761 16696 16696 I AndroidRuntime: Using default boot image
07-14 18:35:26.762 16696 16696 I AndroidRuntime: Leaving lock profiling enabled
07-14 18:35:26.749 16696 16696 W app_process: type=1400 audit(0.0:9791): avc: denied { read } for name="u:object_r:odsign_prop:s0" dev="tmpfs" ino=5736 scontext=u:r:shell:s0 tcontext=u:object_r:odsign_prop:s0 tclass=file permissive=0
07-14 18:35:26.762 16696 16696 W libc    : Access denied finding property "odsign.verification.success"
07-14 18:35:26.773 16696 16696 W app_process: ART APEX data files are untrusted.
07-14 18:35:26.774 16696 16696 I app_process: Core platform API reporting enabled, enforcing=false
07-14 18:35:26.933  6136  6156 I TELON_MCPTT_STACK: [::run]OrgExpire : 7200,Expire :6600 sleep-time:5905
07-14 18:35:27.211 16696 16696 D app_process: Time zone APEX ICU file found: /apex/com.android.tzdata/etc/icu/icu_tzdata.dat
07-14 18:35:27.212 16696 16696 D app_process: I18n APEX ICU file found: /apex/com.android.i18n/etc/icu/icudt68l.dat
07-14 18:35:27.298   766   782 D audio_hw_primary: out_standby: enter: stream (0xed8821a0) usecase(1: low-latency-playback)
07-14 18:35:27.382     0     0 I afe_close: port_id = 0x4000
07-14 18:35:27.384 16696 16696 D ProcessState: Binder ioctl to enable oneway spam detection failed: Invalid argument
07-14 18:35:27.394     0     0 I binder  : 16696:16696 ioctl 40046210 7fd2c8caf4 returned -22
07-14 18:35:27.385 16696 16696 D AndroidRuntime: Calling main entry com.genymobile.scrcpy.Server
07-14 18:35:27.395 16696 16696 I scrcpy  : Device: [CYBERTEL] qti CM65 (Android 12)
07-14 18:35:27.396   766   782 D audio_hw_primary: disable_audio_route: reset and update mixer path: low-latency-playback
07-14 18:35:27.397   766   782 D soundtrigger: audio_extn_sound_trigger_update_stream_status: uc_info->id 1 of type 0 for Event 2, with Raise=0
07-14 18:35:27.397   766   782 I audio_hw_primary: disable_snd_device: 2(speaker)
07-14 18:35:27.398   766   782 D hardware_info: hw_info_append_hw_type : device_name = speaker
07-14 18:35:27.398   766   782 D audio_hw_primary: disable_snd_device: snd_device(2: speaker)
07-14 18:35:27.402 16696 16696 W libc    : Access denied finding property "qemu.sf.lcd_density"
07-14 18:35:27.402 16696 16696 W libc    : Access denied finding property "qemu.sf.lcd_density"
07-14 18:35:27.389 16696 16696 W main    : type=1400 audit(0.0:9792): avc: denied { read } for name="u:object_r:qemu_sf_lcd_density_prop:s0" dev="tmpfs" ino=5753 scontext=u:r:shell:s0 tcontext=u:object_r:qemu_sf_lcd_density_prop:s0 tclass=file permissive=0
07-14 18:35:27.409     0     0 I afe_close: port_id = 0x4009
07-14 18:35:27.389 16696 16696 W main    : type=1400 audit(0.0:9793): avc: denied { read } for name="u:object_r:qemu_sf_lcd_density_prop:s0" dev="tmpfs" ino=5753 scontext=u:r:shell:s0 tcontext=u:object_r:qemu_sf_lcd_density_prop:s0 tclass=file permissive=0
07-14 18:35:27.430   766   782 I audio_hw_primary: disable_snd_device: 213(vi-feedback)
07-14 18:35:27.430   766   782 D hardware_info: hw_info_append_hw_type : device_name = vi-feedback
07-14 18:35:27.431   766   782 D audio_hw_primary: disable_snd_device: snd_device(213: vi-feedback)
07-14 18:35:27.431   766   782 I soundtrigger: audio_extn_sound_trigger_update_device_status: device 0xd5 of type 1 for Event 0, with Raise=0
07-14 18:35:27.432   766   782 D audio_hw_primary: disable_audio_route: reset and update mixer path: spkr-vi-record
07-14 18:35:27.433   766   782 D soundtrigger: audio_extn_sound_trigger_update_stream_status: uc_info->id 53 of type 1 for Event 2, with Raise=0
07-14 18:35:27.453 16696 16696 W app_process: unable to execute idmap2: Permission denied
07-14 18:35:27.454 16696 16696 W OverlayConfig: 'idmap2 create-multiple' failed: no mutable="false" overlays targeting "android" will be loaded
07-14 18:35:27.439 16696 16696 W main    : type=1400 audit(0.0:9794): avc: denied { execute } for name="idmap2" dev="dm-4" ino=1219 scontext=u:r:shell:s0 tcontext=u:object_r:idmap_exec:s0 tclass=file permissive=0
07-14 18:35:27.461   766   782 I soundtrigger: audio_extn_sound_trigger_update_device_status: device 0x2 of type 0 for Event 0, with Raise=0
07-14 18:35:27.537 16696 16715 D MtpDeviceJNI: register_android_mtp_MtpDevice
07-14 18:35:27.542 16696 16715 I MediaCodecList: matching 'OMX.qcom.video.encoder.avc'
07-14 18:35:27.543 16696 16715 I MediaCodecList: matching 'c2.android.avc.encoder'
07-14 18:35:27.545 16696 16715 I MediaCodecList: matching 'OMX.google.h264.encoder'
07-14 18:35:27.551 16696 16717 D hw-ProcessState: Binder ioctl to enable oneway spam detection failed: Invalid argument
07-14 18:35:27.562     0     0 I binder  : 16696:16717 ioctl 40046210 7562a61414 returned -22
07-14 18:35:27.555 16696 16717 I OMXClient: IOmx service obtained
07-14 18:35:27.556  1314 32416 I OMXStore: makeComponentInstance(OMX.qcom.video.encoder.avc) in android.hardwar process
07-14 18:35:27.569  1314 32416 I OMX-VENC: Video encode perflock acquired,handle=1951
07-14 18:35:27.581     0     0 I msm_vidc: info: Opening video instance: ffffffca245a8080, 0
07-14 18:35:27.591     0     0 I msm_vidc: err: DEFAULT: Calling 0x201002
07-14 18:35:27.589  1314 32416 I OMX-VENC: Component_init : OMX.qcom.video.encoder.avc : return = 0x0
07-14 18:35:27.634 16696 16715 D CodecSeeding: Seed: codec OMX.qcom.video.encoder.avc, mediatype video/avc, overrideable 1
07-14 18:35:27.634 16696 16715 D CodecProperties: setTuningValue(vq-target-bpp,0)
07-14 18:35:27.634 16696 16715 D CodecProperties: setTuningValue(vq-target-bpp-1080p,1.90)
07-14 18:35:27.635 16696 16715 D CodecProperties: setTuningValue(vq-target-bpp-720p,2.25)
07-14 18:35:27.635 16696 16715 D CodecProperties: setTuningValue(vq-target-bpp-540p,2.65)
07-14 18:35:27.636 16696 16715 D CodecProperties: setTuningValue(vq-target-bpp-480p,3.00)
07-14 18:35:27.636 16696 16715 D CodecProperties: setTuningValue(vq-target-bpp-320x240,0)
07-14 18:35:27.636 16696 16715 D CodecProperties: setTuningValue(vq-target-qpmax,-1)
07-14 18:35:27.637 16696 16715 D CodecProperties: setTuningValue(vq-target-qpmax-1080p,45)
07-14 18:35:27.637 16696 16715 D CodecProperties: setTuningValue(vq-target-qpmax-720p,43)
07-14 18:35:27.638 16696 16715 D CodecProperties: setTuningValue(vq-target-qpmax-540p,42)
07-14 18:35:27.638 16696 16715 D CodecProperties: setTuningValue(vq-target-qpmax-480p,38)
07-14 18:35:27.638 16696 16715 D CodecProperties: setTuningValue(vq-bitrate-phaseout,1.75)
07-14 18:35:27.639 16696 16715 D CodecProperties: setTuningValue(vq-boost-missing-qp,0.20)
07-14 18:35:27.639 16696 16715 D CodecProperties: setFeatureValue(can-swap-width-height,0)
07-14 18:35:27.639 16696 16715 D CodecProperties: setFeatureValue(intra-refresh,0)
07-14 18:35:27.640 16696 16715 D CodecProperties: setFeatureValue(_vq_eligible.device,1)
07-14 18:35:27.640 16696 16715 D CodecProperties: setFeatureValue(_quality.target,1)
07-14 18:35:27.641 16696 16715 D CodecSeeding: Seed: codec OMX.qcom.video.encoder.avc, mediatype video/avc, overrideable 0
07-14 18:35:27.642  1314 20154 E OMXNodeInstance: setParameter(0xf104c1c4:qcom.encoder.avc, OMX.google.android.index.allocateNativeHandle(0x7f00005d): Input:0 en=0) ERROR: UnsupportedSetting(0x80001019)
07-14 18:35:27.643  1314 20154 E OMXNodeInstance: setParameter(0xf104c1c4:qcom.encoder.avc, OMX.google.android.index.allocateNativeHandle(0x7f00005d): Output:1 en=0) ERROR: UnsupportedSetting(0x80001019)
07-14 18:35:27.643  1314 20154 W OMXNodeInstance: [0xf104c1c4:qcom.encoder.avc] component does not support metadata mode; using fallback
07-14 18:35:27.644 16696 16717 I ExtendedACodec: setupVideoEncoder()
07-14 18:35:27.645 16696 16717 W OMXUtils: do not know color format 0x7fa30c04 = 2141391876
07-14 18:35:27.647 16696 16717 W OMXUtils: do not know color format 0x7f000789 = 2130708361
07-14 18:35:27.658     0     0 I msm_vidc: err: DEFAULT: Calling 0x201002
07-14 18:35:27.664     0     0 I msm_vidc: err: DEFAULT: Calling 0x201002
07-14 18:35:27.664     0     0 I msm_vidc: err: DEFAULT: Calling 0x201002
07-14 18:35:27.683  1314  1314 E OMX-VENC: ERROR: unsupported index 1870659589
07-14 18:35:27.685 16696 16717 I ACodec  : setupAVCEncoderParameters with [profile: High] [level: Level42]
07-14 18:35:27.691 16696 16717 I ACodec  : [OMX.qcom.video.encoder.avc] cannot encode HDR static metadata. Ignoring.
07-14 18:35:27.691 16696 16717 I ACodec  : setupVideoEncoder succeeded
07-14 18:35:27.691 16696 16717 I ExtendedACodec: [OMX.qcom.video.encoder.avc] configure, AMessage : AMessage(what = 'conf', target = 1) = {
07-14 18:35:27.691 16696 16717 I ExtendedACodec:   int32_t color-format = 2130708361
07-14 18:35:27.691 16696 16717 I ExtendedACodec:   int32_t i-frame-interval = 10
07-14 18:35:27.691 16696 16717 I ExtendedACodec:   string mime = "video/avc"
07-14 18:35:27.691 16696 16717 I ExtendedACodec:   int32_t latency = 1
07-14 18:35:27.691 16696 16717 I ExtendedACodec:   int32_t width = 1080
07-14 18:35:27.691 16696 16717 I ExtendedACodec:   int32_t bitrate = 8000000
07-14 18:35:27.691 16696 16717 I ExtendedACodec:   int32_t color-range = 2
07-14 18:35:27.691 16696 16717 I ExtendedACodec:   int32_t priority = 0
07-14 18:35:27.691 16696 16717 I ExtendedACodec:   int32_t frame-rate = 60
07-14 18:35:27.691 16696 16717 I ExtendedACodec:   int64_t repeat-previous-frame-after = 100000
07-14 18:35:27.691 16696 16717 I ExtendedACodec:   int32_t height = 1920
07-14 18:35:27.691 16696 16717 I ExtendedACodec:   int32_t android._encoding-quality-level = 0
07-14 18:35:27.691 16696 16717 I ExtendedACodec:   int32_t flags = 1
07-14 18:35:27.691 16696 16717 I ExtendedACodec:   int32_t encoder = 1
07-14 18:35:27.691 16696 16717 I ExtendedACodec: }
07-14 18:35:27.702 16696 16717 W OMXUtils: do not know color format 0x7f000789 = 2130708361
07-14 18:35:27.702  1314  1314 E OMXNodeInstance: getConfig(0xf104c1c4:qcom.encoder.avc, ConfigLatency(0x6f800005)) ERROR: UnsupportedIndex(0x8000101a)
07-14 18:35:27.727 16711 16711 D AndroidRuntime: >>>>>> START com.android.internal.os.RuntimeInit uid 2000 <<<<<<
07-14 18:35:27.731  1314 32416 E OMXNodeInstance: getConfig(0xf104c1c4:qcom.encoder.avc, ??(0x7f000062)) ERROR: UnsupportedSetting(0x80001019)
07-14 18:35:27.744     0     0 I msm_vidc: err: DEFAULT: Calling 0x201002
07-14 18:35:27.736  1314 32416 E OMXNodeInstance: getParameter(0xf104c1c4:qcom.encoder.avc, ParamConsumerUsageBits(0x6f800004)) ERROR: UnsupportedIndex(0x8000101a)
07-14 18:35:27.740  1314 32416 E OMXNodeInstance: getParameter(0xf104c1c4:qcom.encoder.avc, ParamConsumerUsageBits(0x6f800004)) ERROR: UnsupportedIndex(0x8000101a)
07-14 18:35:27.754 16711 16711 I AndroidRuntime: Using default boot image
07-14 18:35:27.754 16711 16711 I AndroidRuntime: Leaving lock profiling enabled
07-14 18:35:27.755 16711 16711 W libc    : Access denied finding property "odsign.verification.success"
07-14 18:35:27.749 16711 16711 W app_process: type=1400 audit(0.0:9795): avc: denied { read } for name="u:object_r:odsign_prop:s0" dev="tmpfs" ino=5736 scontext=u:r:shell:s0 tcontext=u:object_r:odsign_prop:s0 tclass=file permissive=0
07-14 18:35:27.763 16711 16711 W app_process: ART APEX data files are untrusted.
07-14 18:35:27.764 16711 16711 I app_process: Core platform API reporting enabled, enforcing=false
07-14 18:35:27.773   880   880 W H2BGraphicBufferProducer: getConsumerUsage is not fully supported
07-14 18:35:27.779   776   776 I libdisplayconfigqti: Register client:scrcpy880
07-14 18:35:27.780   880   880 I CompositionEngine: Display::setConfiguration: mDisplayExtnIntf: 0x0
07-14 18:35:27.779  6114  6114 W Thread-14: type=1400 audit(0.0:9796): avc: denied { read } for name="tcp" dev="proc" ino=4026532114 scontext=u:r:untrusted_app:s0:c123,c256,c512,c768 tcontext=u:object_r:proc_net_tcp_udp:s0 tclass=file permissive=0 app=com.EveryTalk.Global
07-14 18:35:27.915  1273  2292 W ResourceManagerService: Ignoring request to add new resource entry with value <= 0
07-14 18:35:27.918  1314 16721 D OMXNodeInstance: Codec resolved it to (R:2(??), P:3(??), M:3(??), T:3(??)) err=0(NO_ERROR)
07-14 18:35:27.918  1314 16719 I OMX-VENC: open Color conv forW: 1080, H: 1920
07-14 18:35:27.920 16696 16717 D ACodec  : dataspace changed to 0x10c10000 (R:2(Limited), P:3(BT601_6_625), M:3(BT601_6), T:3(SMPTE170M)) (R:2(Limited), S:2(BT601_625), T:3(SMPTE_170M))
07-14 18:35:27.937     0     0 I msm_vidc: err: DEFAULT: Calling 0x201002
07-14 18:35:27.935  6136  6156 I TELON_MCPTT_STACK: [::run]OrgExpire : 7200,Expire :6600 sleep-time:5904
07-14 18:35:28.088 16711 16711 D app_process: Time zone APEX ICU file found: /apex/com.android.tzdata/etc/icu/icu_tzdata.dat
07-14 18:35:28.088 16711 16711 D app_process: I18n APEX ICU file found: /apex/com.android.i18n/etc/icu/icudt68l.dat
07-14 18:35:28.231 16711 16711 D ProcessState: Binder ioctl to enable oneway spam detection failed: Invalid argument
07-14 18:35:28.232 16711 16711 D AndroidRuntime: Calling main entry com.genymobile.scrcpy.CleanUp
07-14 18:35:28.241     0     0 I binder  : 16711:16711 ioctl 40046210 7fe3e76de4 returned -22
07-14 18:35:28.259     0     0 W audit   : audit_lost=329 audit_rate_limit=5 audit_backlog_limit=64
07-14 18:35:28.259     0     0 E audit   : rate limit exceeded
07-14 18:35:28.248 16711 16711 W libc    : Access denied finding property "qemu.sf.lcd_density"
07-14 18:35:28.254 16711 16711 W libc    : Access denied finding property "qemu.sf.lcd_density"
07-14 18:35:28.239 16711 16711 W main    : type=1400 audit(0.0:9797): avc: denied { read } for name="u:object_r:qemu_sf_lcd_density_prop:s0" dev="tmpfs" ino=5753 scontext=u:r:shell:s0 tcontext=u:object_r:qemu_sf_lcd_density_prop:s0 tclass=file permissive=0
07-14 18:35:28.304 16711 16711 W app_process: unable to execute idmap2: Permission denied
07-14 18:35:28.305 16711 16711 W OverlayConfig: 'idmap2 create-multiple' failed: no mutable="false" overlays targeting "android" will be loaded
07-14 18:35:28.937  6136  6156 I TELON_MCPTT_STACK: [::run]OrgExpire : 7200,Expire :6600 sleep-time:5903
07-14 18:35:29.631  6114  6160 I MCPTT_UIMiddleware: [MainController][run] _Stack_Start serviceTask Called!
07-14 18:35:29.632  6114  6160 D MCPTT_UIMiddleware: [MainController][run] networkType = default
07-14 18:35:29.633  6114  6160 D MCPTT_UIMiddleware: [SipStackServiceManager]_GetDeviceDefaultIpAddress Called!
07-14 18:35:29.633  6114  6160 D MCPTT_UIMiddleware: [SipStackServiceManager]Used Network NetworkDeviceType : wifi,IP :192.168.200.100
07-14 18:35:29.634  6114  6160 I MCPTT_UIMiddleware: [MainController][run] addr = 192.168.200.100
07-14 18:35:29.636  6114  6160 I MCPTT_UIMiddleware: [MainController][run] get_My_IP = 192.168.200.100
07-14 18:35:29.637  6114  6160 I MCPTT_UIMiddleware: [MainController][run] isSet_Ue_Initial_Configuration_Path = true
07-14 18:35:29.637  6114  6160 I MCPTT_UIMiddleware: [MainController][run] isLoad_Ue_Initial_Configuration = true
07-14 18:35:29.638  6114  6160 I MCPTT_UIMiddleware: [MainController][run] stackStatus = 0
07-14 18:35:29.638  6114  6160 I MCPTT_UIMiddleware: [MainController][run] errorCode = 0
07-14 18:35:29.639  6114  6160 I MCPTT_UIMiddleware: [MainController][run] sleep 5000
07-14 18:35:29.711 16745 16745 D ProcessState: Binder ioctl to enable oneway spam detection failed: Invalid argument
07-14 18:35:29.721     0     0 I binder  : 16745:16745 ioctl 40046210 7fd9496304 returned -22
07-14 18:35:29.781  6136  6159 I TELON_MCPTT_STACK: [::run]MainController_GC21 _Stack_Start serviceTask Called!
07-14 18:35:29.782  6136  6159 I TELON_MCPTT_STACK: [::q]_GetLocationInfo
07-14 18:35:29.783  6136  6159 I TELON_MCPTT_STACK: [::q]mccAndMnc is :
07-14 18:35:29.783  6136  6159 I TELON_MCPTT_STACK: [::q]_lat :null
07-14 18:35:29.784  6136  6159 I TELON_MCPTT_STACK: [::q]_long :null
07-14 18:35:29.940  6136  6156 I TELON_MCPTT_STACK: [::run]OrgExpire : 7200,Expire :6600 sleep-time:5902
07-14 18:35:30.779  6114  6114 W Thread-14: type=1400 audit(0.0:9800): avc: denied { read } for name="tcp" dev="proc" ino=4026532114 scontext=u:r:untrusted_app:s0:c123,c256,c512,c768 tcontext=u:object_r:proc_net_tcp_udp:s0 tclass=file permissive=0 app=com.EveryTalk.Global
07-14 18:35:30.942  6136  6156 I TELON_MCPTT_STACK: [::run]OrgExpire : 7200,Expire :6600 sleep-time:5901
07-14 18:35:31.945  6136  6156 I TELON_MCPTT_STACK: [::run]OrgExpire : 7200,Expire :6600 sleep-time:5900
07-14 18:35:32.946  6136  6156 I TELON_MCPTT_STACK: [::run]OrgExpire : 7200,Expire :6600 sleep-time:5899
07-14 18:35:33.244 16752 16752 D ProcessState: Binder ioctl to enable oneway spam detection failed: Invalid argument
07-14 18:35:33.254     0     0 I binder  : 16752:16752 ioctl 40046210 7fecf44474 returned -22
07-14 18:35:33.779  6114  6114 W Thread-14: type=1400 audit(0.0:9801): avc: denied { read } for name="tcp" dev="proc" ino=4026532114 scontext=u:r:untrusted_app:s0:c123,c256,c512,c768 tcontext=u:object_r:proc_net_tcp_udp:s0 tclass=file permissive=0 app=com.EveryTalk.Global
07-14 18:35:33.948  6136  6156 I TELON_MCPTT_STACK: [::run]OrgExpire : 7200,Expire :6600 sleep-time:5898
07-14 18:35:34.640  6114  6160 I MCPTT_UIMiddleware: [MainController][run] _Stack_Start serviceTask Called!
07-14 18:35:34.641  6114  6160 D MCPTT_UIMiddleware: [MainController][run] networkType = default
07-14 18:35:34.642  6114  6160 D MCPTT_UIMiddleware: [SipStackServiceManager]_GetDeviceDefaultIpAddress Called!
07-14 18:35:34.643  6114  6160 D MCPTT_UIMiddleware: [SipStackServiceManager]Used Network NetworkDeviceType : wifi,IP :192.168.200.100
07-14 18:35:34.644  6114  6160 I MCPTT_UIMiddleware: [MainController][run] addr = 192.168.200.100
07-14 18:35:34.648  6114  6160 I MCPTT_UIMiddleware: [MainController][run] get_My_IP = 192.168.200.100
07-14 18:35:34.648  6114  6160 I MCPTT_UIMiddleware: [MainController][run] isSet_Ue_Initial_Configuration_Path = true
07-14 18:35:34.649  6114  6160 I MCPTT_UIMiddleware: [MainController][run] isLoad_Ue_Initial_Configuration = true
07-14 18:35:34.649  6114  6160 I MCPTT_UIMiddleware: [MainController][run] stackStatus = 0
07-14 18:35:34.650  6114  6160 I MCPTT_UIMiddleware: [MainController][run] sleep 5000
07-14 18:35:34.786  6136  6159 I TELON_MCPTT_STACK: [::run]MainController_GC21 _Stack_Start serviceTask Called!
07-14 18:35:34.787  6136  6159 I TELON_MCPTT_STACK: [::q]_GetLocationInfo
07-14 18:35:34.788  6136  6159 I TELON_MCPTT_STACK: [::q]mccAndMnc is :
07-14 18:35:34.788  6136  6159 I TELON_MCPTT_STACK: [::q]_lat :null
07-14 18:35:34.789  6136  6159 I TELON_MCPTT_STACK: [::q]_long :null
07-14 18:35:34.949  6136  6156 I TELON_MCPTT_STACK: [::run]OrgExpire : 7200,Expire :6600 sleep-time:5897
07-14 18:35:35.951  6136  6156 I TELON_MCPTT_STACK: [::run]OrgExpire : 7200,Expire :6600 sleep-time:5896
07-14 18:35:36.779  6114  6114 W Thread-14: type=1400 audit(0.0:9802): avc: denied { read } for name="tcp" dev="proc" ino=4026532114 scontext=u:r:untrusted_app:s0:c123,c256,c512,c768 tcontext=u:object_r:proc_net_tcp_udp:s0 tclass=file permissive=0 app=com.EveryTalk.Global
07-14 18:35:36.954  6136  6156 I TELON_MCPTT_STACK: [::run]OrgExpire : 7200,Expire :6600 sleep-time:5895
07-14 18:35:37.957  6136  6156 I TELON_MCPTT_STACK: [::run]OrgExpire : 7200,Expire :6600 sleep-time:5894
07-14 18:35:38.960  6136  6156 I TELON_MCPTT_STACK: [::run]OrgExpire : 7200,Expire :6600 sleep-time:5893
07-14 18:35:39.020  1043  1684 I InputDispatcher: Dropping event because there is no touchable window or gesture monitor at (1147, 375) in display 0.
07-14 18:35:39.021  1043  1684 W InputDispatcher: Asynchronous input event injection failed.
07-14 18:35:39.652  6114  6160 I MCPTT_UIMiddleware: [MainController][run] _Stack_Start serviceTask Called!
07-14 18:35:39.653  6114  6160 D MCPTT_UIMiddleware: [MainController][run] networkType = default
07-14 18:35:39.654  6114  6160 D MCPTT_UIMiddleware: [SipStackServiceManager]_GetDeviceDefaultIpAddress Called!
07-14 18:35:39.654  6114  6160 D MCPTT_UIMiddleware: [SipStackServiceManager]Used Network NetworkDeviceType : wifi,IP :192.168.200.100
07-14 18:35:39.655  6114  6160 I MCPTT_UIMiddleware: [MainController][run] addr = 192.168.200.100
07-14 18:35:39.657  6114  6160 I MCPTT_UIMiddleware: [MainController][run] get_My_IP = 192.168.200.100
07-14 18:35:39.658  6114  6160 I MCPTT_UIMiddleware: [MainController][run] isSet_Ue_Initial_Configuration_Path = true
07-14 18:35:39.658  6114  6160 I MCPTT_UIMiddleware: [MainController][run] isLoad_Ue_Initial_Configuration = true
07-14 18:35:39.659  6114  6160 I MCPTT_UIMiddleware: [MainController][run] stackStatus = 0
07-14 18:35:39.659  6114  6160 I MCPTT_UIMiddleware: [MainController][run] sleep 5000
07-14 18:35:39.791  6136  6159 I TELON_MCPTT_STACK: [::run]MainController_GC21 _Stack_Start serviceTask Called!
07-14 18:35:39.792  6136  6159 I TELON_MCPTT_STACK: [::q]_GetLocationInfo
07-14 18:35:39.779  6114  6114 W Thread-14: type=1400 audit(0.0:9803): avc: denied { read } for name="tcp" dev="proc" ino=4026532114 scontext=u:r:untrusted_app:s0:c123,c256,c512,c768 tcontext=u:object_r:proc_net_tcp_udp:s0 tclass=file permissive=0 app=com.EveryTalk.Global
07-14 18:35:39.793  6136  6159 I TELON_MCPTT_STACK: [::q]mccAndMnc is :
07-14 18:35:39.793  6136  6159 I TELON_MCPTT_STACK: [::q]_lat :null
07-14 18:35:39.795  6136  6159 I TELON_MCPTT_STACK: [::q]_long :null
07-14 18:35:39.963  6136  6156 I TELON_MCPTT_STACK: [::run]OrgExpire : 7200,Expire :6600 sleep-time:5892
07-14 18:35:40.335     0     0 I binder  : 16760:16760 ioctl 40046210 7fea520f34 returned -22
07-14 18:35:40.325 16760 16760 D ProcessState: Binder ioctl to enable oneway spam detection failed: Invalid argument
07-14 18:35:40.966  6136  6156 I TELON_MCPTT_STACK: [::run]OrgExpire : 7200,Expire :6600 sleep-time:5891
07-14 18:35:41.969  6136  6156 I TELON_MCPTT_STACK: [::run]OrgExpire : 7200,Expire :6600 sleep-time:5890
07-14 18:35:42.779  6114  6114 W Thread-14: type=1400 audit(0.0:9804): avc: denied { read } for name="tcp" dev="proc" ino=4026532114 scontext=u:r:untrusted_app:s0:c123,c256,c512,c768 tcontext=u:object_r:proc_net_tcp_udp:s0 tclass=file permissive=0 app=com.EveryTalk.Global
07-14 18:35:42.972  6136  6156 I TELON_MCPTT_STACK: [::run]OrgExpire : 7200,Expire :6600 sleep-time:5889
07-14 18:35:43.975  6136  6156 I TELON_MCPTT_STACK: [::run]OrgExpire : 7200,Expire :6600 sleep-time:5888
07-14 18:35:44.662  6114  6160 I MCPTT_UIMiddleware: [MainController][run] _Stack_Start serviceTask Called!
07-14 18:35:44.663  6114  6160 D MCPTT_UIMiddleware: [MainController][run] networkType = default
07-14 18:35:44.664  6114  6160 D MCPTT_UIMiddleware: [SipStackServiceManager]_GetDeviceDefaultIpAddress Called!
07-14 18:35:44.664  6114  6160 D MCPTT_UIMiddleware: [SipStackServiceManager]Used Network NetworkDeviceType : wifi,IP :192.168.200.100
07-14 18:35:44.665  6114  6160 I MCPTT_UIMiddleware: [MainController][run] addr = 192.168.200.100
07-14 18:35:44.668  6114  6160 I MCPTT_UIMiddleware: [MainController][run] get_My_IP = 192.168.200.100
07-14 18:35:44.668  6114  6160 I MCPTT_UIMiddleware: [MainController][run] isSet_Ue_Initial_Configuration_Path = true
07-14 18:35:44.669  6114  6160 I MCPTT_UIMiddleware: [MainController][run] isLoad_Ue_Initial_Configuration = true
07-14 18:35:44.669  6114  6160 I MCPTT_UIMiddleware: [MainController][run] stackStatus = 0
07-14 18:35:44.670  6114  6160 I MCPTT_UIMiddleware: [MainController][run] errorCode = 0
07-14 18:35:44.670  6114  6160 I MCPTT_UIMiddleware: [MainController][run] sleep 5000
07-14 18:35:44.796  6136  6159 I TELON_MCPTT_STACK: [::run]MainController_GC21 _Stack_Start serviceTask Called!
07-14 18:35:44.797  6136  6159 I TELON_MCPTT_STACK: [::q]_GetLocationInfo
07-14 18:35:44.797  6136  6159 I TELON_MCPTT_STACK: [::q]mccAndMnc is :
07-14 18:35:44.797  6136  6159 I TELON_MCPTT_STACK: [::q]_lat :null
07-14 18:35:44.798  6136  6159 I TELON_MCPTT_STACK: [::q]_long :null
07-14 18:35:44.978  6136  6156 I TELON_MCPTT_STACK: [::run]OrgExpire : 7200,Expire :6600 sleep-time:5887
07-14 18:35:45.430 16767 16767 D ProcessState: Binder ioctl to enable oneway spam detection failed: Invalid argument
07-14 18:35:45.441     0     0 I binder  : 16767:16767 ioctl 40046210 7fd7652ac4 returned -22
07-14 18:35:45.779  6114  6114 W Thread-14: type=1400 audit(0.0:9805): avc: denied { read } for name="tcp" dev="proc" ino=4026532114 scontext=u:r:untrusted_app:s0:c123,c256,c512,c768 tcontext=u:object_r:proc_net_tcp_udp:s0 tclass=file permissive=0 app=com.EveryTalk.Global
07-14 18:35:45.981  6136  6156 I TELON_MCPTT_STACK: [::run]OrgExpire : 7200,Expire :6600 sleep-time:5886
07-14 18:35:46.983  6136  6156 I TELON_MCPTT_STACK: [::run]OrgExpire : 7200,Expire :6600 sleep-time:5885
07-14 18:35:47.986  6136  6156 I TELON_MCPTT_STACK: [::run]OrgExpire : 7200,Expire :6600 sleep-time:5884
07-14 18:35:48.719  6136 14882 I TELON_MCPTT_STACK: [SourceFile::j]_Send_KeepAlive Called!
07-14 18:35:48.720  6136 14882 I TELON_MCPTT_STACK: [SourceFile::c]TcpSignalingTask _Send_KeepAlive Called!
07-14 18:35:48.722  6136 14882 D TELON_MCPTT_STACK: [SourceFile::b]SIP/2.0 TCP Link Alive Request
07-14 18:35:48.724  6136 14882 I TELON_MCPTT_STACK: [SourceFile::j]/SipStack[SIP_KEEPALIVE] SendKeepAlive Message Ip : 211.118.224.205 port : 5090 MSG : ÿ
07-14 18:35:48.727  6136 14881 D TELON_MCPTT_STACK: [::run]SIP/2.0 TCP Link Alive Response
07-14 18:35:48.789  6114  6114 W Thread-14: type=1400 audit(0.0:9806): avc: denied { read } for name="tcp" dev="proc" ino=4026532114 scontext=u:r:untrusted_app:s0:c123,c256,c512,c768 tcontext=u:object_r:proc_net_tcp_udp:s0 tclass=file permissive=0 app=com.EveryTalk.Global
07-14 18:35:48.824 16775 16775 D ProcessState: Binder ioctl to enable oneway spam detection failed: Invalid argument
07-14 18:35:48.835     0     0 I binder  : 16775:16775 ioctl 40046210 7fc987c104 returned -22
07-14 18:35:48.988  6136  6156 I TELON_MCPTT_STACK: [::run]OrgExpire : 7200,Expire :6600 sleep-time:5883
07-14 18:35:49.671  6114  6160 I MCPTT_UIMiddleware: [MainController][run] _Stack_Start serviceTask Called!
07-14 18:35:49.672  6114  6160 D MCPTT_UIMiddleware: [MainController][run] networkType = default
07-14 18:35:49.673  6114  6160 D MCPTT_UIMiddleware: [SipStackServiceManager]_GetDeviceDefaultIpAddress Called!
07-14 18:35:49.673  6114  6160 D MCPTT_UIMiddleware: [SipStackServiceManager]Used Network NetworkDeviceType : wifi,IP :192.168.200.100
07-14 18:35:49.674  6114  6160 I MCPTT_UIMiddleware: [MainController][run] addr = 192.168.200.100
07-14 18:35:49.678  6114  6160 I MCPTT_UIMiddleware: [MainController][run] get_My_IP = 192.168.200.100
07-14 18:35:49.678  6114  6160 I MCPTT_UIMiddleware: [MainController][run] isSet_Ue_Initial_Configuration_Path = true
07-14 18:35:49.679  6114  6160 I MCPTT_UIMiddleware: [MainController][run] isLoad_Ue_Initial_Configuration = true
07-14 18:35:49.679  6114  6160 I MCPTT_UIMiddleware: [MainController][run] stackStatus = 0
07-14 18:35:49.680  6114  6160 I MCPTT_UIMiddleware: [MainController][run] sleep 5000
07-14 18:35:49.800  6136  6159 I TELON_MCPTT_STACK: [::run]MainController_GC21 _Stack_Start serviceTask Called!
07-14 18:35:49.801  6136  6159 I TELON_MCPTT_STACK: [::q]_GetLocationInfo
07-14 18:35:49.802  6136  6159 I TELON_MCPTT_STACK: [::q]mccAndMnc is :
07-14 18:35:49.803  6136  6159 I TELON_MCPTT_STACK: [::q]_lat :null
07-14 18:35:49.803  6136  6159 I TELON_MCPTT_STACK: [::q]_long :null
07-14 18:35:49.990  6136  6156 I TELON_MCPTT_STACK: [::run]OrgExpire : 7200,Expire :6600 sleep-time:5882
07-14 18:35:50.991  6136  6156 I TELON_MCPTT_STACK: [::run]OrgExpire : 7200,Expire :6600 sleep-time:5881
07-14 18:35:51.789  6114  6114 W Thread-14: type=1400 audit(0.0:9807): avc: denied { read } for name="tcp" dev="proc" ino=4026532114 scontext=u:r:untrusted_app:s0:c123,c256,c512,c768 tcontext=u:object_r:proc_net_tcp_udp:s0 tclass=file permissive=0 app=com.EveryTalk.Global
07-14 18:35:51.992  6136  6156 I TELON_MCPTT_STACK: [::run]OrgExpire : 7200,Expire :6600 sleep-time:5880
07-14 18:35:52.233 16781 16781 D ProcessState: Binder ioctl to enable oneway spam detection failed: Invalid argument
07-14 18:35:52.244     0     0 I binder  : 16781:16781 ioctl 40046210 7fd41e9c74 returned -22
07-14 18:35:52.993  6136  6156 I TELON_MCPTT_STACK: [::run]OrgExpire : 7200,Expire :6600 sleep-time:5879
07-14 18:35:53.707   707  3339 I netd    : setProcSysNet(4, 2, wlan0, retrans_time_ms, 750) <0.35ms>
07-14 18:35:53.708   707  3339 I netd    : setProcSysNet(4, 2, wlan0, ucast_solicit, 10) <0.22ms>
07-14 18:35:53.710   707  3339 I netd    : setProcSysNet(6, 2, wlan0, retrans_time_ms, 750) <0.26ms>
07-14 18:35:53.711   707  3339 I netd    : setProcSysNet(6, 2, wlan0, ucast_solicit, 10) <0.20ms>
07-14 18:35:53.996  6136  6156 I TELON_MCPTT_STACK: [::run]OrgExpire : 7200,Expire :6600 sleep-time:5878
07-14 18:35:54.682  6114  6160 I MCPTT_UIMiddleware: [MainController][run] _Stack_Start serviceTask Called!
07-14 18:35:54.683  6114  6160 D MCPTT_UIMiddleware: [MainController][run] networkType = default
07-14 18:35:54.683  6114  6160 D MCPTT_UIMiddleware: [SipStackServiceManager]_GetDeviceDefaultIpAddress Called!
07-14 18:35:54.684  6114  6160 D MCPTT_UIMiddleware: [SipStackServiceManager]Used Network NetworkDeviceType : wifi,IP :192.168.200.100
07-14 18:35:54.685  6114  6160 I MCPTT_UIMiddleware: [MainController][run] addr = 192.168.200.100
07-14 18:35:54.688  6114  6160 I MCPTT_UIMiddleware: [MainController][run] get_My_IP = 192.168.200.100
07-14 18:35:54.689  6114  6160 I MCPTT_UIMiddleware: [MainController][run] isSet_Ue_Initial_Configuration_Path = true
07-14 18:35:54.690  6114  6160 I MCPTT_UIMiddleware: [MainController][run] isLoad_Ue_Initial_Configuration = true
07-14 18:35:54.690  6114  6160 I MCPTT_UIMiddleware: [MainController][run] stackStatus = 0
07-14 18:35:54.691  6114  6160 I MCPTT_UIMiddleware: [MainController][run] sleep 5000
07-14 18:35:54.789  6114  6114 W Thread-14: type=1400 audit(0.0:9808): avc: denied { read } for name="tcp" dev="proc" ino=4026532114 scontext=u:r:untrusted_app:s0:c123,c256,c512,c768 tcontext=u:object_r:proc_net_tcp_udp:s0 tclass=file permissive=0 app=com.EveryTalk.Global
07-14 18:35:54.805  6136  6159 I TELON_MCPTT_STACK: [::run]MainController_GC21 _Stack_Start serviceTask Called!
07-14 18:35:54.806  6136  6159 I TELON_MCPTT_STACK: [::q]_GetLocationInfo
07-14 18:35:54.807  6136  6159 I TELON_MCPTT_STACK: [::q]mccAndMnc is :
07-14 18:35:54.808  6136  6159 I TELON_MCPTT_STACK: [::q]_lat :null
07-14 18:35:54.809  6136  6159 I TELON_MCPTT_STACK: [::q]_long :null
07-14 18:35:54.998  6136  6156 I TELON_MCPTT_STACK: [::run]OrgExpire : 7200,Expire :6600 sleep-time:5877
07-14 18:35:55.625 16787 16787 D ProcessState: Binder ioctl to enable oneway spam detection failed: Invalid argument
07-14 18:35:55.635     0     0 I binder  : 16787:16787 ioctl 40046210 7fe4152f84 returned -22
07-14 18:35:56.001  6136  6156 I TELON_MCPTT_STACK: [::run]OrgExpire : 7200,Expire :6600 sleep-time:5876
07-14 18:35:57.002  6136  6156 I TELON_MCPTT_STACK: [::run]OrgExpire : 7200,Expire :6600 sleep-time:5875
07-14 18:35:57.789  6114  6114 W Thread-14: type=1400 audit(0.0:9809): avc: denied { read } for name="tcp" dev="proc" ino=4026532114 scontext=u:r:untrusted_app:s0:c123,c256,c512,c768 tcontext=u:object_r:proc_net_tcp_udp:s0 tclass=file permissive=0 app=com.EveryTalk.Global
07-14 18:35:58.005  6136  6156 I TELON_MCPTT_STACK: [::run]OrgExpire : 7200,Expire :6600 sleep-time:5874
07-14 18:35:59.006  6136  6156 I TELON_MCPTT_STACK: [::run]OrgExpire : 7200,Expire :6600 sleep-time:5873
07-14 18:35:59.054 16794 16794 D ProcessState: Binder ioctl to enable oneway spam detection failed: Invalid argument
07-14 18:35:59.065     0     0 I binder  : 16794:16794 ioctl 40046210 7febe5f014 returned -22
07-14 18:35:59.693  6114  6160 I MCPTT_UIMiddleware: [MainController][run] _Stack_Start serviceTask Called!
07-14 18:35:59.693  6114  6160 D MCPTT_UIMiddleware: [MainController][run] networkType = default
07-14 18:35:59.694  6114  6160 D MCPTT_UIMiddleware: [SipStackServiceManager]_GetDeviceDefaultIpAddress Called!
07-14 18:35:59.696  6114  6160 D MCPTT_UIMiddleware: [SipStackServiceManager]Used Network NetworkDeviceType : wifi,IP :192.168.200.100
07-14 18:35:59.697  6114  6160 I MCPTT_UIMiddleware: [MainController][run] addr = 192.168.200.100
07-14 18:35:59.701  6114  6160 I MCPTT_UIMiddleware: [MainController][run] get_My_IP = 192.168.200.100
07-14 18:35:59.702  6114  6160 I MCPTT_UIMiddleware: [MainController][run] isSet_Ue_Initial_Configuration_Path = true
07-14 18:35:59.703  6114  6160 I MCPTT_UIMiddleware: [MainController][run] isLoad_Ue_Initial_Configuration = true
07-14 18:35:59.704  6114  6160 I MCPTT_UIMiddleware: [MainController][run] stackStatus = 0
07-14 18:35:59.705  6114  6160 I MCPTT_UIMiddleware: [MainController][run] errorCode = 0
07-14 18:35:59.706  6114  6160 I MCPTT_UIMiddleware: [MainController][run] sleep 5000
07-14 18:35:59.810  6136  6159 I TELON_MCPTT_STACK: [::run]MainController_GC21 _Stack_Start serviceTask Called!
07-14 18:35:59.811  6136  6159 I TELON_MCPTT_STACK: [::q]_GetLocationInfo
07-14 18:35:59.811  6136  6159 I TELON_MCPTT_STACK: [::q]mccAndMnc is :
07-14 18:35:59.812  6136  6159 I TELON_MCPTT_STACK: [::q]_lat :null
07-14 18:35:59.812  6136  6159 I TELON_MCPTT_STACK: [::q]_long :null
07-14 18:36:00.008  6136  6156 I TELON_MCPTT_STACK: [::run]OrgExpire : 7200,Expire :6600 sleep-time:5872
07-14 18:36:00.789  6114  6114 W Thread-14: type=1400 audit(0.0:9810): avc: denied { read } for name="tcp" dev="proc" ino=4026532114 scontext=u:r:untrusted_app:s0:c123,c256,c512,c768 tcontext=u:object_r:proc_net_tcp_udp:s0 tclass=file permissive=0 app=com.EveryTalk.Global
07-14 18:36:01.010  6136  6156 I TELON_MCPTT_STACK: [::run]OrgExpire : 7200,Expire :6600 sleep-time:5871
07-14 18:36:02.012  6136  6156 I TELON_MCPTT_STACK: [::run]OrgExpire : 7200,Expire :6600 sleep-time:5870
07-14 18:36:02.490 16800 16800 D ProcessState: Binder ioctl to enable oneway spam detection failed: Invalid argument
07-14 18:36:02.501     0     0 I binder  : 16800:16800 ioctl 40046210 7ff0da6ee4 returned -22
07-14 18:36:03.015  6136  6156 I TELON_MCPTT_STACK: [::run]OrgExpire : 7200,Expire :6600 sleep-time:5869
07-14 18:36:03.399     0     0 F ***time : 26160, msoc : 41, uA: 350585. temp : 330, uV: 3696279, uOhm: 248534
07-14 18:36:03.400     0     0 I         : *** current capacity= 4428000, soc for low_temp= 41
07-14 18:36:03.407     0     0 I         : *** cal msoc : 41
07-14 18:36:03.789  6114  6114 W Thread-14: type=1400 audit(0.0:9811): avc: denied { read } for name="tcp" dev="proc" ino=4026532114 scontext=u:r:untrusted_app:s0:c123,c256,c512,c768 tcontext=u:object_r:proc_net_tcp_udp:s0 tclass=file permissive=0 app=com.EveryTalk.Global
07-14 18:36:04.018  6136  6156 I TELON_MCPTT_STACK: [::run]OrgExpire : 7200,Expire :6600 sleep-time:5868
07-14 18:36:04.547  8292  8292 E adbd    : failed to connect to socket 'tcp:9008': Connection refused
07-14 18:36:04.683  8292  8292 E adbd    : failed to connect to socket 'tcp:9008': Connection refused
07-14 18:36:04.707  6114  6160 I MCPTT_UIMiddleware: [MainController][run] _Stack_Start serviceTask Called!
07-14 18:36:04.708  6114  6160 D MCPTT_UIMiddleware: [MainController][run] networkType = default
07-14 18:36:04.708  6114  6160 D MCPTT_UIMiddleware: [SipStackServiceManager]_GetDeviceDefaultIpAddress Called!
07-14 18:36:04.708  6114  6160 D MCPTT_UIMiddleware: [SipStackServiceManager]Used Network NetworkDeviceType : wifi,IP :192.168.200.100
07-14 18:36:04.709  6114  6160 I MCPTT_UIMiddleware: [MainController][run] addr = 192.168.200.100
07-14 18:36:04.710  6114  6160 I MCPTT_UIMiddleware: [MainController][run] get_My_IP = 192.168.200.100
07-14 18:36:04.711  6114  6160 I MCPTT_UIMiddleware: [MainController][run] isSet_Ue_Initial_Configuration_Path = true
07-14 18:36:04.711  6114  6160 I MCPTT_UIMiddleware: [MainController][run] isLoad_Ue_Initial_Configuration = true
07-14 18:36:04.712  6114  6160 I MCPTT_UIMiddleware: [MainController][run] stackStatus = 0
07-14 18:36:04.712  6114  6160 I MCPTT_UIMiddleware: [MainController][run] sleep 5000
07-14 18:36:04.813  6136  6159 I TELON_MCPTT_STACK: [::run]MainController_GC21 _Stack_Start serviceTask Called!
07-14 18:36:04.814  6136  6159 I TELON_MCPTT_STACK: [::q]_GetLocationInfo
07-14 18:36:04.814  6136  6159 I TELON_MCPTT_STACK: [::q]mccAndMnc is :
07-14 18:36:04.815  6136  6159 I TELON_MCPTT_STACK: [::q]_lat :null
07-14 18:36:04.815  6136  6159 I TELON_MCPTT_STACK: [::q]_long :null
07-14 18:36:04.974 16808 16808 D AndroidRuntime: >>>>>> START com.android.internal.os.RuntimeInit uid 2000 <<<<<<
07-14 18:36:04.998 16808 16808 I AndroidRuntime: Using default boot image
07-14 18:36:04.999 16808 16808 I AndroidRuntime: Leaving lock profiling enabled
07-14 18:36:04.999 16808 16808 W libc    : Access denied finding property "odsign.verification.success"
07-14 18:36:04.989 16808 16808 W app_process: type=1400 audit(0.0:9812): avc: denied { read } for name="u:object_r:odsign_prop:s0" dev="tmpfs" ino=5736 scontext=u:r:shell:s0 tcontext=u:object_r:odsign_prop:s0 tclass=file permissive=0
07-14 18:36:05.007 16808 16808 W app_process: ART APEX data files are untrusted.
07-14 18:36:05.008 16808 16808 I app_process: Core platform API reporting enabled, enforcing=false
07-14 18:36:05.019  6136  6156 I TELON_MCPTT_STACK: [::run]OrgExpire : 7200,Expire :6600 sleep-time:5867
07-14 18:36:05.235  8292  8292 E adbd    : failed to connect to socket 'tcp:9008': Connection refused
07-14 18:36:05.303  6136 14878 D TELON_MCPTT_STACK: [::run]/SipStack StackThread Received Packet.. port:5080
07-14 18:36:05.304  6136 14878 V TELON_MCPTT_STACK_SIP: [::R]/SipStack OnRead Message  received ipAddr:211.118.224.205 ip-equal : true port : 5090 size : 783 
07-14 18:36:05.304  6136 14878 V TELON_MCPTT_STACK_SIP: BYE sip:00600112303@192.168.200.100:5080 SIP/2.0
07-14 18:36:05.304  6136 14878 V TELON_MCPTT_STACK_SIP: Via: SIP/2.0/UDP 211.118.224.205:5090;branch=z9hG4bK1873c8be14fde448
07-14 18:36:05.304  6136 14878 V TELON_MCPTT_STACK_SIP: Via: SIP/2.0/UDP 211.118.224.205:5064;branch=z9hG4bK3ef827419425ec11
07-14 18:36:05.304  6136 14878 V TELON_MCPTT_STACK_SIP: From: <sip:mcx-service@ims.mnc001.mcc001.3gppnetwork.org>;tag=78c016e7d68a3b0138955787
07-14 18:36:05.304  6136 14878 V TELON_MCPTT_STACK_SIP: To: <sip:00600112303@ims.mnc001.mcc001.3gppnetwork.org>;tag=794b3c5cdbe69050
07-14 18:36:05.304  6136 14878 V TELON_MCPTT_STACK_SIP: Contact: <sip:00600112303@192.168.200.100:5080>;+g.3gpp.icsi-ref="urn%3Aurn-7%3A3gpp-service.ims.icsi.mcptt";+g.3gpp.mcptt
07-14 18:36:05.304  6136 14878 V TELON_MCPTT_STACK_SIP: Call-ID: 49709a6295977a2f794b3c5cdbe69050
07-14 18:36:05.304  6136 14878 V TELON_MCPTT_STACK_SIP: CSeq: 366 BYE
07-14 18:36:05.304  6136 14878 V TELON_MCPTT_STACK_SIP: P-Preferred-Service: urn:urn-7:3gpp-service.ims.icsi.mcptt
07-14 18:36:05.304  6136 14878 V TELON_MCPTT_STACK_SIP: P-Asserted-Identity: <sip:00600112303@ims.mnc001.mcc001.3gppnetwork.org>
07-14 18:36:05.304  6136 14878 V TELON_MCPTT_STACK_SIP: Max-Forwards: 67
07-14 18:36:05.304  6136 14878 V TELON_MCPTT_STACK_SIP: Warning: 307 "forced drop session, speech hangtime(mute-time) is over"
07-14 18:36:05.304  6136 14878 V TELON_MCPTT_STACK_SIP: Content-Length: 0
07-14 18:36:05.304  6136 14878 V TELON_MCPTT_STACK_SIP: 
07-14 18:36:05.305  6136 14878 I TELON_MCPTT_STACK: [SourceFile::h]/SessionManager Stop_Session_Completed_Check_Timer
07-14 18:36:05.305  6136 14878 D TELON_MCPTT_STACK: [SourceFile::e]/Received Message : SIP/2.0 BYE! CallId : 49709a6295977a2f794b3c5cdbe69050
07-14 18:36:05.306  6136 14878 V TELON_MCPTT_STACK: [SourceFile::c]/SipStack _Send_Sip_Message : _Send_200,callId : 49709a6295977a2f794b3c5cdbe69050
07-14 18:36:05.313  6136 14878 I TELON_MCPTT_STACK: [SourceFile::k]set_Aka_AuthHeader :null
07-14 18:36:05.313  6136 14878 W TELON_MCPTT_STACK_SIP: [SourceFile::c]/UDP/_Send_200[ip:211.118.224.205/port:5090,size :606] => 
07-14 18:36:05.313  6136 14878 W TELON_MCPTT_STACK_SIP: SIP/2.0 200 OK
07-14 18:36:05.313  6136 14878 W TELON_MCPTT_STACK_SIP: Via: SIP/2.0/UDP 211.118.224.205:5090;branch=z9hG4bK1873c8be14fde448
07-14 18:36:05.313  6136 14878 W TELON_MCPTT_STACK_SIP: Via: SIP/2.0/UDP 211.118.224.205:5064;branch=z9hG4bK3ef827419425ec11
07-14 18:36:05.313  6136 14878 W TELON_MCPTT_STACK_SIP: From: <sip:mcx-service@ims.mnc001.mcc001.3gppnetwork.org>;tag=78c016e7d68a3b0138955787
07-14 18:36:05.313  6136 14878 W TELON_MCPTT_STACK_SIP: To: <sip:00600112303@ims.mnc001.mcc001.3gppnetwork.org>;tag=794b3c5cdbe69050
07-14 18:36:05.313  6136 14878 W TELON_MCPTT_STACK_SIP: Call-ID: 49709a6295977a2f794b3c5cdbe69050
07-14 18:36:05.313  6136 14878 W TELON_MCPTT_STACK_SIP: CSeq: 366 BYE
07-14 18:36:05.313  6136 14878 W TELON_MCPTT_STACK_SIP: Max-Forwards: 70
07-14 18:36:05.313  6136 14878 W TELON_MCPTT_STACK_SIP: User-Agent: CYBERTEL CM65 12 S-CybertelBridge-Mcptt-Stack-3.7.2-20260707
07-14 18:36:05.313  6136 14878 W TELON_MCPTT_STACK_SIP: Content-Length: 0
07-14 18:36:05.313  6136 14878 W TELON_MCPTT_STACK_SIP: Route: <sip:sipcore-cscf@211.118.224.205:5090;lr>
07-14 18:36:05.313  6136 14878 W TELON_MCPTT_STACK_SIP: Route: <sip:mcx-controlling-service@211.118.224.205:5064;lr>
07-14 18:36:05.313  6136 14878 W TELON_MCPTT_STACK_SIP: 
07-14 18:36:05.313  6136 14878 W TELON_MCPTT_STACK_SIP: 
07-14 18:36:05.314  6136 14878 I TELON_MCPTT_STACK: [SourceFile::j]/SessionManager _Stop_Session_Update_Timer SessionType : INVITECallId : 49709a6295977a2f794b3c5cdbe69050
07-14 18:36:05.315  6136 14878 I TELON_MCPTT_STACK: [SourceFile::i]/SessionManager _Stop_Session_Expire_Timer
07-14 18:36:05.315  6136 14878 I TELON_MCPTT_STACK: [SourceFile::h]/SessionManager Stop_Session_Completed_Check_Timer
07-14 18:36:05.316  6136 14878 I TELON_MCPTT_STACK: [SourceFile::b]/SessionManager _Delete_Session_Update_Schedule _Session_Expire : 7200
07-14 18:36:05.316  6136 14878 D TELON_MCPTT_STACK_SCHEDULE: [SourceFile::b]_DeleteStackSchedule sipMesasgeType : INVITE-prearranged-sip:00600112311g@ims.mnc001.mcc001.3gppnetwork.org, scheduleType : update_sesssion, time : 6600, requestcode : 109, callid :49709a6295977a2f794b3c5cdbe69050
07-14 18:36:05.323 16808 16808 D app_process: Time zone APEX ICU file found: /apex/com.android.tzdata/etc/icu/icu_tzdata.dat
07-14 18:36:05.324 16808 16808 D app_process: I18n APEX ICU file found: /apex/com.android.i18n/etc/icu/icudt68l.dat
07-14 18:36:05.338  6136 14878 D TELON_MCPTT_STACK_SCHEDULE: /deleteSchedule completed!
07-14 18:36:05.339  6136 14878 D TELON_MCPTT_STACK_SCHEDULE: [SourceFile::b]_DeleteStackSchedule sipMesasgeType : INVITE-prearranged-sip:00600112311g@ims.mnc001.mcc001.3gppnetwork.org, scheduleType : expire-session, time : 7200, requestcode : 110, callid :49709a6295977a2f794b3c5cdbe69050
07-14 18:36:05.358  6136 14878 D TELON_MCPTT_STACK_SCHEDULE: /deleteSchedule completed!
07-14 18:36:05.359  6136 14878 I TELON_MCPTT_STACK: [SourceFile::f]/_GetInviteSubscribeSession sessionID :sip:f6035-d2e21-74666-b7352-1-01@211.118.224.205:5064;session=f6035-d2e21-74666-b7352-1-01
07-14 18:36:05.359  6136 14878 I TELON_MCPTT_STACK: [SourceFile::a]/SessionManager _DeleteSession. Delete callID :49709a6295977a2f794b3c5cdbe69050,reasonCode :7,warningStr :BYE(Warning: 307 "forced drop session, speech hangtime(mute-time) is over")
07-14 18:36:05.360  6136 14878 I TELON_MCPTT_STACK: [SourceFile::a]/DeleteSession callID :49709a6295977a2f794b3c5cdbe69050
07-14 18:36:05.360  6136 14878 W TELON_TELON_STACK_LOG: [SESSION][SIP Invite][Server->Client][Received Bye. CalledUri:sip:00600112311g@ims.mnc001.mcc001.3gppnetwork.org,callType : prearranged,callid:49709a6295977a2f794b3c5cdbe69050]  [ClientInfo : 00600112303,51e05727-8f43-4c66-889f-2faf82339a1c]
07-14 18:36:05.361  6136 14878 D TELON_MCPTT_STACK: [SourceFile::a]onSipMessage callId: 49709a6295977a2f794b3c5cdbe69050 msgStatus : BYE(Warning: 307 "forced drop session, speech hangtime(mute-time) is over"),msgCode: MSG_RECV_BYE(7) ipAddr : 211.118.224.205
07-14 18:36:05.386  6136 14878 I TELON_MCPTT_STACK: [SourceFile::b]sipEvent(callback) msgCode : INFO_RECEIVE_CALL_END(9) extra : BYE(Warning: 307 "forced drop session, speech hangtime(mute-time) is over")
07-14 18:36:05.387  6136 14878 D TELON_MCPTT_STACK: [SourceFile::a]/SipStackService sipEvent reentrantLock : lock
07-14 18:36:05.387  6114  6643 I MCPTT_UIMiddleware: [UIMiddlewareService][sipEvent] msgCode : 9 callId : 49709a6295977a2f794b3c5cdbe69050 extra : BYE(Warning: 307 "forced drop session, speech hangtime(mute-time) is over")
07-14 18:36:05.388  6114  6643 I MCPTT_UIMiddleware: [UIMiddlewareService][sipEvent] isMsrpCall : false
07-14 18:36:05.388  6114  6643 I MCPTT_UIMiddleware: [CallManagerNokia]sipEvent: msgCode = 9
07-14 18:36:05.389  6114  6643 I MCPTT_UIMiddleware: [CallManagerNokia]sipEvent: sessionId = 49709a6295977a2f794b3c5cdbe69050
07-14 18:36:05.389  6114  6643 I MCPTT_UIMiddleware: [CallManagerNokia]sipEvent: extra = BYE(Warning: 307 "forced drop session, speech hangtime(mute-time) is over")
07-14 18:36:05.389  6114  6643 I MCPTT_UIMiddleware: SessionManager.getSession: session.getNumber() = 00600112311g
07-14 18:36:05.390  6114  6643 I MCPTT_UIMiddleware: SessionManager.getSession: session.getNumber() = 00600112311g
07-14 18:36:05.390  6114  6643 I MCPTT_UIMiddleware: SessionManager.getSession: session.getNumber() = 00600112311g
07-14 18:36:05.391  6114  6643 I MCPTT_UIMiddleware: [CallManager][sipEvent] msgCode = 9 sessionId = 49709a6295977a2f794b3c5cdbe69050 extra = BYE(Warning: 307 "forced drop session, speech hangtime(mute-time) is over")
07-14 18:36:05.391  6114  6643 I MCPTT_UIMiddleware: [CallManager][sipEvent] mIsRunningRetryTimer = false
07-14 18:36:05.392  6114  6643 I MCPTT_UIMiddleware: [CallManager]sendCallbackUIEvent: _sessionId = 49709a6295977a2f794b3c5cdbe69050
07-14 18:36:05.392  6114  6643 I MCPTT_UIMiddleware: [CallManager]sendCallbackUIEvent: _uiEventType = TYPE_CALL_END
07-14 18:36:05.392  6114  6643 I MCPTT_UIMiddleware: [CallManager]sendCallbackUIEvent: _extra = BYE(Warning: 307 "forced drop session, speech hangtime(mute-time) is over")
07-14 18:36:05.393  6114  6643 I MCPTT_UIMiddleware: [CallManager]sendCallbackUIEvent: _object = null
07-14 18:36:05.393  6114  6643 D MCPTT_UIMiddleware: [SessionManager][getMainSessionId] id:49709a6295977a2f794b3c5cdbe69050
07-14 18:36:05.394  6114  6643 I MCPTT_UIMiddleware: SessionManager.getSession: session.getNumber() = 00600112311g
07-14 18:36:05.394  6114  6114 I MCPTT_UIMiddleware: [UIMiddlewareService]sendCallbackUIEvent.run: total = 4
07-14 18:36:05.395  6114  6643 I MCPTT_UIMiddleware: [CallManager][stopRecord] mMutexRec : sessionId = 49709a6295977a2f794b3c5cdbe69050
07-14 18:36:05.395  6114  6114 I _LOG_APP: [ContactActivity]onUpdateUIEvent: callId = 49709a6295977a2f794b3c5cdbe69050
07-14 18:36:05.396  6114  6114 I _LOG_APP: [ContactActivity]onUpdateUIEvent: uiEventType = TYPE_CALL_END
07-14 18:36:05.396  6114  6114 I _LOG_APP: [ContactActivity]onUpdateUIEvent: extra = BYE(Warning: 307 "forced drop session, speech hangtime(mute-time) is over")
07-14 18:36:05.397  6114  6114 I _LOG_APP: [UIService]onUpdateUIEvent: sessionId = 49709a6295977a2f794b3c5cdbe69050
07-14 18:36:05.397  6114  6114 I _LOG_APP: [UIService]onUpdateUIEvent: uiEventType = TYPE_CALL_END
07-14 18:36:05.397  6114  6114 I _LOG_APP: [UIService]onUpdateUIEvent: extra = BYE(Warning: 307 "forced drop session, speech hangtime(mute-time) is over")
07-14 18:36:05.398  6114  6114 D _LOG_APP: [Util]releaseScreenWakeLock= null
07-14 18:36:05.398  6114  6114 I _LOG_APP: [MiniView]hideMiniView: removeAllViews mPreviewLayout = android.widget.FrameLayout{89de4cc V.E...... ......ID 0,0-324,396 #7f0904c2 app:id/preview}
07-14 18:36:05.399  6114  6114 I _LOG_APP: [OverlayAudioView]hideOverlayAudioView: mAudioViewLayout = android.widget.LinearLayout{6556b01 I.E...... ......ID 0,0-1080,270}
07-14 18:36:05.400  6114  6114 I _LOG_APP: [OverlayVideoView]hideOverlayVideoView: mPreviewLayout = android.widget.FrameLayout{22cb63d V.E...... ......ID 0,0-201,270 #7f0904c2 app:id/preview}
07-14 18:36:05.401  6114  6643 I MCPTT_UIMiddleware: [CallManager][stopRecord] mMutexRec : IN sessionId = 49709a6295977a2f794b3c5cdbe69050
07-14 18:36:05.401  6114  6643 I MCPTT_UIMiddleware: [SessionManager]getRecordSession: IN
07-14 18:36:05.402  6114  6643 W MCPTT_UIMiddleware: [CallManager][stopRecord] recordSession is null or already stopped.
07-14 18:36:05.402  6114  6643 I MCPTT_UIMiddleware: SessionManager.getSession: session.getNumber() = 00600112311g
07-14 18:36:05.403  6114  6643 I MCPTT_UIMiddleware: [CallManager][stopRecord] mMutexRec : END sessionId = 49709a6295977a2f794b3c5cdbe69050
07-14 18:36:05.403  6114  6114 I _LOG_APP: [UIService][0] activity:com.EveryTalk.Global >> com.cybertel.mcptt.ui.main.EveryTalkMain
07-14 18:36:05.404  6114  6643 I MCPTT_UIMiddleware: SessionManager.getSession: session.getNumber() = 00600112311g
07-14 18:36:05.404  6114  6643 I MCPTT_UIMiddleware: [SessionManager]getTakenSessionList: IN
07-14 18:36:05.405  6114  6643 I MCPTT_UIMiddleware: [SessionManager]getTakenSessionList: sessionList.size() = 0
07-14 18:36:05.405  6114  6643 W MCPTT_UIMiddleware: [CallManagerNokia]deleteSession: receivedSession is NULL
07-14 18:36:05.406  6114  6114 I MCPTT_UIMiddleware: SessionManager.getSession: session.getNumber() = 00600112311g
07-14 18:36:05.406  6114  6643 I MCPTT_UIMiddleware: [CallManager]deleteSession: sessionId = 49709a6295977a2f794b3c5cdbe69050, reason = SIP_SESSION_UPDATE_FAIL
