06-28 03:51:09.472     0     0 W         : tasha_codec tasha_codec: Falling back to syfs fallback for: cpe_9335.mdt
06-28 03:51:09.477     0     0 I msm_cci ca0c000.qcom,cci: Dropping the link to regulator.74
06-28 03:51:09.488     0     0 I subsys-pil-tz soc: qcom,kgsl-hyp: a512_zap: Brought out of reset
06-28 03:51:09.498     0     0 I qcom,camera ca0c000.qcom,cci: qcom,camera@0: Dropping the link to regulator.81
06-28 03:51:09.518     0     0 W         : tasha_codec tasha_codec: Falling back to syfs fallback for: cpe_9335.b14
06-28 03:51:09.525     0     0 E         : imx214_cs power up failed
06-28 03:51:09.525     0     0 E MSM-SENSOR-INIT msm_sensor_driver_cmd: 83 msm_sensor_driver_cmd failed (non-fatal) rc -19
06-28 03:51:09.528     0     0 E MSM-SENSOR-INIT msm_sensor_init_subdev_do_ioctl: 151 msm_sensor_init_subdev_do_ioctl:151 VIDIOC_MSM_SENSOR_INIT_CFG failed (non-fatal)
06-28 03:51:09.547     0     0 E sdm660-asoc-snd soc: sound-9335: control 2:0:0:CPE AFE MAD Enable:0 is already present
06-28 03:51:09.560     0     0 W         : tasha_codec tasha_codec: Falling back to syfs fallback for: cpe_9335.b16
06-28 03:51:09.606     0     0 I qcom,camera ca0c000.qcom,cci: qcom,camera@0: Linked as a consumer to regulator.81
06-28 03:51:09.638     0     0 W         : tasha_codec tasha_codec: Falling back to syfs fallback for: cpe_9335.b18
06-28 03:51:09.685     0     0 W         : tasha_codec tasha_codec: Falling back to syfs fallback for: cpe_9335.b19
06-28 03:51:09.719     0     0 W         : tasha_codec tasha_codec: Falling back to syfs fallback for: cpe_9335.b20
06-28 03:51:09.721     0     0 W         : <<GTP-INF>>[gt1x_resume:2550] Resume start...
06-28 03:51:09.737     0     0 E msm-pcm-routing soc: qcom,msm-pcm-routing: ASoC: no source widget found for AUDIO_REF_EC_UL30 MUX
06-28 03:51:09.737     0     0 E msm-pcm-routing soc: qcom,msm-pcm-routing: ASoC: Failed to add route AUDIO_REF_EC_UL30 MUX -> direct -> MM_UL30
06-28 03:51:09.752     0     0 W         : tasha_codec tasha_codec: Falling back to syfs fallback for: cpe_9335.b22
06-28 03:51:09.764     0     0 I msm_cci ca0c000.qcom,cci: Linked as a consumer to regulator.74
06-28 03:51:09.765     0     0 I msm_cci ca0c000.qcom,cci: Linked as a consumer to regulator.11
06-28 03:51:09.771     0     0 I msm_cci_init: 1441: hw_version = 0x10060000
06-28 03:51:09.779     0     0 E         : imx258_dt probe succeeded
06-28 03:51:09.790     0     0 I msm_cci ca0c000.qcom,cci: Dropping the link to regulator.11
06-28 03:51:09.791     0     0 I msm_cci ca0c000.qcom,cci: Dropping the link to regulator.74
06-28 03:51:09.799     0     0 W         : tasha_codec tasha_codec: Falling back to syfs fallback for: cpe_9335.b24
06-28 03:51:09.868     0     0 W         : tasha_codec tasha_codec: Falling back to syfs fallback for: cpe_9335.b26
06-28 03:51:09.895     0     0 W         : tasha_codec tasha_codec: Falling back to syfs fallback for: cpe_9335.b28
06-28 03:51:09.912     0     0 I ueventd : firmware: loading 'cpe_9335.b28' for '/devices/platform/soc/151c0000.slim/tasha-slim-pgd/tasha_codec/firmware/cpe_9335.b28'
06-28 03:51:09.917     0     0 I ueventd : loading /devices/platform/soc/151c0000.slim/tasha-slim-pgd/tasha_codec/firmware/cpe_9335.b28 took 6ms
06-28 03:51:09.940     0     0 W         : tasha_codec tasha_codec: Falling back to syfs fallback for: cpe_9335.b29
06-28 03:51:09.945     0     0 I qcom,camera ca0c000.qcom,cci: qcom,camera@0: Dropping the link to regulator.81
06-28 03:51:09.966     0     0 I ueventd : firmware: loading 'cpe_9335.b29' for '/devices/platform/soc/151c0000.slim/tasha-slim-pgd/tasha_codec/firmware/cpe_9335.b29'
06-28 03:51:09.973     0     0 I ueventd : loading /devices/platform/soc/151c0000.slim/tasha-slim-pgd/tasha_codec/firmware/cpe_9335.b29 took 7ms
06-28 03:51:09.979     0     0 W msm-pcm-routing soc: qcom,msm-pcm-routing: ASoC: no dapm match for MM_DL23 --> MultiMedia23 --> QUIN_TDM_RX_1 Audio Mixer
06-28 03:51:09.990     0     0 E msm-pcm-routing soc: qcom,msm-pcm-routing: ASoC: Failed to add route MM_DL23 -> MultiMedia23 -> QUIN_TDM_RX_1 Audio Mixer
06-28 03:51:10.001     0     0 W msm-pcm-routing soc: qcom,msm-pcm-routing: ASoC: no dapm match for MM_DL24 --> MultiMedia24 --> QUIN_TDM_RX_1 Audio Mixer
06-28 03:51:10.014     0     0 E msm-pcm-routing soc: qcom,msm-pcm-routing: ASoC: Failed to add route MM_DL24 -> MultiMedia24 -> QUIN_TDM_RX_1 Audio Mixer
06-28 03:51:10.025     0     0 W msm-pcm-routing soc: qcom,msm-pcm-routing: ASoC: no dapm match for MM_DL25 --> MultiMedia25 --> QUIN_TDM_RX_1 Audio Mixer
06-28 03:51:10.037     0     0 E msm_camera_request_gpio_table: 776 gpio 1191:CAM_VIO request fails
06-28 03:51:10.037     0     0 E msm-pcm-routing soc: qcom,msm-pcm-routing: ASoC: Failed to add route MM_DL25 -> MultiMedia25 -> QUIN_TDM_RX_1 Audio Mixer
06-28 03:51:10.049     0     0 E msm_camera_request_gpio_table: 776 gpio 1179:CAM_VANA request fails
06-28 03:51:10.125     0     0 I binder  : 1020:1020 ioctl 40046210 7ff946ed44 returned -22
06-28 03:51:10.150     0     0 I msm_cci ca0c000.qcom,cci: Linked as a consumer to regulator.74
06-28 03:51:10.151     0     0 I msm_cci ca0c000.qcom,cci: Linked as a consumer to regulator.11
06-28 03:51:10.157     0     0 I msm_cci_init: 1441: hw_version = 0x10060000
06-28 03:51:10.163     0     0 E msm_cci_irq: 1812 MASTER_1 error 0x40000000
06-28 03:51:10.169     0     0 E msm_cci_i2c_read: 965 read_words = 0, exp words = 1
06-28 03:51:10.173     0     0 E msm_cci_i2c_read_bytes: 1048 failed rc -22
06-28 03:51:10.179     0     0 E msm_camera_cci_i2c_read: line 48 rc = -22
06-28 03:51:10.184     0     0 E msm_sensor_match_id: ov2680: read id failed
06-28 03:51:10.189     0     0 E msm_sensor_check_id: 1446 match id failed rc -22
06-28 03:51:10.193     0     0 E         : *** progress end
06-28 03:51:10.195     0     0 I msm_cci ca0c000.qcom,cci: Dropping the link to regulator.11
06-28 03:51:10.190   713   713 D Zygote64Timing: PreloadClasses took to complete: 2633ms
06-28 03:51:10.200     0     0 E *** index: 270 : max: 270
06-28 03:51:10.204     0     0 I msm_cci ca0c000.qcom,cci: Dropping the link to regulator.74
06-28 03:51:10.235   713   713 D Zygote64Timing: CacheNonBootClasspathClassLoaders took to complete: 45ms
06-28 03:51:10.319     0     0 I msm_cci ca0c000.qcom,cci: Linked as a consumer to regulator.74
06-28 03:51:10.320     0     0 I msm_cci ca0c000.qcom,cci: Linked as a consumer to regulator.11
06-28 03:51:10.326     0     0 I msm_cci_init: 1441: hw_version = 0x10060000
06-28 03:51:10.319   713   713 D Zygote64Timing: PreloadResources took to complete: 84ms
06-28 03:51:10.332     0     0 E msm_cci_irq: 1812 MASTER_1 error 0x40000000
06-28 03:51:10.337     0     0 E msm_cci_i2c_read: 965 read_words = 0, exp words = 1
06-28 03:51:10.342     0     0 E msm_cci_i2c_read_bytes: 1048 failed rc -22
06-28 03:51:10.348     0     0 E msm_camera_cci_i2c_read: line 48 rc = -22
06-28 03:51:10.353     0     0 E msm_sensor_match_id: ov2680: read id failed
06-28 03:51:10.358     0     0 E msm_sensor_check_id: 1446 match id failed rc -22
06-28 03:51:10.365     0     0 I msm_cci ca0c000.qcom,cci: Dropping the link to regulator.11
06-28 03:51:10.370     0     0 I msm_cci ca0c000.qcom,cci: Dropping the link to regulator.74
06-28 03:51:10.480     0     0 I msm_cci ca0c000.qcom,cci: Linked as a consumer to regulator.74
06-28 03:51:10.481     0     0 I msm_cci ca0c000.qcom,cci: Linked as a consumer to regulator.11
06-28 03:51:10.486     0     0 I msm_cci_init: 1441: hw_version = 0x10060000
06-28 03:51:10.495     0     0 E msm_cci_irq: 1812 MASTER_1 error 0x40000000
06-28 03:51:10.498     0     0 E msm_cci_i2c_read: 965 read_words = 0, exp words = 1
06-28 03:51:10.503     0     0 E msm_cci_i2c_read_bytes: 1048 failed rc -22
06-28 03:51:10.509     0     0 E msm_camera_cci_i2c_read: line 48 rc = -22
06-28 03:51:10.515     0     0 E msm_sensor_match_id: ov2680: read id failed
06-28 03:51:10.519     0     0 E msm_sensor_check_id: 1446 match id failed rc -22
06-28 03:51:10.525     0     0 I msm_cci ca0c000.qcom,cci: Dropping the link to regulator.11
06-28 03:51:10.530     0     0 I msm_cci ca0c000.qcom,cci: Dropping the link to regulator.74
06-28 03:51:10.551   713   713 D Zygote64Timing: ZygotePreload took to complete: 3187ms
06-28 03:51:10.565     0     0 E         : ov2680 power up failed
06-28 03:51:10.565     0     0 E MSM-SENSOR-INIT msm_sensor_driver_cmd: 83 msm_sensor_driver_cmd failed (non-fatal) rc -22
06-28 03:51:10.568     0     0 E MSM-SENSOR-INIT msm_sensor_init_subdev_do_ioctl: 151 msm_sensor_init_subdev_do_ioctl:151 VIDIOC_MSM_SENSOR_INIT_CFG failed (non-fatal)
06-28 03:51:10.609     0     0 I qcom,camera ca0c000.qcom,cci: qcom,camera@1: Linked as a consumer to regulator.80
06-28 03:51:10.617     0     0 I gfx_mem_acc_corner: disabling
06-28 03:51:10.617     0     0 I gdsc_ufs: disabling
06-28 03:51:10.621     0     0 I cam_avdd2p8_gpio_regulator: disabling
06-28 03:51:10.624     0     0 I cam_avdd1p8_gpio_regulator: disabling
06-28 03:51:10.644     0     0 I cam_avdd_gpio_regulator: disabling
06-28 03:51:10.644     0     0 I cam_actuator_regulator: disabling
06-28 03:51:10.647     0     0 I cam_f_avdd2p8_gpio_regulator: disabling
06-28 03:51:10.652     0     0 I cam_f_avdd1p8_gpio_regulator: disabling
06-28 03:51:10.665     0     0 I lcdb_ldo: disabling
06-28 03:51:10.665     0     0 I apc0_pwrcl_corner: disabling
06-28 03:51:10.667     0     0 I apc1_perfcl_corner: disabling
06-28 03:51:10.671     0     0 I cam_rear_dvdd_gpio_regulator: disabling
06-28 03:51:10.676     0     0 I binder  : 1020:1051 ioctl 40046210 73a1b10184 returned -22
06-28 03:51:10.688     0     0 I msm_cci ca0c000.qcom,cci: Linked as a consumer to regulator.74
06-28 03:51:10.688     0     0 I msm_cci ca0c000.qcom,cci: Linked as a consumer to regulator.11
06-28 03:51:10.694     0     0 I msm_cci_init: 1441: hw_version = 0x10060000
06-28 03:51:10.701     0     0 E msm_cci_irq: 1812 MASTER_1 error 0x40000000
06-28 03:51:10.706     0     0 E msm_cci_i2c_read: 965 read_words = 0, exp words = 1
06-28 03:51:10.711     0     0 E msm_cci_i2c_read_bytes: 1048 failed rc -22
06-28 03:51:10.717     0     0 E msm_camera_cci_i2c_read: line 48 rc = -22
06-28 03:51:10.722     0     0 E msm_sensor_match_id: ov8856: read id failed
06-28 03:51:10.727     0     0 E msm_sensor_check_id: 1446 match id failed rc -22
06-28 03:51:10.719   713   713 D Zygote64Timing: PostZygoteInitGC took to complete: 167ms
06-28 03:51:10.719   713   713 D Zygote64Timing: ZygoteInit took to complete: 3371ms
06-28 03:51:10.732     0     0 I msm_cci ca0c000.qcom,cci: Dropping the link to regulator.11
06-28 03:51:10.738     0     0 I msm_cci ca0c000.qcom,cci: Dropping the link to regulator.74
06-28 03:51:10.743     0     0 I binder  : 1020:1051 ioctl 40046210 73a1b11eb4 returned -22
06-28 03:51:10.747     0     0 I qcom,camera ca0c000.qcom,cci: qcom,camera@1: Dropping the link to regulator.80
06-28 03:51:10.802     0     0 I qcom,camera ca0c000.qcom,cci: qcom,camera@1: Linked as a consumer to regulator.80
06-28 03:51:10.868     0     0 I msm_cci ca0c000.qcom,cci: Linked as a consumer to regulator.74
06-28 03:51:10.869     0     0 I msm_cci ca0c000.qcom,cci: Linked as a consumer to regulator.11
06-28 03:51:10.874     0     0 I msm_cci_init: 1441: hw_version = 0x10060000
06-28 03:51:10.881     0     0 E msm_cci_irq: 1812 MASTER_1 error 0x40000000
06-28 03:51:10.886     0     0 E msm_cci_i2c_read: 965 read_words = 0, exp words = 1
06-28 03:51:10.891     0     0 E msm_cci_i2c_read_bytes: 1048 failed rc -22
06-28 03:51:10.897     0     0 E msm_camera_cci_i2c_read: line 48 rc = -22
06-28 03:51:10.890  1020  1051 D BootAnimation: BootAnimationShownTiming start time: 45885ms
06-28 03:51:10.902     0     0 E msm_sensor_match_id: ov8856: read id failed
06-28 03:51:10.907     0     0 E msm_sensor_check_id: 1446 match id failed rc -22
06-28 03:51:10.913     0     0 I msm_cci ca0c000.qcom,cci: Dropping the link to regulator.11
06-28 03:51:10.918     0     0 I msm_cci ca0c000.qcom,cci: Dropping the link to regulator.74
06-28 03:51:10.928     0     0 I qcom,camera ca0c000.qcom,cci: qcom,camera@1: Dropping the link to regulator.80
06-28 03:51:10.972     0     0 I qcom,camera ca0c000.qcom,cci: qcom,camera@1: Linked as a consumer to regulator.80
06-28 03:51:11.007     0     0 E mdss_mdp_cxipeak_vote: cxipeak api fail ret:-22 set_vote :0 new_rate:150000000 prev_rate:412500000
06-28 03:51:11.038     0     0 I msm_cci ca0c000.qcom,cci: Linked as a consumer to regulator.74
06-28 03:51:11.038     0     0 I msm_cci ca0c000.qcom,cci: Linked as a consumer to regulator.11
06-28 03:51:11.045     0     0 I msm_cci_init: 1441: hw_version = 0x10060000
06-28 03:51:11.065     0     0 E msm_cci_irq: 1812 MASTER_1 error 0x40000000
06-28 03:51:11.065     0     0 E msm_cci_i2c_read: 965 read_words = 0, exp words = 1
06-28 03:51:11.069     0     0 E msm_cci_i2c_read_bytes: 1048 failed rc -22
06-28 03:51:11.076     0     0 E msm_camera_cci_i2c_read: line 48 rc = -22
06-28 03:51:11.080     0     0 E msm_sensor_match_id: ov8856: read id failed
06-28 03:51:11.085     0     0 E msm_sensor_check_id: 1446 match id failed rc -22
06-28 03:51:11.090     0     0 I msm_cci ca0c000.qcom,cci: Dropping the link to regulator.11
06-28 03:51:11.101     0     0 I msm_cci ca0c000.qcom,cci: Dropping the link to regulator.74
06-28 03:51:11.105     0     0 I qcom,camera ca0c000.qcom,cci: qcom,camera@1: Dropping the link to regulator.80
06-28 03:51:11.135     0     0 E         : ov8856 power up failed
06-28 03:51:11.135     0     0 E MSM-SENSOR-INIT msm_sensor_driver_cmd: 83 msm_sensor_driver_cmd failed (non-fatal) rc -22
06-28 03:51:11.138     0     0 E MSM-SENSOR-INIT msm_sensor_init_subdev_do_ioctl: 151 msm_sensor_init_subdev_do_ioctl:151 VIDIOC_MSM_SENSOR_INIT_CFG failed (non-fatal)
06-28 03:51:11.266     0     0 I qcom,camera ca0c000.qcom,cci: qcom,camera@1: Linked as a consumer to regulator.80
06-28 03:51:11.337     0     0 I msm_cci ca0c000.qcom,cci: Linked as a consumer to regulator.74
06-28 03:51:11.338     0     0 I msm_cci ca0c000.qcom,cci: Linked as a consumer to regulator.11
06-28 03:51:11.343     0     0 I msm_cci_init: 1441: hw_version = 0x10060000
06-28 03:51:11.350     0     0 E         : ov8856_dt probe succeeded
06-28 03:51:11.361     0     0 I msm_cci ca0c000.qcom,cci: Dropping the link to regulator.11
06-28 03:51:11.362     0     0 I msm_cci ca0c000.qcom,cci: Dropping the link to regulator.74
06-28 03:51:11.370     0     0 I qcom,camera ca0c000.qcom,cci: qcom,camera@1: Dropping the link to regulator.80
06-28 03:51:11.385     0     0 I msm_csid_init: CSID_VERSION = 0x30050000
06-28 03:51:11.386     0     0 I msm_csid ca30000.qcom,csid: Linked as a consumer to regulator.55
06-28 03:51:11.390     0     0 I msm_csid ca30000.qcom,csid: Linked as a consumer to regulator.11
06-28 03:51:11.398     0     0 I msm_csid ca30000.qcom,csid: Linked as a consumer to regulator.74
06-28 03:51:11.404     0     0 I msm_csid ca30000.qcom,csid: Linked as a consumer to regulator.28
06-28 03:51:11.411     0     0 E scm_call failed: func id 0x42001801, ret: -1, syscall returns: 0x0, 0x0, 0x0
06-28 03:51:11.418     0     0 E         : msm_csid_irq CSID0_IRQ_STATUS_ADDR = 0x800
06-28 03:51:11.427     0     0 I msm_csid ca30000.qcom,csid: Dropping the link to regulator.28
06-28 03:51:11.431     0     0 I msm_csid ca30000.qcom,csid: Dropping the link to regulator.74
06-28 03:51:11.438     0     0 I msm_csid ca30000.qcom,csid: Dropping the link to regulator.11
06-28 03:51:11.445     0     0 I msm_csid ca30000.qcom,csid: Dropping the link to regulator.55
06-28 03:51:11.452     0     0 I msm_csid_init: CSID_VERSION = 0x30050000
06-28 03:51:11.459     0     0 I msm_csid ca30400.qcom,csid: Linked as a consumer to regulator.55
06-28 03:51:11.463     0     0 I msm_csid ca30400.qcom,csid: Linked as a consumer to regulator.11
06-28 03:51:11.471     0     0 I msm_csid ca30400.qcom,csid: Linked as a consumer to regulator.74
06-28 03:51:11.478     0     0 I msm_csid ca30400.qcom,csid: Linked as a consumer to regulator.28
06-28 03:51:11.485     0     0 E         : msm_csid_irq CSID1_IRQ_STATUS_ADDR = 0x800
06-28 03:51:11.492     0     0 I msm_csid ca30400.qcom,csid: Dropping the link to regulator.28
06-28 03:51:11.500     0     0 I msm_csid ca30400.qcom,csid: Dropping the link to regulator.74
06-28 03:51:11.503     0     0 I binder  : 1053:1053 ioctl 40046210 7fd1097224 returned -22
06-28 03:51:11.503     0     0 I msm_csid ca30400.qcom,csid: Dropping the link to regulator.11
06-28 03:51:11.517     0     0 I msm_csid ca30400.qcom,csid: Dropping the link to regulator.55
06-28 03:51:11.688     0     0 E wlan    : Loading driver v5.2.05.23C +TIMER_MANAGER +MEMORY_DEBUG +PANIC_ON_BUG; 2025-06-02T18:13:53Z; cld:; cmn:;
06-28 03:51:11.688     0     0 I qdf_print_ctrl_register: Allocated print control object 0
06-28 03:51:11.752     0     0 E ipa2_uc_reg_rdyCB: 1726 bad parm. inout=          (null)
06-28 03:51:11.755     0     0 I         : wlan_hdd_state wlan major(486) initialized
06-28 03:51:11.756     0     0 I init    : Command 'insmod /vendor/lib/modules/qca_cld3_wlan.ko' action=boot (/vendor/etc/init/hw/init.target.rc:105) took 1139ms and succeeded
06-28 03:51:11.767     0     0 E init    : Control message: Could not find 'aidl/installd' for ctl.interface_start from pid: 541 (/system/bin/servicemanager)
06-28 03:51:11.799     0     0 I init    : processing action (boot) from (/system/etc/init/dumpstate.rc:1)
06-28 03:51:11.800     0     0 I init    : processing action (boot) from (/system/etc/init/gsid.rc:25)
06-28 03:51:11.807     0     0 I init    : starting service 'exec 20 (/system/bin/gsid run-startup-tasks)'...
06-28 03:51:11.842     0     0 I init    : processing action (persist.device_config.profcollect_native_boot.enabled= && boot) from (/system/etc/init/profcollectd.rc:19)
06-28 03:51:11.845     0     0 I init    : starting service 'exec 21 (/system/bin/profcollectctl reset)'...
06-28 03:51:11.888     0     0 I init    : processing action (boot) from (/system_ext/etc/init/miscd.rc:1)
06-28 03:51:11.888     0     0 I init    : processing action (boot) from (/vendor/etc/init/netmgrd.rc:6)
06-28 03:51:11.898     0     0 I init    : starting service 'exec 22 (/vendor/bin/modprobe -a -d /vendor/lib/modules rmnet_ctl)'...
06-28 03:51:11.919  1070  1070 I gsid    : no DSU: No such file or directory
06-28 03:51:12.132     0     0 I MSM-CPP cpp_init_hardware: 1136 CPP HW Version: 0x60010002
06-28 03:51:12.132     0     0 E MSM-CPP cpp_init_hardware: 1154 stream_cnt:0
06-28 03:51:12.138     0     0 W msm_cpp ca04000.qcom,cpp: Falling back to syfs fallback for: cpp_firmware_v1_12_0.fw
06-28 03:51:12.155     0     0 I ueventd : firmware: loading 'cpp_firmware_v1_12_0.fw' for '/devices/platform/soc/ca04000.qcom,cpp/firmware/cpp_firmware_v1_12_0.fw'
06-28 03:51:12.161     0     0 I ueventd : loading /devices/platform/soc/ca04000.qcom,cpp/firmware/cpp_firmware_v1_12_0.fw took 6ms
06-28 03:51:12.170     0     0 I MSM-CPP cpp_release_hardware: 1217 cpp hw release done
06-28 03:51:12.584     0     0 I binder  : 1100:1100 ioctl 40046210 7fe9cfba14 returned -22
06-28 03:51:12.597     0     0 I subsys-restart: __subsystem_get(): Changing subsys fw_name to modem
06-28 03:51:12.598     0     0 I memshare soc: qcom,memshare: memshare: SUBSYS_BEFORE_POWERUP: enable_ramdump: 0, ramdump_event: 0
06-28 03:51:12.603     0     0 I memshare soc: qcom,memshare: memshare: notifier_cb processed for code: 2
06-28 03:51:12.615     0     0 I         : IPA received MPSS BEFORE_POWERUP
06-28 03:51:12.622     0     0 E ipa2_uc_state_check: 293 uC is not loaded
06-28 03:51:12.625     0     0 E ipa_sps_irq_control_all: 956 EP (5) not allocated.
06-28 03:51:12.637     0     0 I         : IPA BEFORE_POWERUP handling is complete
06-28 03:51:12.637     0     0 W pil-q6v5-mss 4080000.qcom,mss: Falling back to syfs fallback for: modem.mdt
06-28 03:51:12.660     0     0 I binder  : 1101:1101 ioctl 40046210 7fd7c4bfc4 returned -22
06-28 03:51:12.665     0     0 I ueventd : firmware: loading 'modem.mdt' for '/devices/platform/soc/4080000.qcom,mss/firmware/modem.mdt'
06-28 03:51:12.678     0     0 I ueventd : loading /devices/platform/soc/4080000.qcom,mss/firmware/modem.mdt took 13ms
06-28 03:51:12.679     0     0 I pil-q6v5-mss 4080000.qcom,mss: modem: loading from 0x000000008ac00000 to 0x0000000092200000
06-28 03:51:12.692     0     0 I memshare soc: qcom,memshare: memshare: notifier_cb processed for code: 7
06-28 03:51:12.703     0     0 I msm_pm_qos_update_request: update request 100
06-28 03:51:12.703     0     0 W pil-q6v5-mss 4080000.qcom,mss: Falling back to syfs fallback for: mba.mbn
06-28 03:51:12.703     0     0 I msm_pm_qos_add_request: add request
06-28 03:51:12.736     0     0 I msm_csid_init: CSID_VERSION = 0x30050000
06-28 03:51:12.737     0     0 I msm_csid ca30000.qcom,csid: Linked as a consumer to regulator.55
06-28 03:51:12.744     0     0 I msm_csid ca30000.qcom,csid: Linked as a consumer to regulator.11
06-28 03:51:12.748     0     0 I binder  : 1111:1111 ioctl 40046210 ff915928 returned -22
06-28 03:51:12.754     0     0 I         : read descriptors
06-28 03:51:12.757     0     0 I ueventd : firmware: loading 'mba.mbn' for '/devices/platform/soc/4080000.qcom,mss/firmware/mba.mbn'
06-28 03:51:12.763     0     0 I MSM-CPP cpp_init_hardware: 1136 CPP HW Version: 0x60010002
06-28 03:51:12.768     0     0 I msm_csid ca30000.qcom,csid: Linked as a consumer to regulator.74
06-28 03:51:12.775     0     0 I         : read strings
06-28 03:51:12.778     0     0 E MSM-CPP cpp_init_hardware: 1154 stream_cnt:0
06-28 03:51:12.781     0     0 I ueventd : loading /devices/platform/soc/4080000.qcom,mss/firmware/mba.mbn took 23ms
06-28 03:51:12.787     0     0 I msm_csid ca30000.qcom,csid: Linked as a consumer to regulator.28
06-28 03:51:12.787     0     0 W pil-q6v5-mss 4080000.qcom,mss: Falling back to syfs fallback for: msadp
06-28 03:51:12.811     0     0 E         : msm_csid_irq CSID0_IRQ_STATUS_ADDR = 0x800
06-28 03:51:12.818     0     0 I msm_csiphy c824000.qcom,csiphy: Linked as a consumer to regulator.11
06-28 03:51:12.823     0     0 I msm_csiphy c824000.qcom,csiphy: Linked as a consumer to regulator.74
06-28 03:51:12.849     0     0 W pil-q6v5-mss 4080000.qcom,mss: Debug policy not present - msadp. Continue.
06-28 03:51:12.865     0     0 I pil-q6v5-mss 4080000.qcom,mss: Loading MBA and DP (if present) from 0x0000000094800000 to 0x0000000094900000
06-28 03:51:12.893     0     0 I qcom,camera ca0c000.qcom,cci: qcom,camera@0: Linked as a consumer to regulator.81
06-28 03:51:12.896     0     0 I binder  : 1159:1159 ioctl 40046210 7fe125c3f4 returned -22
06-28 03:51:12.923     0     0 I pil-q6v5-mss 4080000.qcom,mss: MBA boot done
06-28 03:51:12.931     0     0 W pil-q6v5-mss 4080000.qcom,mss: Falling back to syfs fallback for: modem.b02
06-28 03:51:12.973     0     0 W pil-q6v5-mss 4080000.qcom,mss: Falling back to syfs fallback for: modem.b03
06-28 03:51:12.984     0     0 E MAIN_MGR: hvdcp_opti Version: 3:0:0
06-28 03:51:12.993     0     0 E CHG_POLICY_PATH: Using power-supply path for chg-policy
06-28 03:51:13.025     0     0 E THERM-BALANCE: Parallel PSY entry not found.
06-28 03:51:13.027     0     0 I binder  : 1179:1179 ioctl 40046210 7ffe5a84f4 returned -22
06-28 03:51:13.029     0     0 W pil-q6v5-mss 4080000.qcom,mss: Falling back to syfs fallback for: modem.b04
06-28 03:51:13.045     0     0 E HVDCP2  : Registered HVDCP2
06-28 03:51:13.046     0     0 E CP      : charge_pump missing
06-28 03:51:13.047     0     0 E QG-D    : /dev/qg not found
06-28 03:51:13.049     0     0 I msm_cci ca0c000.qcom,cci: Linked as a consumer to regulator.74
06-28 03:51:13.050     0     0 E STD-PD  : Registered STD_PD
06-28 03:51:13.076     0     0 I msm_cci ca0c000.qcom,cci: Linked as a consumer to regulator.11
06-28 03:51:13.076     0     0 I msm_cci_init: 1441: hw_version = 0x10060000
06-28 03:51:13.106     0     0 I binder  : 1183:1183 ioctl 40046210 7fded154c4 returned -22
06-28 03:51:13.116     0     0 W pil-q6v5-mss 4080000.qcom,mss: Falling back to syfs fallback for: modem.b05
06-28 03:51:13.117     0     0 E msm_camera_request_gpio_table: 776 gpio 1216:CAM_VAF request fails
06-28 03:51:13.167     0     0 W pil-q6v5-mss 4080000.qcom,mss: Falling back to syfs fallback for: modem.b06
06-28 03:51:13.177     0     0 E hvdcpd  : Registered HVDCP
06-28 03:51:13.181     0     0 E CTM     : file connector_health does not exist in /sys/class/power_supply/usb/
06-28 03:51:13.181     0     0 E CTM     : Couldn't read CONNECTOR_HEALTH from parallel
06-28 03:51:13.194     0     0 W pil-q6v5-mss 4080000.qcom,mss: Falling back to syfs fallback for: modem.b07
06-28 03:51:13.209     0     0 I msm_csiphy c824000.qcom,csiphy: Dropping the link to regulator.74
06-28 03:51:13.209     0     0 I msm_csiphy c824000.qcom,csiphy: Dropping the link to regulator.11
06-28 03:51:13.201  1201  1201 I installd: installd firing up
06-28 03:51:13.203  1201  1201 D installd: Assuming that device has multi-user storage layout; upgrade no longer supported
06-28 03:51:13.206  1201  1201 D installd: Upgrading to /data/misc/user directories
06-28 03:51:13.225     0     0 I msm_csid ca30000.qcom,csid: Dropping the link to regulator.28
06-28 03:51:13.226     0     0 I msm_csid ca30000.qcom,csid: Dropping the link to regulator.74
06-28 03:51:13.232     0     0 I msm_csid ca30000.qcom,csid: Dropping the link to regulator.11
06-28 03:51:13.245     0     0 I binder  : 1201:1201 ioctl 40046210 7fd445ef34 returned -22
06-28 03:51:13.264     0     0 I msm_csid ca30000.qcom,csid: Dropping the link to regulator.55
06-28 03:51:13.265     0     0 W pil-q6v5-mss 4080000.qcom,mss: Falling back to syfs fallback for: modem.b08
06-28 03:51:13.271     0     0 I MSM-CPP cpp_release_hardware: 1217 cpp hw release done
06-28 03:51:13.303     0     0 I msm_pm_qos_update_request: update request -1
06-28 03:51:13.303     0     0 I msm_pm_qos_add_request: add request
06-28 03:51:13.317     0     0 W pil-q6v5-mss 4080000.qcom,mss: Falling back to syfs fallback for: modem.b09
06-28 03:51:13.324     0     0 I msm_pm_qos_update_request: update request 100
06-28 03:51:13.325     0     0 I msm_pm_qos_add_request: add request
06-28 03:51:13.337     0     0 I binder  : 1214:1214 ioctl 40046210 7fcb8981d4 returned -22
06-28 03:51:13.345     0     0 I msm_cci ca0c000.qcom,cci: Dropping the link to regulator.11
06-28 03:51:13.346     0     0 I msm_cci ca0c000.qcom,cci: Dropping the link to regulator.74
06-28 03:51:13.349     0     0 I msm_csid_init: CSID_VERSION = 0x30050000
06-28 03:51:13.356     0     0 W pil-q6v5-mss 4080000.qcom,mss: Falling back to syfs fallback for: modem.b10
06-28 03:51:13.376     0     0 I msm_csid ca30400.qcom,csid: Linked as a consumer to regulator.55
06-28 03:51:13.377     0     0 I msm_csid ca30400.qcom,csid: Linked as a consumer to regulator.11
06-28 03:51:13.383     0     0 I msm_csid ca30400.qcom,csid: Linked as a consumer to regulator.74
06-28 03:51:13.395     0     0 I msm_csid ca30400.qcom,csid: Linked as a consumer to regulator.28
06-28 03:51:13.397     0     0 I MSM-CPP cpp_init_hardware: 1136 CPP HW Version: 0x60010002
06-28 03:51:13.404     0     0 E MSM-CPP cpp_init_hardware: 1154 stream_cnt:0
06-28 03:51:13.411     0     0 E         : msm_csid_irq CSID1_IRQ_STATUS_ADDR = 0x800
06-28 03:51:13.416     0     0 I msm_csiphy c825000.qcom,csiphy: Linked as a consumer to regulator.11
06-28 03:51:13.421     0     0 I msm_csiphy c825000.qcom,csiphy: Linked as a consumer to regulator.74
06-28 03:51:13.455     0     0 I CTB_MISC: ********************************
06-28 03:51:13.457     0     0 I ctb_misc: ctb_misc_access_worker:  prefix magic: 4354423a
06-28 03:51:13.461     0     0 I ctb_misc: ctb_misc_access_worker:  prefix valid: eb
06-28 03:51:13.461     0     0 E sdm660-pinctrl 3000000.pinctrl: pin GPIO_44 already requested by ca0c000.qcom,cci:qcom,camera@0; cannot claim for ca0c000.qcom,cci:qcom,camera@1
06-28 03:51:13.477     0     0 E sdm660-pinctrl 3000000.pinctrl: pin-44 (ca0c000.qcom,cci:qcom,camera@1) status -22
06-28 03:51:13.485     0     0 I ctb_misc: ctb_misc_access_worker:  item: 1
06-28 03:51:13.494     0     0 W pil-q6v5-mss 4080000.qcom,mss: Falling back to syfs fallback for: modem.b11
06-28 03:51:13.499     0     0 I qcom,camera ca0c000.qcom,cci: qcom,camera@0: Dropping the link to regulator.81
06-28 03:51:13.505     0     0 I ctb_misc: ctb_misc_access_worker: i iEntry : 34, 8, 44, 0x0, ctbtoken, 7168
06-28 03:51:13.509  1227  1227 I wificond: wificond is starting up...
06-28 03:51:13.521     0     0 I binder  : 1227:1227 ioctl 40046210 7fcd4a9fc4 returned -22
06-28 03:51:13.535     0     0 E CTB_MISC: CMD: init ioctl ret: 0
06-28 03:51:13.535     0     0 E CTB_MISC: item count: 1
06-28 03:51:13.535     0     0 E sdm660-pinctrl 3000000.pinctrl: could not request pin 44 (GPIO_44) from group gpio44  on device 3000000.pinctrl
06-28 03:51:13.535     0     0 E CTB_MISC: [0] item name: ctbtoken, flag: 0
06-28 03:51:13.540     0     0 E qcom,camera ca0c000.qcom,cci: qcom,camera@1: Error applying setting, reverse things back
06-28 03:51:13.563     0     0 I binder  : 1242:1242 ioctl 40046210 7fe97f80a4 returned -22
06-28 03:51:13.581     0     0 I binder  : 1227:1227 ioctl 40046210 7fcd4a9f34 returned -22
06-28 03:51:13.576  1227  1227 I HidlServiceManagement: Registered android.system.wifi.keystore@1.0::IKeystore/default
06-28 03:51:13.591     0     0 E msm_camera_power_up: 1455 cannot set pin to active state
06-28 03:51:13.605     0     0 I qcom,camera ca0c000.qcom,cci: qcom,camera@1: Linked as a consumer to regulator.80
06-28 03:51:13.615     0     0 W pil-q6v5-mss 4080000.qcom,mss: Falling back to syfs fallback for: modem.b12
06-28 03:51:13.674     0     0 I binder  : 1221:1221 ioctl 40046210 7fd7541ec4 returned -22
06-28 03:51:13.678     0     0 I msm_cci ca0c000.qcom,cci: Linked as a consumer to regulator.74
06-28 03:51:13.682     0     0 I msm_cci ca0c000.qcom,cci: Linked as a consumer to regulator.11
06-28 03:51:13.695     0     0 I msm_cci_init: 1441: hw_version = 0x10060000
06-28 03:51:13.701     0     0 I binder  : 1221:1221 ioctl 40046210 7fd7541e84 returned -22
06-28 03:51:13.786     0     0 I binder  : 1165:1165 ioctl 40046210 7fe8f18a74 returned -22
06-28 03:51:13.788     0     0 I binder  : 1165:1165 ioctl 40046210 7fe8f18aa4 returned -22
06-28 03:51:13.805     0     0 I binder  : 1202:1202 ioctl 40046210 7fdd244a34 returned -22
06-28 03:51:13.827     0     0 I msm_csiphy c825000.qcom,csiphy: Dropping the link to regulator.74
06-28 03:51:13.828     0     0 I msm_csiphy c825000.qcom,csiphy: Dropping the link to regulator.11
06-28 03:51:13.834     0     0 I msm_csid ca30400.qcom,csid: Dropping the link to regulator.28
06-28 03:51:13.886     0     0 W pil-q6v5-mss 4080000.qcom,mss: Falling back to syfs fallback for: modem.b13
06-28 03:51:13.890     0     0 I binder  : 1252:1252 ioctl 40046210 ffb3f2d8 returned -22
06-28 03:51:13.894     0     0 I binder  : 1252:1252 ioctl 40046210 ffb3f2b8 returned -22
06-28 03:51:13.901     0     0 I MSM-CPP cpp_release_hardware: 1217 cpp hw release done
06-28 03:51:13.908     0     0 I         : read descriptors
06-28 03:51:13.911     0     0 I binder  : 1269:1269 ioctl 40046210 ffc6a930 returned -22
06-28 03:51:13.912     0     0 I         : read strings
06-28 03:51:13.874  1297  1297 I imsrcsd : Uce Service HAL  is starting up...
06-28 03:51:13.920     0     0 I binder  : 1269:1269 ioctl 40046210 ffc6a910 returned -22
06-28 03:51:13.879  1297  1297 I imsrcsd : Uce Service HAL  loading imsrcsbaseimpl
06-28 03:51:13.924     0     0 I msm_csid ca30400.qcom,csid: Dropping the link to regulator.74
06-28 03:51:13.933     0     0 I msm_pm_qos_update_request: update request -1
06-28 03:51:13.936     0     0 I msm_pm_qos_add_request: add request
06-28 03:51:13.957     0     0 I msm_csid ca30400.qcom,csid: Dropping the link to regulator.11
06-28 03:51:13.957     0     0 W pil-q6v5-mss 4080000.qcom,mss: Falling back to syfs fallback for: modem.b14
06-28 03:51:13.957     0     0 I msm_csid ca30400.qcom,csid: Dropping the link to regulator.55
06-28 03:51:13.971     0     0 I msm_cci ca0c000.qcom,cci: Dropping the link to regulator.11
06-28 03:51:13.978     0     0 I msm_cci ca0c000.qcom,cci: Dropping the link to regulator.74
06-28 03:51:13.987     0     0 I qcom,camera ca0c000.qcom,cci: qcom,camera@1: Dropping the link to regulator.80
06-28 03:51:14.006     0     0 W pil-q6v5-mss 4080000.qcom,mss: Falling back to syfs fallback for: modem.b16
06-28 03:51:14.029     0     0 I binder  : 1263:1263 ioctl 40046210 7fd600a324 returned -22
06-28 03:51:14.047     0     0 I binder  : 1284:1284 ioctl 40046210 7fdf475a84 returned -22
06-28 03:51:14.052     0     0 W pil-q6v5-mss 4080000.qcom,mss: Falling back to syfs fallback for: modem.b17
06-28 03:51:14.123     0     0 W F2FS-fs (dm-8): Unexpected flush for atomic writes: ino=350, npages=4
06-28 03:51:14.132     0     0 I binder  : 1216:1216 ioctl 40046210 ffe7f0f8 returned -22
06-28 03:51:14.134     0     0 W F2FS-fs (dm-8): Unexpected flush for atomic writes: ino=352, npages=3
06-28 03:51:14.141     0     0 I binder  : 1216:1216 ioctl 40046210 ffe7f0d8 returned -22
06-28 03:51:14.152     0     0 I binder  : 1297:1297 ioctl 40046210 7fcffcf2e4 returned -22
06-28 03:51:14.142  1297  1297 I imsrcsd : Starting Service for First Time imsbaseimpl
06-28 03:51:14.158  1297  1297 I imsrcsd : Interface com.qualcomm.qti.uceservice@2.3::IUceService  com.qualcomm.qti.uceservice is found in manifest
06-28 03:51:14.162  1297  1297 I HidlServiceManagement: Registered com.qualcomm.qti.uceservice@2.3::IUceService/com.qualcomm.qti.uceservice
06-28 03:51:14.165  1297  1297 I imsrcsd : Interface com.qualcomm.qti.imscmservice@2.2::IImsCmService  qti.ims.connectionmanagerservice is found in manifest
06-28 03:51:14.167  1297  1297 I HidlServiceManagement: Registered com.qualcomm.qti.imscmservice@2.2::IImsCmService/qti.ims.connectionmanagerservice
06-28 03:51:14.189  1297  1297 I imsrcsd : Interface vendor.qti.ims.factory@1.1::IImsFactory  default is not found in manifest
06-28 03:51:14.195  1297  1297 I imsrcsd : Interface vendor.qti.ims.factory@1.0::IImsFactory  default is found in manifest
06-28 03:51:14.197  1297  1297 I HidlServiceManagement: Registered vendor.qti.ims.factory@1.0::IImsFactory/default
06-28 03:51:14.200  1297  1297 I imsrcsd : Interface vendor.qti.ims.callinfo@1.0::IService  default is found in manifest
06-28 03:51:14.227  1297  1297 I HidlServiceManagement: Registered vendor.qti.ims.callinfo@1.0::IService/default
06-28 03:51:14.227  1297  1297 I imsrcsd : ImsRcsBaseImpl ImsCallInfo After Registering Service
06-28 03:51:14.275     0     0 E adsprpc : cdsprpcd: fastrpc_get_info_from_dsp: could not obtain dsp information, err val 0xffffffff
06-28 03:51:14.391     0     0 W pil-q6v5-mss 4080000.qcom,mss: Falling back to syfs fallback for: modem.b18
06-28 03:51:14.405     0     0 I binder  : 1367:1367 ioctl 40046210 7fc5999f34 returned -22
06-28 03:51:14.462     0     0 W cnss-daemon: interop issues ap: read_iot_ap_file: No such file /data/vendor/wifi/iotap_ps.bin
06-28 03:51:14.462     0     0 W cnss-daemon: interop issues ap: read_iot_ap_ps_from_file, read file error
06-28 03:51:14.474     0     0 W cnss-daemon: Couldn't resolve family id
06-28 03:51:14.475     0     0 W cnss-daemon: Failed to init genl between daemon and platform, continue
06-28 03:51:14.481     0     0 W cnss-daemon: wlfw_start: Starting
06-28 03:51:14.500     0     0 I binder  : 1379:1379 ioctl 40046210 7fea391864 returned -22
06-28 03:51:14.506     0     0 I binder  : 1359:1359 ioctl 40046210 7fee4b6c94 returned -22
06-28 03:51:14.548     0     0 W pil-q6v5-mss 4080000.qcom,mss: Falling back to syfs fallback for: modem.b20
06-28 03:51:14.577     0     0 W pil-q6v5-mss 4080000.qcom,mss: Falling back to syfs fallback for: modem.b21
06-28 03:51:14.647     0     0 W pil-q6v5-mss 4080000.qcom,mss: Falling back to syfs fallback for: modem.b22
06-28 03:51:14.668     0     0 I binder  : 1397:1397 ioctl 40046210 7fdb181af4 returned -22
06-28 03:51:14.708     0     0 I binder  : 1404:1404 ioctl 40046210 7fdf2bf074 returned -22
06-28 03:51:14.727     0     0 I binder  : 1403:1403 ioctl 40046210 7fd8f6dca4 returned -22
06-28 03:51:14.733     0     0 I binder  : 1403:1403 ioctl 40046210 7fd8f6daa4 returned -22
06-28 03:51:14.775     0     0 I binder  : 1409:1409 ioctl 40046210 7fd3a21344 returned -22
06-28 03:51:14.834     0     0 I binder  : 1407:1407 ioctl 40046210 7fd08deac4 returned -22
06-28 03:51:14.836     0     0 I binder  : 1407:1407 ioctl 40046210 7fd08de694 returned -22
06-28 03:51:14.840  1422  1422 I TLOC    : [main       ]"TLOC DAEMON main thread"
06-28 03:51:14.841  1422  1422 D TLOC    : [TLOCDaemon ]"---------- TLOC Daemon Starts ----------"
06-28 03:51:14.842  1422  1422 D TLOC    : [TLOCChannel]"The channel was initialized successfully for TLOCD"
06-28 03:51:14.851  1422  1422 D TLOC    : [TLOCChannel]"The channel was initialized successfully for TLOCL"
06-28 03:51:14.852  1422  1422 D TLOC    : [TLOCChannel]"The channel was initialized successfully for MODEM"
06-28 03:51:14.862     0     0 I android_work: did not send uevent (0 0 0000000000000000)
06-28 03:51:14.853  1422  1422 D TLOC    : [TLOCChannel]"TLOCChannel was initialized successfully"
06-28 03:51:14.853  1422  1422 D TLOC    : [TLOCChannel] "TLOCChannel is already initialized"
06-28 03:51:14.872     0     0 W pil-q6v5-mss 4080000.qcom,mss: Falling back to syfs fallback for: modem.b23
06-28 03:51:14.903     0     0 W pil-q6v5-mss 4080000.qcom,mss: Falling back to syfs fallback for: modem.b24
06-28 03:51:14.925     0     0 I ueventd : firmware: loading 'modem.b24' for '/devices/platform/soc/4080000.qcom,mss/firmware/modem.b24'
06-28 03:51:14.949     0     0 I ueventd : loading /devices/platform/soc/4080000.qcom,mss/firmware/modem.b24 took 25ms
06-28 03:51:14.951     0     0 W pil-q6v5-mss 4080000.qcom,mss: Falling back to syfs fallback for: modem.b25
06-28 03:51:14.978     0     0 I ueventd : firmware: loading 'modem.b25' for '/devices/platform/soc/4080000.qcom,mss/firmware/modem.b25'
06-28 03:51:14.983     0     0 I ueventd : loading /devices/platform/soc/4080000.qcom,mss/firmware/modem.b25 took 5ms
06-28 03:51:14.984     0     0 W pil-q6v5-mss 4080000.qcom,mss: Falling back to syfs fallback for: modem.b26
06-28 03:51:15.016     0     0 I ueventd : firmware: loading 'modem.b26' for '/devices/platform/soc/4080000.qcom,mss/firmware/modem.b26'
06-28 03:51:15.019     0     0 I ueventd : loading /devices/platform/soc/4080000.qcom,mss/firmware/modem.b26 took 4ms
06-28 03:51:15.021     0     0 W pil-q6v5-mss 4080000.qcom,mss: Falling back to syfs fallback for: modem.b27
06-28 03:51:15.058     0     0 I ueventd : firmware: loading 'modem.b27' for '/devices/platform/soc/4080000.qcom,mss/firmware/modem.b27'
06-28 03:51:15.063     0     0 I ueventd : loading /devices/platform/soc/4080000.qcom,mss/firmware/modem.b27 took 6ms
06-28 03:51:15.065     0     0 W pil-q6v5-mss 4080000.qcom,mss: Falling back to syfs fallback for: modem.b28
06-28 03:51:15.102     0     0 I ueventd : firmware: loading 'modem.b28' for '/devices/platform/soc/4080000.qcom,mss/firmware/modem.b28'
06-28 03:51:15.109     0     0 I android_work: sent uevent USB_STATE=CONNECTED
06-28 03:51:15.118     0     0 I ueventd : loading /devices/platform/soc/4080000.qcom,mss/firmware/modem.b28 took 16ms
06-28 03:51:15.142     0     0 I configfs-gadget gadget: high-speed config #1: b
06-28 03:51:15.143     0     0 I android_work: sent uevent USB_STATE=CONFIGURED
06-28 03:51:15.201     0     0 I FG      : fg_clear_dma_errors_if_any: dma_sts: 4
06-28 03:51:15.201     0     0 I FG      : fg_clear_dma_errors_if_any: dma_sts: 0
06-28 03:51:15.202     0     0 I memshare soc: qcom,memshare: memshare: notifier_cb processed for code: 4
06-28 03:51:15.210     0     0 I pil-q6v5-mss 4080000.qcom,mss: modem: Brought out of reset
06-28 03:51:15.258     0     0 I pil-q6v5-mss 4080000.qcom,mss: Subsystem error monitoring/handling services are up
06-28 03:51:15.259     0     0 I pil-q6v5-mss 4080000.qcom,mss: modem: Power/Clock ready interrupt received
06-28 03:51:15.266     0     0 I memshare soc: qcom,memshare: memshare: SUBSYS_AFTER_POWERUP: Modem has booted up
06-28 03:51:15.266     0     0 I memshare soc: qcom,memshare: memshare: notifier_cb processed for code: 3
06-28 03:51:15.266     0     0 I adsprpc : fastrpc_restart_notifier_cb: modem subsystem is up
06-28 03:51:15.266     0     0 I         : IPA received MPSS AFTER_POWERUP
06-28 03:51:15.266     0     0 I         : IPA AFTER_POWERUP handling is complete
06-28 03:51:15.276     0     0 W cnss-daemon: no interop issues ap currently
06-28 03:51:15.282     0     0 I memshare soc: qcom,memshare: memshare: notifier_cb processed for code: 8
06-28 03:51:15.284     0     0 W cnss-daemon: ro.baseband : [msm]
06-28 03:51:15.290     0     0 W cnss-daemon: wlfw_service_request: Start the pthread: 0x0K
06-28 03:51:15.292     0     0 I capability: warning: `msm_irqbalance' uses 32-bit capabilities (legacy support in use)
06-28 03:51:15.305     0     0 I qcom_smd_qrtr_probe: Entered
06-28 03:51:15.340     0     0 I qcom_smd_qrtr_probe: SMD QRTR driver probed
06-28 03:51:15.357     0     0 I rmt_storage: INFO:rmt_storage_open_cb: Processing: Open Request (req_h 0x1) for /boot/modem_fs1!
06-28 03:51:15.359     0     0 I rmt_storage: INFO:rmt_storage_open_cb: Processing: Open Request (req_h 0x2) for /boot/modem_fs2!
06-28 03:51:15.360     0     0 I service-notifier: service_notifier_new_server: Connection established between QMI handle and 180 service
06-28 03:51:15.363     0     0 I sysmon-qmi: ssctl_new_server: Connection established between QMI handle and modem's SSCTL service
06-28 03:51:15.370     0     0 I rmt_storage: INFO:rmt_storage_open_cb: Processing: Open Request (req_h 0x3) for /boot/modem_fsg!
06-28 03:51:15.400     0     0 I rmt_storage: INFO:rmt_storage_open_cb: Processing: Open Request (req_h 0x4) for /boot/modem_fsc!
06-28 03:51:15.414     0     0 I rmt_storage: INFO:rmt_storage_alloc_buff_cb: Received req_size: 2097152! avail: 2097152
06-28 03:51:15.419     0     0 I rmt_storage: INFO:rmt_storage_rw_iovec_cb: Read iovec request (req_h 0x8 wr_count 0) received for /boot/modem_fs1
06-28 03:51:15.422     0     0 W msm-dai-q6-hdmi soc: qcom,msm-dai-q6-dp: DAI driver id is not set
06-28 03:51:15.428     0     0 I rmt_storage: INFO:rmt_storage_client_thread: Calling Read [offset=512, size=512, req_h 0x8, wr_count 0] for /boot/modem_fs1!
06-28 03:51:15.444     0     0 I rmt_storage: INFO:rmt_storage_client_thread: Done Read (bytes = 512, req_h 0x8, wr_count 0) for /boot/modem_fs1!
06-28 03:51:15.458     0     0 I rmt_storage: INFO:rmt_storage_rw_iovec_cb: Read iovec request (req_h 0x9 wr_count 0) received for /boot/modem_fs2
06-28 03:51:15.470     0     0 I rmt_storage: INFO:rmt_storage_client_thread: Calling Read [offset=512, size=512, req_h 0x9, wr_count 0] for /boot/modem_fs2!
06-28 03:51:15.611     0     0 I memshare_child soc: qcom,memshare:qcom,client_3: memshare_query: client_id : 1, query_resp.size :15728640, query_resp.resp.result :0
06-28 03:51:15.612     0     0 I memshare_child soc: qcom,memshare:qcom,client_3: memshare_alloc: memory alloc request received for client id: 1, proc_id: 0, request size: 15728640
06-28 03:51:15.646     0     0 E ipa-wan handle_indication_req: 103 not send indication
06-28 03:51:15.649     0     0 I         : Sending QMI_IPA_INIT_MODEM_DRIVER_REQ_V01
06-28 03:51:15.654     0     0 E ipa_uc_wdi_event_log_info_handler: 313 WDI stats ofst=0x45138
06-28 03:51:15.657     0     0 I         : QMI_IPA_INIT_MODEM_DRIVER_REQ_V01 response received
06-28 03:51:15.659     0     0 E ipa_uc_ntn_event_log_info_handler: 29 NTN feature missing 0x9
06-28 03:51:15.671     0     0 E ipa_uc_response_hdlr: 453 IPA uC loaded
06-28 03:51:15.679     0     0 E ipa_sps_irq_control_all: 956 EP (5) not allocated.
06-28 03:51:15.690     0     0 E ipa_sps_irq_control_all: 956 EP (5) not allocated.
06-28 03:51:15.695     0     0 E ipa_sps_irq_control_all: 956 EP (5) not allocated.
06-28 03:51:15.699  1053  1053 I SystemServerTiming: InitBeforeStartServices
06-28 03:51:15.708  1053  1053 I SystemServer: Entered the Android system server!
06-28 03:51:15.881     0     0 I binder  : 1310:1374 ioctl 40046210 7224fcf244 returned -22
06-28 03:51:15.912  1422  1422 I TLOC    : [ModemComm  ]"Open a connection successfully"
06-28 03:51:15.914  1422  1422 I TLOC    : [ModemComm  ]"Sent register events request to the modem successfully"
06-28 03:51:15.915  1422  1422 I TLOC    : [ModemComm  ]"ModemComm create successfully"
06-28 03:51:15.916  1422  1422 I TLOC    : [ModemComm  ]"Request succeeded for gps engine lock"
06-28 03:51:15.917  1422  1422 D TLOC    : [TLOCChannel] "Going to receive message for TLOCD"
06-28 03:51:15.920  1422  1422 D TLOC    : [TLOCChannel] "wait for message for user TLOCD"
06-28 03:51:15.953     0     0 W F2FS-fs (dm-8): Unexpected flush for atomic writes: ino=477, npages=4
06-28 03:51:15.967     0     0 W F2FS-fs (dm-8): Unexpected flush for atomic writes: ino=360, npages=4
06-28 03:51:15.970     0     0 W cnss-daemon: Send DMS get mac address failed: rc 0, result 1, error 16
06-28 03:51:15.970     0     0 W cnss-daemon: Failed to get WLAN MAC address
06-28 03:51:16.176     0     0 I service-notifier: root_service_service_ind_cb: Indication received from msm/modem/wlan_pd, state: 0x1fffffff, trans-id: 1
06-28 03:51:16.178     0     0 I icnss_qmi: QMI Server Connected: state: 0x980
06-28 03:51:16.181     0     0 I service-notifier: send_ind_ack: Indication ACKed for transid 1, service msm/modem/wlan_pd, instance 180!
06-28 03:51:16.207     0     0 E icnss_qmi: Invalid Hang Data details, Offset:0x0, Length:0x0
06-28 03:51:16.220     0     0 I binder  : 1438:1438 ioctl 40046210 7fc80e0d44 returned -22
06-28 03:51:16.240     0     0 I binder  : 1438:1438 ioctl 40046210 7fc80e06d4 returned -22
06-28 03:51:16.234  1053  1053 I SystemServerInitThreadPool: Creating instance with 8 threads
06-28 03:51:16.257     0     0 W F2FS-fs (dm-8): Unexpected flush for atomic writes: ino=545, npages=24
06-28 03:51:16.915  1422  1422 E TLOC    : [TLOCChannel]"Can't receive message due to timeout"
06-28 03:51:16.916  1422  1422 E TLOC    : [TLOCDaemon ]"Couldn't receive command response"
06-28 03:51:16.916  1422  1422 I TLOC    : [TLOCDaemon ]"TLOC Daemon create successfully"
06-28 03:51:16.917  1422  1422 D TLOC    : [TLOCChannel] "TLOCChannel is already initialized"
06-28 03:51:16.917  1422  1422 D TLOC    : [main       ]"TLOC Intercom thread created successfully"
06-28 03:51:16.918  1422  1422 D TLOC    : [TLOCDaemon ]"waiting for command"
06-28 03:51:16.918  1422  1422 D TLOC    : [TLOCChannel] "Going to receive message for TLOCD"
06-28 03:51:16.919  1422  1422 D TLOC    : [TLOCChannel] "wait for message for user TLOCD"
06-28 03:51:16.919  1422  1607 I TLOC    : [TLOC Intercom]"-----------TLOCIntercom_StartRequest--------------"
06-28 03:51:16.920  1422  1607 D TLOC    : [TLOC_SMC_CALL]"start getKeyDataFromTZ"
06-28 03:51:16.923  1422  1607 E TLOC    : [TLOC_SMC_CALL]"TZCom_getClientEnvObject failed with err: -1"
06-28 03:51:16.923  1422  1607 E TLOC    : [TLOC Intercom]"SCM call for KeyBuffer failed. SMC INVOKE ERROR:-1"
06-28 03:51:16.924  1422  1607 E TLOC    : [TLOC Intercom]"TLOCIntercom_StartRequest: getkeyandSendtoMDM failed"
06-28 03:51:16.964     0     0 E sdm660-asoc-snd soc: sound-9335: ASoC: no source widget found for Analog Mic1
06-28 03:51:16.964     0     0 E sdm660-asoc-snd soc: sound-9335: ASoC: Failed to add route Analog Mic1 -> direct -> MIC BIAS1
06-28 03:51:16.980     0     0 W sdm660-asoc-snd soc: sound-9335: ASoC: no DMI vendor name!
06-28 03:51:16.980  1422  1608 I TLOC    : [TZComm     ]"The listener was registered successfully"
06-28 03:51:16.981  1422  1608 I TLOC    : [TZComm     ]"TZComm create successfully"
06-28 03:51:16.981  1422  1608 D TLOC    : [TLOCChannel] "TLOCChannel is already initialized"
06-28 03:51:16.981  1422  1608 D TLOC    : [Listener   ]"waiting for command from TZ..."
06-28 03:51:16.997     0     0 I memshare_child soc: qcom,memshare:qcom,client_3: memshare_alloc: client_id: 1, alloc_resp.num_bytes: 15728640, alloc_resp.resp.result: 0
06-28 03:51:17.003     0     0 E diag    : In diag_send_feature_mask_update, control channel is not open, p: 0, ffffffaed5864290
06-28 03:51:17.029     0     0 E diag    : In diag_send_peripheral_buffering_mode, buffering flag not set for 0
06-28 03:51:17.048  1053  1053 D SystemServerTiming: InitBeforeStartServices took to complete: 1348ms
06-28 03:51:17.049  1053  1053 I SystemServerTiming: StartServices
06-28 03:51:17.049  1053  1053 I SystemServerTiming: startBootstrapServices
06-28 03:51:17.050  1053  1053 I SystemServerTiming: StartWatchdog
06-28 03:51:17.074  1053  1053 D SystemServerTiming: StartWatchdog took to complete: 25ms
06-28 03:51:17.075  1053  1053 I SystemServer: Reading configuration...
06-28 03:51:17.075  1053  1053 I SystemServerTiming: ReadingSystemConfig
06-28 03:51:17.076  1053  1053 D SystemServerTiming: ReadingSystemConfig took to complete: 1ms
06-28 03:51:17.076  1053  1053 I SystemServerTiming: PlatformCompat
06-28 03:51:17.077  1053  1616 I SystemServerTimingAsync: InitThreadPoolExec:ReadingSystemConfig
06-28 03:51:17.077  1053  1616 D SystemServerInitThreadPool: Started executing ReadingSystemConfig
06-28 03:51:17.082  1053  1616 I SystemConfig: Reading permissions from /system/etc/sysconfig/qti_whitelist.xml
06-28 03:51:17.085  1053  1053 D CompatConfig: Found a config file: /system/etc/compatconfig/framework-platform-compat-config.xml
06-28 03:51:17.087     0     0 I input   : sdm660-tasha-snd-card Headset Jack as /devices/platform/soc/soc:sound-9335/sound/card0/input6
