07-08 20:00:09.278  1130  1130 D SystemServerTiming: OnBootPhase_200_com.android.server.devicestate.DeviceStateManagerService took to complete: 0ms
07-08 20:00:09.278  1130  1130 I SystemServerTiming: OnBootPhase_200_com.android.server.camera.CameraServiceProxy
07-08 20:00:09.278  1130  1130 D SystemServerTiming: OnBootPhase_200_com.android.server.camera.CameraServiceProxy took to complete: 0ms
07-08 20:00:09.279  1130  1130 D SystemServerTiming: OnBootPhase_200 took to complete: 38ms
07-08 20:00:09.284  1130  1130 I WindowManager: No existing display settings, starting empty
07-08 20:00:09.286  1130  1130 I WindowManager: No existing display settings, starting empty
07-08 20:00:09.315     0     0 W healthd : battery l=55 v=3605 t=30.0 h=2 st=3 c=-878 fc=3820000 cc=1 chg=
07-08 20:00:09.328  1130  1291 D BatteryService: Processing new values: info={.chargerAcOnline = false, .chargerUsbOnline = false, .chargerWirelessOnline = false, .maxChargingCurrent = 0, .maxChargingVoltage = 0, .batteryStatus = DISCHARGING, .batteryHealth = GOOD, .batteryPresent = true, .batteryLevel = 55, .batteryVoltage = 3605, .batteryTemperature = 300, .batteryCurrent = -878, .batteryCycleCount = 1, .batteryFullCharge = 3820000, .batteryChargeCounter = 1739489, .batteryTechnology = Li-ion, .chargerRealType = , .chargingVoltage = 0, .batteryID = 100000}, mBatteryLevelCritical=false, mPlugType=0
07-08 20:00:09.329  1130  1291 D BatteryService: Sending ACTION_BATTERY_CHANGED. scale:100, info:{.chargerAcOnline = false, .chargerUsbOnline = false, .chargerWirelessOnline = false, .maxChargingCurrent = 0, .maxChargingVoltage = 0, .batteryStatus = DISCHARGING, .batteryHealth = GOOD, .batteryPresent = true, .batteryLevel = 55, .batteryVoltage = 3605, .batteryTemperature = 300, .batteryCurrent = -878, .batteryCycleCount = 1, .batteryFullCharge = 3820000, .batteryChargeCounter = 1739489, .batteryTechnology = Li-ion, .chargerRealType = , .chargingVoltage = 0, .batteryID = 100000}
07-08 20:00:09.336  1130  1130 D SystemServerTiming: StartWindowManagerService took to complete: 96ms
07-08 20:00:09.336  1130  1130 I SystemServerTiming: SetWindowManagerService
07-08 20:00:09.449  1130  1130 I ActivityTaskManager: Loaded persisted task ids for user 0
07-08 20:00:09.456  1130  1130 D SystemServerTiming: SetWindowManagerService took to complete: 119ms
07-08 20:00:09.456  1130  1130 I SystemServerTiming: WindowManagerServiceOnInitReady
07-08 20:00:09.468  1130  1241 D WindowManager: NavMode 3
07-08 20:00:09.525  1130  1130 D SystemServerTiming: WindowManagerServiceOnInitReady took to complete: 68ms
07-08 20:00:09.526  1130  1130 I SystemServerTiming: StartInputManager
07-08 20:00:09.526  1130  1130 I InputManager: Starting input manager
07-08 20:00:09.527  1130  1242 I DropBoxManagerService: add tag=system_server_strictmode isTagEnabled=true flags=0x2
07-08 20:00:09.534  1130  1667 I SystemServerTimingAsync: InitThreadPoolExec:StartHidlServices
07-08 20:00:09.534  1130  1667 D SystemServerInitThreadPool: Started executing StartHidlServices
07-08 20:00:09.535  1130  1667 I SystemServerTimingAsync: StartHidlServices
07-08 20:00:09.543  1130  1130 D SystemServerTiming: StartInputManager took to complete: 13ms
07-08 20:00:09.544  1130  1130 I SystemServerTiming: DisplayManagerWindowManagerAndInputReady
07-08 20:00:09.545  1130  1130 D SystemServerTiming: DisplayManagerWindowManagerAndInputReady took to complete: 1ms
07-08 20:00:09.545  1130  1130 I SystemServerTiming: StartBluetoothService
07-08 20:00:09.546  1130  1130 I SystemServiceManager: Starting com.android.server.BluetoothService
07-08 20:00:09.547  1130  1130 D BluetoothManagerService: Loading stored name and address
07-08 20:00:09.555  1130  1130 D BluetoothManagerService: Stored bluetooth Name=CM65,Address=8D:71:46:55:22:22
07-08 20:00:09.556  1130  1243 I LogicalDisplayMapper: Requesting Transition to state: 0, from state=-1, interactive=true
07-08 20:00:09.556  1130  1243 I LogicalDisplayMapper: Applying layout: [{addr: {port=0}, dispId: 0(ON)}], Previous layout: [{addr: {port=0}, dispId: 0(ON)}]
07-08 20:00:09.558  1130  1130 D BluetoothManagerService: Bluetooth persisted state: 1
07-08 20:00:09.558  1130  1130 D BluetoothManagerService: Startup: Bluetooth persisted state is ON.
07-08 20:00:09.559  1130  1130 D BluetoothManagerService: Detected SystemUiUid: 10105
07-08 20:00:09.560  1130  1130 D SystemServerTiming: StartBluetoothService took to complete: 14ms
07-08 20:00:09.560  1130  1130 I SystemServerTiming: IpConnectivityMetrics
07-08 20:00:09.561  1130  1130 I SystemServiceManager: Starting com.android.server.connectivity.IpConnectivityMetrics
07-08 20:00:09.562  1130  1130 D SystemServerTiming: IpConnectivityMetrics took to complete: 1ms
07-08 20:00:09.562  1130  1130 I SystemServerTiming: NetworkWatchlistService
07-08 20:00:09.580  1130  1130 I SystemServiceManager: Starting com.android.server.net.watchlist.NetworkWatchlistService$Lifecycle
07-08 20:00:09.590  1130  1667 D SystemServerTimingAsync: StartHidlServices took to complete: 55ms
07-08 20:00:09.591  1130  1667 D SystemServerInitThreadPool: Finished executing StartHidlServices
07-08 20:00:09.609     0     0 I IRQ 6   : no longer affine to CPU5
07-08 20:00:09.591  1130  1667 D SystemServerTimingAsync: InitThreadPoolExec:StartHidlServices took to complete: 57ms
07-08 20:00:09.623  1130  1130 I WatchlistSettings: Reload watchlist settings done
07-08 20:00:09.626  1130  1130 D SystemServerTiming: NetworkWatchlistService took to complete: 55ms
07-08 20:00:09.626  1130  1130 I SystemServerTiming: PinnerService
07-08 20:00:09.627  1130  1130 I SystemServiceManager: Starting com.android.server.PinnerService
07-08 20:00:09.628  1130  1130 V HistoricalRegistry: Interaction before persistence initialized
07-08 20:00:09.631  1130  1130 D SystemServerTiming: PinnerService took to complete: 4ms
07-08 20:00:09.631  1130  1130 I SystemServerTiming: IorapForwardingService
07-08 20:00:09.632  1130  1130 I SystemServiceManager: Starting com.google.android.startop.iorap.IorapForwardingService
07-08 20:00:09.632  1130  1130 D SystemServerTiming: IorapForwardingService took to complete: 1ms
07-08 20:00:09.633  1130  1130 I SystemServiceManager: Starting com.android.server.ActivityTriggerService
07-08 20:00:09.634  1130  1130 I ActivityTriggerService: Starting ActivityTriggerService
07-08 20:00:09.635  1130  1130 I SystemServerTiming: SignedConfigService
07-08 20:00:09.636  1130  1130 D SystemServerTiming: SignedConfigService took to complete: 0ms
07-08 20:00:09.636  1130  1130 I SystemServerTiming: AppIntegrityService
07-08 20:00:09.637  1130  1130 I SystemServiceManager: Starting com.android.server.integrity.AppIntegrityManagerService
07-08 20:00:09.698  1130  1130 E IntegrityFileManager: Error creating staging and rules directory
07-08 20:00:09.699  1130  1675 I WatchlistLoggingHandler: No need to aggregate record yet.
07-08 20:00:09.700  1130  1675 I WatchlistLoggingHandler: Milliseconds spent on tryAggregateRecords(): 74
07-08 20:00:09.709  1130  1130 W SystemServiceManager: Service com.android.server.integrity.AppIntegrityManagerService took 72 ms in onStart
07-08 20:00:09.709  1130  1130 D SystemServerTiming: AppIntegrityService took to complete: 73ms
07-08 20:00:09.757  1130  1130 I SystemServerTiming: StartInputMethodManagerLifecycle
07-08 20:00:09.758  1130  1130 I SystemServiceManager: Starting com.android.server.inputmethod.InputMethodManagerService$Lifecycle
07-08 20:00:09.770  1130  1130 D SystemServerTiming: StartInputMethodManagerLifecycle took to complete: 12ms
07-08 20:00:09.770  1130  1130 I SystemServerTiming: StartAccessibilityManagerService
07-08 20:00:09.771  1130  1130 I SystemServiceManager: Starting com.android.server.accessibility.AccessibilityManagerService$Lifecycle
07-08 20:00:09.778  1130  1130 D SystemServerTiming: StartAccessibilityManagerService took to complete: 7ms
07-08 20:00:09.778  1130  1130 I SystemServerTiming: MakeDisplayReady
07-08 20:00:09.795     0     0 I init    : SVC_EXEC service 'exec 38 (/vendor/bin/modprobe -r -d /vendor/lib/modules/5.4-gki rmnet_offload)' pid 1682 (uid 0 gid 0+0 context u:r:vendor_modprobe:s0) started; waiting...
07-08 20:00:09.788  1130  1130 I ActivityTaskManager: Config changes=20005df8 {1.0 ?mcc?mnc [en_GB] ldltr sw360dp w360dp h568dp 480dpi nrml port ?uimode ?night -touch -keyb/v/h -nav/h winConfig={ mBounds=Rect(0, 0 - 1080, 1920) mAppBounds=Rect(0, 0 - 1080, 1776) mMaxBounds=Rect(0, 0 - 1080, 1920) mWindowingMode=fullscreen mDisplayWindowingMode=fullscreen mActivityType=undefined mAlwaysOnTop=undefined mRotation=ROTATION_0} s.2 ?fontWeightAdjustment}
07-08 20:00:09.791  1130  1130 I WindowManager: Override config changes=60007dfc {1.0 ?mcc?mnc [en_GB] ldltr sw360dp w360dp h568dp 480dpi nrml port ?uimode ?night -touch -keyb/v/h -nav/h winConfig={ mBounds=Rect(0, 0 - 1080, 1920) mAppBounds=Rect(0, 0 - 1080, 1776) mMaxBounds=Rect(0, 0 - 1080, 1920) mWindowingMode=fullscreen mDisplayWindowingMode=fullscreen mActivityType=undefined mAlwaysOnTop=undefined mRotation=ROTATION_0} s.2 ?fontWeightAdjustment} for displayId=0
07-08 20:00:09.818  1130  1130 I ActivityTaskManager: Config changes=8 {1.0 ?mcc?mnc [en_GB] ldltr sw360dp w360dp h568dp 480dpi nrml port ?uimode ?night finger -keyb/v/h -nav/h winConfig={ mBounds=Rect(0, 0 - 1080, 1920) mAppBounds=Rect(0, 0 - 1080, 1776) mMaxBounds=Rect(0, 0 - 1080, 1920) mWindowingMode=fullscreen mDisplayWindowingMode=fullscreen mActivityType=undefined mAlwaysOnTop=undefined mRotation=ROTATION_0} s.4 ?fontWeightAdjustment}
07-08 20:00:09.819  1130  1130 I WindowManager: Override config changes=8 {1.0 ?mcc?mnc [en_GB] ldltr sw360dp w360dp h568dp 480dpi nrml port ?uimode ?night finger -keyb/v/h -nav/h winConfig={ mBounds=Rect(0, 0 - 1080, 1920) mAppBounds=Rect(0, 0 - 1080, 1776) mMaxBounds=Rect(0, 0 - 1080, 1920) mWindowingMode=fullscreen mDisplayWindowingMode=fullscreen mActivityType=undefined mAlwaysOnTop=undefined mRotation=ROTATION_0} s.4 ?fontWeightAdjustment} for displayId=0
07-08 20:00:09.822  1130  1130 D SystemServerTiming: MakeDisplayReady took to complete: 43ms
07-08 20:00:09.823  1130  1130 I SystemServerTiming: StartStorageManagerService
07-08 20:00:09.823  1130  1130 I SystemServiceManager: Starting com.android.server.StorageManagerService$Lifecycle
07-08 20:00:09.895  1130  1684 D StorageManagerService: Thinking about init, mBootCompleted=false, mDaemonConnected=true
07-08 20:00:09.895  1130  1684 D StorageManagerService: Thinking about reset, mBootCompleted=false, mDaemonConnected=true
07-08 20:00:09.901  1130  1130 W SystemServiceManager: Service com.android.server.StorageManagerService$Lifecycle took 77 ms in onStart
07-08 20:00:09.901  1130  1684 D StorageManagerService: Thinking about init, mBootCompleted=false, mDaemonConnected=true
07-08 20:00:09.901  1130  1684 D StorageManagerService: Thinking about reset, mBootCompleted=false, mDaemonConnected=true
07-08 20:00:09.902  1130  1130 D SystemServerTiming: StartStorageManagerService took to complete: 80ms
07-08 20:00:09.903  1130  1130 I SystemServerTiming: StartStorageStatsService
07-08 20:00:09.904  1130  1130 I SystemServiceManager: Starting com.android.server.usage.StorageStatsService$Lifecycle
07-08 20:00:09.935  1130  1242 I DropBoxManagerService: add tag=system_server_strictmode isTagEnabled=true flags=0x2
07-08 20:00:09.940  1130  1130 D SystemServerTiming: StartStorageStatsService took to complete: 37ms
07-08 20:00:09.941  1130  1130 I SystemServerTiming: StartUiModeManager
07-08 20:00:09.942  1130  1130 I SystemServiceManager: Starting com.android.server.UiModeManagerService
07-08 20:00:09.946  1130  1685 I SystemServerTimingAsync: InitThreadPoolExec:UiModeManager.onStart
07-08 20:00:09.946  1130  1685 D SystemServerInitThreadPool: Started executing UiModeManager.onStart
07-08 20:00:09.947  1130  1130 D SystemServerTiming: StartUiModeManager took to complete: 5ms
07-08 20:00:09.948  1130  1130 I SystemServerTiming: UpdatePackagesIfNeeded
07-08 20:00:09.948  1130  1130 I Watchdog: Pausing HandlerChecker: main thread for reason: dexopt. Pause count: 1
07-08 20:00:09.949  1130  1130 I Watchdog: Resuming HandlerChecker: main thread for reason: dexopt. Pause count: 0
07-08 20:00:09.949  1130  1130 D SystemServerTiming: UpdatePackagesIfNeeded took to complete: 1ms
07-08 20:00:09.950  1130  1130 I SystemServerTiming: PerformFstrimIfNeeded
07-08 20:00:09.952  1130  1130 D SystemServerTiming: PerformFstrimIfNeeded took to complete: 2ms
07-08 20:00:09.952  1130  1130 I SystemServerTiming: StartLockSettingsService
07-08 20:00:09.953  1130  1130 I SystemServiceManager: Starting com.android.server.locksettings.LockSettingsService$Lifecycle
07-08 20:00:09.971  1130  1685 D SystemServerInitThreadPool: Finished executing UiModeManager.onStart
07-08 20:00:09.971  1130  1685 D SystemServerTimingAsync: InitThreadPoolExec:UiModeManager.onStart took to complete: 24ms
07-08 20:00:09.979     0     0 I ueventd : firmware: loading 'wlan/qca_cld/WCNSS_qcom_cfg.ini' for '/devices/virtual/firmware/wlan!qca_cld!WCNSS_qcom_cfg.ini'
07-08 20:00:09.986     0     0 I init    : Service 'exec 38 (/vendor/bin/modprobe -r -d /vendor/lib/modules/5.4-gki rmnet_offload)' (pid 1682) exited with status 0 waiting took 0.200000 seconds
07-08 20:00:09.992     0     0 I init    : Sending signal 9 to service 'exec 38 (/vendor/bin/modprobe -r -d /vendor/lib/modules/5.4-gki rmnet_offload)' (pid 1682) process group...
07-08 20:00:10.006     0     0 I libprocessgroup: Successfully killed process cgroup uid 0 pid 1682 in 0ms
07-08 20:00:10.007     0     0 I ueventd : loading /devices/virtual/firmware/wlan!qca_cld!WCNSS_qcom_cfg.ini took 29ms
07-08 20:00:10.019     0     0 E ipa2_uc_reg_rdyCB: 1726 bad parm. inout=          (null)
07-08 20:00:10.021     0     0 W [kworke][0x3e6d26b8][20:00:10.010795] wlan: [491:W:HIF] hif_snoc_enable_bus: device_init_wakeup already done
07-08 20:00:10.023     0     0 I init    : processing action (sys.sysctl.extra_free_kbytes=*) from (/system/etc/init/hw/init.rc:1176)
07-08 20:00:10.045  1130  1130 W SystemServiceManager: Service com.android.server.locksettings.LockSettingsService$Lifecycle took 91 ms in onStart
07-08 20:00:10.046  1130  1130 D SystemServerTiming: StartLockSettingsService took to complete: 93ms
07-08 20:00:10.047  1130  1130 I SystemServerTiming: StartPersistentDataBlock
07-08 20:00:10.047  1130  1130 I SystemServiceManager: Starting com.android.server.PersistentDataBlockService
07-08 20:00:10.049  1130  1130 D SystemServerTiming: StartPersistentDataBlock took to complete: 2ms
07-08 20:00:10.049  1130  1130 I SystemServerTiming: StartTestHarnessMode
07-08 20:00:10.050  1130  1130 I SystemServiceManager: Starting com.android.server.testharness.TestHarnessModeService
07-08 20:00:10.054     0     0 I [kworke][0x3e76af0e][20:00:10.043333] wlan: [491:I:HIF] Up_linkstate_vote 1
07-08 20:00:10.052  1130  1689 I SystemServerTimingAsync: InitThreadPoolExec:PersistentDataBlockService.onStart
07-08 20:00:10.053  1130  1689 D SystemServerInitThreadPool: Started executing PersistentDataBlockService.onStart
07-08 20:00:10.055  1130  1130 D SystemServerTiming: StartTestHarnessMode took to complete: 6ms
07-08 20:00:10.056  1130  1130 I SystemServerTiming: StartOemLockService
07-08 20:00:10.056  1130  1130 I SystemServiceManager: Starting com.android.server.oemlock.OemLockService
07-08 20:00:10.060  1130  1130 I OemLock : OemLock HAL not present on device
07-08 20:00:10.061  1130  1130 I OemLock : Using persistent data block based lock
07-08 20:00:10.061  1130  1689 E PersistentDataBlockService: not able to find package com.google.android.gms
07-08 20:00:10.061  1130  1689 E PersistentDataBlockService: android.content.pm.PackageManager$NameNotFoundException: com.google.android.gms
07-08 20:00:10.061  1130  1689 E PersistentDataBlockService: 	at android.app.ApplicationPackageManager.getPackageUidAsUser(ApplicationPackageManager.java:364)
07-08 20:00:10.061  1130  1689 E PersistentDataBlockService: 	at com.android.server.PersistentDataBlockService.getAllowedUid(PersistentDataBlockService.java:162)
07-08 20:00:10.061  1130  1689 E PersistentDataBlockService: 	at com.android.server.PersistentDataBlockService.lambda$onStart$0$PersistentDataBlockService(PersistentDataBlockService.java:176)
07-08 20:00:10.061  1130  1689 E PersistentDataBlockService: 	at com.android.server.PersistentDataBlockService$$ExternalSyntheticLambda0.run(Unknown Source:2)
07-08 20:00:10.061  1130  1689 E PersistentDataBlockService: 	at com.android.server.SystemServerInitThreadPool.lambda$submitTask$0$SystemServerInitThreadPool(SystemServerInitThreadPool.java:105)
07-08 20:00:10.061  1130  1689 E PersistentDataBlockService: 	at com.android.server.SystemServerInitThreadPool$$ExternalSyntheticLambda0.run(Unknown Source:6)
07-08 20:00:10.061  1130  1689 E PersistentDataBlockService: 	at java.util.concurrent.Executors$RunnableAdapter.call(Executors.java:462)
07-08 20:00:10.061  1130  1689 E PersistentDataBlockService: 	at java.util.concurrent.FutureTask.run(FutureTask.java:266)
07-08 20:00:10.061  1130  1689 E PersistentDataBlockService: 	at java.util.concurrent.ThreadPoolExecutor.runWorker(ThreadPoolExecutor.java:1167)
07-08 20:00:10.061  1130  1689 E PersistentDataBlockService: 	at java.util.concurrent.ThreadPoolExecutor$Worker.run(ThreadPoolExecutor.java:641)
07-08 20:00:10.061  1130  1689 E PersistentDataBlockService: 	at com.android.internal.util.ConcurrentUtils$1$1.run(ConcurrentUtils.java:65)
07-08 20:00:10.064     0     0 E [kworke][0x3e79c506][20:00:10.053866] wlan: [491:E:TXRX] hif_print_hal_shadow_register_cfg: CONFIG_SHADOW_V2 not defined
07-08 20:00:10.063  1130  1130 D SystemServerTiming: StartOemLockService took to complete: 6ms
07-08 20:00:10.064  1130  1130 I SystemServerTiming: StartDeviceIdleController
07-08 20:00:10.064  1130  1130 I SystemServiceManager: Starting com.android.server.DeviceIdleController
07-08 20:00:10.091  1130  1130 D SystemServerTiming: StartDeviceIdleController took to complete: 27ms
07-08 20:00:10.091  1130  1130 I SystemServerTiming: StartDevicePolicyManager
07-08 20:00:10.092  1130  1130 I SystemServiceManager: Starting com.android.server.devicepolicy.DevicePolicyManagerService$Lifecycle
07-08 20:00:10.101  1130  1689 D SystemServerInitThreadPool: Finished executing PersistentDataBlockService.onStart
07-08 20:00:10.101  1130  1689 D SystemServerTimingAsync: InitThreadPoolExec:PersistentDataBlockService.onStart took to complete: 48ms
07-08 20:00:10.107  1130  1130 D SLog    : static_init took to complete: 6ms
07-08 20:00:10.107  1130  1130 I DevicePolicyManager: Set ro.organization_owned property to false
07-08 20:00:10.111  1130  1130 D SystemServerTiming: StartDevicePolicyManager took to complete: 19ms
07-08 20:00:10.111  1130  1130 I SystemServerTiming: StartStatusBarManagerService
07-08 20:00:10.114  1130  1130 D SystemServerTiming: StartStatusBarManagerService took to complete: 2ms
07-08 20:00:10.114  1130  1130 D SystemServer: MusicRecognitionManagerService not defined by OEM or disabled by flag
07-08 20:00:10.115  1130  1130 D SystemServer: ContentCaptureService disabled because resource is not overlaid
07-08 20:00:10.116  1130  1130 D SystemServer: AttentionService is not configured on this device
07-08 20:00:10.116  1130  1130 D SystemServer: RotationResolverService is not configured on this device
07-08 20:00:10.117  1130  1130 D SystemServer: SystemCaptionsManagerService disabled because resource is not overlaid
07-08 20:00:10.117  1130  1130 I SystemServerTiming: StartTextToSpeechManagerService
07-08 20:00:10.118  1130  1130 I SystemServiceManager: Starting com.android.server.texttospeech.TextToSpeechManagerService
07-08 20:00:10.121  1130  1130 D SystemServerTiming: StartTextToSpeechManagerService took to complete: 3ms
07-08 20:00:10.121  1130  1130 I SystemServerTiming: StartSpeechRecognitionManagerService
07-08 20:00:10.122  1130  1130 I SystemServiceManager: Starting com.android.server.speech.SpeechRecognitionManagerService
07-08 20:00:10.125  1130  1130 D SystemServerTiming: StartSpeechRecognitionManagerService took to complete: 3ms
07-08 20:00:10.125  1130  1130 D SystemServer: AppPredictionService not defined by OEM
07-08 20:00:10.125  1130  1130 D SystemServer: ContentSuggestionsService not defined by OEM
07-08 20:00:10.126  1130  1130 I SystemServerTiming: StartSearchUiService
07-08 20:00:10.126  1130  1130 I SystemServiceManager: Starting com.android.server.searchui.SearchUiManagerService
07-08 20:00:10.129  1130  1130 D SystemServerTiming: StartSearchUiService took to complete: 3ms
07-08 20:00:10.130  1130  1130 I SystemServerTiming: StartSmartspaceService
07-08 20:00:10.130  1130  1130 I SystemServiceManager: Starting com.android.server.smartspace.SmartspaceManagerService
07-08 20:00:10.133  1130  1130 D SystemServerTiming: StartSmartspaceService took to complete: 3ms
07-08 20:00:10.134  1130  1130 I SystemServerTiming: InitConnectivityModuleConnector
07-08 20:00:10.134  1130  1130 D ConnectivityModuleConnector: Network stack init
07-08 20:00:10.137  1130  1130 D SystemServerTiming: InitConnectivityModuleConnector took to complete: 3ms
07-08 20:00:10.137  1130  1130 I SystemServerTiming: InitNetworkStackClient
07-08 20:00:10.138  1130  1130 D SystemServerTiming: InitNetworkStackClient took to complete: 1ms
07-08 20:00:10.139  1130  1130 I SystemServerTiming: StartNetworkManagementService
07-08 20:00:10.152  1130  1130 D SystemServerTiming: StartNetworkManagementService took to complete: 13ms
07-08 20:00:10.153  1130  1130 I SystemServerTiming: StartIpSecService
07-08 20:00:10.157  1130  1130 D SystemServerTiming: StartIpSecService took to complete: 4ms
07-08 20:00:10.158  1130  1130 I SystemServerTiming: StartFontManagerService
07-08 20:00:10.297     0     0 I alloc_contig_range: [fce60, fce69) PFNs busy
07-08 20:00:10.301     0     0 I alloc_contig_range: [fce60, fce69) PFNs busy
07-08 20:00:10.311     0     0 I [kworke][0x3ec2046b][20:00:10.300471] wlan: [491:I:HIF] hif_snoc_bus_configure: 187: expecting wake from ce 2, irq 39
07-08 20:00:10.311     0     0 E [kworke][0x3ec22510][20:00:10.300906] wlan: [491:E:WMI] WMI handle is NULL
07-08 20:00:10.322     0     0 E [kworke][0x3ec54ae6][20:00:10.311650] wlan: [491:E:QDF] cds_get_context: 1365: Module ID 66 context is Null
07-08 20:00:10.431     0     0 E [kworke][0x3ee563cc][20:00:10.421209] wlan: [491:E:QDF] cds_get_context: 1365: Module ID 66 context is Null
07-08 20:00:10.454     0     0 F [kworke][0x3eec19c4][20:00:10.444116] wlan: [491:F:WMA] WMA --> wmi_unified_attach - success
07-08 20:00:10.487  1130  1130 D SystemServerTiming: StartFontManagerService took to complete: 330ms
07-08 20:00:10.488  1130  1130 I SystemServerTiming: StartTextServicesManager
07-08 20:00:10.488  1130  1130 I SystemServiceManager: Starting com.android.server.textservices.TextServicesManagerService$Lifecycle
07-08 20:00:10.491  1130  1130 D SystemServerTiming: StartTextServicesManager took to complete: 3ms
07-08 20:00:10.491  1130  1130 I SystemServerTiming: StartTextClassificationManagerService
07-08 20:00:10.492  1130  1130 I SystemServiceManager: Starting com.android.server.textclassifier.TextClassificationManagerService$Lifecycle
07-08 20:00:10.496  1130  1130 D SystemServerTiming: StartTextClassificationManagerService took to complete: 5ms
07-08 20:00:10.497  1130  1130 I SystemServerTiming: StartNetworkScoreService
07-08 20:00:10.497  1130  1130 I SystemServiceManager: Starting com.android.server.NetworkScoreService$Lifecycle
07-08 20:00:10.502  1130  1130 D SystemServerTiming: StartNetworkScoreService took to complete: 5ms
07-08 20:00:10.503  1130  1130 I SystemServerTiming: StartNetworkStatsService
07-08 20:00:10.510  1130  1130 D SystemServerTiming: StartNetworkStatsService took to complete: 7ms
07-08 20:00:10.510  1130  1130 I SystemServerTiming: StartNetworkPolicyManagerService
07-08 20:00:10.521  1130  1130 D SystemServerTiming: StartNetworkPolicyManagerService took to complete: 11ms
07-08 20:00:10.522  1130  1130 I SystemServerTiming: StartWifi
07-08 20:00:10.547   701   701 D ZygoteInitTiming_lazy: PreloadClasses took to complete: 1766ms
07-08 20:00:10.591   701   701 D ZygoteInitTiming_lazy: CacheNonBootClasspathClassLoaders took to complete: 44ms
07-08 20:00:10.613  1130  1130 I SystemServiceManager: Starting com.android.server.wifi.WifiService
07-08 20:00:10.628   701   701 D ZygoteInitTiming_lazy: PreloadResources took to complete: 37ms
07-08 20:00:10.636     0     0 E [kworke][0x3f213a95][20:00:10.625460] wlan: [491:E:QDF] htc_wait_target: 625: Target Ready! TX resource : 2 size:2184, MaxMsgsPerHTCBundle = 1
07-08 20:00:10.636     0     0 E [kworke][0x3f21497e][20:00:10.625658] wlan: [491:E:QDF] htc_setup_target_buffer_assignments: 517: SVS Index : 1 TX : 0x100 : alloc:2
07-08 20:00:10.656     0     0 I [kworke][0x3f274451][20:00:10.646069] wlan: [280:I:WMA] wma_rx_service_ready_event: Firmware build version : 335b83b2
07-08 20:00:10.662     0     0 I [kworke][0x3f28de32][20:00:10.651534] wlan: [280:I:WMA] wma_rx_service_ready_event: Board id: 0, Board version: 1 0 0 0 0
07-08 20:00:10.674     0     0 I [kworke][0x3f2c6523][20:00:10.663574] wlan: [280:I:TXRX] ol_tx_set_desc_global_pool_size: 125: Global pool size: 3600
07-08 20:00:10.686     0     0 E [kworke][0x3f300236][20:00:10.675908] wlan: [280:E:WMA] wma_update_supported_bands: wrong supported band
07-08 20:00:10.700     0     0 E [kworke][0x3f340f9b][20:00:10.689740] wlan: [280:E:QDF] copy_fw_abi_version_tlv: 6725: copy_fw_abi_version_tlv: INIT_CMD version: 1, 0, 0x5f414351, 0x4c4d, 0x0, 0x0
07-08 20:00:10.723     0     0 E [kworke][0x3f3ad0e1][20:00:10.712797] wlan: [280:E:QDF] ready_extract_init_status_tlv: 8538: ready_extract_init_status_tlv:0
07-08 20:00:10.730     0     0 I [kworke][0x3f3cce7f][20:00:10.719592] wlan: [280:I:dfs] WLAN_DEBUG_DFS_ALWAYS : wlan_dfs_pdev_obj_create_notification: 389: dfs_offload 0
07-08 20:00:10.749     0     0 E [kworke][0x3f425bf3][20:00:10.738545] wlan: [280:E:dfs] WLAN_DEBUG_DFS_ALWAYS : dfs_init_radar_filters: 252: Unknown dfs domain 0
07-08 20:00:10.750     0     0 I [kworke][0x3f42cc67][20:00:10.740044] wlan: [280:I:SPECTRAL] null_get_capability: 1553: SPECTRAL : get_capability not registered
07-08 20:00:10.763     0     0 I [kworke][0x3f467dc3][20:00:10.752649] wlan: [280:I:SPECTRAL] target_if_pdev_spectral_init: 1978: HAL_CAP_PHYDIAG : Capable
07-08 20:00:10.778     0     0 I [kworke][0x3f4ac7d5][20:00:10.767290] wlan: [280:I:SPECTRAL] null_get_capability: 1553: SPECTRAL : get_capability not registered
07-08 20:00:10.789     0     0 I [kworke][0x3f4e3979][20:00:10.779045] wlan: [280:I:SPECTRAL] target_if_pdev_spectral_init: 1982: HAL_CAP_RADAR   : Capable
07-08 20:00:10.803     0     0 I [kworke][0x3f526058][20:00:10.793217] wlan: [280:I:SPECTRAL] null_get_capability: 1553: SPECTRAL : get_capability not registered
07-08 20:00:10.815     0     0 I [kworke][0x3f55e437][20:00:10.805215] wlan: [280:I:SPECTRAL] target_if_pdev_spectral_init: 1987: HAL_CAP_SPECTRAL_SCAN : Capable
07-08 20:00:10.830     0     0 I [kworke][0x3f5a2206][20:00:10.819692] wlan: [280:I:SPECTRAL] null_get_tsf64: 1541: SPECTRAL : get_tsf64 not registered
07-08 20:00:10.840  1278  1278 I wificond: New wificond event callback registered
07-08 20:00:10.844     0     0 I [kworke][0x3f5e23fa][20:00:10.833372] wlan: [280:I:GREEN_AP] wlan_green_ap_pdev_obj_create_notification: 106: Green AP creation successful, green ap ctx: ffffffe2e5e0e0e8, pdev: ffffffe2e278bce8
07-08 20:00:10.859     0     0 I [kworke][0x3f628ebc][20:00:10.848449] wlan: [280:I:IPA] wlan_ipa_wdi_init: 747: UC Ready
07-08 20:00:10.850  1130  1130 V HistoricalRegistry: Interaction before persistence initialized
07-08 20:00:10.860  1130  1130 D SystemServerTiming: StartWifi took to complete: 338ms
07-08 20:00:10.860  1130  1130 I SystemServerTiming: StartWifiScanning
07-08 20:00:10.861  1130  1130 I SystemServiceManager: Starting com.android.server.wifi.scanner.WifiScanningService
07-08 20:00:10.871  1130  1130 D SystemServerTiming: StartWifiScanning took to complete: 10ms
07-08 20:00:10.871  1130  1130 I SystemServerTiming: StartRttService
07-08 20:00:10.872  1130  1130 I SystemServiceManager: Starting com.android.server.wifi.rtt.RttService
07-08 20:00:10.873     0     0 I [kworke][0x3f66dc12][20:00:10.863133] wlan: [280:I:OBJMGR] wlan_objmgr_pdev_obj_create: 175: Created pdev 0
07-08 20:00:10.879  1130  1130 D SystemServerTiming: StartRttService took to complete: 7ms
07-08 20:00:10.879  1130  1130 I SystemServerTiming: StartWifiP2P
07-08 20:00:10.880  1130  1130 I SystemServiceManager: Starting com.android.server.wifi.p2p.WifiP2pService
07-08 20:00:10.888  1130  1130 D SystemServerTiming: StartWifiP2P took to complete: 8ms
07-08 20:00:10.889  1130  1130 I SystemServerTiming: StartEthernet
07-08 20:00:10.890  1130  1130 I SystemServiceManager: Starting com.android.server.ethernet.EthernetService
07-08 20:00:10.884     0     0 I [kworke][0x3f6a0730][20:00:10.873948] wlan: [280:I:REGULATORY] reg_set_band: 392: same band 0
07-08 20:00:10.893     0     0 I [kworke][0x3f6ca347][20:00:10.882856] wlan: [280:I:HDD] hdd_update_tgt_cfg: 2125: hw_mac is zero
07-08 20:00:10.892  1130  1130 D SystemServerTiming: StartEthernet took to complete: 3ms
07-08 20:00:10.892  1130  1130 I SystemServerTiming: StartPacProxyService
07-08 20:00:10.905     0     0 I [kworke][0x3f701852][20:00:10.894656] wlan: [280:I:GREEN_AP] target_if_green_ap_register_egap_event_handler: 131: Set the Enhance Green AP event handler
07-08 20:00:10.897  1130  1130 D SystemServerTiming: StartPacProxyService took to complete: 4ms
07-08 20:00:10.897  1130  1130 I SystemServerTiming: StartConnectivityService
07-08 20:00:10.914     0     0 I [kworke][0x3f72d276][20:00:10.903965] wlan: [491:I:WMA] wma_wait_for_ready_event: 7316: FW ready event received
07-08 20:00:10.931  1130  1642 D SystemServerTimingAsync: SecondaryZygotePreload took to complete: 2375ms
07-08 20:00:10.931  1130  1642 D SystemServerInitThreadPool: Finished executing SecondaryZygotePreload
07-08 20:00:10.931  1130  1642 D SystemServerTimingAsync: InitThreadPoolExec:SecondaryZygotePreload took to complete: 2377ms
07-08 20:00:10.936  1130  1130 I SystemServiceManager: Starting com.android.server.ConnectivityServiceInitializer
07-08 20:00:10.956  1130  1619 D SystemServerTimingAsync: AppDataPrepare took to complete: 1961ms
07-08 20:00:10.957  1130  1619 I PackageManager: Deferred reconcileAppsData finished 147 packages
07-08 20:00:10.957  1130  1619 D SystemServerInitThreadPool: Finished executing prepareAppData
07-08 20:00:10.958  1130  1619 D SystemServerTimingAsync: InitThreadPoolExec:prepareAppData took to complete: 3419ms
07-08 20:00:10.992  1130  1130 D CompatibilityChangeReporter: Compat change id reported: 182478738; UID 1000; state: ENABLED
07-08 20:00:11.001  1130  1130 D SystemServerTiming: StartConnectivityService took to complete: 103ms
07-08 20:00:11.001  1130  1130 I SystemServerTiming: StartVpnManagerService
07-08 20:00:11.007  1130  1130 D SystemServerTiming: StartVpnManagerService took to complete: 6ms
07-08 20:00:11.008  1130  1130 I SystemServerTiming: StartVcnManagementService
07-08 20:00:11.015  1130  1130 D SystemServerTiming: StartVcnManagementService took to complete: 7ms
07-08 20:00:11.015  1130  1130 I SystemServerTiming: StartNsdService
07-08 20:00:11.017  1130  1130 D NsdService: Network service discovery is enabled
07-08 20:00:11.022  1130  1130 D SystemServerTiming: StartNsdService took to complete: 6ms
07-08 20:00:11.022  1130  1130 I SystemServerTiming: StartSystemUpdateManagerService
07-08 20:00:11.024  1130  1130 I SystemUpdateManagerService: No existing info file /data/system/system-update-info.xml
07-08 20:00:11.026  1130  1130 D SystemServerTiming: StartSystemUpdateManagerService took to complete: 3ms
07-08 20:00:11.026  1130  1130 I SystemServerTiming: StartUpdateLockService
07-08 20:00:11.028  1130  1130 D SystemServerTiming: StartUpdateLockService took to complete: 2ms
07-08 20:00:11.028  1130  1130 I SystemServerTiming: StartNotificationManager
07-08 20:00:11.028  1130  1130 I SystemServiceManager: Starting com.android.server.notification.NotificationManagerService
07-08 20:00:11.039  1130  1130 D ConditionProviders.SCP: new ScheduleConditionProvider()
07-08 20:00:11.052     0     0 I [kworke][0x3f9b34ce][20:00:11.041810] wlan: [491:I:HTT] max pool size 64 pool filled 64
07-08 20:00:11.073  1130  1130 I NotificationListeners: Read notification listener permissions from xml
07-08 20:00:11.074  1130  1130 I NotificationAssistants: Read notification assistant permissions from xml
07-08 20:00:11.074  1130  1130 I ConditionProviders: Read condition provider permissions from xml
07-08 20:00:11.075  1130  1130 I ConditionProviders: Read condition provider permissions from xml
07-08 20:00:11.075  1130  1130 D NotificationAssistants: Approving default notification assistant for user 0
07-08 20:00:11.076  1130  1130 I ConditionProviders:  Allowing condition provider android.ext.services/android.ext.services.notification.Assistant (userSet: true)
07-08 20:00:11.080  1130  1130 D CompatibilityChangeReporter: Compat change id reported: 157233955; UID 1000; state: ENABLED
07-08 20:00:11.083  1130  1130 W SystemServiceManager: Service com.android.server.notification.NotificationManagerService took 53 ms in onStart
07-08 20:00:11.091  1130  1130 D SystemServerTiming: StartNotificationManager took to complete: 62ms
07-08 20:00:11.091  1130  1130 I SystemServerTiming: StartDeviceMonitor
07-08 20:00:11.092  1130  1130 I SystemServiceManager: Starting com.android.server.storage.DeviceStorageMonitorService
07-08 20:00:11.095  1130  1130 D SystemServerTiming: StartDeviceMonitor took to complete: 3ms
07-08 20:00:11.095  1130  1130 I SystemServerTiming: StartLocationManagerService
07-08 20:00:11.095  1130  1130 I SystemServiceManager: Starting com.android.server.location.LocationManagerService$Lifecycle
07-08 20:00:11.102  1130  1130 D SystemServerTiming: StartLocationManagerService took to complete: 6ms
07-08 20:00:11.102  1130  1130 I SystemServerTiming: StartCountryDetectorService
07-08 20:00:11.104  1130  1130 D SystemServerTiming: StartCountryDetectorService took to complete: 1ms
07-08 20:00:11.105  1130  1130 I SystemServerTiming: StartTimeDetectorService
07-08 20:00:11.105  1130  1130 I SystemServiceManager: Starting com.android.server.timedetector.TimeDetectorService$Lifecycle
07-08 20:00:11.108  1130  1130 D SystemServerTiming: StartTimeDetectorService took to complete: 3ms
07-08 20:00:11.108  1130  1130 I SystemServerTiming: StartTimeZoneDetectorService
07-08 20:00:11.108  1130  1130 I SystemServiceManager: Starting com.android.server.timezonedetector.TimeZoneDetectorService$Lifecycle
07-08 20:00:11.111  1130  1130 D SystemServerTiming: StartTimeZoneDetectorService took to complete: 3ms
07-08 20:00:11.112  1130  1130 I SystemServerTiming: StartLocationTimeZoneManagerService
07-08 20:00:11.112  1130  1130 I SystemServiceManager: Starting com.android.server.timezonedetector.location.LocationTimeZoneManagerService$Lifecycle
07-08 20:00:11.114  1130  1130 D SystemServerTiming: StartLocationTimeZoneManagerService took to complete: 2ms
07-08 20:00:11.115  1130  1130 I SystemServerTiming: StartSearchManagerService
07-08 20:00:11.115  1130  1130 I SystemServiceManager: Starting com.android.server.search.SearchManagerService$Lifecycle
07-08 20:00:11.118  1130  1130 D SystemServerTiming: StartSearchManagerService took to complete: 3ms
07-08 20:00:11.118  1130  1130 I SystemServerTiming: StartWallpaperManagerService
07-08 20:00:11.119  1130  1130 I SystemServiceManager: Starting com.android.server.wallpaper.WallpaperManagerService$Lifecycle
07-08 20:00:11.122  1130  1130 D SystemServerTiming: StartWallpaperManagerService took to complete: 3ms
07-08 20:00:11.122  1130  1130 I SystemServerTiming: StartAudioService
07-08 20:00:11.123  1130  1130 I SystemServiceManager: Starting com.android.server.audio.AudioService$Lifecycle
07-08 20:00:11.308     0     0 E         : msm_qti_pp_get_rms_value_control, back not active to query rms be_idx:3
07-08 20:00:11.347     0     0 I IRQ 6   : no longer affine to CPU4
07-08 20:00:11.498     0     0 I core_get_license_status: cmdrsp_license_result.result = 0x15 for module 0x131ff
07-08 20:00:11.514     0     0 E msm_ext_disp_update_audio_ops: Display not found (EXT_DISPLAY_TYPE_HDMI) ctld (0) stream (0)
07-08 20:00:11.520     0     0 E msm-ext-disp-audio-codec-rx soc: qcom,msm-ext-disp:qcom,msm-ext-disp-audio-codec-rx: msm_ext_disp_audio_type_get: Display cable disconnected
07-08 20:00:11.530     0     0 E msm-ext-disp-audio-codec-rx soc: qcom,msm-ext-disp:qcom,msm-ext-disp-audio-codec-rx: msm_ext_disp_audio_type_get: Display cable disconnected
07-08 20:00:11.541     0     0 E msm-ext-disp-audio-codec-rx soc: qcom,msm-ext-disp:qcom,msm-ext-disp-audio-codec-rx: msm_ext_disp_audio_type_get: Display cable disconnected
07-08 20:00:11.563     0     0 E [kworke][0x4030f5fa][20:00:11.552972] wlan: [491:E:WMI] send_action_oui_cmd_tlv: 220: Invalid action id
07-08 20:00:11.564     0     0 E [kworke][0x40310e0c][20:00:11.553292] wlan: [491:E:action_oui] ucfg_action_oui_send: 160: Failed to send: 7
07-08 20:00:11.565     0     0 E msm-ext-disp-audio-codec-rx soc: qcom,msm-ext-disp:qcom,msm-ext-disp-audio-codec-rx: msm_ext_disp_audio_device_get: invalid dai id: 4
07-08 20:00:11.575     0     0 E ipa_sps_irq_control_all: 956 EP (5) not allocated.
07-08 20:00:11.602     0     0 E ipa_sps_irq_control_all: 956 EP (5) not allocated.
07-08 20:00:11.608     0     0 E ipa_sps_irq_control_all: 956 EP (5) not allocated.
07-08 20:00:11.616     0     0 E ipa_sps_irq_control_all: 956 EP (5) not allocated.
07-08 20:00:11.631     0     0 E cnss_utils: WLAN MAC address is not set, type 0
07-08 20:00:11.631     0     0 W icnss 18800000.qcom,icnss: Falling back to syfs fallback for: wlan/qca_cld/wlan_mac.bin
07-08 20:00:11.647     0     0 I ueventd : firmware: loading 'wlan/qca_cld/wlan_mac.bin' for '/devices/platform/soc/18800000.qcom,icnss/firmware/wlan!qca_cld!wlan_mac.bin'
07-08 20:00:11.652     0     0 E ueventd : firmware: could not find firmware for wlan/qca_cld/wlan_mac.bin
07-08 20:00:11.659     0     0 E ueventd : firmware: attempted /etc/firmware/wlan/qca_cld/wlan_mac.bin, open failed: No such file or directory
07-08 20:00:11.667     0     0 E ueventd : firmware: attempted /odm/firmware/wlan/qca_cld/wlan_mac.bin, open failed: No such file or directory
07-08 20:00:11.678     0     0 E ueventd : firmware: attempted /vendor/firmware/wlan/qca_cld/wlan_mac.bin, open failed: No such file or directory
07-08 20:00:11.689     0     0 E ueventd : firmware: attempted /firmware/image/wlan/qca_cld/wlan_mac.bin, open failed: No such file or directory
07-08 20:00:11.700     0     0 E ueventd : firmware: attempted /vendor/firmware_mnt/image/wlan/qca_cld/wlan_mac.bin, open failed: No such file or directory
07-08 20:00:11.711     0     0 I ueventd : loading /devices/platform/soc/18800000.qcom,icnss/firmware/wlan!qca_cld!wlan_mac.bin took 64ms
07-08 20:00:11.712     0     0 I [kworke][0x405c6b5a][20:00:11.701310] wlan: [491:I:HDD] hdd_initialize_mac_address: 11578: using default MAC address
07-08 20:00:11.738     0     0 I cnss-daemon: no interop issues ap currently
07-08 20:00:11.963     0     0 E         : msm_qti_pp_get_rms_value_control, back not active to query rms be_idx:3
07-08 20:00:12.131     0     0 I core_get_license_status: cmdrsp_license_result.result = 0x15 for module 0x131ff
07-08 20:00:12.146     0     0 E msm_ext_disp_update_audio_ops: Display not found (EXT_DISPLAY_TYPE_HDMI) ctld (0) stream (0)
07-08 20:00:12.151     0     0 E msm-ext-disp-audio-codec-rx soc: qcom,msm-ext-disp:qcom,msm-ext-disp-audio-codec-rx: msm_ext_disp_audio_type_get: Display cable disconnected
07-08 20:00:12.158     0     0 E msm-ext-disp-audio-codec-rx soc: qcom,msm-ext-disp:qcom,msm-ext-disp-audio-codec-rx: msm_ext_disp_audio_type_get: Display cable disconnected
07-08 20:00:12.171     0     0 E msm-ext-disp-audio-codec-rx soc: qcom,msm-ext-disp:qcom,msm-ext-disp-audio-codec-rx: msm_ext_disp_audio_type_get: Display cable disconnected
07-08 20:00:12.194     0     0 E         : msm_pcm_volume_ctl_get substream not found
07-08 20:00:12.198     0     0 E msm-ext-disp-audio-codec-rx soc: qcom,msm-ext-disp:qcom,msm-ext-disp-audio-codec-rx: msm_ext_disp_audio_device_get: invalid dai id: 4
07-08 20:00:12.706     0     0 E ipa_sps_irq_control_all: 956 EP (5) not allocated.
07-08 20:00:12.710     0     0 E ipa_sps_irq_control_all: 956 EP (5) not allocated.
07-08 20:00:12.717     0     0 E ipa-wan handle_ingress_format: 1275 get AGG size 8192 count 10
07-08 20:00:12.718     0     0 E ipa_sps_irq_control_all: 956 EP (5) not allocated.
07-08 20:00:12.729     0     0 E ipa_assign_policy_v2: 3183 get close-by 8192
07-08 20:00:12.730     0     0 E ipa_assign_policy_v2: 3184 set rx_buff_sz 7808
07-08 20:00:12.736     0     0 E ipa_assign_policy_v2: 3199 set aggr_limit 6
07-08 20:00:12.851     0     0 E         : msm_pcm_volume_ctl_get substream not found
07-08 20:00:13.108     0     0 E ipa-wan ipa_wwan_ioctl: 1552 dev(rmnet_data0) register to IPA
07-08 20:00:13.607     0     0 E ipa-wan ipa_wwan_ioctl: 1552 dev(rmnet_data1) register to IPA
07-08 20:00:14.208     0     0 E ipa-wan ipa_wwan_ioctl: 1552 dev(rmnet_data2) register to IPA
07-08 20:00:14.840     0     0 E ipa-wan ipa_wwan_ioctl: 1552 dev(rmnet_data3) register to IPA
07-08 20:00:15.411     0     0 E ipa-wan ipa_wwan_ioctl: 1552 dev(rmnet_data4) register to IPA
07-08 20:00:15.753     0     0 I FG      : fg_adjust_recharge_voltage: health: 1 chg_status: 2 chg_done: 0
07-08 20:00:15.758     0     0 I FG      : fg_cycle_counter_update: batt_soc: 116 bucket: 3 chg_status: 2
07-08 20:00:15.759     0     0 I FG      : fg_charge_full_update: msoc: 53 bsoc: 7453 health: 1 status: 2 full: 0
07-08 20:00:15.766     0     0 I FG      : fg_adjust_recharge_voltage: health: 1 chg_status: 2 chg_done: 0
07-08 20:00:15.776     0     0 I FG      : status_change_work: charge_status:2 charge_type:1 charge_done:0
07-08 20:00:15.807     0     0 W healthd : battery l=55 v=3610 t=31.0 h=2 st=3 c=-934 fc=3820000 cc=1 chg=
07-08 20:00:15.820  1130  1671 D BatteryService: Processing new values: info={.chargerAcOnline = false, .chargerUsbOnline = false, .chargerWirelessOnline = false, .maxChargingCurrent = 0, .maxChargingVoltage = 0, .batteryStatus = DISCHARGING, .batteryHealth = GOOD, .batteryPresent = true, .batteryLevel = 55, .batteryVoltage = 3610, .batteryTemperature = 310, .batteryCurrent = -934, .batteryCycleCount = 1, .batteryFullCharge = 3820000, .batteryChargeCounter = 1737922, .batteryTechnology = Li-ion, .chargerRealType = , .chargingVoltage = 0, .batteryID = 100000}, mBatteryLevelCritical=false, mPlugType=0
07-08 20:00:15.821  1130  1671 D BatteryService: Sending ACTION_BATTERY_CHANGED. scale:100, info:{.chargerAcOnline = false, .chargerUsbOnline = false, .chargerWirelessOnline = false, .maxChargingCurrent = 0, .maxChargingVoltage = 0, .batteryStatus = DISCHARGING, .batteryHealth = GOOD, .batteryPresent = true, .batteryLevel = 55, .batteryVoltage = 3610, .batteryTemperature = 310, .batteryCurrent = -934, .batteryCycleCount = 1, .batteryFullCharge = 3820000, .batteryChargeCounter = 1737922, .batteryTechnology = Li-ion, .chargerRealType = , .chargingVoltage = 0, .batteryID = 100000}
07-08 20:00:16.068     0     0 E ipa-wan ipa_wwan_ioctl: 1552 dev(rmnet_data5) register to IPA
07-08 20:00:16.484  1130  1151 V HistoricalRegistry: Interaction before persistence initialized
07-08 20:00:16.697     0     0 E ipa-wan ipa_wwan_ioctl: 1552 dev(rmnet_data6) register to IPA
07-08 20:00:16.765  1130  1130 D SystemServerTiming: StartAudioService took to complete: 5642ms
07-08 20:00:16.766  1130  1130 I SystemServerTiming: StartSoundTriggerMiddlewareService
07-08 20:00:16.766  1130  1130 I SystemServiceManager: Starting com.android.server.soundtrigger_middleware.SoundTriggerMiddlewareService$Lifecycle
07-08 20:00:16.777  1130  1130 D SystemServerTiming: StartSoundTriggerMiddlewareService took to complete: 11ms
07-08 20:00:16.778  1130  1130 I SystemServerTiming: StartDockObserver
07-08 20:00:16.778  1130  1130 I SystemServiceManager: Starting com.android.server.DockObserver
07-08 20:00:16.779  1130  1130 W DockObserver: This kernel does not have dock station support
07-08 20:00:16.782  1130  1130 D SystemServerTiming: StartDockObserver took to complete: 4ms
07-08 20:00:16.782  1130  1130 I SystemServerTiming: StartWiredAccessoryManager
07-08 20:00:16.784  1130  1130 W WiredAccessoryManager: This kernel does not have usb audio support
07-08 20:00:16.784  1130  1130 W WiredAccessoryManager: This kernel does not have HDMI audio support
07-08 20:00:16.785  1130  1130 E WiredAccessoryManager: file /sys/devices/platform/soc/soc:qcom,msm-ext-disp/extcon/extcon3/name not found
07-08 20:00:16.786  1130  1130 W WiredAccessoryManager: Conn soc:qcom,msm-ext-disp/3/0 does not have DP audio support
07-08 20:00:16.786  1130  1130 E WiredAccessoryManager: file /sys/devices/platform/soc/soc:qcom,msm-ext-disp/extcon/extcon2/name not found
07-08 20:00:16.787  1130  1130 W WiredAccessoryManager: Conn soc:qcom,msm-ext-disp/2/0 does not have DP audio support
07-08 20:00:16.788  1130  1130 E WiredAccessoryManager: set dev_index 1
07-08 20:00:16.789  1130  1130 W WiredAccessoryManager: checkCableIndex set cable 0
07-08 20:00:16.790  1130  1130 E WiredAccessoryManager: set dev_index 0
07-08 20:00:16.791  1130  1130 W WiredAccessoryManager: checkCableIndex set cable 0
07-08 20:00:16.792  1130  1130 D SystemServerTiming: StartWiredAccessoryManager took to complete: 9ms
07-08 20:00:16.792  1130  1130 I SystemServerTiming: StartMidiManager
07-08 20:00:16.792  1130  1130 I SystemServiceManager: Starting com.android.server.midi.MidiService$Lifecycle
07-08 20:00:16.794  1130  1130 D SystemServerTiming: StartMidiManager took to complete: 1ms
07-08 20:00:16.795  1130  1130 I SystemServerTiming: StartAdbService
07-08 20:00:16.795  1130  1130 I SystemServiceManager: Starting com.android.server.adb.AdbService$Lifecycle
07-08 20:00:16.798  1130  1130 D SystemServerTiming: StartAdbService took to complete: 3ms
07-08 20:00:16.798  1130  1130 I SystemServerTiming: StartUsbService
07-08 20:00:16.799  1130  1130 I SystemServiceManager: Starting com.android.server.usb.UsbService$Lifecycle
07-08 20:00:16.799  1130  1130 D SystemServerTiming: StartUsbService took to complete: 0ms
07-08 20:00:16.800  1130  1130 I SystemServerTiming: StartSerialService
07-08 20:00:16.800  1130  1262 I SystemServerTimingAsync: InitThreadPoolExec:UsbService$Lifecycle#onStart
07-08 20:00:16.800  1130  1262 D SystemServerInitThreadPool: Started executing UsbService$Lifecycle#onStart
07-08 20:00:16.801  1130  1130 D SystemServerTiming: StartSerialService took to complete: 1ms
07-08 20:00:16.802  1130  1130 I SystemServerTiming: StartHardwarePropertiesManagerService
07-08 20:00:16.802  1130  1262 E UsbDeviceManager: failed to write to /sys/class/android_usb/android0/f_rndis/ethaddr
07-08 20:00:16.805  1130  1130 D SystemServerTiming: StartHardwarePropertiesManagerService took to complete: 4ms
07-08 20:00:16.806  1130  1130 I SystemServerTiming: StartTwilightService
07-08 20:00:16.806  1130  1262 I UsbDeviceManager: USB GADGET HAL not present in the device
07-08 20:00:16.806  1130  1262 I UsbDeviceManager: java.util.NoSuchElementException
07-08 20:00:16.806  1130  1262 I UsbDeviceManager: 	at android.os.HwBinder.getService(Native Method)
07-08 20:00:16.806  1130  1262 I UsbDeviceManager: 	at android.hardware.usb.gadget.V1_0.IUsbGadget.getService(IUsbGadget.java:57)
07-08 20:00:16.806  1130  1262 I UsbDeviceManager: 	at android.hardware.usb.gadget.V1_0.IUsbGadget.getService(IUsbGadget.java:64)
07-08 20:00:16.806  1130  1262 I UsbDeviceManager: 	at com.android.server.usb.UsbDeviceManager.<init>(UsbDeviceManager.java:389)
07-08 20:00:16.806  1130  1262 I UsbDeviceManager: 	at com.android.server.usb.UsbService.<init>(UsbService.java:178)
07-08 20:00:16.806  1130  1262 I UsbDeviceManager: 	at com.android.server.usb.UsbService$Lifecycle.lambda$onStart$0$UsbService$Lifecycle(UsbService.java:92)
07-08 20:00:16.806  1130  1262 I UsbDeviceManager: 	at com.android.server.usb.UsbService$Lifecycle$$ExternalSyntheticLambda1.run(Unknown Source:2)
07-08 20:00:16.806  1130  1262 I UsbDeviceManager: 	at com.android.server.SystemServerInitThreadPool.lambda$submitTask$0$SystemServerInitThreadPool(SystemServerInitThreadPool.java:105)
07-08 20:00:16.806  1130  1262 I UsbDeviceManager: 	at com.android.server.SystemServerInitThreadPool$$ExternalSyntheticLambda0.run(Unknown Source:6)
07-08 20:00:16.806  1130  1262 I UsbDeviceManager: 	at java.util.concurrent.Executors$RunnableAdapter.call(Executors.java:462)
07-08 20:00:16.806  1130  1262 I UsbDeviceManager: 	at java.util.concurrent.FutureTask.run(FutureTask.java:266)
07-08 20:00:16.806  1130  1262 I UsbDeviceManager: 	at java.util.concurrent.ThreadPoolExecutor.runWorker(ThreadPoolExecutor.java:1167)
07-08 20:00:16.806  1130  1262 I UsbDeviceManager: 	at java.util.concurrent.ThreadPoolExecutor$Worker.run(ThreadPoolExecutor.java:641)
07-08 20:00:16.806  1130  1262 I UsbDeviceManager: 	at com.android.internal.util.ConcurrentUtils$1$1.run(ConcurrentUtils.java:65)
07-08 20:00:16.807  1130  1130 I SystemServiceManager: Starting com.android.server.twilight.TwilightService
07-08 20:00:16.808  1130  1130 D SystemServerTiming: StartTwilightService took to complete: 2ms
07-08 20:00:16.808  1130  1262 E UsbDeviceManager: Failed to open control for mtp
07-08 20:00:16.809  1130  1130 I SystemServerTiming: StartColorDisplay
07-08 20:00:16.810  1130  1262 E UsbDeviceManager: Failed to open control for ptp
07-08 20:00:16.810  1130  1130 I SystemServiceManager: Starting com.android.server.display.color.ColorDisplayService
