06-02 18:40:36.259  1053  1609 I ActivityTaskManager: Config changes=80000000 {1.0 ?mcc?mnc [en_GB] ldltr ?swdp ?wdp ?hdp ?density ?lsize ?long ?ldr ?wideColorGamut ?orien ?uimode ?night ?touch ?keyb/?/? ?nav/? winConfig={ mBounds=Rect(0, 0 - 0, 0) mAppBounds=null mMaxBounds=Rect(0, 0 - 0, 0) mWindowingMode=undefined mDisplayWindowingMode=undefined mActivityType=undefined mAlwaysOnTop=undefined mRotation=undefined} as.3 s.2 ?fontWeightAdjustment}
06-02 18:40:36.300  1053  1609 I WindowManager: Override config changes=c0002004 {1.0 ?mcc?mnc [en_GB] ldltr ?swdp ?wdp ?hdp ?density ?lsize ?long ?ldr ?wideColorGamut ?orien ?uimode ?night ?touch ?keyb/?/? ?nav/? winConfig={ mBounds=Rect(0, 0 - 1080, 1920) mAppBounds=null mMaxBounds=Rect(0, 0 - 1080, 1920) mWindowingMode=fullscreen mDisplayWindowingMode=fullscreen mActivityType=undefined mAlwaysOnTop=undefined mRotation=undefined} as.3 s.2 ?fontWeightAdjustment} for displayId=0
06-28 03:51:23.530     0     0 I init    : processing action (sys.sysctl.extra_free_kbytes=*) from (/system/etc/init/hw/init.rc:1176)
06-02 18:40:36.316  1053  1053 D SystemServerTiming: WindowManagerServiceOnInitReady took to complete: 95ms
06-02 18:40:36.318  1053  1053 I SystemServerTiming: StartInputManager
06-02 18:40:36.318  1053  1053 I InputManager: Starting input manager
06-02 18:40:36.319  1053  1611 I DropBoxManagerService: add tag=system_server_strictmode isTagEnabled=true flags=0x2
06-02 18:40:36.321  1053  1792 I SystemServerTimingAsync: InitThreadPoolExec:StartHidlServices
06-02 18:40:36.322  1053  1792 D SystemServerInitThreadPool: Started executing StartHidlServices
06-02 18:40:36.322  1053  1792 I SystemServerTimingAsync: StartHidlServices
06-02 18:40:36.325  1053  1611 I DropBoxManagerService: add tag=system_server_strictmode isTagEnabled=true flags=0x2
06-02 18:40:36.331  1053  1053 D SystemServerTiming: StartInputManager took to complete: 10ms
06-02 18:40:36.331  1053  1053 I SystemServerTiming: DisplayManagerWindowManagerAndInputReady
06-02 18:40:36.332  1053  1053 D SystemServerTiming: DisplayManagerWindowManagerAndInputReady took to complete: 0ms
06-02 18:40:36.333  1053  1053 I SystemServerTiming: StartBluetoothService
06-02 18:40:36.333  1053  1053 I SystemServiceManager: Starting com.android.server.BluetoothService
06-02 18:40:36.335  1053  1611 I DropBoxManagerService: add tag=system_server_strictmode isTagEnabled=true flags=0x2
06-02 18:40:36.336  1053  1612 I LogicalDisplayMapper: Requesting Transition to state: 0, from state=-1, interactive=true
06-02 18:40:36.340  1053  1053 D BluetoothManagerService: Loading stored name and address
06-02 18:40:36.341  1053  1612 I LogicalDisplayMapper: Applying layout: [{addr: {port=0}, dispId: 0(ON)}], Previous layout: [{addr: {port=0}, dispId: 0(ON)}]
06-02 18:40:36.341  1053  1611 I DropBoxManagerService: add tag=system_server_strictmode isTagEnabled=true flags=0x2
06-02 18:40:36.342  1053  1053 D BluetoothManagerService: Stored bluetooth Name=null,Address=null
06-02 18:40:36.342  1053  1053 D BluetoothManagerService: Bluetooth persisted state: 1
06-02 18:40:36.343  1053  1053 D BluetoothManagerService: Startup: Bluetooth persisted state is ON.
06-02 18:40:36.345  1053  1053 D BluetoothManagerService: Detected SystemUiUid: 10104
06-02 18:40:36.345  1053  1053 D SystemServerTiming: StartBluetoothService took to complete: 12ms
06-02 18:40:36.346  1053  1053 I SystemServerTiming: IpConnectivityMetrics
06-02 18:40:36.347  1053  1053 I SystemServiceManager: Starting com.android.server.connectivity.IpConnectivityMetrics
06-02 18:40:36.347  1053  1611 I DropBoxManagerService: add tag=system_server_strictmode isTagEnabled=true flags=0x2
06-02 18:40:36.348  1053  1053 D SystemServerTiming: IpConnectivityMetrics took to complete: 2ms
06-02 18:40:36.349  1053  1053 I SystemServerTiming: NetworkWatchlistService
06-02 18:40:36.349  1053  1053 I SystemServiceManager: Starting com.android.server.net.watchlist.NetworkWatchlistService$Lifecycle
06-02 18:40:36.349  1053  1611 I DropBoxManagerService: add tag=system_server_strictmode isTagEnabled=true flags=0x2
06-02 18:40:36.356  1053  1792 D SystemServerTimingAsync: StartHidlServices took to complete: 33ms
06-02 18:40:36.356  1053  1792 D SystemServerInitThreadPool: Finished executing StartHidlServices
06-02 18:40:36.357  1053  1792 D SystemServerTimingAsync: InitThreadPoolExec:StartHidlServices took to complete: 35ms
06-02 18:40:36.359  1053  1053 D SystemServerTiming: NetworkWatchlistService took to complete: 10ms
06-02 18:40:36.359  1053  1053 I SystemServerTiming: PinnerService
06-02 18:40:36.360  1053  1053 I SystemServiceManager: Starting com.android.server.PinnerService
06-02 18:40:36.361  1053  1053 V HistoricalRegistry: Interaction before persistence initialized
06-02 18:40:36.361  1053  1800 I WatchlistLoggingHandler: Start aggregating watchlist records.
06-02 18:40:36.366  1053  1053 D SystemServerTiming: PinnerService took to complete: 5ms
06-02 18:40:36.374  1053  1053 I SystemServerTiming: IorapForwardingService
06-02 18:40:36.375  1053  1053 I SystemServiceManager: Starting com.google.android.startop.iorap.IorapForwardingService
06-02 18:40:36.375  1053  1053 D SystemServerTiming: IorapForwardingService took to complete: 1ms
06-02 18:40:36.376  1053  1053 I SystemServiceManager: Starting com.android.server.ActivityTriggerService
06-02 18:40:36.376  1053  1053 I ActivityTriggerService: Starting ActivityTriggerService
06-02 18:40:36.378  1053  1053 I SystemServerTiming: SignedConfigService
06-02 18:40:36.378  1053  1053 D SystemServerTiming: SignedConfigService took to complete: 0ms
06-02 18:40:36.378  1053  1053 I SystemServerTiming: AppIntegrityService
06-02 18:40:36.379  1053  1053 I SystemServiceManager: Starting com.android.server.integrity.AppIntegrityManagerService
06-02 18:40:36.389  1053  1053 D SystemServerTiming: AppIntegrityService took to complete: 9ms
06-28 03:51:23.607     0     0 W F2FS-fs (dm-8): Unexpected flush for atomic writes: ino=2120, npages=3
06-02 18:40:36.520  1053  1053 I SystemServerTiming: StartInputMethodManagerLifecycle
06-02 18:40:36.520  1053  1053 I SystemServiceManager: Starting com.android.server.inputmethod.InputMethodManagerService$Lifecycle
06-02 18:40:36.531  1053  1053 D SystemServerTiming: StartInputMethodManagerLifecycle took to complete: 11ms
06-02 18:40:36.531  1053  1053 I SystemServerTiming: StartAccessibilityManagerService
06-02 18:40:36.532  1053  1053 I SystemServiceManager: Starting com.android.server.accessibility.AccessibilityManagerService$Lifecycle
06-02 18:40:36.537  1053  1053 D SystemServerTiming: StartAccessibilityManagerService took to complete: 5ms
06-02 18:40:36.537  1053  1053 I SystemServerTiming: MakeDisplayReady
06-02 18:40:36.547  1053  1053 I ActivityTaskManager: Config changes=20005df8 {1.0 ?mcc?mnc [en_GB] ldltr sw360dp w360dp h616dp 480dpi nrml long port ?uimode ?night -touch -keyb/h/h -nav/h winConfig={ mBounds=Rect(0, 0 - 1080, 1920) mAppBounds=Rect(0, 0 - 1080, 1920) mMaxBounds=Rect(0, 0 - 1080, 1920) mWindowingMode=fullscreen mDisplayWindowingMode=fullscreen mActivityType=undefined mAlwaysOnTop=undefined mRotation=ROTATION_0} as.3 s.4 ?fontWeightAdjustment}
06-02 18:40:36.549  1053  1053 I WindowManager: Override config changes=20005df8 {1.0 ?mcc?mnc [en_GB] ldltr sw360dp w360dp h616dp 480dpi nrml long port ?uimode ?night -touch -keyb/h/h -nav/h winConfig={ mBounds=Rect(0, 0 - 1080, 1920) mAppBounds=Rect(0, 0 - 1080, 1920) mMaxBounds=Rect(0, 0 - 1080, 1920) mWindowingMode=fullscreen mDisplayWindowingMode=fullscreen mActivityType=undefined mAlwaysOnTop=undefined mRotation=ROTATION_0} as.3 s.4 ?fontWeightAdjustment} for displayId=0
06-02 18:40:36.563  1053  1053 I ActivityTaskManager: Config changes=8 {1.0 ?mcc?mnc [en_GB] ldltr sw360dp w360dp h616dp 480dpi nrml long port ?uimode ?night finger -keyb/h/h -nav/h winConfig={ mBounds=Rect(0, 0 - 1080, 1920) mAppBounds=Rect(0, 0 - 1080, 1920) mMaxBounds=Rect(0, 0 - 1080, 1920) mWindowingMode=fullscreen mDisplayWindowingMode=fullscreen mActivityType=undefined mAlwaysOnTop=undefined mRotation=ROTATION_0} as.3 s.6 ?fontWeightAdjustment}
06-02 18:40:36.566  1053  1053 I WindowManager: Override config changes=8 {1.0 ?mcc?mnc [en_GB] ldltr sw360dp w360dp h616dp 480dpi nrml long port ?uimode ?night finger -keyb/h/h -nav/h winConfig={ mBounds=Rect(0, 0 - 1080, 1920) mAppBounds=Rect(0, 0 - 1080, 1920) mMaxBounds=Rect(0, 0 - 1080, 1920) mWindowingMode=fullscreen mDisplayWindowingMode=fullscreen mActivityType=undefined mAlwaysOnTop=undefined mRotation=ROTATION_0} as.3 s.6 ?fontWeightAdjustment} for displayId=0
06-02 18:40:36.568  1053  1053 D SystemServerTiming: MakeDisplayReady took to complete: 30ms
06-02 18:40:36.569  1053  1053 I SystemServerTiming: StartStorageManagerService
06-02 18:40:36.569  1053  1053 I SystemServiceManager: Starting com.android.server.StorageManagerService$Lifecycle
06-02 18:40:36.594  1053  1811 D StorageManagerService: Thinking about init, mBootCompleted=false, mDaemonConnected=true
06-02 18:40:36.595  1053  1811 D StorageManagerService: Thinking about reset, mBootCompleted=false, mDaemonConnected=true
06-02 18:40:36.595  1053  1053 D StorageManagerService: CE storage for users [0] is already unlocked
06-02 18:40:36.598  1053  1811 D StorageManagerService: Thinking about init, mBootCompleted=false, mDaemonConnected=true
06-02 18:40:36.598  1053  1811 D StorageManagerService: Thinking about reset, mBootCompleted=false, mDaemonConnected=true
06-02 18:40:36.599  1053  1053 D SystemServerTiming: StartStorageManagerService took to complete: 30ms
06-02 18:40:36.600  1053  1053 I SystemServerTiming: StartStorageStatsService
06-02 18:40:36.600  1053  1729 D SystemServerTimingAsync: AppDataPrepare took to complete: 2067ms
06-02 18:40:36.601  1053  1053 I SystemServiceManager: Starting com.android.server.usage.StorageStatsService$Lifecycle
06-02 18:40:36.601  1053  1729 I PackageManager: Deferred reconcileAppsData finished 144 packages
06-02 18:40:36.602  1053  1729 D SystemServerInitThreadPool: Finished executing prepareAppData
06-02 18:40:36.602  1053  1729 D SystemServerTimingAsync: InitThreadPoolExec:prepareAppData took to complete: 2109ms
06-02 18:40:36.626  1053  1053 D SystemServerTiming: StartStorageStatsService took to complete: 26ms
06-02 18:40:36.627  1053  1053 I SystemServerTiming: StartUiModeManager
06-02 18:40:36.627  1053  1053 I SystemServiceManager: Starting com.android.server.UiModeManagerService
06-02 18:40:36.633  1053  1053 D SystemServerTiming: StartUiModeManager took to complete: 6ms
06-02 18:40:36.633  1053  1053 I SystemServerTiming: UpdatePackagesIfNeeded
06-02 18:40:36.633  1053  1053 I Watchdog: Pausing HandlerChecker: main thread for reason: dexopt. Pause count: 1
06-02 18:40:36.635  1053  1813 I SystemServerTimingAsync: InitThreadPoolExec:UiModeManager.onStart
06-02 18:40:36.635  1053  1813 D SystemServerInitThreadPool: Started executing UiModeManager.onStart
06-02 18:40:36.642  1053  1813 D SystemServerInitThreadPool: Finished executing UiModeManager.onStart
06-02 18:40:36.642  1053  1813 D SystemServerTimingAsync: InitThreadPoolExec:UiModeManager.onStart took to complete: 7ms
06-28 03:51:23.942     0     0 E ipa-wan ipa_wwan_ioctl: 1552 dev(rmnet_data3) register to IPA
06-28 03:51:24.166     0     0 E         : msm_qti_pp_get_rms_value_control, back not active to query rms be_idx:3
06-02 18:40:37.009   714   714 D ZygoteInitTiming_lazy: PreloadClasses took to complete: 1383ms
06-02 18:40:37.044   714   714 D ZygoteInitTiming_lazy: CacheNonBootClasspathClassLoaders took to complete: 35ms
06-02 18:40:37.085   714   714 D ZygoteInitTiming_lazy: PreloadResources took to complete: 41ms
06-28 03:51:24.348     0     0 I core_get_license_status: cmdrsp_license_result.result = 0x15 for module 0x131ff
06-28 03:51:24.364     0     0 E msm_ext_disp_update_audio_ops: Display not found (EXT_DISPLAY_TYPE_HDMI) ctld (0) stream (0)
06-28 03:51:24.370     0     0 E msm-ext-disp-audio-codec-rx soc: qcom,msm-ext-disp:qcom,msm-ext-disp-audio-codec-rx: msm_ext_disp_audio_type_get: Display cable disconnected
06-28 03:51:24.377     0     0 E msm-ext-disp-audio-codec-rx soc: qcom,msm-ext-disp:qcom,msm-ext-disp-audio-codec-rx: msm_ext_disp_audio_type_get: Display cable disconnected
06-28 03:51:24.390     0     0 E msm-ext-disp-audio-codec-rx soc: qcom,msm-ext-disp:qcom,msm-ext-disp-audio-codec-rx: msm_ext_disp_audio_type_get: Display cable disconnected
06-28 03:51:24.418     0     0 E msm-ext-disp-audio-codec-rx soc: qcom,msm-ext-disp:qcom,msm-ext-disp-audio-codec-rx: msm_ext_disp_audio_device_get: invalid dai id: 4
06-02 18:40:37.321  1053  1764 D SystemServerTimingAsync: SecondaryZygotePreload took to complete: 1809ms
06-02 18:40:37.321  1053  1764 D SystemServerInitThreadPool: Finished executing SecondaryZygotePreload
06-02 18:40:37.321  1053  1764 D SystemServerTimingAsync: InitThreadPoolExec:SecondaryZygotePreload took to complete: 1812ms
06-28 03:51:24.572     0     0 E         : msm_qti_pp_get_rms_value_control, back not active to query rms be_idx:3
06-28 03:51:24.684     0     0 E ipa-wan ipa_wwan_ioctl: 1552 dev(rmnet_data4) register to IPA
06-28 03:51:24.761     0     0 I core_get_license_status: cmdrsp_license_result.result = 0x15 for module 0x131ff
06-28 03:51:24.776     0     0 E msm_ext_disp_update_audio_ops: Display not found (EXT_DISPLAY_TYPE_HDMI) ctld (0) stream (0)
06-28 03:51:24.782     0     0 E msm-ext-disp-audio-codec-rx soc: qcom,msm-ext-disp:qcom,msm-ext-disp-audio-codec-rx: msm_ext_disp_audio_type_get: Display cable disconnected
06-28 03:51:24.789     0     0 E msm-ext-disp-audio-codec-rx soc: qcom,msm-ext-disp:qcom,msm-ext-disp-audio-codec-rx: msm_ext_disp_audio_type_get: Display cable disconnected
06-28 03:51:24.803     0     0 E msm-ext-disp-audio-codec-rx soc: qcom,msm-ext-disp:qcom,msm-ext-disp-audio-codec-rx: msm_ext_disp_audio_type_get: Display cable disconnected
06-28 03:51:24.830     0     0 E msm-ext-disp-audio-codec-rx soc: qcom,msm-ext-disp:qcom,msm-ext-disp-audio-codec-rx: msm_ext_disp_audio_device_get: invalid dai id: 4
06-28 03:51:25.099     0     0 E         : msm_pcm_volume_ctl_get substream not found
06-28 03:51:25.417     0     0 E ipa-wan ipa_wwan_ioctl: 1552 dev(rmnet_data5) register to IPA
06-28 03:51:25.554     0     0 E         : msm_pcm_volume_ctl_get substream not found
06-28 03:51:26.037     0     0 E ipa-wan ipa_wwan_ioctl: 1552 dev(rmnet_data6) register to IPA
06-28 03:51:26.297     0     0 F ***time : 61, msoc : 81, uA: 608398. temp : 300, uV: 3880117, uOhm: 217041
06-28 03:51:26.297     0     0 I         : *** current capacity= 8748000, soc for low_temp= 0
06-28 03:51:26.304     0     0 I         : *** cal msoc : 81
06-28 03:51:26.706     0     0 E ipa-wan ipa_wwan_ioctl: 1552 dev(rmnet_data7) register to IPA
06-02 18:40:41.822  1053  1750 V HistoricalRegistry: Interaction before persistence initialized
06-02 18:40:42.631  1053  1800 I WatchlistLoggingHandler: Milliseconds spent on tryAggregateRecords(): 6270
06-02 18:40:42.633  1053  1611 I DropBoxManagerService: add tag=system_server_strictmode isTagEnabled=true flags=0x2
06-02 18:40:42.636  1053  1611 I DropBoxManagerService: add tag=system_server_strictmode isTagEnabled=true flags=0x2
06-02 18:40:42.639  1053  1611 I DropBoxManagerService: add tag=system_server_strictmode isTagEnabled=true flags=0x2
06-02 18:40:42.641  1053  1611 I DropBoxManagerService: add tag=system_server_strictmode isTagEnabled=true flags=0x2
06-02 18:40:42.644  1053  1611 I DropBoxManagerService: add tag=system_server_strictmode isTagEnabled=true flags=0x2
06-02 18:40:42.647  1053  1611 I DropBoxManagerService: add tag=system_server_strictmode isTagEnabled=true flags=0x2
06-02 18:40:42.649  1053  1611 I DropBoxManagerService: add tag=system_server_strictmode isTagEnabled=true flags=0x2
06-02 18:40:42.652  1053  1611 I DropBoxManagerService: add tag=system_server_strictmode isTagEnabled=true flags=0x2
06-02 18:40:42.655  1053  1611 I DropBoxManagerService: add tag=system_server_strictmode isTagEnabled=true flags=0x2
06-02 18:40:42.658  1053  1611 I DropBoxManagerService: add tag=system_server_strictmode isTagEnabled=true flags=0x2
06-28 03:51:32.055     0     0 I [kworke][0x55f02311][17:40:44.830597] wlan: [407:I:HDD] hdd_psoc_idle_timeout_callback: 10471: Psoc idle timeout elapsed; starting psoc shutdown
06-28 03:51:32.057     0     0 E [schedu][0x55f08573][17:40:44.831909] wlan: [1680:E:SYS] Processing SYS MC STOP
06-28 03:51:32.076     0     0 I [kworke][0x55f612e8][17:40:44.850861] wlan: [407:I:IPA] wlan_ipa_uc_disable_pipes: 1302: IPA WDI Pipes are already deactivated
06-28 03:51:32.128     0     0 I [kworke][0x5605559f][17:40:44.902951] wlan: [407:I:WMI] WMI Stop
06-28 03:51:32.128     0     0 I [kworke][0x56056205][17:40:44.903116] wlan: [407:I:HTC] htc_stop: endpoints cleanup
06-28 03:51:32.134     0     0 I [kworke][0x56072fb6][17:40:44.909272] wlan: [407:I:HTC] htc_stop: stopping hif layer
06-28 03:51:32.316     0     0 I [kworke][0x563c9f14][17:40:45.091664] wlan: [407:I:HTC] htc_stop: flush endpoints Tx lookup queue
06-28 03:51:32.317     0     0 I [kworke][0x563cadac][17:40:45.091858] wlan: [407:I:HTC] htc_stop: resetting endpoints state
06-28 03:51:32.419     0     0 I [kworke][0x565a8f6c][17:40:45.193855] wlan: [407:I:TXRX] Global total 3600 :: avail 3600 invalid flow_pool 0
06-28 03:51:32.419     0     0 I [kworke][0x565a9cc0][17:40:45.194032] wlan: [407:I:TXRX] maps 0 pool unmaps 0 pool resize 0 pkt drops 0
06-28 03:51:32.827     0     0 I [kworke][0x56d24e5d][17:40:45.602588] wlan: [407:I:HTT] max pool size 64 pool filled 0
06-28 03:51:32.921     0     0 E [kworke][0x56edb7e7][17:40:45.696154] wlan: [407:E:WMI] WMI handle is NULL
06-28 03:51:32.921     0     0 I [kworke][0x56edc7d1][17:40:45.696367] wlan: [407:I:OSIF] os_if_spectral_free_skb: 558: Socket buffer is null, msg_type= 0
06-28 03:51:32.928     0     0 I [kworke][0x56efca6a][17:40:45.703228] wlan: [407:I:OSIF] os_if_spectral_free_skb: 558: Socket buffer is null, msg_type= 1
06-28 03:51:32.941     0     0 I [kworke][0x56f39978][17:40:45.716229] wlan: [407:I:OSIF] os_if_spectral_free_skb: 558: Socket buffer is null, msg_type= 2
06-28 03:51:32.954     0     0 I [kworke][0x56f75671][17:40:45.728988] wlan: [407:I:OBJMGR] wlan_objmgr_pdev_obj_delete: 247: Logically deleting pdev 0
06-28 03:51:32.964     0     0 I [kworke][0x56fa76c8][17:40:45.739659] wlan: [407:I:OBJMGR] wlan_objmgr_pdev_obj_destroy: 197: Physically deleting pdev 0
06-28 03:51:32.994     0     0 I [kworke][0x57034275][17:40:45.769683] wlan: [407:I:SPECTRAL] target_if_spectral_detach: 1874: spectral detach
06-28 03:51:32.995     0     0 I [kworke][0x57035877][17:40:45.769975] wlan: [407:I:GREEN_AP] wlan_green_ap_pdev_obj_destroy_notification: 146: Deleting green ap pdev obj, green ap ctx: ffffffd136b408e8, pdev: ffffffd13c28b2e8
06-28 03:51:33.005     0     0 I [kworke][0x5706468e][17:40:45.779977] wlan: [407:I:GREEN_AP] wlan_green_ap_pdev_obj_destroy_notification: 159: green ap deletion successful, pdev: ffffffd13c28b2e8
06-28 03:51:33.027     0     0 I [kworke][0x570cade9][17:40:45.801834] wlan: [407:I:HIF] Down_linkstate_vote 0
06-28 03:51:33.473     0     0 I init    : Sending signal 9 to service 'idmap2d' (pid 1179) process group...
06-28 03:51:33.481     0     0 I libprocessgroup: Successfully killed process cgroup uid 1000 pid 1179 in 7ms
06-02 18:40:46.267  1053  1750 W OverlayManager: service 'idmap' died
06-28 03:51:33.495     0     0 I init    : Control message: Processed ctl.stop for 'idmap2d' from pid: 1053 (system_server)
06-28 03:51:33.497     0     0 I init    : Service 'idmap2d' (pid 1179) received signal 9
06-28 03:51:33.892     0     0 I __afe_port_start: port id: 0x4000
06-28 03:51:33.893     0     0 I afe_find_cal_topo_id_by_port: port id: 0x4000, dev_acdb_id: -22
06-28 03:51:33.896     0     0 I afe_find_cal_topo_id_by_port: top_id:1025d acdb_id:124 afe_port:0x4000
06-28 03:51:33.903     0     0 I afe_get_cal_topology_id: port_id = 0x4000 acdb_id = 124 topology_id = 0x1025d cal_type_index=8 ret=0
06-28 03:51:33.912     0     0 I afe_send_port_topology_id: AFE set topology id 0x1025d  enable for port 0x4000 ret 0
06-28 03:51:33.921     0     0 I send_afe_cal_type: cal_index is 0
06-28 03:51:33.929     0     0 I send_afe_cal_type: dev_acdb_id[15] is -22
06-28 03:51:33.934     0     0 I send_afe_cal_type: Sending cal_index cal 0
06-28 03:51:33.940     0     0 I afe_send_hw_delay: port_id 0x4000 rate 48000 delay_usec 474 status 0
06-28 03:51:33.960     0     0 I __afe_port_start: port id: 0x4009
06-28 03:51:33.960     0     0 I afe_find_cal_topo_id_by_port: port id: 0x4009, dev_acdb_id: -22
06-28 03:51:33.963     0     0 I afe_find_cal_topo_id_by_port: top_id:1025c acdb_id:102 afe_port:0x4009
06-28 03:51:33.970     0     0 I afe_get_cal_topology_id: port_id = 0x4009 acdb_id = 102 topology_id = 0x1025c cal_type_index=8 ret=0
06-28 03:51:33.981     0     0 I afe_send_port_topology_id: AFE set topology id 0x1025c  enable for port 0x4009 ret 0
06-28 03:51:33.989     0     0 E afe_callback: cmd = 0x100fd returned error = 0x3
06-28 03:51:33.997     0     0 E afe_apr_send_pkt: DSP returned error[ADSP_EUNSUPPORTED]
06-28 03:51:34.002     0     0 I send_afe_cal_type: cal_index is 1
06-28 03:51:34.009     0     0 I send_afe_cal_type: dev_acdb_id[24] is -22
06-28 03:51:34.013     0     0 I send_afe_cal_type: Sending cal_index cal 1
06-28 03:51:34.019     0     0 I afe_send_hw_delay: port_id 0x4009 rate 8000 delay_usec 3467 status 0
06-28 03:51:37.046     0     0 I afe_spk_prot_get_calib_data: state success resistance 132138762 132701220
06-28 03:51:37.084     0     0 I afe_close: port_id = 0x4000
06-02 18:40:49.863  1053  1053 I Watchdog: Resuming HandlerChecker: main thread for reason: dexopt. Pause count: 0
06-02 18:40:49.863  1053  1053 D SystemServerTiming: UpdatePackagesIfNeeded took to complete: 13230ms
06-02 18:40:49.863  1053  1053 I SystemServerTiming: PerformFstrimIfNeeded
06-02 18:40:49.865  1053  1053 W PackageManager: No disk maintenance in 1748882449865; running immediately
06-02 18:40:49.865  1053  1053 D SystemServerTiming: PerformFstrimIfNeeded took to complete: 1ms
06-02 18:40:49.866  1053  1053 I SystemServerTiming: StartLockSettingsService
06-02 18:40:49.866  1053  1811 I StorageManagerService: Running fstrim idle maintenance
06-02 18:40:49.867  1053  1053 I SystemServiceManager: Starting com.android.server.locksettings.LockSettingsService$Lifecycle
06-02 18:40:49.874   573  2127 D vold    : Starting trim of /metadata
06-02 18:40:49.887   573  2127 I vold    : Trimmed 6291456 bytes on /metadata in 7ms
06-28 03:51:37.113     0     0 I afe_close: port_id = 0x4009
06-02 18:40:49.887   573  2127 D vold    : Starting trim of /data
06-02 18:40:49.888  1053  1750 I DropBoxManagerService: add tag=storage_trim isTagEnabled=true flags=0x2
06-02 18:40:49.888   573  2127 I vold    : Trimmed 0 bytes on /data in 0ms
06-02 18:40:49.889   573  2127 D vold    : Starting trim of /mnt/vendor/persist
06-02 18:40:49.891  1053  1750 I DropBoxManagerService: add tag=storage_trim isTagEnabled=true flags=0x2
06-02 18:40:49.895  1053  1053 D SystemServerTiming: StartLockSettingsService took to complete: 29ms
06-02 18:40:49.896  1053  1053 I SystemServerTiming: StartPersistentDataBlock
06-02 18:40:49.896  1053  1053 I SystemServiceManager: Starting com.android.server.PersistentDataBlockService
06-02 18:40:49.897   573  2127 I vold    : Trimmed 18874368 bytes on /mnt/vendor/persist in 7ms
06-02 18:40:49.897  1053  1053 D SystemServerTiming: StartPersistentDataBlock took to complete: 1ms
06-02 18:40:49.898  1053  1053 I SystemServerTiming: StartTestHarnessMode
06-02 18:40:49.898  1053  2129 I SystemServerTimingAsync: InitThreadPoolExec:PersistentDataBlockService.onStart
06-02 18:40:49.899  1053  2129 D SystemServerInitThreadPool: Started executing PersistentDataBlockService.onStart
06-02 18:40:49.899  1053  1053 I SystemServiceManager: Starting com.android.server.testharness.TestHarnessModeService
06-02 18:40:49.900  1053  1750 I DropBoxManagerService: add tag=storage_trim isTagEnabled=true flags=0x2
06-02 18:40:49.901  1053  1053 D SystemServerTiming: StartTestHarnessMode took to complete: 3ms
06-02 18:40:49.901  1053  1053 I SystemServerTiming: StartOemLockService
06-02 18:40:49.902  1053  1053 I SystemServiceManager: Starting com.android.server.oemlock.OemLockService
06-02 18:40:49.902  1053  2129 E PersistentDataBlockService: not able to find package com.google.android.gms
06-02 18:40:49.902  1053  2129 E PersistentDataBlockService: android.content.pm.PackageManager$NameNotFoundException: com.google.android.gms
06-02 18:40:49.902  1053  2129 E PersistentDataBlockService: 	at android.app.ApplicationPackageManager.getPackageUidAsUser(ApplicationPackageManager.java:364)
06-02 18:40:49.902  1053  2129 E PersistentDataBlockService: 	at com.android.server.PersistentDataBlockService.getAllowedUid(PersistentDataBlockService.java:162)
06-02 18:40:49.902  1053  2129 E PersistentDataBlockService: 	at com.android.server.PersistentDataBlockService.lambda$onStart$0$PersistentDataBlockService(PersistentDataBlockService.java:176)
06-02 18:40:49.902  1053  2129 E PersistentDataBlockService: 	at com.android.server.PersistentDataBlockService$$ExternalSyntheticLambda0.run(Unknown Source:2)
06-02 18:40:49.902  1053  2129 E PersistentDataBlockService: 	at com.android.server.SystemServerInitThreadPool.lambda$submitTask$0$SystemServerInitThreadPool(SystemServerInitThreadPool.java:105)
06-02 18:40:49.902  1053  2129 E PersistentDataBlockService: 	at com.android.server.SystemServerInitThreadPool$$ExternalSyntheticLambda0.run(Unknown Source:6)
06-02 18:40:49.902  1053  2129 E PersistentDataBlockService: 	at java.util.concurrent.Executors$RunnableAdapter.call(Executors.java:462)
06-02 18:40:49.902  1053  2129 E PersistentDataBlockService: 	at java.util.concurrent.FutureTask.run(FutureTask.java:266)
06-02 18:40:49.902  1053  2129 E PersistentDataBlockService: 	at java.util.concurrent.ThreadPoolExecutor.runWorker(ThreadPoolExecutor.java:1167)
06-02 18:40:49.902  1053  2129 E PersistentDataBlockService: 	at java.util.concurrent.ThreadPoolExecutor$Worker.run(ThreadPoolExecutor.java:641)
06-02 18:40:49.902  1053  2129 E PersistentDataBlockService: 	at com.android.internal.util.ConcurrentUtils$1$1.run(ConcurrentUtils.java:65)
06-02 18:40:49.904  1053  1053 I OemLock : OemLock HAL not present on device
06-02 18:40:49.904  1053  1053 I OemLock : Using persistent data block based lock
06-02 18:40:49.906  1053  1053 D SystemServerTiming: StartOemLockService took to complete: 4ms
06-02 18:40:49.906  1053  1053 I SystemServerTiming: StartDeviceIdleController
06-02 18:40:49.907  1053  1053 I SystemServiceManager: Starting com.android.server.DeviceIdleController
06-02 18:40:49.912  1053  1053 D SystemServerTiming: StartDeviceIdleController took to complete: 5ms
06-02 18:40:49.913  1053  1053 I SystemServerTiming: StartDevicePolicyManager
06-02 18:40:49.913  1053  1053 I SystemServiceManager: Starting com.android.server.devicepolicy.DevicePolicyManagerService$Lifecycle
06-02 18:40:49.919  1053  1053 D SystemServerTiming: StartDevicePolicyManager took to complete: 6ms
06-02 18:40:49.920  1053  1053 I SystemServerTiming: StartStatusBarManagerService
06-02 18:40:49.920  1053  2129 D SystemServerInitThreadPool: Finished executing PersistentDataBlockService.onStart
06-02 18:40:49.921  1053  2129 D SystemServerTimingAsync: InitThreadPoolExec:PersistentDataBlockService.onStart took to complete: 22ms
06-02 18:40:49.922  1053  1053 D SystemServerTiming: StartStatusBarManagerService took to complete: 2ms
06-02 18:40:49.922  1053  1053 D SystemServer: MusicRecognitionManagerService not defined by OEM or disabled by flag
06-02 18:40:49.923  1053  1053 D SystemServer: ContentCaptureService disabled because resource is not overlaid
06-02 18:40:49.923  1053  1053 D SystemServer: AttentionService is not configured on this device
06-02 18:40:49.924  1053  1053 D SystemServer: RotationResolverService is not configured on this device
06-02 18:40:49.924  1053  1053 D SystemServer: SystemCaptionsManagerService disabled because resource is not overlaid
06-02 18:40:49.924  1053  1053 I SystemServerTiming: StartTextToSpeechManagerService
06-02 18:40:49.925  1053  1053 I SystemServiceManager: Starting com.android.server.texttospeech.TextToSpeechManagerService
06-02 18:40:49.927  1053  1053 D SystemServerTiming: StartTextToSpeechManagerService took to complete: 2ms
06-02 18:40:49.927  1053  1053 I SystemServerTiming: StartSpeechRecognitionManagerService
06-02 18:40:49.928  1053  1053 I SystemServiceManager: Starting com.android.server.speech.SpeechRecognitionManagerService
06-02 18:40:49.929  1053  1053 D SystemServerTiming: StartSpeechRecognitionManagerService took to complete: 2ms
06-02 18:40:49.930  1053  1053 D SystemServer: AppPredictionService not defined by OEM
06-02 18:40:49.930  1053  1053 D SystemServer: ContentSuggestionsService not defined by OEM
06-02 18:40:49.931  1053  1053 I SystemServerTiming: StartSearchUiService
06-02 18:40:49.931  1053  1053 I SystemServiceManager: Starting com.android.server.searchui.SearchUiManagerService
06-02 18:40:49.933  1053  1053 D SystemServerTiming: StartSearchUiService took to complete: 2ms
06-02 18:40:49.933  1053  1053 I SystemServerTiming: StartSmartspaceService
06-02 18:40:49.934  1053  1053 I SystemServiceManager: Starting com.android.server.smartspace.SmartspaceManagerService
06-02 18:40:49.936  1053  1053 D SystemServerTiming: StartSmartspaceService took to complete: 2ms
06-02 18:40:49.936  1053  1053 I SystemServerTiming: InitConnectivityModuleConnector
06-02 18:40:49.937  1053  1053 D ConnectivityModuleConnector: Network stack init
06-02 18:40:49.940  1053  1053 D SystemServerTiming: InitConnectivityModuleConnector took to complete: 3ms
06-02 18:40:49.940  1053  1053 I SystemServerTiming: InitNetworkStackClient
06-02 18:40:49.941  1053  1053 D SystemServerTiming: InitNetworkStackClient took to complete: 1ms
06-02 18:40:49.941  1053  1053 I SystemServerTiming: StartNetworkManagementService
06-02 18:40:49.949  1053  1053 D SystemServerTiming: StartNetworkManagementService took to complete: 7ms
06-02 18:40:49.950  1053  1053 I SystemServerTiming: StartIpSecService
06-02 18:40:49.952  1053  1053 D SystemServerTiming: StartIpSecService took to complete: 2ms
06-02 18:40:49.953  1053  1053 I SystemServerTiming: StartFontManagerService
06-02 18:40:50.125  1053  1053 D SystemServerTiming: StartFontManagerService took to complete: 172ms
06-02 18:40:50.126  1053  1053 I SystemServerTiming: StartTextServicesManager
06-02 18:40:50.126  1053  1053 I SystemServiceManager: Starting com.android.server.textservices.TextServicesManagerService$Lifecycle
06-02 18:40:50.128  1053  1053 D SystemServerTiming: StartTextServicesManager took to complete: 2ms
06-02 18:40:50.128  1053  1053 I SystemServerTiming: StartTextClassificationManagerService
06-02 18:40:50.129  1053  1053 I SystemServiceManager: Starting com.android.server.textclassifier.TextClassificationManagerService$Lifecycle
06-02 18:40:50.131  1053  1053 D SystemServerTiming: StartTextClassificationManagerService took to complete: 2ms
06-02 18:40:50.131  1053  1053 I SystemServerTiming: StartNetworkScoreService
06-02 18:40:50.132  1053  1053 I SystemServiceManager: Starting com.android.server.NetworkScoreService$Lifecycle
06-02 18:40:50.135  1053  1053 D SystemServerTiming: StartNetworkScoreService took to complete: 3ms
06-02 18:40:50.135  1053  1053 I SystemServerTiming: StartNetworkStatsService
06-02 18:40:50.139  1053  1053 D SystemServerTiming: StartNetworkStatsService took to complete: 4ms
06-02 18:40:50.140  1053  1053 I SystemServerTiming: StartNetworkPolicyManagerService
06-02 18:40:50.145  1053  1053 D SystemServerTiming: StartNetworkPolicyManagerService took to complete: 5ms
06-02 18:40:50.146  1053  1053 I SystemServerTiming: StartWifi
06-02 18:40:50.235  1053  1053 I SystemServiceManager: Starting com.android.server.wifi.WifiService
06-02 18:40:50.403  1227  1227 I wificond: New wificond event callback registered
06-02 18:40:50.414  1053  1053 V HistoricalRegistry: Interaction before persistence initialized
06-02 18:40:50.428  1053  1053 D SystemServerTiming: StartWifi took to complete: 282ms
06-02 18:40:50.429  1053  1053 I SystemServerTiming: StartWifiScanning
06-02 18:40:50.429  1053  1053 I SystemServiceManager: Starting com.android.server.wifi.scanner.WifiScanningService
06-02 18:40:50.436  1053  1053 D SystemServerTiming: StartWifiScanning took to complete: 7ms
06-02 18:40:50.436  1053  1053 I SystemServerTiming: StartRttService
06-02 18:40:50.436  1053  1053 I SystemServiceManager: Starting com.android.server.wifi.rtt.RttService
06-02 18:40:50.438  1053  1053 D SystemServerTiming: StartRttService took to complete: 2ms
06-02 18:40:50.439  1053  1053 I SystemServerTiming: StartWifiP2P
06-02 18:40:50.439  1053  1053 I SystemServiceManager: Starting com.android.server.wifi.p2p.WifiP2pService
06-02 18:40:50.452  1053  1053 D SystemServerTiming: StartWifiP2P took to complete: 13ms
06-02 18:40:50.453  1053  1053 I SystemServerTiming: StartEthernet
06-02 18:40:50.454  1053  1053 I SystemServiceManager: Starting com.android.server.ethernet.EthernetService
06-02 18:40:50.456  1053  1053 D SystemServerTiming: StartEthernet took to complete: 3ms
06-02 18:40:50.457  1053  1053 I SystemServerTiming: StartPacProxyService
06-02 18:40:50.461  1053  1053 D SystemServerTiming: StartPacProxyService took to complete: 4ms
06-02 18:40:50.461  1053  1053 I SystemServerTiming: StartConnectivityService
06-02 18:40:50.499  1053  1053 I SystemServiceManager: Starting com.android.server.ConnectivityServiceInitializer
06-02 18:40:50.571  1053  1053 D CompatibilityChangeReporter: Compat change id reported: 182478738; UID 1000; state: ENABLED
06-02 18:40:50.580  1053  1053 D SystemServerTiming: StartConnectivityService took to complete: 118ms
06-02 18:40:50.580  1053  1053 I SystemServerTiming: StartVpnManagerService
06-02 18:40:50.586  1053  1053 D SystemServerTiming: StartVpnManagerService took to complete: 5ms
06-02 18:40:50.587  1053  1053 I SystemServerTiming: StartVcnManagementService
06-02 18:40:50.591  1053  1053 D SystemServerTiming: StartVcnManagementService took to complete: 4ms
06-02 18:40:50.592  1053  1053 I SystemServerTiming: StartNsdService
06-02 18:40:50.593  1053  1053 D NsdService: Network service discovery is enabled
06-02 18:40:50.597  1053  1053 D SystemServerTiming: StartNsdService took to complete: 5ms
06-02 18:40:50.598  1053  1053 I SystemServerTiming: StartSystemUpdateManagerService
06-02 18:40:50.599  1053  1053 I SystemUpdateManagerService: No existing info file /data/system/system-update-info.xml
06-02 18:40:50.601  1053  1053 D SystemServerTiming: StartSystemUpdateManagerService took to complete: 3ms
06-02 18:40:50.601  1053  1053 I SystemServerTiming: StartUpdateLockService
06-02 18:40:50.603  1053  1053 D SystemServerTiming: StartUpdateLockService took to complete: 2ms
06-02 18:40:50.603  1053  1053 I SystemServerTiming: StartNotificationManager
06-02 18:40:50.604  1053  1053 I SystemServiceManager: Starting com.android.server.notification.NotificationManagerService
06-02 18:40:50.612  1053  1053 D ConditionProviders.SCP: new ScheduleConditionProvider()
06-02 18:40:50.616  1053  1053 I ConditionProviders:  Allowing condition provider com.android.camera2 (userSet: true)
06-02 18:40:50.617  1053  1053 I ConditionProviders:  Allowing condition provider android.ext.services/android.ext.services.notification.Assistant (userSet: true)
06-02 18:40:50.617  1053  1053 I NotificationAssistants:  Allowing notification assistant android.ext.services/android.ext.services.notification.Assistant (userSet: false)
06-02 18:40:50.618  1053  1053 V NotificationAssistants: enabling notification assistant for 0: ComponentInfo{android.ext.services/android.ext.services.notification.Assistant}
06-02 18:40:50.618  1053  1053 V NotificationAssistants: binding: Intent { act=android.service.notification.NotificationAssistantService cmp=android.ext.services/.notification.Assistant (has extras) }
06-02 18:40:50.624  1053  1053 D CompatibilityChangeReporter: Compat change id reported: 157233955; UID 1000; state: ENABLED
06-02 18:40:50.655  1053  1053 D SystemServerTiming: StartNotificationManager took to complete: 51ms
06-02 18:40:50.656  1053  1053 I SystemServerTiming: StartDeviceMonitor
06-02 18:40:50.656  1053  1053 I SystemServiceManager: Starting com.android.server.storage.DeviceStorageMonitorService
06-02 18:40:50.659  1053  1053 D SystemServerTiming: StartDeviceMonitor took to complete: 3ms
06-02 18:40:50.659  1053  1053 I SystemServerTiming: StartLocationManagerService
06-02 18:40:50.660  1053  1053 I SystemServiceManager: Starting com.android.server.location.LocationManagerService$Lifecycle
06-02 18:40:50.665  1053  1053 D SystemServerTiming: StartLocationManagerService took to complete: 5ms
06-02 18:40:50.666  1053  1053 I SystemServerTiming: StartCountryDetectorService
06-02 18:40:50.667  1053  1053 D SystemServerTiming: StartCountryDetectorService took to complete: 1ms
06-02 18:40:50.667  1053  1053 I SystemServerTiming: StartTimeDetectorService
06-02 18:40:50.668  1053  1053 I SystemServiceManager: Starting com.android.server.timedetector.TimeDetectorService$Lifecycle
06-02 18:40:50.670  1053  1053 D SystemServerTiming: StartTimeDetectorService took to complete: 2ms
06-02 18:40:50.671  1053  1053 I SystemServerTiming: StartTimeZoneDetectorService
06-02 18:40:50.671  1053  1053 I SystemServiceManager: Starting com.android.server.timezonedetector.TimeZoneDetectorService$Lifecycle
06-02 18:40:50.674  1053  1053 D SystemServerTiming: StartTimeZoneDetectorService took to complete: 2ms
06-02 18:40:50.674  1053  1053 I SystemServerTiming: StartLocationTimeZoneManagerService
06-02 18:40:50.674  1053  1053 I SystemServiceManager: Starting com.android.server.timezonedetector.location.LocationTimeZoneManagerService$Lifecycle
06-02 18:40:50.676  1053  1053 D SystemServerTiming: StartLocationTimeZoneManagerService took to complete: 2ms
06-02 18:40:50.676  1053  1053 I SystemServerTiming: StartSearchManagerService
06-02 18:40:50.676  1053  1053 I SystemServiceManager: Starting com.android.server.search.SearchManagerService$Lifecycle
06-02 18:40:50.678  1053  1053 D SystemServerTiming: StartSearchManagerService took to complete: 2ms
06-02 18:40:50.679  1053  1053 I SystemServerTiming: StartWallpaperManagerService
06-02 18:40:50.679  1053  1053 I SystemServiceManager: Starting com.android.server.wallpaper.WallpaperManagerService$Lifecycle
06-02 18:40:50.681  1053  1053 D SystemServerTiming: StartWallpaperManagerService took to complete: 2ms
06-02 18:40:50.681  1053  1053 I SystemServerTiming: StartAudioService
06-02 18:40:50.682  1053  1053 I SystemServiceManager: Starting com.android.server.audio.AudioService$Lifecycle
06-02 18:40:50.748  1053  1053 D SystemServerTiming: StartAudioService took to complete: 66ms
06-02 18:40:50.748  1053  1053 I SystemServerTiming: StartSoundTriggerMiddlewareService
06-02 18:40:50.748  1053  1053 I SystemServiceManager: Starting com.android.server.soundtrigger_middleware.SoundTriggerMiddlewareService$Lifecycle
06-02 18:40:50.760  1053  1053 D SystemServerTiming: StartSoundTriggerMiddlewareService took to complete: 12ms
06-02 18:40:50.760  1053  1053 I SystemServerTiming: StartDockObserver
06-02 18:40:50.761  1053  1053 I SystemServiceManager: Starting com.android.server.DockObserver
06-02 18:40:50.762  1053  1053 W DockObserver: This kernel does not have dock station support
06-02 18:40:50.763  1053  1053 D SystemServerTiming: StartDockObserver took to complete: 2ms
06-02 18:40:50.764  1053  1053 I SystemServerTiming: StartWiredAccessoryManager
06-02 18:40:50.765  1053  1053 W WiredAccessoryManager: This kernel does not have usb audio support
06-02 18:40:50.766  1053  1053 W WiredAccessoryManager: This kernel does not have HDMI audio support
06-02 18:40:50.766  1053  1053 E WiredAccessoryManager: file /sys/devices/platform/soc/soc:qcom,msm-ext-disp/extcon/extcon3/name not found
06-02 18:40:50.767  1053  1053 W WiredAccessoryManager: Conn soc:qcom,msm-ext-disp/3/0 does not have DP audio support
06-02 18:40:50.767  1053  1053 E WiredAccessoryManager: file /sys/devices/platform/soc/soc:qcom,msm-ext-disp/extcon/extcon2/name not found
06-02 18:40:50.768  1053  1053 W WiredAccessoryManager: Conn soc:qcom,msm-ext-disp/2/0 does not have DP audio support
06-02 18:40:50.769  1053  1053 E WiredAccessoryManager: set dev_index 1
06-02 18:40:50.771  1053  1053 W WiredAccessoryManager: checkCableIndex set cable 0
06-02 18:40:50.772  1053  1053 E WiredAccessoryManager: set dev_index 0
06-02 18:40:50.773  1053  1053 W WiredAccessoryManager: checkCableIndex set cable 0
06-02 18:40:50.773  1053  1053 D SystemServerTiming: StartWiredAccessoryManager took to complete: 9ms
06-02 18:40:50.774  1053  1053 I SystemServerTiming: StartMidiManager
06-02 18:40:50.774  1053  1053 I SystemServiceManager: Starting com.android.server.midi.MidiService$Lifecycle
06-02 18:40:50.776  1053  1053 D SystemServerTiming: StartMidiManager took to complete: 2ms
06-02 18:40:50.776  1053  1053 I SystemServerTiming: StartAdbService
06-02 18:40:50.777  1053  1053 I SystemServiceManager: Starting com.android.server.adb.AdbService$Lifecycle
06-02 18:40:50.779  1053  1053 D SystemServerTiming: StartAdbService took to complete: 3ms
06-02 18:40:50.779  1053  1053 I SystemServerTiming: StartUsbService
06-02 18:40:50.779  1053  1053 I SystemServiceManager: Starting com.android.server.usb.UsbService$Lifecycle
06-02 18:40:50.780  1053  1053 D SystemServerTiming: StartUsbService took to complete: 1ms
06-02 18:40:50.780  1053  1053 I SystemServerTiming: StartSerialService
06-02 18:40:50.781  1053  1616 I SystemServerTimingAsync: InitThreadPoolExec:UsbService$Lifecycle#onStart
06-02 18:40:50.781  1053  1616 D SystemServerInitThreadPool: Started executing UsbService$Lifecycle#onStart
06-02 18:40:50.782  1053  1053 D SystemServerTiming: StartSerialService took to complete: 1ms
06-02 18:40:50.782  1053  1053 I SystemServerTiming: StartHardwarePropertiesManagerService
06-02 18:40:50.783  1053  1616 E UsbDeviceManager: failed to write to /sys/class/android_usb/android0/f_rndis/ethaddr
06-02 18:40:50.785  1053  1053 D SystemServerTiming: StartHardwarePropertiesManagerService took to complete: 3ms
06-02 18:40:50.786  1053  1616 I UsbDeviceManager: USB GADGET HAL not present in the device
06-02 18:40:50.786  1053  1616 I UsbDeviceManager: java.util.NoSuchElementException
06-02 18:40:50.786  1053  1616 I UsbDeviceManager: 	at android.os.HwBinder.getService(Native Method)
06-02 18:40:50.786  1053  1616 I UsbDeviceManager: 	at android.hardware.usb.gadget.V1_0.IUsbGadget.getService(IUsbGadget.java:57)
06-02 18:40:50.786  1053  1616 I UsbDeviceManager: 	at android.hardware.usb.gadget.V1_0.IUsbGadget.getService(IUsbGadget.java:64)
06-02 18:40:50.786  1053  1616 I UsbDeviceManager: 	at com.android.server.usb.UsbDeviceManager.<init>(UsbDeviceManager.java:389)
06-02 18:40:50.786  1053  1616 I UsbDeviceManager: 	at com.android.server.usb.UsbService.<init>(UsbService.java:178)
06-02 18:40:50.786  1053  1616 I UsbDeviceManager: 	at com.android.server.usb.UsbService$Lifecycle.lambda$onStart$0$UsbService$Lifecycle(UsbService.java:92)
06-02 18:40:50.786  1053  1616 I UsbDeviceManager: 	at com.android.server.usb.UsbService$Lifecycle$$ExternalSyntheticLambda1.run(Unknown Source:2)
06-02 18:40:50.786  1053  1616 I UsbDeviceManager: 	at com.android.server.SystemServerInitThreadPool.lambda$submitTask$0$SystemServerInitThreadPool(SystemServerInitThreadPool.java:105)
06-02 18:40:50.786  1053  1616 I UsbDeviceManager: 	at com.android.server.SystemServerInitThreadPool$$ExternalSyntheticLambda0.run(Unknown Source:6)
06-02 18:40:50.786  1053  1616 I UsbDeviceManager: 	at java.util.concurrent.Executors$RunnableAdapter.call(Executors.java:462)
06-02 18:40:50.786  1053  1616 I UsbDeviceManager: 	at java.util.concurrent.FutureTask.run(FutureTask.java:266)
06-02 18:40:50.786  1053  1616 I UsbDeviceManager: 	at java.util.concurrent.ThreadPoolExecutor.runWorker(ThreadPoolExecutor.java:1167)
06-02 18:40:50.786  1053  1616 I UsbDeviceManager: 	at java.util.concurrent.ThreadPoolExecutor$Worker.run(ThreadPoolExecutor.java:641)
06-02 18:40:50.786  1053  1616 I UsbDeviceManager: 	at com.android.internal.util.ConcurrentUtils$1$1.run(ConcurrentUtils.java:65)
06-02 18:40:50.787  1053  1053 I SystemServerTiming: StartTwilightService
06-02 18:40:50.787  1053  1053 I SystemServiceManager: Starting com.android.server.twilight.TwilightService
06-02 18:40:50.788  1053  1616 E UsbDeviceManager: Failed to open control for mtp
06-02 18:40:50.788  1053  1053 D SystemServerTiming: StartTwilightService took to complete: 1ms
06-02 18:40:50.789  1053  1053 I SystemServerTiming: StartColorDisplay
06-02 18:40:50.789  1053  1053 I SystemServiceManager: Starting com.android.server.display.color.ColorDisplayService
06-02 18:40:50.790  1053  1616 E UsbDeviceManager: Failed to open control for ptp
06-02 18:40:50.792  1053  1053 D SystemServerTiming: StartColorDisplay took to complete: 3ms
06-02 18:40:50.792  1053  1053 I SystemServerTiming: StartJobScheduler
06-02 18:40:50.793  1053  1053 I SystemServiceManager: Starting com.android.server.job.JobSchedulerService
06-02 18:40:50.794  1053  1616 W StorageManagerService: No primary storage defined yet; hacking together a stub
06-02 18:40:50.796  1053  1053 I JobStore: Read 0 jobs
06-28 03:51:38.021     0     0 I         : acc_open
06-28 03:51:38.021     0     0 I         : acc_release
06-02 18:40:50.803  1053  1796 I UsbPortManager: Usb hal service started android.hardware.usb@1.0::IUsb default
06-02 18:40:50.803  1053  1053 V HistoricalRegistry: Interaction before persistence initialized
06-02 18:40:50.803  1053  1053 V HistoricalRegistry: Interaction before persistence initialized
06-02 18:40:50.805  1053  1053 D SystemServerTiming: StartJobScheduler took to complete: 13ms
06-02 18:40:50.806  1053  1053 I SystemServerTiming: StartSoundTrigger
06-02 18:40:50.806  1053  1053 I SystemServiceManager: Starting com.android.server.soundtrigger.SoundTriggerService
06-02 18:40:50.808  1053  1053 D SystemServerTiming: StartSoundTrigger took to complete: 2ms
06-02 18:40:50.808  1053  1053 I SystemServerTiming: StartTrustManager
06-02 18:40:50.809  1053  1616 I UsbPortManager: USB HAL version: 10
06-02 18:40:50.809  1053  1053 I SystemServiceManager: Starting com.android.server.trust.TrustManagerService
06-02 18:40:50.812  1053  1053 D SystemServerTiming: StartTrustManager took to complete: 3ms
06-02 18:40:50.812  1053  1053 I SystemServerTiming: StartBackupManager
06-02 18:40:50.812  1053  1053 I SystemServiceManager: Starting com.android.server.backup.BackupManagerService$Lifecycle
06-02 18:40:50.813  1053  1616 D SystemServerInitThreadPool: Finished executing UsbService$Lifecycle#onStart
06-02 18:40:50.814  1053  1616 D SystemServerTimingAsync: InitThreadPoolExec:UsbService$Lifecycle#onStart took to complete: 33ms
06-02 18:40:50.816  1053  1053 D SystemServerTiming: StartBackupManager took to complete: 4ms
06-02 18:40:50.816  1053  1053 I SystemServerTiming: StartAppWidgetService
06-02 18:40:50.816  1053  1053 I SystemServiceManager: Starting com.android.server.appwidget.AppWidgetService
06-02 18:40:50.819  1053  1053 D SystemServerTiming: StartAppWidgetService took to complete: 3ms
06-02 18:40:50.820  1053  1053 I SystemServerTiming: StartVoiceRecognitionManager
06-02 18:40:50.820  1053  1053 I SystemServiceManager: Starting com.android.server.voiceinteraction.VoiceInteractionManagerService
06-02 18:40:50.827  1053  1053 I RoleServicePlatformHelperImpl: Legacy roles.xml not found
06-02 18:40:50.829  1053  1053 D SystemServerTiming: StartVoiceRecognitionManager took to complete: 9ms
06-02 18:40:50.829  1053  1053 I SystemServerTiming: StartAppHibernationService
06-02 18:40:50.830  1053  1053 I SystemServiceManager: Starting com.android.server.apphibernation.AppHibernationService
06-02 18:40:50.833  1053  1053 D SystemServerTiming: StartAppHibernationService took to complete: 3ms
06-02 18:40:50.833  1053  1053 I SystemServerTiming: StartGestureLauncher
06-02 18:40:50.834  1053  1053 I SystemServiceManager: Starting com.android.server.GestureLauncherService
06-02 18:40:50.834  1053  1053 D SystemServerTiming: StartGestureLauncher took to complete: 1ms
06-02 18:40:50.834  1053  1053 I SystemServerTiming: StartSensorNotification
06-02 18:40:50.835  1053  1053 I SystemServiceManager: Starting com.android.server.SensorNotificationService
06-02 18:40:50.835  1053  1053 D SystemServerTiming: StartSensorNotification took to complete: 0ms
06-02 18:40:50.835  1053  1053 I SystemServerTiming: StartDiskStatsService
06-02 18:40:50.840  1053  1053 D SystemServerTiming: StartDiskStatsService took to complete: 4ms
06-02 18:40:50.840  1053  1053 I SystemServerTiming: RuntimeService
06-02 18:40:50.841  1053  1053 D SystemServerTiming: RuntimeService took to complete: 1ms
06-02 18:40:50.842  1053  1053 I SystemServerTiming: StartNetworkTimeUpdateService
06-02 18:40:50.845  1053  1053 D SystemServerTiming: StartNetworkTimeUpdateService took to complete: 3ms
06-02 18:40:50.845  1053  1053 I SystemServerTiming: CertBlacklister
06-02 18:40:50.846  1053  1053 D SystemServerTiming: CertBlacklister took to complete: 0ms
06-02 18:40:50.846  1053  1053 I SystemServerTiming: StartEmergencyAffordanceService
06-02 18:40:50.847  1053  1053 I SystemServiceManager: Starting com.android.server.emergency.EmergencyAffordanceService
06-02 18:40:50.848  1053  1053 D SystemServerTiming: StartEmergencyAffordanceService took to complete: 1ms
06-02 18:40:50.848  1053  1053 I SystemServerTiming: startBlobStoreManagerService
