07-08 20:01:37.559  1130  4090 I ActivityTaskManager: START u0 {act=android.intent.action.MAIN flg=0x10000000 cmp=com.ctb.devicetest/.MainActivity (has extras)} from uid 1000
07-08 20:01:37.571  1130  4090 W ActivityTaskManager: Can't find TaskDisplayArea to determine support for multi window. Task id=412 attached=false
07-08 20:01:37.575  1130  4090 I ActivityTaskManager: Activity boosted, release it firstly
07-08 20:01:37.578  1130  4090 D CompatibilityChangeReporter: Compat change id reported: 174042980; UID 1000; state: DISABLED
07-08 20:01:37.580  1130  4090 D CompatibilityChangeReporter: Compat change id reported: 197654537; UID 1000; state: DISABLED
07-08 20:01:37.585  1130  4090 V SplashScreenExceptionList: SplashScreen checking exception for package com.ctb.devicetest (target sdk:27) -> false
07-08 20:01:37.603  1130  2584 I ActivityTaskManager: The Process com.ctb.devicetest Already Exists in BG. So sending its PID: 4104
07-08 20:01:37.613  1130  2584 D CompatibilityChangeReporter: Compat change id reported: 181136395; UID 1000; state: DISABLED
07-08 20:01:37.614  1130  2584 D CompatibilityChangeReporter: Compat change id reported: 174042936; UID 1000; state: DISABLED
07-08 20:01:37.738     0     0 I binder  : 3365:3380 ioctl c0306201 7c0d5119b8 returned -14
07-08 20:01:37.745     0     0 I oom_reaper: reaped process 3365 (ystem:dynsystem), now anon-rss:0kB, file-rss:0kB, shmem-rss:588kB
07-08 20:01:37.762  1130  4090 I CTB_NetworkSVC: mExtModemType : 0
07-08 20:01:37.815  1130  2584 I ActivityManager: Process com.android.dynsystem:dynsystem (pid 3365) has died: cch+75 CEM 
07-08 20:01:37.834  1130  2584 W WindowManager: Failed looking up window session=Session{16d8aff 4104:1000} callers=com.android.server.wm.WindowManagerService.windowForClientLocked:5778 com.android.server.wm.Session.updateRequestedVisibilities:640 android.view.IWindowSession$Stub.onTransact:1175 
07-08 20:01:37.884     0     0 I binder  : 4104:4127 ioctl 40046210 7c09eb8204 returned -22
07-08 20:01:37.909     0     0 I binder  : 4104:4127 ioctl 40046210 7c09eb9f34 returned -22
07-08 20:01:38.304  1130  1239 D UsbDeviceManager: setUsbDmConfig : true, no_rmnet : true
07-08 20:01:38.305  1130  1239 I UsbDeviceManager: Setting USB config to diag,adb,serial_cdev
07-08 20:01:38.318     0     0 I init    : processing action (sys.usb.config=none && sys.usb.configfs=1) from (/vendor/etc/init/hw/init.qcom.usb.rc:139)
07-08 20:01:38.320     0     0 I         : mtp_release
07-08 20:01:38.336     0     0 I init    : Command 'rm /config/usb_gadget/g1/configs/b.1/f3' action=sys.usb.config=none && sys.usb.configfs=1 (/vendor/etc/init/hw/init.qcom.usb.rc:142) took 0ms and failed: unlink() failed: No such file or directory
07-08 20:01:38.336     0     0 I init    : Command 'rm /config/usb_gadget/g1/configs/b.1/f4' action=sys.usb.config=none && sys.usb.configfs=1 (/vendor/etc/init/hw/init.qcom.usb.rc:143) took 0ms and failed: unlink() failed: No such file or directory
07-08 20:01:38.351     0     0 I oom_reaper: reaped process 3107 (id.printspooler), now anon-rss:0kB, file-rss:0kB, shmem-rss:588kB
07-08 20:01:38.356     0     0 I init    : Command 'rm /config/usb_gadget/g1/configs/b.1/f5' action=sys.usb.config=none && sys.usb.configfs=1 (/vendor/etc/init/hw/init.qcom.usb.rc:144) took 0ms and failed: unlink() failed: No such file or directory
07-08 20:01:38.385     0     0 I init    : Command 'rm /config/usb_gadget/g1/configs/b.1/f6' action=sys.usb.config=none && sys.usb.configfs=1 (/vendor/etc/init/hw/init.qcom.usb.rc:145) took 0ms and failed: unlink() failed: No such file or directory
07-08 20:01:38.405     0     0 I init    : Command 'rm /config/usb_gadget/g1/configs/b.1/f7' action=sys.usb.config=none && sys.usb.configfs=1 (/vendor/etc/init/hw/init.qcom.usb.rc:146) took 0ms and failed: unlink() failed: No such file or directory
07-08 20:01:38.419  1130  2276 I ActivityManager: Process com.android.printspooler (pid 3107) has died: cch+75 CEM 
07-08 20:01:38.424     0     0 I init    : Command 'rm /config/usb_gadget/g1/configs/b.1/f8' action=sys.usb.config=none && sys.usb.configfs=1 (/vendor/etc/init/hw/init.qcom.usb.rc:147) took 0ms and failed: unlink() failed: No such file or directory
07-08 20:01:38.444     0     0 I init    : Command 'rm /config/usb_gadget/g1/configs/b.1/f9' action=sys.usb.config=none && sys.usb.configfs=1 (/vendor/etc/init/hw/init.qcom.usb.rc:148) took 0ms and failed: unlink() failed: No such file or directory
07-08 20:01:38.463     0     0 I init    : processing action (sys.usb.config=none && sys.usb.configfs=1) from (/system/etc/init/hw/init.usb.configfs.rc:1)
07-08 20:01:38.484     0     0 I init    : Command 'write /config/usb_gadget/g1/UDC none' action=sys.usb.config=none && sys.usb.configfs=1 (/system/etc/init/hw/init.usb.configfs.rc:2) took 1ms and failed: Unable to write to file '/config/usb_gadget/g1/UDC': Unable to write file contents: No such device
07-08 20:01:38.548  1130  2779 W AdbDebuggingManager: Read failed with count -1
07-08 20:01:38.600  1130  1239 D AutofillManagerService: Close system dialogs
07-08 20:01:38.602  1130  1241 I ActivityTaskManager: START u0 {act=android.intent.action.MAIN cat=[android.intent.category.HOME] flg=0x10000100 cmp=com.android.launcher3/.uioverrides.QuickstepLauncher (has extras)} from uid 0
07-08 20:01:38.639  1130  1239 D AutofillManagerService: Close system dialogs
07-08 20:01:38.653     0     0 I         : read descriptors
07-08 20:01:38.653     0     0 I         : read strings
07-08 20:01:38.718  1130  1239 D AutofillManagerService: Close system dialogs
07-08 20:01:38.720  1130  1241 I ActivityTaskManager: START u0 {act=android.intent.action.MAIN cat=[android.intent.category.HOME] flg=0x10000100 cmp=com.android.launcher3/.uioverrides.QuickstepLauncher (has extras)} from uid 0
07-08 20:01:38.739  1130  1666 V UsbDeviceManager: USB UEVENT: {SUBSYSTEM=android_usb, SEQNUM=5987, ACTION=change, USB_STATE=DISCONNECTED, DEVPATH=/devices/virtual/android_usb/android0}
07-08 20:01:38.750     0     0 I android_work: sent uevent USB_STATE=DISCONNECTED
07-08 20:01:38.743  1130  1239 D AutofillManagerService: Close system dialogs
07-08 20:01:38.853     0     0 I msm-dwc3 a800000.ssusb: Avail curr from USB = 2
07-08 20:01:38.862     0     0 F ***time : 136, msoc : 55, uA: 494140. temp : 310, uV: 3739492, uOhm: 261962
07-08 20:01:38.862     0     0 I         : *** current capacity= 5940000, soc for low_temp= 55
07-08 20:01:38.869     0     0 I         : *** cal msoc : 55
07-08 20:01:38.877     0     0 I FG      : fg_cycle_counter_update: batt_soc: 115 bucket: 3 chg_status: 2
07-08 20:01:38.879     0     0 I FG      : fg_prime_cc_soc_sw: cc_soc_sw: 484078051
07-08 20:01:38.887     0     0 I FG      : fg_charge_full_update: msoc: 53 bsoc: 7369 health: 1 status: 2 full: 0
07-08 20:01:38.891     0     0 I FG      : fg_adjust_recharge_voltage: health: 1 chg_status: 2 chg_done: 0
07-08 20:01:38.902     0     0 I FG      : fg_adjust_ki_coeff_full_soc: Wrote ki_coeff_full_soc 0
07-08 20:01:38.906     0     0 I FG      : status_change_work: charge_status:2 charge_type:1 charge_done:0
07-08 20:01:38.910     0     0 W healthd : battery l=55 v=3739 t=31.0 h=2 st=3 c=-494 fc=3820000 cc=1 chg=
07-08 20:01:38.918  1130  2313 D BatteryService: Processing new values: info={.chargerAcOnline = false, .chargerUsbOnline = false, .chargerWirelessOnline = false, .maxChargingCurrent = 0, .maxChargingVoltage = 0, .batteryStatus = DISCHARGING, .batteryHealth = GOOD, .batteryPresent = true, .batteryLevel = 55, .batteryVoltage = 3739, .batteryTemperature = 310, .batteryCurrent = -494, .batteryCycleCount = 1, .batteryFullCharge = 3820000, .batteryChargeCounter = 1722181, .batteryTechnology = Li-ion, .chargerRealType = , .chargingVoltage = 0, .batteryID = 100000}, mBatteryLevelCritical=false, mPlugType=0
07-08 20:01:38.922  1130  2313 D BatteryService: Sending ACTION_BATTERY_CHANGED. scale:100, info:{.chargerAcOnline = false, .chargerUsbOnline = false, .chargerWirelessOnline = false, .maxChargingCurrent = 0, .maxChargingVoltage = 0, .batteryStatus = DISCHARGING, .batteryHealth = GOOD, .batteryPresent = true, .batteryLevel = 55, .batteryVoltage = 3739, .batteryTemperature = 310, .batteryCurrent = -494, .batteryCycleCount = 1, .batteryFullCharge = 3820000, .batteryChargeCounter = 1722181, .batteryTechnology = Li-ion, .chargerRealType = , .chargingVoltage = 0, .batteryID = 100000}
07-08 20:01:38.948     0     0 I msm-dwc3 a800000.ssusb: Avail curr from USB = 100
07-08 20:01:38.948     0     0 E PMI     : smblib_set_icl_current:  ****** Charger : 4, cradle: 0, ICL: 100000
07-08 20:01:38.950     0     0 F -----------> timestamp: 2026.07.08-20:01:38 (total suspend time: 0 Sec)
07-08 20:01:38.954     0     0 I android_work: did not send uevent (0 0 0000000000000000)
07-08 20:01:38.954     0     0 I oom_reaper: reaped process 3437 (timeinitializer), now anon-rss:0kB, file-rss:0kB, shmem-rss:588kB
07-08 20:01:39.025  1130  1666 V UsbDeviceManager: USB UEVENT: {SUBSYSTEM=android_usb, SEQNUM=5989, ACTION=change, USB_STATE=CONNECTED, DEVPATH=/devices/virtual/android_usb/android0}
07-08 20:01:39.027  1130  1239 D UsbDeviceManager: broadcasting Intent { act=android.hardware.usb.action.USB_STATE flg=0x31000000 (has extras) } extras: Bundle[{host_connected=false, connected=true, unlocked=true, adb=true, mtp=true, configured=false}]
07-08 20:01:39.036     0     0 I android_work: sent uevent USB_STATE=CONNECTED
07-08 20:01:39.033  1130  4090 I ActivityManager: Process com.android.onetimeinitializer (pid 3437) has died: cch+65 CEM 
07-08 20:01:39.086     0     0 I configfs-gadget gadget: high-speed config #1: b
07-08 20:01:39.086     0     0 I msm-dwc3 a800000.ssusb: Avail curr from USB = 500
07-08 20:01:39.092     0     0 E PMI     : smblib_set_icl_current:  ****** Charger : 4, cradle: 0, ICL: 50000
07-08 20:01:39.098     0     0 E PMI     : set_sdp_current: ICL 50000uA isn't supported for SDP
07-08 20:01:39.107     0     0 E PMI     : smblib_set_icl_current: Couldn't set SDP ICL rc=-22
07-08 20:01:39.111     0     0 E PMI     : smblib_set_icl_current:  ****** Charger : 4, cradle: 0, ICL: 500000
07-08 20:01:39.107  1130  1666 V UsbDeviceManager: USB UEVENT: {SUBSYSTEM=android_usb, SEQNUM=5990, ACTION=change, USB_STATE=CONFIGURED, DEVPATH=/devices/virtual/android_usb/android0}
07-08 20:01:39.110  1130  1239 D UsbDeviceManager: broadcasting Intent { act=android.hardware.usb.action.USB_STATE flg=0x31000000 (has extras) } extras: Bundle[{host_connected=false, connected=true, unlocked=true, adb=true, mtp=true, configured=true}]
07-08 20:01:39.122     0     0 I android_work: sent uevent USB_STATE=CONFIGURED
07-08 20:01:39.157     0     0 I         : mtp_open
07-08 20:01:39.383  1130  1130 W Looper  : Slow dispatch took 355ms main h=android.app.ActivityThread$H c=android.app.LoadedApk$ReceiverDispatcher$Args$$ExternalSyntheticLambda0@c719278 m=0
07-08 20:01:39.385  1130  1130 W Looper  : Slow delivery took 356ms main h=android.app.ActivityThread$H c=android.app.LoadedApk$ReceiverDispatcher$Args$$ExternalSyntheticLambda0@7cc1d51 m=0
07-08 20:01:39.525     0     0 I binder  : 3457:3472 ioctl c0306201 7c0c4139b8 returned -14
07-08 20:01:39.539     0     0 I oom_reaper: reaped process 3457 (ackageinstaller), now anon-rss:0kB, file-rss:0kB, shmem-rss:588kB
07-08 20:01:39.545     0     0 W healthd : charger type:  USB, VBUS Volt: 4863281
07-08 20:01:39.548     0     0 W healthd : battery l=55 v=3739 t=31.0 h=2 st=4 c=-494 fc=3820000 cc=1 chg=u
07-08 20:01:39.571  1130  1151 I ActivityManager: Process com.android.packageinstaller (pid 3457) has died: cch+65 CEM 
07-08 20:01:39.574  1130  1130 W Looper  : Drained
07-08 20:01:39.596     0     0 I FG      : fg_cycle_counter_update: batt_soc: 115 bucket: 3 chg_status: 1
07-08 20:01:39.598     0     0 I FG      : fg_charge_full_update: msoc: 53 bsoc: 7369 health: 1 status: 1 full: 0
07-08 20:01:39.603     0     0 I FG      : fg_adjust_recharge_voltage: health: 1 chg_status: 1 chg_done: 0
07-08 20:01:39.611     0     0 I FG      : fg_adjust_ki_coeff_full_soc: Wrote ki_coeff_full_soc 733
07-08 20:01:39.618     0     0 I FG      : status_change_work: charge_status:1 charge_type:3 charge_done:0
07-08 20:01:39.666  1130  2313 D BatteryService: Processing new values: info={.chargerAcOnline = false, .chargerUsbOnline = true, .chargerWirelessOnline = false, .maxChargingCurrent = 500000, .maxChargingVoltage = 5000000, .batteryStatus = NOT_CHARGING, .batteryHealth = GOOD, .batteryPresent = true, .batteryLevel = 55, .batteryVoltage = 3739, .batteryTemperature = 310, .batteryCurrent = -494, .batteryCycleCount = 1, .batteryFullCharge = 3820000, .batteryChargeCounter = 1722181, .batteryTechnology = Li-ion, .chargerRealType = USB, .chargingVoltage = 4863281, .batteryID = 100000}, mBatteryLevelCritical=false, mPlugType=2
07-08 20:01:39.668  1130  2313 D BatteryService: Sending ACTION_BATTERY_CHANGED. scale:100, info:{.chargerAcOnline = false, .chargerUsbOnline = true, .chargerWirelessOnline = false, .maxChargingCurrent = 500000, .maxChargingVoltage = 5000000, .batteryStatus = NOT_CHARGING, .batteryHealth = GOOD, .batteryPresent = true, .batteryLevel = 55, .batteryVoltage = 3739, .batteryTemperature = 310, .batteryCurrent = -494, .batteryCycleCount = 1, .batteryFullCharge = 3820000, .batteryChargeCounter = 1722181, .batteryTechnology = Li-ion, .chargerRealType = USB, .chargingVoltage = 4863281, .batteryID = 100000}
07-08 20:01:39.672  1130  1242 I EntropyMixer: Writing entropy...
07-08 20:01:39.676     0     0 W healthd : charger type:  USB, VBUS Volt: 4863281
07-08 20:01:39.777  1130  1130 W Looper  : Slow dispatch took 103ms main h=com.android.server.power.Notifier$NotifierHandler c=null m=6
07-08 20:01:39.865     0     0 W healthd : charger type:  USB, VBUS Volt: 4863281
07-08 20:01:39.865     0     0 W healthd : battery l=55 v=3739 t=31.0 h=2 st=2 c=-494 fc=3820000 cc=1 chg=u
07-08 20:01:39.920     0     0 W audit   : audit_lost=27 audit_rate_limit=5 audit_backlog_limit=64
07-08 20:01:39.922     0     0 E audit   : rate limit exceeded
07-08 20:01:39.995     0     0 W healthd : charger type:  USB, VBUS Volt: 4863281
07-08 20:01:39.985  1130  2313 D BatteryService: Processing new values: info={.chargerAcOnline = false, .chargerUsbOnline = true, .chargerWirelessOnline = false, .maxChargingCurrent = 500000, .maxChargingVoltage = 5000000, .batteryStatus = CHARGING, .batteryHealth = GOOD, .batteryPresent = true, .batteryLevel = 55, .batteryVoltage = 3731, .batteryTemperature = 310, .batteryCurrent = -530, .batteryCycleCount = 1, .batteryFullCharge = 3820000, .batteryChargeCounter = 1721964, .batteryTechnology = Li-ion, .chargerRealType = USB, .chargingVoltage = 4863281, .batteryID = 100000}, mBatteryLevelCritical=false, mPlugType=2
07-08 20:01:39.986  1130  2313 D BatteryService: Sending ACTION_BATTERY_CHANGED. scale:100, info:{.chargerAcOnline = false, .chargerUsbOnline = true, .chargerWirelessOnline = false, .maxChargingCurrent = 500000, .maxChargingVoltage = 5000000, .batteryStatus = CHARGING, .batteryHealth = GOOD, .batteryPresent = true, .batteryLevel = 55, .batteryVoltage = 3731, .batteryTemperature = 310, .batteryCurrent = -530, .batteryCycleCount = 1, .batteryFullCharge = 3820000, .batteryChargeCounter = 1721964, .batteryTechnology = Li-ion, .chargerRealType = USB, .chargingVoltage = 4863281, .batteryID = 100000}
07-08 20:01:40.104     0     0 I oom_reaper: reaped process 3420 (gedprovisioning), now anon-rss:0kB, file-rss:0kB, shmem-rss:588kB
07-08 20:01:40.138  1130  1151 I ActivityManager: Process com.android.managedprovisioning (pid 3420) has died: cch+65 CEM 
07-08 20:01:40.434     0     0 I binder  : 4178:4178 ioctl 40046210 7ff1283524 returned -22
07-08 20:01:40.678     0     0 I binder  : 3498:3513 ioctl c0306201 7c0c4139b8 returned -14
07-08 20:01:40.685     0     0 I oom_reaper: reaped process 3498 (m.android.shell), now anon-rss:0kB, file-rss:0kB, shmem-rss:588kB
07-08 20:01:40.757  1130  1665 I ActivityManager: Process com.android.shell (pid 3498) has died: cch+55 CEM 
07-08 20:01:41.287     0     0 I oom_reaper: reaped process 3516 (tatementservice), now anon-rss:0kB, file-rss:32kB, shmem-rss:588kB
07-08 20:01:41.363  1130  1151 I ActivityManager: Process com.android.statementservice (pid 3516) has died: cch+55 CEM 
07-08 20:01:41.879     0     0 I oom_reaper: reaped process 3540 (m.ctb.assistant), now anon-rss:0kB, file-rss:0kB, shmem-rss:588kB
07-08 20:01:41.948  1130  2276 I ActivityManager: Process com.ctb.assistant (pid 3540) has died: cch+95 CEM 
07-08 20:01:42.484     0     0 I oom_reaper: reaped process 3562 (com.ctb.log), now anon-rss:0kB, file-rss:0kB, shmem-rss:592kB
07-08 20:01:42.555  1130  2276 I ActivityManager: Process com.ctb.log (pid 3562) has died: cch+85 CEM 
07-08 20:01:43.017  1130  1151 I ActivityTaskManager: START u0 {act=android.intent.action.MAIN cat=[android.intent.category.LAUNCHER] flg=0x10008000 cmp=com.android.settings/.Settings$UsbDetailsActivity} from uid 1000
07-08 20:01:43.033  1130  1151 W ActivityTaskManager: Can't find TaskDisplayArea to determine support for multi window. Task id=413 attached=false
07-08 20:01:43.036  1130  1151 I ActivityTaskManager: Activity boosted, release it firstly
07-08 20:01:43.040  1130  1151 D CompatibilityChangeReporter: Compat change id reported: 197654537; UID 1000; state: ENABLED
07-08 20:01:43.044  1130  1151 D CompatibilityChangeReporter: Compat change id reported: 168419799; UID 1000; state: DISABLED
07-08 20:01:43.064     0     0 I binder  : 3581:3596 ioctl c0306201 7c0c4139b8 returned -14
07-08 20:01:43.055  1130  4090 I ActivityTaskManager: The Process com.android.settings Already Exists in BG. So sending its PID: 2475
07-08 20:01:43.056  1130  4090 W ActivityTaskManager: Tried to set launchTime (0) < mLastActivityLaunchTime (112230)
07-08 20:01:43.077     0     0 I oom_reaper: reaped process 3581 (tb.smartchecker), now anon-rss:0kB, file-rss:0kB, shmem-rss:588kB
07-08 20:01:43.128  1130  4090 I ActivityManager: Process com.ctb.smartchecker (pid 3581) has died: cch+55 CEM 
07-08 20:01:43.179  1130  1665 D CompatibilityChangeReporter: Compat change id reported: 197654537; UID 10128; state: ENABLED
07-08 20:01:43.241  4104  4104 E AndroidRuntime: FATAL EXCEPTION: main
07-08 20:01:43.241  4104  4104 E AndroidRuntime: Process: com.ctb.devicetest, PID: 4104
07-08 20:01:43.241  4104  4104 E AndroidRuntime: java.lang.RuntimeException: Unable to destroy activity {com.ctb.devicetest/com.ctb.devicetest.MainActivity}: java.lang.IllegalArgumentException: Receiver not registered: com.ctb.devicetest.MainActivity$2@b431c2f
07-08 20:01:43.241  4104  4104 E AndroidRuntime: 	at android.app.ActivityThread.performDestroyActivity(ActivityThread.java:5455)
07-08 20:01:43.241  4104  4104 E AndroidRuntime: 	at android.app.ActivityThread.handleDestroyActivity(ActivityThread.java:5488)
07-08 20:01:43.241  4104  4104 E AndroidRuntime: 	at android.app.servertransaction.DestroyActivityItem.execute(DestroyActivityItem.java:47)
07-08 20:01:43.241  4104  4104 E AndroidRuntime: 	at android.app.servertransaction.ActivityTransactionItem.execute(ActivityTransactionItem.java:45)
07-08 20:01:43.241  4104  4104 E AndroidRuntime: 	at android.app.servertransaction.TransactionExecutor.executeLifecycleState(TransactionExecutor.java:176)
07-08 20:01:43.241  4104  4104 E AndroidRuntime: 	at android.app.servertransaction.TransactionExecutor.execute(TransactionExecutor.java:97)
07-08 20:01:43.241  4104  4104 E AndroidRuntime: 	at android.app.ActivityThread$H.handleMessage(ActivityThread.java:2254)
07-08 20:01:43.241  4104  4104 E AndroidRuntime: 	at android.os.Handler.dispatchMessage(Handler.java:106)
07-08 20:01:43.241  4104  4104 E AndroidRuntime: 	at android.os.Looper.loopOnce(Looper.java:201)
07-08 20:01:43.241  4104  4104 E AndroidRuntime: 	at android.os.Looper.loop(Looper.java:288)
07-08 20:01:43.241  4104  4104 E AndroidRuntime: 	at android.app.ActivityThread.main(ActivityThread.java:7911)
07-08 20:01:43.241  4104  4104 E AndroidRuntime: 	at java.lang.reflect.Method.invoke(Native Method)
07-08 20:01:43.241  4104  4104 E AndroidRuntime: 	at com.android.internal.os.RuntimeInit$MethodAndArgsCaller.run(RuntimeInit.java:548)
07-08 20:01:43.241  4104  4104 E AndroidRuntime: 	at com.android.internal.os.ZygoteInit.main(ZygoteInit.java:1009)
07-08 20:01:43.241  4104  4104 E AndroidRuntime: Caused by: java.lang.IllegalArgumentException: Receiver not registered: com.ctb.devicetest.MainActivity$2@b431c2f
07-08 20:01:43.241  4104  4104 E AndroidRuntime: 	at android.app.LoadedApk.forgetReceiverDispatcher(LoadedApk.java:1555)
07-08 20:01:43.241  4104  4104 E AndroidRuntime: 	at android.app.ContextImpl.unregisterReceiver(ContextImpl.java:1797)
07-08 20:01:43.241  4104  4104 E AndroidRuntime: 	at android.content.ContextWrapper.unregisterReceiver(ContextWrapper.java:769)
07-08 20:01:43.241  4104  4104 E AndroidRuntime: 	at android.content.ContextWrapper.unregisterReceiver(ContextWrapper.java:769)
07-08 20:01:43.241  4104  4104 E AndroidRuntime: 	at com.ctb.devicetest.MainActivity.onDestroy(MainActivity.java:397)
07-08 20:01:43.241  4104  4104 E AndroidRuntime: 	at android.app.Activity.performDestroy(Activity.java:8319)
07-08 20:01:43.241  4104  4104 E AndroidRuntime: 	at android.app.Instrumentation.callActivityOnDestroy(Instrumentation.java:1377)
07-08 20:01:43.241  4104  4104 E AndroidRuntime: 	at android.app.ActivityThread.performDestroyActivity(ActivityThread.java:5442)
07-08 20:01:43.241  4104  4104 E AndroidRuntime: 	... 13 more
07-08 20:01:43.248  1130  4196 I DropBoxManagerService: add tag=system_app_crash isTagEnabled=true flags=0x2
07-08 20:01:43.382  1130  1665 I ActivityManager: Process com.ctb.devicetest (pid 4104) has died: cch+5 CEM 
07-08 20:01:43.385  1130  1151 I WindowManager: WIN DEATH: Window{a0db22a u0 com.ctb.devicetest/com.ctb.devicetest.MainActivity}
07-08 20:01:43.398  1130  1243 W ActivityManager: setHasOverlayUi called on unknown pid: 4104
07-08 20:01:43.398  1130  1244 W ActivityTaskManager: Can't find TaskDisplayArea to determine support for multi window. Task id=412 attached=false
07-08 20:01:43.399  1130  1244 W ActivityTaskManager: Can't find TaskDisplayArea to determine support for multi window. Task id=412 attached=false
07-08 20:01:43.399  1130  1297 W UsageStatsService: Unexpected activity event reported! (com.ctb.devicetest/com.ctb.devicetest.MainActivity event : 23 instanceId : 191496941)
07-08 20:01:44.189  1130  1665 D UsbDeviceManager: setCurrentFunctions(rndis)
07-08 20:01:44.190  1130  1239 D UsbDeviceManager: setEnabledFunctions functions=32, forceRestart=false, usbDataUnlocked=false
07-08 20:01:44.191  1130  1239 I UsbDeviceManager: Setting USB config to rndis,adb
07-08 20:01:44.191  1130  1239 D UsbDeviceManager: setUsbConfig(none)
07-08 20:01:44.204     0     0 I init    : processing action (sys.usb.config=none && sys.usb.configfs=1) from (/vendor/etc/init/hw/init.qcom.usb.rc:139)
07-08 20:01:44.209     0     0 I init    : Command 'rm /config/usb_gadget/g1/configs/b.1/f4' action=sys.usb.config=none && sys.usb.configfs=1 (/vendor/etc/init/hw/init.qcom.usb.rc:143) took 0ms and failed: unlink() failed: No such file or directory
07-08 20:01:44.215     0     0 I init    : Command 'rm /config/usb_gadget/g1/configs/b.1/f5' action=sys.usb.config=none && sys.usb.configfs=1 (/vendor/etc/init/hw/init.qcom.usb.rc:144) took 0ms and failed: unlink() failed: No such file or directory
07-08 20:01:44.234     0     0 I init    : Command 'rm /config/usb_gadget/g1/configs/b.1/f6' action=sys.usb.config=none && sys.usb.configfs=1 (/vendor/etc/init/hw/init.qcom.usb.rc:145) took 0ms and failed: unlink() failed: No such file or directory
07-08 20:01:44.254     0     0 I init    : Command 'rm /config/usb_gadget/g1/configs/b.1/f7' action=sys.usb.config=none && sys.usb.configfs=1 (/vendor/etc/init/hw/init.qcom.usb.rc:146) took 0ms and failed: unlink() failed: No such file or directory
07-08 20:01:44.275     0     0 I init    : Command 'rm /config/usb_gadget/g1/configs/b.1/f8' action=sys.usb.config=none && sys.usb.configfs=1 (/vendor/etc/init/hw/init.qcom.usb.rc:147) took 0ms and failed: unlink() failed: No such file or directory
07-08 20:01:44.294     0     0 I init    : Command 'rm /config/usb_gadget/g1/configs/b.1/f9' action=sys.usb.config=none && sys.usb.configfs=1 (/vendor/etc/init/hw/init.qcom.usb.rc:148) took 0ms and failed: unlink() failed: No such file or directory
07-08 20:01:44.313     0     0 I init    : processing action (sys.usb.config=none && sys.usb.configfs=1) from (/system/etc/init/hw/init.usb.configfs.rc:1)
07-08 20:01:44.334     0     0 I init    : Command 'write /config/usb_gadget/g1/UDC none' action=sys.usb.config=none && sys.usb.configfs=1 (/system/etc/init/hw/init.usb.configfs.rc:2) took 1ms and failed: Unable to write to file '/config/usb_gadget/g1/UDC': Unable to write file contents: No such device
07-08 20:01:44.347     0     0 I init    : Sending signal 9 to service 'adbd' (pid 4145) process group...
07-08 20:01:44.418  1130  2779 W AdbDebuggingManager: Read failed with count -1
07-08 20:01:44.444  1130  1239 D UsbDeviceManager: setUsbConfig(rndis,adb)
07-08 20:01:44.526     0     0 I         : read descriptors
07-08 20:01:44.526     0     0 I         : read strings
07-08 20:01:44.563     0     0 W         : ------------[ cut here ]------------
07-08 20:01:44.563     0     0 I         : ipa_get_lan_rx_napi not implemented for IPA ver 6
07-08 20:01:44.567     0     0 W         : WARNING: CPU: 4 PID: 508 at drivers/platform/msm/ipa/ipa_api.c:3727 ipa_get_lan_rx_napi+0x48/0x78
07-08 20:01:44.616  1130  2584 D UsbDeviceManager: setCurrentFunctions(mtp)
07-08 20:01:44.572     0     0 I         : Modules linked in: wlan(O) machine_dlkm(O) wcd934x_dlkm(O) wsa881x_dlkm(O) wcd9335_dlkm(O) cpe_lsm_dlkm(O) wcd_cpe_dlkm(O) msm_sdw_dlkm(O) swr_ctrl_dlkm(O) analog_cdc_dlkm(O) mbhc_dlkm(O) wcd9xxx_dlkm(O) wcd_core_dlkm(O) digital_cdc_dlkm(O) stub_dlkm(O) wcd_spi_dlkm(O) hdmi_dlkm(O) swr_dlkm(O) pinctrl_lpi_dlkm(O) pinctrl_wcd_dlkm(O) native_dlkm(O) platform_dlkm(O) usf_dlkm(O) q6_dlkm(O) adsp_loader_dlkm(O) wglink_dlkm(O) apr_dlkm(O) q6_notifier_dlkm(O) q6_pdr_dlkm(O) msm_11ad_proxy
07-08 20:01:44.603     0     0 I         : CPU: 4 PID: 508 Comm: init Tainted: G        W  O      4.19.157 #1
07-08 20:01:44.626     0     0 I Hardware name: Qualcomm Technologies, Inc. SDM 660 PM660 + PM660L MTP, VM65 MP11B (DT)
07-08 20:01:44.633     0     0 I pstate  : 60400005 (nZCv daif +PAN -UAO)
07-08 20:01:44.642     0     0 I pc      : ipa_get_lan_rx_napi+0x48/0x78
07-08 20:01:44.647     0     0 I lr      : ipa_get_lan_rx_napi+0x44/0x78
07-08 20:01:44.651     0     0 I sp      : ffffff80112037d0
07-08 20:01:44.655     0     0 I         : x29: ffffff80112037d0 x28: 00000000000001f4
07-08 20:01:44.659     0     0 I         : x27: ffffffe2a864c112 x26: ffffff97740c2000
07-08 20:01:44.664     0     0 I         : x25: 0000000000000001 x24: 0000000000000001
07-08 20:01:44.669     0     0 I         : x23: ffffff8011203938 x22: 0000000000000000
07-08 20:01:44.675     0     0 I         : x21: ffffffe2a864c0c0 x20: ffffff9774073f70
07-08 20:01:44.680     0     0 I         : x19: ffffffe2a864b680 x18: ffffffe379638008
07-08 20:01:44.685     0     0 I         : x17: 0000000000000b83 x16: 0000000000000001
07-08 20:01:44.691     0     0 I         : x15: 0000000000000000 x14: ffffff9773446c88
07-08 20:01:44.696     0     0 I         : x13: ffffff977114cb10 x12: ffffff9772f4b018
07-08 20:01:44.701     0     0 I         : x11: 0000000000000015 x10: 000000000682aaab
07-08 20:01:44.707     0     0 I         : x9 : 9179e8663d55b500 x8 : 9179e8663d55b500
07-08 20:01:44.712     0     0 I         : x7 : 00670018007800d0 x6 : ffffffe3738bc59e
07-08 20:01:44.717     0     0 I         : x5 : 0000000000000000 x4 : 000000000000000e
07-08 20:01:44.722     0     0 I         : x3 : ffffff8011203408 x2 : ffffff9771095e20
07-08 20:01:44.728     0     0 I         : x1 : ffffff977114cb10 x0 : 0000000000000000
07-08 20:01:44.733     0     0 I Call trace:  
07-08 20:01:44.738     0     0 I         : ipa_get_lan_rx_napi+0x48/0x78
07-08 20:01:44.740     0     0 I         : rndis_ipa_init+0xef0/0x18d8
07-08 20:01:44.745     0     0 I         : rndis_qc_bind+0x34/0x4ec
07-08 20:01:44.749     0     0 I         : usb_add_function+0xa4/0x1cc
07-08 20:01:44.752     0     0 I         : configfs_composite_bind+0x22c/0x310
07-08 20:01:44.756     0     0 I         : udc_bind_to_driver+0x74/0x120
07-08 20:01:44.761     0     0 I         : usb_gadget_probe_driver+0x138/0x160
07-08 20:01:44.765     0     0 I         : gadget_dev_desc_UDC_store+0xe8/0x12c
07-08 20:01:44.770     0     0 I         : configfs_write_file+0x16c/0x1cc
07-08 20:01:44.774     0     0 I         : __vfs_write+0x54/0x15c
07-08 20:01:44.778     0     0 I         : vfs_write+0xe4/0x1a0
07-08 20:01:44.782     0     0 I         : ksys_write+0x78/0xd8
07-08 20:01:44.785     0     0 I         : __arm64_sys_write+0x20/0x2c
07-08 20:01:44.788     0     0 I         : el0_svc_common+0xa0/0x170
07-08 20:01:44.792     0     0 I         : el0_svc_handler+0x78/0x94
07-08 20:01:44.796     0     0 I         : el0_svc+0x8/0xc
07-08 20:01:44.800     0     0 W         : ---[ end trace d96f4c750c685fd3 ]---
07-08 20:01:44.803     0     0 I         : RNDIS_IPA NetDev was initialized
07-08 20:01:44.860  1130  1666 V UsbDeviceManager: USB UEVENT: {SUBSYSTEM=android_usb, SEQNUM=5998, ACTION=change, USB_STATE=DISCONNECTED, DEVPATH=/devices/virtual/android_usb/android0}
07-08 20:01:44.870     0     0 I android_work: sent uevent USB_STATE=DISCONNECTED
07-08 20:01:44.899  1130  1239 W Looper  : Slow dispatch took 710ms android.fg h=com.android.server.usb.UsbDeviceManager$UsbHandlerLegacy c=null m=2
07-08 20:01:44.900  1130  1239 W Looper  : Slow delivery took 483ms android.fg h=com.android.server.adb.AdbDebuggingManager$AdbDebuggingHandler c=null m=27
07-08 20:01:44.903  1130  1239 D UsbDeviceManager: setEnabledFunctions functions=4, forceRestart=false, usbDataUnlocked=true
07-08 20:01:44.905  1130  1239 D UsbDeviceManager: Clear notification
07-08 20:01:44.908  1130  1239 D UsbDeviceManager: push notification:USB tethering turned on
07-08 20:01:44.909  1130  1239 I UsbDeviceManager: Setting USB config to mtp,adb
07-08 20:01:44.909  1130  1239 D UsbDeviceManager: setUsbConfig(none)
07-08 20:01:44.912  1130  1130 D CompatibilityChangeReporter: Compat change id reported: 175319604; UID 1000; state: ENABLED
07-08 20:01:44.914  1130  1130 D CompatibilityChangeReporter: Compat change id reported: 175319604; UID 1000; state: DISABLED
07-08 20:01:44.995     0     0 I         : RNDIS_IPA NetDev was cleaned
07-08 20:01:45.068  1130  1239 D UsbDeviceManager: setUsbConfig(mtp,adb)
07-08 20:01:45.073  1130  1239 D UsbDeviceManager: skip broadcasting Intent { act=android.hardware.usb.action.USB_STATE flg=0x31000000 (has extras) } extras: Bundle[{host_connected=false, connected=true, unlocked=true, adb=true, mtp=true, configured=true}]
07-08 20:01:45.121  1130  1130 W NotificationHistory: Attempted to add notif for locked/gone/disabled user 0
07-08 20:01:45.160     0     0 I         : read descriptors
07-08 20:01:45.160     0     0 I         : read strings
07-08 20:01:45.261     0     0 I android_work: did not send uevent (0 0 0000000000000000)
07-08 20:01:45.275  1130  1239 W Looper  : Slow dispatch took 372ms android.fg h=com.android.server.usb.UsbDeviceManager$UsbHandlerLegacy c=null m=2
07-08 20:01:45.363     0     0 I msm-dwc3 a800000.ssusb: Avail curr from USB = 2
07-08 20:01:45.377     0     0 I FG      : fg_cycle_counter_update: batt_soc: 115 bucket: 3 chg_status: 2
07-08 20:01:45.381     0     0 I FG      : fg_prime_cc_soc_sw: cc_soc_sw: 484034358
07-08 20:01:45.384     0     0 I FG      : fg_charge_full_update: msoc: 53 bsoc: 7367 health: 1 status: 2 full: 0
07-08 20:01:45.389     0     0 I FG      : fg_adjust_recharge_voltage: health: 1 chg_status: 2 chg_done: 0
07-08 20:01:45.406     0     0 I FG      : fg_adjust_ki_coeff_full_soc: Wrote ki_coeff_full_soc 0
07-08 20:01:45.406     0     0 I FG      : status_change_work: charge_status:2 charge_type:1 charge_done:0
07-08 20:01:45.415     0     0 W healthd : battery l=55 v=3829 t=31.0 h=2 st=3 c=25 fc=3820000 cc=1 chg=
07-08 20:01:45.419  1130  2313 D BatteryService: Processing new values: info={.chargerAcOnline = false, .chargerUsbOnline = false, .chargerWirelessOnline = false, .maxChargingCurrent = 0, .maxChargingVoltage = 0, .batteryStatus = DISCHARGING, .batteryHealth = GOOD, .batteryPresent = true, .batteryLevel = 55, .batteryVoltage = 3829, .batteryTemperature = 310, .batteryCurrent = 25, .batteryCycleCount = 1, .batteryFullCharge = 3820000, .batteryChargeCounter = 1722025, .batteryTechnology = Li-ion, .chargerRealType = , .chargingVoltage = 0, .batteryID = 100000}, mBatteryLevelCritical=false, mPlugType=0
07-08 20:01:45.421  1130  2313 D BatteryService: Sending ACTION_BATTERY_CHANGED. scale:100, info:{.chargerAcOnline = false, .chargerUsbOnline = false, .chargerWirelessOnline = false, .maxChargingCurrent = 0, .maxChargingVoltage = 0, .batteryStatus = DISCHARGING, .batteryHealth = GOOD, .batteryPresent = true, .batteryLevel = 55, .batteryVoltage = 3829, .batteryTemperature = 310, .batteryCurrent = 25, .batteryCycleCount = 1, .batteryFullCharge = 3820000, .batteryChargeCounter = 1722025, .batteryTechnology = Li-ion, .chargerRealType = , .chargingVoltage = 0, .batteryID = 100000}
07-08 20:01:45.425  1130  1239 D UsbDeviceManager: Clear notification
07-08 20:01:45.428  1130  1239 D UsbDeviceManager: push notification:USB file transfer turned on
07-08 20:01:45.439     0     0 I oom_reaper: reaped process 3660 (nectionsecurity), now anon-rss:0kB, file-rss:0kB, shmem-rss:580kB
07-08 20:01:45.429  1130  1239 W Looper  : Drained
07-08 20:01:45.458     0     0 I msm-dwc3 a800000.ssusb: Avail curr from USB = 100
07-08 20:01:45.458     0     0 E PMI     : smblib_set_icl_current:  ****** Charger : 4, cradle: 0, ICL: 100000
07-08 20:01:45.464     0     0 I android_work: did not send uevent (0 0 0000000000000000)
07-08 20:01:45.504  1130  1665 I ActivityManager: Process com.qualcomm.qti.qms.service.connectionsecurity (pid 3660) has died: cch+45 CEM 
07-08 20:01:45.535  1130  1666 V UsbDeviceManager: USB UEVENT: {SUBSYSTEM=android_usb, SEQNUM=6005, ACTION=change, USB_STATE=CONNECTED, DEVPATH=/devices/virtual/android_usb/android0}
07-08 20:01:45.539  1130  1239 D UsbDeviceManager: broadcasting Intent { act=android.hardware.usb.action.USB_STATE flg=0x31000000 (has extras) } extras: Bundle[{host_connected=false, connected=true, unlocked=true, adb=true, mtp=true, configured=false}]
07-08 20:01:45.547     0     0 I android_work: sent uevent USB_STATE=CONNECTED
07-08 20:01:45.587     0     0 I configfs-gadget gadget: high-speed config #1: b
07-08 20:01:45.588     0     0 I msm-dwc3 a800000.ssusb: Avail curr from USB = 500
07-08 20:01:45.588     0     0 I         : mtp_release
07-08 20:01:45.592     0     0 E PMI     : smblib_set_icl_current:  ****** Charger : 4, cradle: 0, ICL: 50000
07-08 20:01:45.600     0     0 E PMI     : set_sdp_current: ICL 50000uA isn't supported for SDP
07-08 20:01:45.607     0     0 E PMI     : smblib_set_icl_current: Couldn't set SDP ICL rc=-22
07-08 20:01:45.610  1130  1666 V UsbDeviceManager: USB UEVENT: {SUBSYSTEM=android_usb, SEQNUM=6006, ACTION=change, USB_STATE=CONFIGURED, DEVPATH=/devices/virtual/android_usb/android0}
07-08 20:01:45.614     0     0 E PMI     : smblib_set_icl_current:  ****** Charger : 4, cradle: 0, ICL: 500000
07-08 20:01:45.612  1130  1239 D UsbDeviceManager: broadcasting Intent { act=android.hardware.usb.action.USB_STATE flg=0x31000000 (has extras) } extras: Bundle[{host_connected=false, connected=true, unlocked=true, adb=true, mtp=true, configured=true}]
07-08 20:01:45.625     0     0 I android_work: sent uevent USB_STATE=CONFIGURED
07-08 20:01:45.645     0     0 I         : mtp_open
07-08 20:01:45.900  1130  1130 W Looper  : Slow dispatch took 356ms main h=android.app.ActivityThread$H c=android.app.LoadedApk$ReceiverDispatcher$Args$$ExternalSyntheticLambda0@3449c55 m=0
07-08 20:01:45.901  1130  1130 W Looper  : Slow delivery took 359ms main h=android.app.ActivityThread$H c=android.app.LoadedApk$ReceiverDispatcher$Args$$ExternalSyntheticLambda0@a96a66a m=0
07-08 20:01:45.904  1130  1130 W NotificationHistory: Attempted to add notif for locked/gone/disabled user 0
07-08 20:01:45.906  1130  1130 W Looper  : Drained
07-08 20:01:46.045     0     0 W healthd : charger type:  USB, VBUS Volt: 4902343
07-08 20:01:46.045     0     0 W healthd : battery l=55 v=3618 t=31.0 h=2 st=4 c=-925 fc=3820000 cc=1 chg=u
07-08 20:01:46.125     0     0 I FG      : fg_cycle_counter_update: batt_soc: 115 bucket: 3 chg_status: 1
07-08 20:01:46.126     0     0 I FG      : fg_charge_full_update: msoc: 53 bsoc: 735f health: 1 status: 1 full: 0
07-08 20:01:46.131     0     0 I FG      : fg_adjust_recharge_voltage: health: 1 chg_status: 1 chg_done: 0
07-08 20:01:46.140     0     0 I FG      : fg_adjust_ki_coeff_full_soc: Wrote ki_coeff_full_soc 733
07-08 20:01:46.146     0     0 I FG      : status_change_work: charge_status:1 charge_type:3 charge_done:0
07-08 20:01:46.165  1130  2313 D BatteryService: Processing new values: info={.chargerAcOnline = false, .chargerUsbOnline = true, .chargerWirelessOnline = false, .maxChargingCurrent = 500000, .maxChargingVoltage = 5000000, .batteryStatus = NOT_CHARGING, .batteryHealth = GOOD, .batteryPresent = true, .batteryLevel = 55, .batteryVoltage = 3618, .batteryTemperature = 310, .batteryCurrent = -925, .batteryCycleCount = 1, .batteryFullCharge = 3820000, .batteryChargeCounter = 1721647, .batteryTechnology = Li-ion, .chargerRealType = USB, .chargingVoltage = 4882812, .batteryID = 100000}, mBatteryLevelCritical=false, mPlugType=2
07-08 20:01:46.168  1130  2313 D BatteryService: Sending ACTION_BATTERY_CHANGED. scale:100, info:{.chargerAcOnline = false, .chargerUsbOnline = true, .chargerWirelessOnline = false, .maxChargingCurrent = 500000, .maxChargingVoltage = 5000000, .batteryStatus = NOT_CHARGING, .batteryHealth = GOOD, .batteryPresent = true, .batteryLevel = 55, .batteryVoltage = 3618, .batteryTemperature = 310, .batteryCurrent = -925, .batteryCycleCount = 1, .batteryFullCharge = 3820000, .batteryChargeCounter = 1721647, .batteryTechnology = Li-ion, .chargerRealType = USB, .chargingVoltage = 4882812, .batteryID = 100000}
07-08 20:01:46.171  1130  1242 I EntropyMixer: Writing entropy...
07-08 20:01:46.175     0     0 W healthd : charger type:  USB, VBUS Volt: 4882812
07-08 20:01:46.284  1130  1130 W Looper  : Slow dispatch took 109ms main h=com.android.server.power.Notifier$NotifierHandler c=null m=6
07-08 20:01:46.365     0     0 W healthd : charger type:  USB, VBUS Volt: 4863281
07-08 20:01:46.368     0     0 W healthd : battery l=55 v=3618 t=31.0 h=2 st=2 c=-925 fc=3820000 cc=1 chg=u
07-08 20:01:46.496     0     0 W healthd : charger type:  USB, VBUS Volt: 4863281
07-08 20:01:46.488  1130  2313 D BatteryService: Processing new values: info={.chargerAcOnline = false, .chargerUsbOnline = true, .chargerWirelessOnline = false, .maxChargingCurrent = 500000, .maxChargingVoltage = 5000000, .batteryStatus = CHARGING, .batteryHealth = GOOD, .batteryPresent = true, .batteryLevel = 55, .batteryVoltage = 3618, .batteryTemperature = 310, .batteryCurrent = -925, .batteryCycleCount = 1, .batteryFullCharge = 3820000, .batteryChargeCounter = 1721647, .batteryTechnology = Li-ion, .chargerRealType = USB, .chargingVoltage = 4863281, .batteryID = 100000}, mBatteryLevelCritical=false, mPlugType=2
07-08 20:01:46.491  1130  2313 D BatteryService: Sending ACTION_BATTERY_CHANGED. scale:100, info:{.chargerAcOnline = false, .chargerUsbOnline = true, .chargerWirelessOnline = false, .maxChargingCurrent = 500000, .maxChargingVoltage = 5000000, .batteryStatus = CHARGING, .batteryHealth = GOOD, .batteryPresent = true, .batteryLevel = 55, .batteryVoltage = 3618, .batteryTemperature = 310, .batteryCurrent = -925, .batteryCycleCount = 1, .batteryFullCharge = 3820000, .batteryChargeCounter = 1721647, .batteryTechnology = Li-ion, .chargerRealType = USB, .chargingVoltage = 4863281, .batteryID = 100000}
07-08 20:01:47.772     0     0 I binder  : 4231:4231 ioctl 40046210 7fd2b93084 returned -22
07-08 20:01:48.382     0     0 I binder  : 4240:4240 ioctl 40046210 7feb5cbce4 returned -22
07-08 20:01:48.981     0     0 I binder  : 4249:4249 ioctl 40046210 7fdd44c384 returned -22
07-08 20:01:49.269  1130  1303 W ActivityManager: Stopping service due to app idle: u0a103 -1m18s973ms com.ctb.mms/.transaction.service.SmsReceiverService
07-08 20:01:49.571     0     0 I binder  : 4258:4258 ioctl 40046210 7ff4c9f5d4 returned -22
07-08 20:01:50.165     0     0 I binder  : 4267:4267 ioctl 40046210 7fe1f6e0c4 returned -22
07-08 20:02:00.025     0     0 I binder  : 4277:4277 ioctl 40046210 7ff44057a4 returned -22
07-08 20:02:39.189  1130  1399 V DisplayPowerController[0]: Brightness [0.05] reason changing to: 'manual [ dim ]', previous reason: 'manual'.
07-08 20:02:39.203  1130  1946 E DisplayDeviceConfig: requesting nits when no mapping exists.
07-08 20:02:39.204  1130  1946 E DisplayDeviceConfig: requesting nits when no mapping exists.
07-08 20:02:39.210  1130  1303 I DropBoxManagerService: add tag=system_server_wtf isTagEnabled=true flags=0x2
07-08 20:02:39.218  1130  1946 E DisplayDeviceConfig: requesting nits when no mapping exists.
07-08 20:02:39.218  1130  1946 E DisplayDeviceConfig: requesting nits when no mapping exists.
07-08 20:02:39.219  1130  1303 I DropBoxManagerService: add tag=system_server_wtf isTagEnabled=true flags=0x2
07-08 20:02:39.224  1130  1303 I DropBoxManagerService: add tag=system_server_wtf isTagEnabled=true flags=0x2
07-08 20:02:39.229  1130  1303 I DropBoxManagerService: add tag=system_server_wtf isTagEnabled=true flags=0x2
07-08 20:02:39.229  1130  1946 E DisplayDeviceConfig: requesting nits when no mapping exists.
07-08 20:02:39.230  1130  1946 E DisplayDeviceConfig: requesting nits when no mapping exists.
07-08 20:02:39.232  1130  1303 I DropBoxManagerService: add tag=system_server_wtf isTagEnabled=true flags=0x2
07-08 20:02:39.247  1130  1946 E DisplayDeviceConfig: requesting nits when no mapping exists.
07-08 20:02:39.249  1130  1946 E DisplayDeviceConfig: requesting nits when no mapping exists.
07-08 20:02:39.264  1130  1946 E DisplayDeviceConfig: requesting nits when no mapping exists.
07-08 20:02:39.265  1130  1946 E DisplayDeviceConfig: requesting nits when no mapping exists.
07-08 20:02:39.279  1130  1946 E DisplayDeviceConfig: requesting nits when no mapping exists.
07-08 20:02:39.280  1130  1946 E DisplayDeviceConfig: requesting nits when no mapping exists.
07-08 20:02:39.297  1130  1946 E DisplayDeviceConfig: requesting nits when no mapping exists.
07-08 20:02:39.299  1130  1946 E DisplayDeviceConfig: requesting nits when no mapping exists.
07-08 20:02:39.316  1130  1946 E DisplayDeviceConfig: requesting nits when no mapping exists.
07-08 20:02:39.318  1130  1946 E DisplayDeviceConfig: requesting nits when no mapping exists.
07-08 20:02:39.331  1130  1946 E DisplayDeviceConfig: requesting nits when no mapping exists.
07-08 20:02:39.332  1130  1946 E DisplayDeviceConfig: requesting nits when no mapping exists.
07-08 20:02:39.348  1130  1946 E DisplayDeviceConfig: requesting nits when no mapping exists.
07-08 20:02:39.349  1130  1946 E DisplayDeviceConfig: requesting nits when no mapping exists.
07-08 20:02:39.369  1130  1946 E DisplayDeviceConfig: requesting nits when no mapping exists.
07-08 20:02:39.371  1130  1946 E DisplayDeviceConfig: requesting nits when no mapping exists.
07-08 20:02:39.380  1130  1946 E DisplayDeviceConfig: requesting nits when no mapping exists.
07-08 20:02:39.381  1130  1946 E DisplayDeviceConfig: requesting nits when no mapping exists.
07-08 20:02:39.402  1130  1946 E DisplayDeviceConfig: requesting nits when no mapping exists.
07-08 20:02:39.404  1130  1946 E DisplayDeviceConfig: requesting nits when no mapping exists.
07-08 20:02:39.417  1130  1946 E DisplayDeviceConfig: requesting nits when no mapping exists.
07-08 20:02:39.417  1130  1946 E DisplayDeviceConfig: requesting nits when no mapping exists.
07-08 20:02:39.432  1130  1946 E DisplayDeviceConfig: requesting nits when no mapping exists.
07-08 20:02:39.433  1130  1946 E DisplayDeviceConfig: requesting nits when no mapping exists.
07-08 20:02:39.448  1130  1946 E DisplayDeviceConfig: requesting nits when no mapping exists.
07-08 20:02:39.448  1130  1946 E DisplayDeviceConfig: requesting nits when no mapping exists.
07-08 20:02:39.466  1130  1946 E DisplayDeviceConfig: requesting nits when no mapping exists.
07-08 20:02:39.468  1130  1946 E DisplayDeviceConfig: requesting nits when no mapping exists.
07-08 20:02:39.482  1130  1946 E DisplayDeviceConfig: requesting nits when no mapping exists.
07-08 20:02:39.483  1130  1946 E DisplayDeviceConfig: requesting nits when no mapping exists.
07-08 20:02:39.500  1130  1946 E DisplayDeviceConfig: requesting nits when no mapping exists.
07-08 20:02:39.501  1130  1946 E DisplayDeviceConfig: requesting nits when no mapping exists.
07-08 20:02:39.520  1130  1946 E DisplayDeviceConfig: requesting nits when no mapping exists.
07-08 20:02:39.522  1130  1946 E DisplayDeviceConfig: requesting nits when no mapping exists.
07-08 20:02:39.532  1130  1946 E DisplayDeviceConfig: requesting nits when no mapping exists.
07-08 20:02:39.533  1130  1946 E DisplayDeviceConfig: requesting nits when no mapping exists.
07-08 20:02:39.549  1130  1946 E DisplayDeviceConfig: requesting nits when no mapping exists.
07-08 20:02:39.550  1130  1946 E DisplayDeviceConfig: requesting nits when no mapping exists.
07-08 20:02:39.569  1130  1946 E DisplayDeviceConfig: requesting nits when no mapping exists.
07-08 20:02:39.571  1130  1946 E DisplayDeviceConfig: requesting nits when no mapping exists.
07-08 20:02:39.583  1130  1946 E DisplayDeviceConfig: requesting nits when no mapping exists.
07-08 20:02:39.584  1130  1946 E DisplayDeviceConfig: requesting nits when no mapping exists.
07-08 20:02:39.601  1130  1946 E DisplayDeviceConfig: requesting nits when no mapping exists.
07-08 20:02:39.601  1130  1946 E DisplayDeviceConfig: requesting nits when no mapping exists.
07-08 20:02:39.622  1130  1946 E DisplayDeviceConfig: requesting nits when no mapping exists.
07-08 20:02:39.624  1130  1946 E DisplayDeviceConfig: requesting nits when no mapping exists.
07-08 20:02:39.636  1130  1946 E DisplayDeviceConfig: requesting nits when no mapping exists.
07-08 20:02:39.636  1130  1946 E DisplayDeviceConfig: requesting nits when no mapping exists.
07-08 20:02:39.651  1130  1946 E DisplayDeviceConfig: requesting nits when no mapping exists.
07-08 20:02:39.652  1130  1946 E DisplayDeviceConfig: requesting nits when no mapping exists.
07-08 20:02:39.672  1130  1946 E DisplayDeviceConfig: requesting nits when no mapping exists.
07-08 20:02:39.674  1130  1946 E DisplayDeviceConfig: requesting nits when no mapping exists.
07-08 20:02:39.686  1130  1946 E DisplayDeviceConfig: requesting nits when no mapping exists.
07-08 20:02:39.687  1130  1946 E DisplayDeviceConfig: requesting nits when no mapping exists.
07-08 20:02:39.700  1130  1946 E DisplayDeviceConfig: requesting nits when no mapping exists.
07-08 20:02:39.701  1130  1946 E DisplayDeviceConfig: requesting nits when no mapping exists.
07-08 20:02:39.719  1130  1946 E DisplayDeviceConfig: requesting nits when no mapping exists.
07-08 20:02:39.722  1130  1946 E DisplayDeviceConfig: requesting nits when no mapping exists.
07-08 20:02:39.734  1130  1946 E DisplayDeviceConfig: requesting nits when no mapping exists.
07-08 20:02:39.734  1130  1946 E DisplayDeviceConfig: requesting nits when no mapping exists.
07-08 20:02:39.751  1130  1946 E DisplayDeviceConfig: requesting nits when no mapping exists.
07-08 20:02:39.752  1130  1946 E DisplayDeviceConfig: requesting nits when no mapping exists.
07-08 20:02:39.767  1130  1946 E DisplayDeviceConfig: requesting nits when no mapping exists.
07-08 20:02:39.768  1130  1946 E DisplayDeviceConfig: requesting nits when no mapping exists.
07-08 20:02:39.788  1130  1946 E DisplayDeviceConfig: requesting nits when no mapping exists.
07-08 20:02:39.790  1130  1946 E DisplayDeviceConfig: requesting nits when no mapping exists.
07-08 20:02:39.799  1130  1946 E DisplayDeviceConfig: requesting nits when no mapping exists.
07-08 20:02:39.800  1130  1946 E DisplayDeviceConfig: requesting nits when no mapping exists.
07-08 20:02:39.819  1130  1946 E DisplayDeviceConfig: requesting nits when no mapping exists.
07-08 20:02:39.821  1130  1946 E DisplayDeviceConfig: requesting nits when no mapping exists.
07-08 20:02:39.835  1130  1946 E DisplayDeviceConfig: requesting nits when no mapping exists.
07-08 20:02:39.837  1130  1946 E DisplayDeviceConfig: requesting nits when no mapping exists.
07-08 20:02:39.851  1130  1946 E DisplayDeviceConfig: requesting nits when no mapping exists.
07-08 20:02:39.851  1130  1946 E DisplayDeviceConfig: requesting nits when no mapping exists.
07-08 20:02:39.870  1130  1946 E DisplayDeviceConfig: requesting nits when no mapping exists.
07-08 20:02:39.872  1130  1946 E DisplayDeviceConfig: requesting nits when no mapping exists.
07-08 20:02:39.885  1130  1946 E DisplayDeviceConfig: requesting nits when no mapping exists.
07-08 20:02:39.887  1130  1946 E DisplayDeviceConfig: requesting nits when no mapping exists.
07-08 20:02:39.901  1130  1946 E DisplayDeviceConfig: requesting nits when no mapping exists.
07-08 20:02:39.902  1130  1946 E DisplayDeviceConfig: requesting nits when no mapping exists.
07-08 20:02:39.920  1130  1946 E DisplayDeviceConfig: requesting nits when no mapping exists.
07-08 20:02:39.922  1130  1946 E DisplayDeviceConfig: requesting nits when no mapping exists.
