01-17 13:38:52.407   571   571 D vold    : Added fscrypt-provisioning key for d7b2329f0865bf23b83e6575758df28d to session keyring
01-17 13:38:52.407   571   571 D vold    : Installed de key for user 0
01-17 13:38:52.407   571   571 D vold    : fscrypt_prepare_user_storage for volume null, user 0, serial 0, flags 1
01-17 13:38:52.408   571   571 D vold    : Preparing: /data/system/users/0
01-17 13:38:52.409   571   571 D vold    : Preparing: /data/misc/profiles/cur/0
01-17 13:38:52.411   571   571 D vold    : Preparing: /data/system_de/0
01-17 13:38:52.412   571   571 D vold    : Preparing: /data/misc_de/0
01-17 13:38:52.413   571   571 D vold    : Preparing: /data/vendor_de/0
01-17 13:38:52.414   571   571 D vold    : Preparing: /data/user_de/0
01-17 13:38:52.416   571   571 I vold    : Verified that /data/system_de/0 has the encryption policy d7b2329f0865bf23b83e6575758df28d v2 modes 1/4 flags 0x12
01-17 13:38:52.416   571   571 I vold    : Verified that /data/misc_de/0 has the encryption policy d7b2329f0865bf23b83e6575758df28d v2 modes 1/4 flags 0x12
01-17 13:38:52.417   571   571 I vold    : Verified that /data/vendor_de/0 has the encryption policy d7b2329f0865bf23b83e6575758df28d v2 modes 1/4 flags 0x12
01-17 13:38:52.418   571   571 I vold    : Verified that /data/user_de/0 has the encryption policy d7b2329f0865bf23b83e6575758df28d v2 modes 1/4 flags 0x12
01-17 13:38:52.418   571   571 D vold    : /system/bin/vold_prepare_subdirs
01-17 13:38:52.418   571   571 D vold    :     prepare
01-17 13:38:52.419   571   571 D vold    :     
01-17 13:38:52.419   571   571 D vold    :     0
01-17 13:38:52.419   571   571 D vold    :     1
01-17 13:38:52.563   571   571 D vold    : Detected support for FS_IOC_ADD_ENCRYPTION_KEY
01-17 13:38:52.984     0     0 I apexd   : This device does not support updatable APEX. Exiting
01-17 13:38:52.984     0     0 I apexd   : Marking APEXd as ready
01-17 13:38:53.032     0     0 I init    : SVC_EXEC service 'exec 13 (/system/bin/tzdatacheck /apex/com.android.tzdata/etc/tz /data/misc/zoneinfo)' pid 685 (uid 1000 gid 1000+0 context default) started; waiting...
01-17 13:38:53.079     0     0 I init    : Service 'exec 13 (/system/bin/tzdatacheck /apex/com.android.tzdata/etc/tz /data/misc/zoneinfo)' (pid 685) exited with status 0 waiting took 0.055000 seconds
01-17 13:38:53.079     0     0 I init    : Sending signal 9 to service 'exec 13 (/system/bin/tzdatacheck /apex/com.android.tzdata/etc/tz /data/misc/zoneinfo)' (pid 685) process group...
01-17 13:38:53.094     0     0 I libprocessgroup: Successfully killed process cgroup uid 1000 pid 685 in 0ms
01-17 13:38:53.114     0     0 I init    : processing action (post-fs-data) from (/system/etc/init/hw/init.usb.rc:6)
01-17 13:38:53.118     0     0 I init    : Verified that /data/adb has the encryption policy 67e8f6df1537f15cc65323381c21b2b4 v2 modes 1/4 flags 0x12
01-17 13:38:53.124     0     0 I init    : processing action (post-fs-data) from (/vendor/etc/init/hw/init.qcom.rc:228)
01-17 13:38:53.163     0     0 I init    : Command 'rm /data/vendor/radio/shmbus' action=post-fs-data (/vendor/etc/init/hw/init.qcom.rc:290) took 0ms and failed: unlink() failed: No such file or directory
01-17 13:38:53.195     0     0 I init    : Command 'copy /vendor/radio/qcril_database/qcrilNr.db /data/vendor/radio/qcrilNr_prebuilt.db' action=post-fs-data (/vendor/etc/init/hw/init.qcom.rc:361) took 0ms and failed: Could not read input file '/vendor/radio/qcril_database/qcrilNr.db': open() failed: No such file or directory
01-17 13:38:53.199     0     0 I init    : Command 'copy /vendor/etc/qcril_database/qcrilNr.db /data/vendor/radio/qcrilNr_prebuilt.db' action=post-fs-data (/vendor/etc/init/hw/init.qcom.rc:362) took 0ms and failed: Could not read input file '/vendor/etc/qcril_database/qcrilNr.db': open() failed: No such file or directory
01-17 13:38:53.299     0     0 W init    : Top-level directory needs encryption action, eg mkdir /data/vendor <mode> <uid> <gid> encryption=Require
01-17 13:38:53.300     0     0 I init    : Verified that /data/vendor has the encryption policy 67e8f6df1537f15cc65323381c21b2b4 v2 modes 1/4 flags 0x12
01-17 13:38:53.448     0     0 E ipa2_uc_state_check: 293 uC is not loaded
01-17 13:38:53.448     0     0 E ipa_sps_irq_control_all: 956 EP (5) not allocated.
01-17 13:38:53.450     0     0 I logd    : logd reinit
01-17 13:38:53.455     0     0 E ipa_sps_irq_control_all: 956 EP (5) not allocated.
01-17 13:38:53.461     0     0 E ipa2_uc_state_check: 293 uC is not loaded
01-17 13:38:53.462     0     0 E logd    : FrameworkListener: read() failed (Connection reset by peer)
01-17 13:38:53.490     0     0 E ipa2_uc_state_check: 293 uC is not loaded
01-17 13:38:53.490     0     0 E ipa_sps_irq_control_all: 956 EP (5) not allocated.
01-17 13:38:53.503     0     0 E ipa2_nat_del_cmd: 792 Nat table not initialized
01-17 13:38:53.503     0     0 E ipa_sps_irq_control_all: 956 EP (5) not allocated.
01-17 13:38:53.507     0     0 E ipa2_uc_state_check: 293 uC is not loaded
01-17 13:38:53.517     0     0 E ipa2_uc_state_check: 293 uC is not loaded
01-17 13:38:53.519     0     0 E ipa_sps_irq_control_all: 956 EP (5) not allocated.
01-17 13:38:53.528     0     0 E ipa_sps_irq_control_all: 956 EP (5) not allocated.
01-17 13:38:53.530     0     0 E ipa2_uc_state_check: 293 uC is not loaded
01-17 13:38:53.540     0     0 I binder  : 688:688 ioctl 40046210 7fc1be8664 returned -22
01-17 13:38:55.160     0     0 I update_verifier: Started with arg 1: nonencrypted
01-17 13:38:55.161     0     0 I binder  : 697:697 ioctl 40046210 7ff697a104 returned -22
01-17 13:38:55.165     0     0 D hw-ProcessState: Binder ioctl to enable oneway spam detection failed: Invalid argument
01-17 13:38:55.177     0     0 I update_verifier: Booting slot 0: isSlotMarkedSuccessful=1
01-17 13:38:55.180     0     0 I update_verifier: Leaving update_verifier.
01-17 13:38:55.299     0     0 W subsys-pil-tz 1a300000.qcom,turing: Falling back to syfs fallback for: cdsp.mdt
01-17 13:38:55.311     0     0 I ueventd : firmware: loading 'cdsp.mdt' for '/devices/platform/soc/1a300000.qcom,turing/firmware/cdsp.mdt'
01-17 13:38:55.312     0     0 I binder  : 698:698 ioctl 40046210 7fd91a16a4 returned -22
01-17 13:38:55.315     0     0 I ueventd : loading /devices/platform/soc/1a300000.qcom,turing/firmware/cdsp.mdt took 4ms
01-17 13:38:55.316     0     0 I subsys-pil-tz 1a300000.qcom,turing: cdsp: loading from 0x0000000094a00000 to 0x0000000095000000
01-17 13:38:55.328     0     0 W subsys-pil-tz 1a300000.qcom,turing: Falling back to syfs fallback for: cdsp.b02
01-17 13:38:55.336     0     0 W subsys-pil-tz 1a300000.qcom,turing: Falling back to syfs fallback for: cdsp.b03
01-17 13:38:55.336     0     0 W subsys-pil-tz 1a300000.qcom,turing: Falling back to syfs fallback for: cdsp.b04
01-17 13:38:55.346     0     0 W subsys-pil-tz 1a300000.qcom,turing: Falling back to syfs fallback for: cdsp.b05
01-17 13:38:55.346     0     0 W subsys-pil-tz 1a300000.qcom,turing: Falling back to syfs fallback for: cdsp.b06
01-17 13:38:55.354     0     0 W subsys-pil-tz 1a300000.qcom,turing: Falling back to syfs fallback for: cdsp.b07
01-17 13:38:55.359     0     0 I ueventd : firmware: loading 'cdsp.b04' for '/devices/platform/soc/1a300000.qcom,turing/firmware/cdsp.b04'
01-17 13:38:55.377     0     0 I ueventd : firmware: loading 'cdsp.b06' for '/devices/platform/soc/1a300000.qcom,turing/firmware/cdsp.b06'
01-17 13:38:55.391     0     0 I ueventd : firmware: loading 'cdsp.b02' for '/devices/platform/soc/1a300000.qcom,turing/firmware/cdsp.b02'
01-17 13:38:55.399     0     0 I ueventd : loading /devices/platform/soc/1a300000.qcom,turing/firmware/cdsp.b06 took 22ms
01-17 13:38:55.403     0     0 I ueventd : firmware: loading 'cdsp.b07' for '/devices/platform/soc/1a300000.qcom,turing/firmware/cdsp.b07'
01-17 13:38:55.407     0     0 I ueventd : loading /devices/platform/soc/1a300000.qcom,turing/firmware/cdsp.b07 took 3ms
01-17 13:38:55.407     0     0 I ueventd : loading /devices/platform/soc/1a300000.qcom,turing/firmware/cdsp.b04 took 48ms
01-17 13:38:55.415     0     0 I ueventd : firmware: loading 'cdsp.b03' for '/devices/platform/soc/1a300000.qcom,turing/firmware/cdsp.b03'
01-17 13:38:55.499     0     0 I subsys-pil-tz 1a300000.qcom,turing: cdsp: Brought out of reset
01-17 13:38:55.506     0     0 I subsys-pil-tz 1a300000.qcom,turing: Subsystem error monitoring/handling services are up
01-17 13:38:55.506     0     0 I subsys-pil-tz 1a300000.qcom,turing: cdsp: Power/Clock ready interrupt received
01-17 13:38:55.519     0     0 I qcom_smd_qrtr_probe: Entered
01-17 13:38:55.525     0     0 E sdm660-asoc-snd soc: sound-9335: populate_snd_card_dailinks: Invalid codec version 0
01-17 13:38:55.526     0     0 E sdm660-asoc-snd soc: sound-9335: msm_ext_cdc_init: Card uninitialized
01-17 13:38:55.530     0     0 I qcom_smd_qrtr_probe: SMD QRTR driver probed
01-17 13:38:55.530     0     0 I adsprpc : fastrpc_restart_notifier_cb: cdsp subsystem is up
01-17 13:38:55.557     0     0 E sdm660-asoc-snd soc: sound-9335: populate_snd_card_dailinks: Invalid codec version 0
01-17 13:38:55.557     0     0 E sdm660-asoc-snd soc: sound-9335: msm_ext_cdc_init: Card uninitialized
01-17 13:38:55.568     0     0 I adsprpc : fastrpc_rpmsg_probe: opened rpmsg channel for cdsp
01-17 13:38:55.594     0     0 E sdm660-asoc-snd soc: sound-9335: populate_snd_card_dailinks: Invalid codec version 0
01-17 13:38:55.594     0     0 E sdm660-asoc-snd soc: sound-9335: msm_ext_cdc_init: Card uninitialized
01-17 13:38:55.781     0     0 I binder  : 699:699 ioctl 40046210 7fd9ac03c4 returned -22
01-17 13:38:55.788     0     0 I binder  : 699:699 ioctl 40046210 7fd9ac06a4 returned -22
01-17 13:38:57.338     0     0 I binder  : 759:759 ioctl 40046210 7fc3d3ed44 returned -22
01-17 13:38:57.375     0     0 I binder  : 758:758 ioctl 40046210 ffc7aa68 returned -22
01-17 13:38:57.376     0     0 I binder  : 758:758 ioctl 40046210 ffc7aa70 returned -22
01-17 13:38:57.384     0     0 I binder  : 760:760 ioctl 40046210 7ffea8e8f4 returned -22
01-17 13:38:57.387     0     0 I binder  : 760:760 ioctl 40046210 7ffea8e8c4 returned -22
01-17 13:38:57.438     0     0 I binder  : 761:761 ioctl 40046210 7fca7052b4 returned -22
01-17 13:38:57.490     0     0 I binder  : 763:763 ioctl 40046210 ff9ea6d0 returned -22
01-17 13:38:57.532     0     0 I binder  : 762:762 ioctl 40046210 fffd9ce0 returned -22
01-17 13:38:57.533     0     0 I binder  : 762:762 ioctl 40046210 fffd9cc0 returned -22
01-17 13:38:57.579     0     0 I binder  : 766:766 ioctl 40046210 7fdfbe9084 returned -22
01-17 13:38:57.595     0     0 I binder  : 774:774 ioctl 40046210 7fd14945d4 returned -22
01-17 13:38:57.600     0     0 I binder  : 769:769 ioctl 40046210 7fc5a28474 returned -22
01-17 13:38:57.601     0     0 I binder  : 775:775 ioctl 40046210 7fdd6f16c4 returned -22
01-17 13:38:57.614     0     0 I binder  : 767:767 ioctl 40046210 7fc6689734 returned -22
01-17 13:38:57.625     0     0 W healthd : Unknown power supply type 'BMS'
01-17 13:38:57.626     0     0 W healthd : Unknown power supply type 'Main'
01-17 13:38:57.630     0     0 W healthd : batteryCapacityLevelPath not found
01-17 13:38:57.653     0     0 I binder  : 768:768 ioctl 40046210 7fe9439ef4 returned -22
01-17 13:38:57.656     0     0 I binder  : 768:768 ioctl 40046210 7fe9439ec4 returned -22
07-08 19:59:54.373     0     0 W healthd : battery l=55 v=3625 t=30.0 h=2 st=3 c=-956 fc=3820000 cc=1 chg=
07-08 19:59:54.398     0     0 I binder  : 776:776 ioctl 40046210 7fc6cc3114 returned -22
07-08 19:59:54.422     0     0 I binder  : 777:777 ioctl 40046210 7fca2548a4 returned -22
07-08 19:59:54.423     0     0 I binder  : 790:790 ioctl 40046210 7ffa4c2c54 returned -22
07-08 19:59:54.455     0     0 I binder  : 791:791 ioctl 40046210 7fc6fc7b84 returned -22
07-08 19:59:54.577     0     0 I binder  : 797:797 ioctl 40046210 7fc3b7d314 returned -22
07-08 19:59:54.579     0     0 I binder  : 797:797 ioctl 40046210 7fc3b7d2e4 returned -22
07-08 19:59:54.621     0     0 I binder  : 798:798 ioctl 40046210 7ff85471f4 returned -22
07-08 19:59:54.651   701   701 D Zygote32Timing: PostZygoteInitGC took to complete: 29ms
07-08 19:59:54.652   701   701 D Zygote32Timing: ZygoteInit took to complete: 49ms
07-08 19:59:54.696   794   794 I android.hardware.wifi@1.0-service: Wifi Hal is booting up...
07-08 19:59:54.708     0     0 I binder  : 794:794 ioctl 40046210 7fd3e640a4 returned -22
07-08 19:59:54.722     0     0 I binder  : 809:809 ioctl 40046210 7fe3eca344 returned -22
07-08 19:59:54.723   794   794 I HidlServiceManagement: Registered android.hardware.wifi@1.5::IWifi/default
07-08 19:59:54.758     0     0 I init    : starting service 'tui_comm-1-0'...
07-08 19:59:54.770   700   700 D Zygote64Timing: BeginPreload took to complete: 183ms
07-08 19:59:54.794     0     0 I binder  : 813:813 ioctl 40046210 7fefe2e224 returned -22
07-08 19:59:54.813     0     0 I binder  : 802:802 ioctl 40046210 7fce48b214 returned -22
07-08 19:59:54.813     0     0 I init    : starting service 'vendor.qti.vibrator'...
07-08 19:59:54.824     0     0 E mdss_dp_notify_clients: Invalid request NOTIFY_UNKNOWN --> NOTIFY_DISCONNECT
07-08 19:59:54.827     0     0 I binder  : 812:812 ioctl 40046210 7fd78bcc54 returned -22
07-08 19:59:54.833     0     0 I binder  : 812:812 ioctl 40046210 7fd78bcc24 returned -22
07-08 19:59:54.853     0     0 I binder  : 815:815 ioctl 40046210 7fe10b3b24 returned -22
07-08 19:59:54.864     0     0 I binder  : 818:818 ioctl 40046210 7fdded3944 returned -22
07-08 19:59:54.870     0     0 I init    : Command 'class_start hal' action=boot (/system/etc/init/hw/init.rc:1117) took 916ms and succeeded
07-08 19:59:54.876     0     0 I init    : starting service 'qcom-c_core-sh'...
07-08 19:59:54.907     0     0 I init    : starting service 'vendor.qrtr-ns'...
07-08 19:59:54.925     0     0 I binder  : 820:820 ioctl 40046210 7fdb85f974 returned -22
07-08 19:59:54.929     0     0 I binder  : 811:811 ioctl 40046210 7fe6388374 returned -22
07-08 19:59:54.935     0     0 I init    : starting service 'irsc_util'...
07-08 19:59:54.946     0     0 I binder  : 825:825 ioctl 40046210 7ff46a5e94 returned -22
07-08 19:59:54.968     0     0 E init    : Could not start service 'esepmdaemon' as part of class 'core': Cannot find '/system/vendor/bin/esepmdaemon': No such file or directory
07-08 19:59:54.968     0     0 I init    : starting service 'cs-early-boot'...
07-08 19:59:54.991     0     0 I coresight-remote-etm soc: turing_etm0: Connection established between QMI handle and 13 service
07-08 19:59:54.996     0     0 E diag    : In diag_send_peripheral_buffering_mode, buffering flag not set for 5
07-08 19:59:55.009   834   834 I irsc_util: Starting irsc tool
07-08 19:59:55.014   834   834 I irsc_util: Num of entries:298
07-08 19:59:55.015   834   834 I irsc_util: Ending irsc tool
07-08 19:59:55.031     0     0 I sysmon-qmi: ssctl_new_server: Connection established between QMI handle and adsp's SSCTL service
07-08 19:59:55.032     0     0 I coresight-remote-etm soc: audio_etm0: Connection established between QMI handle and 5 service
07-08 19:59:55.039     0     0 I init    : starting service 'vendor.per_mgr'...
07-08 19:59:55.040     0     0 E diag    : In diag_send_feature_mask_update, control channel is not open, p: 1, ffffff9774064400
07-08 19:59:55.046     0     0 E diag    : In diag_send_peripheral_buffering_mode, buffering flag not set for 1
07-08 19:59:55.050     0     0 I msm_pm_qos_add_request: add request
07-08 19:59:55.077     0     0 I init    : starting service 'vendor-sensor-sh'...
07-08 19:59:55.091     0     0 E msm_camera_request_gpio_table: 776 gpio 1211:CAM_VIO request fails
07-08 19:59:55.091     0     0 E msm_camera_request_gpio_table: 776 gpio 1217:CAM_VANA request fails
07-08 19:59:55.155     0     0 I qcom,camera ca0c000.qcom,cci: qcom,camera@0: Linked as a consumer to regulator.81
07-08 19:59:55.270     0     0 I msm_cci ca0c000.qcom,cci: Linked as a consumer to regulator.74
07-08 19:59:55.271     0     0 I msm_cci ca0c000.qcom,cci: Linked as a consumer to regulator.11
07-08 19:59:55.288     0     0 I msm_cci_init: 1441: hw_version = 0x10060000
07-08 19:59:55.290     0     0 E         : imx214 probe succeeded
07-08 19:59:55.325     0     0 I msm_cci ca0c000.qcom,cci: Dropping the link to regulator.11
07-08 19:59:55.326     0     0 I msm_cci ca0c000.qcom,cci: Dropping the link to regulator.74
07-08 19:59:55.349     0     0 I qcom,camera ca0c000.qcom,cci: qcom,camera@0: Dropping the link to regulator.81
07-08 19:59:55.386     0     0 I binder  : 847:847 ioctl 40046210 7fc03d99d4 returned -22
07-08 19:59:55.386     0     0 I servloc : service_locator_new_server: Connection established with the Service locator
07-08 19:59:55.386     0     0 I servloc : init_service_locator: Service locator initialized
07-08 19:59:55.415     0     0 I adsprpc : fastrpc_get_service_location_notify: PDR notifier for adsp registered for msm/adsp/audio_pd (audio_pdr_adsprpc)
07-08 19:59:55.416     0     0 I adsprpc : fastrpc_get_service_location_notify: audio_pdr_adsprpc (msm/adsp/audio_pd) PDR service for adsp is uninitialized
07-08 19:59:55.416     0     0 E msm_camera_request_gpio_table: 776 gpio 1191:CAM_VIO request fails
07-08 19:59:55.426     0     0 I service-notifier: service_notifier_new_server: Connection established between QMI handle and 74 service
07-08 19:59:55.429     0     0 I adsprpc : fastrpc_pdr_notifier_cb: msm/adsp/audio_pd (audio_pdr_adsprpc) is up on adsp
07-08 19:59:55.444     0     0 E msm_camera_request_gpio_table: 776 gpio 1179:CAM_VANA request fails
07-08 19:59:55.475     0     0 I adsprpc : fastrpc_get_service_location_notify: PDR notifier for adsp registered for msm/adsp/sensor_pd (sensors_pdr_adsprpc)
07-08 19:59:55.475     0     0 I audio_notifer_reg_service: service PDR_ADSP is in use
07-08 19:59:55.475     0     0 I adsprpc : fastrpc_get_service_location_notify: sensors_pdr_adsprpc (msm/adsp/sensor_pd) PDR service for adsp is uninitialized
07-08 19:59:55.492     0     0 I service-notifier: service_notifier_new_server: Connection established between QMI handle and 74 service
07-08 19:59:55.505     0     0 I apr_adsp_up: Q6 is Up
07-08 19:59:55.509     0     0 I adsprpc : fastrpc_pdr_notifier_cb: msm/adsp/sensor_pd (sensors_pdr_adsprpc) is up on adsp
07-08 19:59:55.515     0     0 I sps     : BAM 0x0000000015184000 (va:0xffffff8010f00000) enabled: ver:0x19, number of pipes:23
07-08 19:59:55.526     0     0 I msm-audio-ion soc: qcom,msm-audio-apr:qcom,msm-audio-ion: Linked as a consumer to 5100000.arm,smmu-lpass_q6
07-08 19:59:55.542     0     0 I sps     : BAM 0x0000000015204000 (va:0xffffff8010f80000) enabled: ver:0x19, number of pipes:13
07-08 19:59:55.547     0     0 I binder  : 861:861 ioctl 40046210 7fc57dc414 returned -22
07-08 19:59:55.548     0     0 I sps     : BAM 0x0000000015184000 is registered.
07-08 19:59:55.549     0     0 I sps     : BAM 0x0000000015204000 is registered.
07-08 19:59:55.564     0     0 I iommu   : Adding device soc:qcom,msm-audio-apr:qcom,msm-audio-ion to group 31
07-08 19:59:55.565     0     0 I msm_cci ca0c000.qcom,cci: Linked as a consumer to regulator.74
07-08 19:59:55.568     0     0 E msm-audio-ion soc: qcom,msm-audio-apr:qcom,msm-audio-ion: msm_audio_ion_probe: qcom,smmu-sid-mask missing in DT node, using default
07-08 19:59:55.573     0     0 I msm_cci ca0c000.qcom,cci: Linked as a consumer to regulator.11
07-08 19:59:55.600     0     0 I msm_cci_init: 1441: hw_version = 0x10060000
07-08 19:59:55.604     0     0 E sdm660-asoc-snd soc: sound-9335: populate_snd_card_dailinks: Invalid codec version 0
07-08 19:59:55.613     0     0 E sdm660-asoc-snd soc: sound-9335: msm_ext_cdc_init: Card uninitialized
07-08 19:59:55.614     0     0 E         : ov2680 probe succeeded
07-08 19:59:55.628     0     0 I rmt_storage: INFO:check_support_using_libmdm: Modem subsystem found on target!
07-08 19:59:55.634     0     0 I msm_cci ca0c000.qcom,cci: Dropping the link to regulator.11
07-08 19:59:55.640     0     0 I msm_cci ca0c000.qcom,cci: Dropping the link to regulator.74
07-08 19:59:55.646     0     0 I rmt_storage: INFO:main: Done with init now waiting for messages!
07-08 19:59:55.673     0     0 I msm_csid_init: CSID_VERSION = 0x30050000
07-08 19:59:55.674     0     0 E sdm660-asoc-snd soc: sound-9335: populate_snd_card_dailinks: Invalid codec version 0
07-08 19:59:55.674     0     0 I msm_csid ca30000.qcom,csid: Linked as a consumer to regulator.55
07-08 19:59:55.677     0     0 E sdm660-asoc-snd soc: sound-9335: msm_ext_cdc_init: Card uninitialized
07-08 19:59:55.688     0     0 I msm_csid ca30000.qcom,csid: Linked as a consumer to regulator.11
07-08 19:59:55.701     0     0 I msm_csid ca30000.qcom,csid: Linked as a consumer to regulator.74
07-08 19:59:55.709     0     0 I binder  : 872:872 ioctl 40046210 7ff404f994 returned -22
07-08 19:59:55.709     0     0 I msm_csid ca30000.qcom,csid: Linked as a consumer to regulator.28
07-08 19:59:55.722     0     0 E OF      : /soc/qcom,msm-audio-apr/qcom,q6core-audio/sound-tavil: could not get #gpio-cells for /soc/slim@151c0000/tavil_codec/msm_cdc_pinctrl_hph_en1
07-08 19:59:55.722     0     0 E scm_call failed: func id 0x42001801, ret: -1, syscall returns: 0x0, 0x0, 0x0
07-08 19:59:55.723     0     0 I wcd-slim tasha-slim-pgd: msm_cdc_dt_parse_vreg_info: cdc-vdd-mic-bias: vol=[3300000 3300000]uV, curr=[30400]uA, ond 0 lpm 0
07-08 19:59:55.724     0     0 I wcd-slim tasha-slim-pgd: wcd9xxx_slim_probe: probing for wcd type: 2, name: tasha-slim-pgd
07-08 19:59:55.725     0     0 I wcd-slim tasha-slim-pgd: Linked as a consumer to regulator.67
07-08 19:59:55.727     0     0 E qcom-lpi-pinctrl 15070000.lpi_pinctrl: lpi_pinctrl_runtime_resume: unable to get core clk handle -2
07-08 19:59:55.734     0     0 E OF      : /soc/qcom,msm-audio-apr/qcom,q6core-audio/sound-tavil: could not get #gpio-cells for /soc/slim@151c0000/tavil_codec/msm_cdc_pinctrl_hph_en0
07-08 19:59:55.737     0     0 I         : Mass Storage Function, version: 2009/09/11
07-08 19:59:55.737     0     0 I LUN     : removable file: (no medium)
07-08 19:59:55.741     0     0 E         : msm_csid_irq CSID0_IRQ_STATUS_ADDR = 0x800
07-08 19:59:55.749     0     0 E OF      : /soc/qcom,msm-audio-apr/qcom,q6core-audio/sound-tavil: could not get #gpio-cells for /soc/slim@151c0000/tavil_codec/msm_cdc_pinctrl_us_euro_sw
07-08 19:59:55.754     0     0 W QSEECOM : qseecom_load_app: App (soter64) does'nt exist, loading apps for first time
07-08 19:59:55.754     0     0 I         : file system registered
07-08 19:59:55.762     0     0 I msm_csid ca30000.qcom,csid: Dropping the link to regulator.28
07-08 19:59:55.781     0     0 W QSEECOM : qseecom_load_app: App with id 131074 (soter64) now loaded
07-08 19:59:55.784     0     0 I slimbus : 1 laddr:0xcb, EAPC:0x1:0xa0
07-08 19:59:55.787     0     0 I wcd-slim tasha-slim-pgd: wcd9xxx_slim_device_up: slim device up, dev_up = 1
07-08 19:59:55.788     0     0 I msm_csid ca30000.qcom,csid: Dropping the link to regulator.74
07-08 19:59:55.788     0     0 I f_cdev_alloc: port_name:at_usb0 (ffffffe32445e480) portno:(0)
07-08 19:59:55.789     0     0 I slimbus : 1 laddr:0xca, EAPC:0x0:0xa0
07-08 19:59:55.790     0     0 I wcd-slim tasha-slim-pgd: wcd9335_bring_up: wcd9335 codec version is v2.0
07-08 19:59:55.790     0     0 I wcd-slim tasha-slim-pgd: wcd9335_get_cdc_info: wcd9xxx chip id major 0x107, minor 0x1
07-08 19:59:55.854     0     0 E qcom-lpi-pinctrl 15070000.lpi_pinctrl: lpi_pinctrl_runtime_suspend: unable to get core clk handle -2
07-08 19:59:55.857     0     0 I msm_csid ca30000.qcom,csid: Dropping the link to regulator.11
07-08 19:59:55.857     0     0 I f_cdev_alloc: port_name:at_usb1 (ffffffe324459e80) portno:(1)
07-08 19:59:55.903     0     0 I binder  : 857:857 ioctl 40046210 7fdc7dea94 returned -22
07-08 19:59:55.904     0     0 I binder  : 857:857 ioctl 40046210 7fdc7deac4 returned -22
07-08 19:59:55.914     0     0 I msm_csid ca30000.qcom,csid: Dropping the link to regulator.55
07-08 19:59:55.914     0     0 I f_cdev_alloc: port_name:at_usb2 (ffffffe329b44680) portno:(2)
07-08 19:59:55.943     0     0 I         : tasha_codec tasha_codec: tasha_probe: Tasha driver probe done
07-08 19:59:55.946     0     0 E OF      : /soc/sound-9335: could not get #gpio-cells for /soc/slim@151c0000/tasha_codec/msm_cdc_pinctrl_hph_en1
07-08 19:59:55.947     0     0 I msm_csid_init: CSID_VERSION = 0x30050000
07-08 19:59:55.948     0     0 I msm_csid ca30400.qcom,csid: Linked as a consumer to regulator.55
07-08 19:59:55.948     0     0 W msm-cdc-pinctrl msm_cdc_pinctrll: DMA mask not set
07-08 19:59:55.949     0     0 I msm_csid ca30400.qcom,csid: Linked as a consumer to regulator.11
07-08 19:59:55.949     0     0 I msm_csid ca30400.qcom,csid: Linked as a consumer to regulator.74
07-08 19:59:55.950     0     0 I msm_csid ca30400.qcom,csid: Linked as a consumer to regulator.28
07-08 19:59:55.952     0     0 W msm-cdc-pinctrl msm_cdc_pinctrlr: DMA mask not set
07-08 19:59:55.953     0     0 E         : msm_csid_irq CSID1_IRQ_STATUS_ADDR = 0x800
07-08 19:59:55.959     0     0 W msm-cdc-pinctrl msm_cdc_pinctrl_hph_en0: DMA mask not set
07-08 19:59:55.961     0     0 E OF      : /soc/sound-9335: could not get #gpio-cells for /soc/slim@151c0000/tasha_codec/msm_cdc_pinctrl_hph_en0
07-08 19:59:55.965     0     0 W msm-cdc-pinctrl msm_cdc_pinctrl_hph_en1: DMA mask not set
07-08 19:59:55.968     0     0 W swr-wcd tasha_swr_ctrl: DMA mask not set
07-08 19:59:55.970     0     0 I msm_csid ca30400.qcom,csid: Dropping the link to regulator.28
07-08 19:59:55.971     0     0 W         : using random self ethernet address
07-08 19:59:55.971     0     0 W         : using random host ethernet address
07-08 19:59:55.976     0     0 I binder  : 876:876 ioctl 40046210 7fc7bcfc94 returned -22
07-08 19:59:55.983     0     0 I msm_csid ca30400.qcom,csid: Dropping the link to regulator.74
07-08 19:59:55.988     0     0 E sdm660-asoc-snd soc: sound-9335: msm_ext_cdc_init: missing ctb,mbhc-emergency-key in dt node
07-08 19:59:55.988     0     0 E msm_ext_cdc_init: wcd_mbhc_cfg_ptr->mbhc_emer_key : 0
07-08 19:59:55.988     0     0 E OF      : /soc/sound-9335: could not get #gpio-cells for /soc/msm_cdc_pinctrl@75
07-08 19:59:55.997     0     0 I wcd-slim tavil-slim-pgd: msm_cdc_dt_parse_vreg_info: cdc-vdd-mic-bias: vol=[3300000 3300000]uV, curr=[30400]uA, ond 0 lpm 0
07-08 19:59:56.000     0     0 I msm_csid ca30400.qcom,csid: Dropping the link to regulator.11
07-08 19:59:56.000     0     0 I msm_csid ca30400.qcom,csid: Dropping the link to regulator.55
07-08 19:59:56.009     0     0 I binder  : 876:876 ioctl 40046210 7fc7bcfcc4 returned -22
07-08 19:59:56.011     0     0 E OF      : /soc/qcom,msm-audio-apr/qcom,q6core-audio/sound-tavil: could not get #gpio-cells for /soc/slim@151c0000/tavil_codec/msm_cdc_pinctrl_hph_en1
07-08 19:59:56.013     0     0 I wsa881x.20170211: wsa881x_swr_probe: bolero node not found
07-08 19:59:56.016     0     0 I wcd-slim tavil-slim-pgd: wcd9xxx_slim_probe: probing for wcd type: 4, name: tavil-slim-pgd
07-08 19:59:56.020     0     0 E OF      : /soc/qcom,msm-audio-apr/qcom,q6core-audio/sound-tavil: could not get #gpio-cells for /soc/slim@151c0000/tavil_codec/msm_cdc_pinctrl_hph_en0
07-08 19:59:56.020     0     0 E OF      : /soc/qcom,msm-audio-apr/qcom,q6core-audio/sound-tavil: could not get #gpio-cells for /soc/slim@151c0000/tavil_codec/msm_cdc_pinctrl_us_euro_sw
07-08 19:59:56.023     0     0 I wsa881x.20170212: wsa881x_swr_probe: bolero node not found
07-08 19:59:56.027     0     0 I wcd-slim tavil-slim-pgd: Linked as a consumer to regulator.67
07-08 19:59:56.033     0     0 E swr-wcd tasha_swr_ctrl: swrm_get_logical_dev_num: device 0x21170213 is not ready
07-08 19:59:56.033     0     0 E swr_get_logical_dev_num: Error -22 to get logical addr for device 21170213
07-08 19:59:56.213     0     0 W wsa881x : probe of wsa881x.21170213 failed with error -22
07-08 19:59:56.214     0     0 E OF      : /soc/sound-9335: could not get #gpio-cells for /soc/slim@151c0000/tasha_codec/msm_cdc_pinctrl_hph_en1
07-08 19:59:56.227     0     0 E OF      : /soc/sound-9335: could not get #gpio-cells for /soc/slim@151c0000/tasha_codec/msm_cdc_pinctrl_hph_en0
07-08 19:59:56.238     0     0 E sdm660-asoc-snd soc: sound-9335: msm_ext_cdc_init: missing ctb,mbhc-emergency-key in dt node
07-08 19:59:56.239     0     0 E swr-wcd tasha_swr_ctrl: swrm_get_logical_dev_num: device 0x21170214 is not ready
07-08 19:59:56.248     0     0 E msm_ext_cdc_init: wcd_mbhc_cfg_ptr->mbhc_emer_key : 0
07-08 19:59:56.259     0     0 E swr_get_logical_dev_num: Error -22 to get logical addr for device 21170214
07-08 19:59:56.266     0     0 E OF      : /soc/sound-9335: could not get #gpio-cells for /soc/msm_cdc_pinctrl@75
07-08 19:59:56.272     0     0 W wsa881x : probe of wsa881x.21170214 failed with error -22
07-08 19:59:56.284     0     0 I sdm660-asoc-snd soc: sound-9335: msm_init_wsa_dev: found 2 wsa881x devices registered with ALSA core
07-08 19:59:56.294     0     0 I getEmerKeyEnable: mbhc_emer_key 0
07-08 19:59:56.305     0     0 E wcd-slim tavil-slim-pgd: wcd9xxx_slim_probe: failed to get slimbus tavil-slim-pgd logical address: -6
07-08 19:59:56.308     0     0 I sdm660-asoc-snd soc: sound-9335: ASoC: CPU DAI msm-dai-slim not registered
07-08 19:59:56.309     0     0 I wcd-slim tavil-slim-pgd: Dropping the link to regulator.67
07-08 19:59:56.329     0     0 E OF      : /soc/qcom,msm-audio-apr/qcom,q6core-audio/sound-tavil: could not get #gpio-cells for /soc/slim@151c0000/tavil_codec/msm_cdc_pinctrl_hph_en1
07-08 19:59:56.333     0     0 E OF      : /soc/qcom,msm-audio-apr/qcom,q6core-audio/sound-tavil: could not get #gpio-cells for /soc/slim@151c0000/tavil_codec/msm_cdc_pinctrl_hph_en0
07-08 19:59:56.347     0     0 E OF      : /soc/qcom,msm-audio-apr/qcom,q6core-audio/sound-tavil: could not get #gpio-cells for /soc/slim@151c0000/tavil_codec/msm_cdc_pinctrl_us_euro_sw
07-08 19:59:56.368     0     0 E OF      : /soc/sound-9335: could not get #gpio-cells for /soc/slim@151c0000/tasha_codec/msm_cdc_pinctrl_hph_en1
07-08 19:59:56.375     0     0 E OF      : /soc/sound-9335: could not get #gpio-cells for /soc/slim@151c0000/tasha_codec/msm_cdc_pinctrl_hph_en0
07-08 19:59:56.386     0     0 E sdm660-asoc-snd soc: sound-9335: msm_ext_cdc_init: missing ctb,mbhc-emergency-key in dt node
07-08 19:59:56.396     0     0 E msm_ext_cdc_init: wcd_mbhc_cfg_ptr->mbhc_emer_key : 0
07-08 19:59:56.406     0     0 E OF      : /soc/sound-9335: could not get #gpio-cells for /soc/msm_cdc_pinctrl@75
07-08 19:59:56.416     0     0 I sdm660-asoc-snd soc: sound-9335: msm_init_wsa_dev: found 2 wsa881x devices registered with ALSA core
07-08 19:59:56.419     0     0 I getEmerKeyEnable: mbhc_emer_key 0
07-08 19:59:56.430     0     0 I binder  : 876:921 ioctl 40046210 78da0c5354 returned -22
07-08 19:59:56.449     0     0 I         : tasha_codec tasha_codec: tasha_codec_probe()
07-08 19:59:56.481     0     0 I         : tasha_codec tasha_codec: tasha_handle_pdata: ecpp_dmic_rate invalid default = 4800000
07-08 19:59:56.481     0     0 I         : tasha_codec tasha_codec: tasha_handle_pdata: dmic_clk_strength invalid, default = 2
07-08 19:59:56.507     0     0 W kgsl-3d0: Falling back to syfs fallback for: a530_pm4.fw
07-08 19:59:56.508     0     0 I         : tasha_codec tasha_codec: for cpe segments only will be dumped.
07-08 19:59:56.525     0     0 E tasha_codec_probe: missing ctb,mbhc-emergency-key in dt node
07-08 19:59:56.525     0     0 E tasha_codec_probe: tasha->mbhc_emer_key : 0
07-08 19:59:56.533     0     0 W         : tasha_codec tasha_codec: Falling back to syfs fallback for: cpe_9335.mdt
07-08 19:59:56.560     0     0 W kgsl-3d0: Falling back to syfs fallback for: a530_pfp.fw
07-08 19:59:56.592     0     0 E sdm660-asoc-snd soc: sound-9335: control 2:0:0:CPE AFE MAD Enable:0 is already present
07-08 19:59:56.597     0     0 W         : tasha_codec tasha_codec: Falling back to syfs fallback for: cpe_9335.b14
07-08 19:59:56.646     0     0 E msm-pcm-routing soc: qcom,msm-pcm-routing: ASoC: no source widget found for AUDIO_REF_EC_UL30 MUX
07-08 19:59:56.646     0     0 E msm-pcm-routing soc: qcom,msm-pcm-routing: ASoC: Failed to add route AUDIO_REF_EC_UL30 MUX -> direct -> MM_UL30
07-08 19:59:56.678     0     0 W msm-pcm-routing soc: qcom,msm-pcm-routing: ASoC: no dapm match for MM_DL23 --> MultiMedia23 --> QUIN_TDM_RX_1 Audio Mixer
07-08 19:59:56.678     0     0 E msm-pcm-routing soc: qcom,msm-pcm-routing: ASoC: Failed to add route MM_DL23 -> MultiMedia23 -> QUIN_TDM_RX_1 Audio Mixer
07-08 19:59:56.689     0     0 W msm-pcm-routing soc: qcom,msm-pcm-routing: ASoC: no dapm match for MM_DL24 --> MultiMedia24 --> QUIN_TDM_RX_1 Audio Mixer
07-08 19:59:56.701     0     0 E msm-pcm-routing soc: qcom,msm-pcm-routing: ASoC: Failed to add route MM_DL24 -> MultiMedia24 -> QUIN_TDM_RX_1 Audio Mixer
07-08 19:59:56.713     0     0 W msm-pcm-routing soc: qcom,msm-pcm-routing: ASoC: no dapm match for MM_DL25 --> MultiMedia25 --> QUIN_TDM_RX_1 Audio Mixer
07-08 19:59:56.725     0     0 E msm-pcm-routing soc: qcom,msm-pcm-routing: ASoC: Failed to add route MM_DL25 -> MultiMedia25 -> QUIN_TDM_RX_1 Audio Mixer
07-08 19:59:56.733     0     0 W subsys-pil-tz soc: qcom,kgsl-hyp: Falling back to syfs fallback for: a512_zap.mdt
07-08 19:59:56.741     0     0 W         : tasha_codec tasha_codec: Falling back to syfs fallback for: cpe_9335.b16
07-08 19:59:56.816     0     0 W         : tasha_codec tasha_codec: Falling back to syfs fallback for: cpe_9335.b18
07-08 19:59:56.874     0     0 W         : tasha_codec tasha_codec: Falling back to syfs fallback for: cpe_9335.b19
07-08 19:59:56.908     0     0 W         : tasha_codec tasha_codec: Falling back to syfs fallback for: cpe_9335.b20
07-08 19:59:56.938     0     0 W         : tasha_codec tasha_codec: Falling back to syfs fallback for: cpe_9335.b22
07-08 19:59:56.977     0     0 W         : tasha_codec tasha_codec: Falling back to syfs fallback for: cpe_9335.b24
07-08 19:59:57.008     0     0 W         : tasha_codec tasha_codec: Falling back to syfs fallback for: cpe_9335.b26
07-08 19:59:57.015     0     0 I MSM-CPP cpp_init_hardware: 1136 CPP HW Version: 0x60010002
07-08 19:59:57.015     0     0 E MSM-CPP cpp_init_hardware: 1154 stream_cnt:0
07-08 19:59:57.022     0     0 W msm_cpp ca04000.qcom,cpp: Falling back to syfs fallback for: cpp_firmware_v1_12_0.fw
07-08 19:59:57.031     0     0 I ueventd : firmware: loading 'cpe_9335.b26' for '/devices/platform/soc/151c0000.slim/tasha-slim-pgd/tasha_codec/firmware/cpe_9335.b26'
07-08 19:59:57.046     0     0 I ueventd : loading /devices/platform/soc/151c0000.slim/tasha-slim-pgd/tasha_codec/firmware/cpe_9335.b26 took 15ms
07-08 19:59:57.047     0     0 W         : tasha_codec tasha_codec: Falling back to syfs fallback for: cpe_9335.b28
07-08 19:59:57.075     0     0 I ueventd : firmware: loading 'cpp_firmware_v1_12_0.fw' for '/devices/platform/soc/ca04000.qcom,cpp/firmware/cpp_firmware_v1_12_0.fw'
07-08 19:59:57.081     0     0 I ueventd : loading /devices/platform/soc/ca04000.qcom,cpp/firmware/cpp_firmware_v1_12_0.fw took 6ms
07-08 19:59:57.091     0     0 I ueventd : firmware: loading 'cpe_9335.b28' for '/devices/platform/soc/151c0000.slim/tasha-slim-pgd/tasha_codec/firmware/cpe_9335.b28'
07-08 19:59:57.103     0     0 I MSM-CPP cpp_release_hardware: 1217 cpp hw release done
07-08 19:59:57.111     0     0 I ueventd : loading /devices/platform/soc/151c0000.slim/tasha-slim-pgd/tasha_codec/firmware/cpe_9335.b28 took 19ms
07-08 19:59:57.112     0     0 W         : tasha_codec tasha_codec: Falling back to syfs fallback for: cpe_9335.b29
07-08 19:59:57.157     0     0 I ueventd : firmware: loading 'cpe_9335.b29' for '/devices/platform/soc/151c0000.slim/tasha-slim-pgd/tasha_codec/firmware/cpe_9335.b29'
07-08 19:59:57.162     0     0 I ueventd : loading /devices/platform/soc/151c0000.slim/tasha-slim-pgd/tasha_codec/firmware/cpe_9335.b29 took 6ms
07-08 19:59:57.172     0     0 I subsys-pil-tz soc: qcom,kgsl-hyp: a512_zap: loading from 0x00000000fd200000 to 0x00000000fd202000
07-08 19:59:57.193     0     0 W subsys-pil-tz soc: qcom,kgsl-hyp: Falling back to syfs fallback for: a512_zap.b02
07-08 19:59:57.209     0     0 I ueventd : firmware: loading 'a512_zap.b02' for '/devices/platform/soc/soc:qcom,kgsl-hyp/firmware/a512_zap.b02'
07-08 19:59:57.214     0     0 I ueventd : loading /devices/platform/soc/soc:qcom,kgsl-hyp/firmware/a512_zap.b02 took 5ms
07-08 19:59:57.223     0     0 I subsys-pil-tz soc: qcom,kgsl-hyp: a512_zap: Brought out of reset
07-08 19:59:57.625   700   700 D Zygote64Timing: PreloadClasses took to complete: 2855ms
07-08 19:59:57.668   700   700 D Zygote64Timing: CacheNonBootClasspathClassLoaders took to complete: 42ms
07-08 19:59:57.716     0     0 I msm_pm_qos_update_request: update request 100
07-08 19:59:57.716     0     0 I msm_pm_qos_add_request: add request
07-08 19:59:57.729     0     0 I msm_csid_init: CSID_VERSION = 0x30050000
07-08 19:59:57.731     0     0 I msm_csid ca30000.qcom,csid: Linked as a consumer to regulator.55
07-08 19:59:57.742   700   700 D Zygote64Timing: PreloadResources took to complete: 73ms
07-08 19:59:57.736     0     0 I msm_csid ca30000.qcom,csid: Linked as a consumer to regulator.11
07-08 19:59:57.741     0     0 I msm_csid ca30000.qcom,csid: Linked as a consumer to regulator.74
07-08 19:59:57.750     0     0 I msm_csid ca30000.qcom,csid: Linked as a consumer to regulator.28
07-08 19:59:57.755     0     0 E         : msm_csid_irq CSID0_IRQ_STATUS_ADDR = 0x800
07-08 19:59:57.765     0     0 I MSM-CPP cpp_init_hardware: 1136 CPP HW Version: 0x60010002
07-08 19:59:57.766     0     0 E MSM-CPP cpp_init_hardware: 1154 stream_cnt:0
07-08 19:59:57.766     0     0 I msm_csiphy c824000.qcom,csiphy: Linked as a consumer to regulator.11
07-08 19:59:57.779     0     0 I msm_csiphy c824000.qcom,csiphy: Linked as a consumer to regulator.74
07-08 19:59:57.807     0     0 I qcom,camera ca0c000.qcom,cci: qcom,camera@0: Linked as a consumer to regulator.81
07-08 19:59:57.888     0     0 I msm_cci ca0c000.qcom,cci: Linked as a consumer to regulator.74
07-08 19:59:57.889     0     0 I msm_cci ca0c000.qcom,cci: Linked as a consumer to regulator.11
07-08 19:59:57.905     0     0 I msm_cci_init: 1441: hw_version = 0x10060000
07-08 19:59:57.929     0     0 E msm_camera_request_gpio_table: 776 gpio 1216:CAM_VAF request fails
07-08 19:59:57.953     0     0 I msm_csiphy c824000.qcom,csiphy: Dropping the link to regulator.74
07-08 19:59:57.954     0     0 I msm_csiphy c824000.qcom,csiphy: Dropping the link to regulator.11
07-08 19:59:57.965     0     0 I msm_csid ca30000.qcom,csid: Dropping the link to regulator.28
07-08 19:59:57.967     0     0 I msm_csid ca30000.qcom,csid: Dropping the link to regulator.74
07-08 19:59:57.974     0     0 I msm_csid ca30000.qcom,csid: Dropping the link to regulator.11
07-08 19:59:57.960   700   700 D Zygote64Timing: ZygotePreload took to complete: 3372ms
07-08 19:59:57.977     0     0 I MSM-CPP cpp_release_hardware: 1217 cpp hw release done
07-08 19:59:57.985     0     0 I msm_csid ca30000.qcom,csid: Dropping the link to regulator.55
07-08 19:59:57.994     0     0 I msm_pm_qos_update_request: update request -1
07-08 19:59:58.000     0     0 I msm_pm_qos_add_request: add request
07-08 19:59:58.012     0     0 I msm_pm_qos_update_request: update request 100
07-08 19:59:58.012     0     0 I msm_pm_qos_add_request: add request
07-08 19:59:58.024     0     0 I msm_csid_init: CSID_VERSION = 0x30050000
07-08 19:59:58.025     0     0 I msm_csid ca30400.qcom,csid: Linked as a consumer to regulator.55
07-08 19:59:58.029     0     0 I msm_csid ca30400.qcom,csid: Linked as a consumer to regulator.11
07-08 19:59:58.033     0     0 I binder  : 1043:1043 ioctl 40046210 7fdff481b4 returned -22
07-08 19:59:58.038     0     0 I msm_csid ca30400.qcom,csid: Linked as a consumer to regulator.74
07-08 19:59:58.051     0     0 I msm_csid ca30400.qcom,csid: Linked as a consumer to regulator.28
07-08 19:59:58.051     0     0 I MSM-CPP cpp_init_hardware: 1136 CPP HW Version: 0x60010002
07-08 19:59:58.058     0     0 I msm_cci ca0c000.qcom,cci: Dropping the link to regulator.11
07-08 19:59:58.062     0     0 E         : msm_csid_irq CSID1_IRQ_STATUS_ADDR = 0x800
07-08 19:59:58.069     0     0 I msm_cci ca0c000.qcom,cci: Dropping the link to regulator.74
07-08 19:59:58.076     0     0 E MSM-CPP cpp_init_hardware: 1154 stream_cnt:0
07-08 19:59:58.081     0     0 I msm_csiphy c825000.qcom,csiphy: Linked as a consumer to regulator.11
07-08 19:59:58.095     0     0 I msm_csiphy c825000.qcom,csiphy: Linked as a consumer to regulator.74
07-08 19:59:58.100     0     0 I qcom,camera ca0c000.qcom,cci: qcom,camera@0: Dropping the link to regulator.81
07-08 19:59:58.152     0     0 E         : *** progress end
07-08 19:59:58.153     0     0 E *** index: 268 : max: 270
07-08 19:59:58.189     0     0 I msm_cci ca0c000.qcom,cci: Linked as a consumer to regulator.74
07-08 19:59:58.190     0     0 I msm_cci ca0c000.qcom,cci: Linked as a consumer to regulator.11
07-08 19:59:58.190   700   700 D Zygote64Timing: PostZygoteInitGC took to complete: 230ms
07-08 19:59:58.190   700   700 D Zygote64Timing: ZygoteInit took to complete: 3623ms
07-08 19:59:58.196     0     0 I msm_cci_init: 1441: hw_version = 0x10060000
07-08 19:59:58.305     0     0 I msm_csiphy c825000.qcom,csiphy: Dropping the link to regulator.74
07-08 19:59:58.306     0     0 I msm_csiphy c825000.qcom,csiphy: Dropping the link to regulator.11
07-08 19:59:58.312     0     0 I msm_csid ca30400.qcom,csid: Dropping the link to regulator.28
07-08 19:59:58.315     0     0 I MSM-CPP cpp_release_hardware: 1217 cpp hw release done
07-08 19:59:58.324     0     0 I msm_csid ca30400.qcom,csid: Dropping the link to regulator.74
07-08 19:59:58.332     0     0 I msm_csid ca30400.qcom,csid: Dropping the link to regulator.11
07-08 19:59:58.342     0     0 I msm_csid ca30400.qcom,csid: Dropping the link to regulator.55
07-08 19:59:58.342     0     0 I msm_pm_qos_update_request: update request -1
07-08 19:59:58.346     0     0 I msm_cci ca0c000.qcom,cci: Dropping the link to regulator.11
07-08 19:59:58.352     0     0 I msm_pm_qos_add_request: add request
07-08 19:59:58.358     0     0 I msm_cci ca0c000.qcom,cci: Dropping the link to regulator.74
07-08 19:59:58.627     0     0 I binder  : 1043:1129 ioctl 40046210 742f1f9184 returned -22
07-08 19:59:58.687     0     0 I binder  : 1043:1129 ioctl 40046210 742f1faeb4 returned -22
07-08 19:59:58.850     0     0 E wlan    : Loading driver v5.2.05.23C +TIMER_MANAGER +MEMORY_DEBUG +PANIC_ON_BUG; 2025-06-02T18:13:53Z; cld:; cmn:;
07-08 19:59:58.850     0     0 I qdf_print_ctrl_register: Allocated print control object 0
07-08 19:59:58.900     0     0 E ipa2_uc_reg_rdyCB: 1726 bad parm. inout=          (null)
07-08 19:59:58.961  1043  1129 D BootAnimation: BootAnimationShownTiming start time: 36208ms
07-08 19:59:59.033  1139  1139 I gsid    : no DSU: No such file or directory
07-08 19:59:58.903     0     0 I         : wlan_hdd_state wlan major(486) initialized
07-08 19:59:59.089     0     0 E mdss_mdp_cxipeak_vote: cxipeak api fail ret:-22 set_vote :0 new_rate:150000000 prev_rate:412500000
07-08 19:59:59.149     0     0 I binder  : 1130:1130 ioctl 40046210 7fe86036a4 returned -22
07-08 19:59:59.267  1130  1130 I SystemServerTiming: InitBeforeStartServices
07-08 19:59:59.274  1130  1130 I SystemServer: Entered the Android system server!
07-08 19:59:59.547     0     0 I IRQ 6   : no longer affine to CPU4
07-08 19:59:59.774     0     0 I init    : processing action (sys.usb.config=adb && sys.usb.configfs=1) from (/system/etc/init/hw/init.usb.configfs.rc:17)
07-08 19:59:59.776     0     0 I init    : starting service 'adbd'...
07-08 19:59:59.821     0     0 I init    : Created socket '/dev/socket/adbd', mode 660, user 1000, group 1000
07-08 19:59:59.967     0     0 I init    : Command 'start adbd' action=sys.usb.config=adb && sys.usb.configfs=1 (/system/etc/init/hw/init.usb.configfs.rc:18) took 192ms and succeeded
07-08 19:59:59.968     0     0 I init    : processing action (init.svc.audioserver=running) from (/system/etc/init/audioserver.rc:38)
07-08 19:59:59.994     0     0 I init    : Service 'exec 21 (/system/bin/profcollectctl reset)' (pid 1140) exited with status 0 oneshot service took 1.016000 seconds in background
07-08 19:59:59.995     0     0 I init    : Sending signal 9 to service 'exec 21 (/system/bin/profcollectctl reset)' (pid 1140) process group...
07-08 20:00:00.023     0     0 I libprocessgroup: Successfully killed process cgroup uid 0 pid 1140 in 0ms
07-08 20:00:00.032     0     0 I init    : Command 'start vendor.audio-hal-4-0-msd' action=init.svc.audioserver=running (/system/etc/init/audioserver.rc:40) took 0ms and failed: service vendor.audio-hal-4-0-msd not found
07-08 20:00:00.033     0     0 I init    : Command 'start audio_proxy_service' action=init.svc.audioserver=running (/system/etc/init/audioserver.rc:41) took 0ms and failed: service audio_proxy_service not found
07-08 20:00:00.053     0     0 I binder  : 1159:1159 ioctl 40046210 7fdaf4aec4 returned -22
07-08 20:00:00.089     0     0 I binder  : 1158:1158 ioctl 40046210 7fe80678e4 returned -22
07-08 20:00:00.124     0     0 I subsys-restart: __subsystem_get(): Changing subsys fw_name to modem
07-08 20:00:00.125     0     0 I memshare soc: qcom,memshare: memshare: SUBSYS_BEFORE_POWERUP: enable_ramdump: 0, ramdump_event: 0
07-08 20:00:00.131     0     0 I memshare soc: qcom,memshare: memshare: notifier_cb processed for code: 2
07-08 20:00:00.154     0     0 I         : IPA received MPSS BEFORE_POWERUP
07-08 20:00:00.164     0     0 E ipa2_uc_state_check: 293 uC is not loaded
07-08 20:00:00.165     0     0 E ipa_sps_irq_control_all: 956 EP (5) not allocated.
07-08 20:00:00.198     0     0 I         : IPA BEFORE_POWERUP handling is complete
07-08 20:00:00.198     0     0 W pil-q6v5-mss 4080000.qcom,mss: Falling back to syfs fallback for: modem.mdt
07-08 20:00:00.204     0     0 I         : read descriptors
07-08 20:00:00.214     0     0 I         : read strings
07-08 20:00:00.316     0     0 I pil-q6v5-mss 4080000.qcom,mss: modem: loading from 0x000000008ac00000 to 0x0000000092200000
07-08 20:00:00.317     0     0 I memshare soc: qcom,memshare: memshare: notifier_cb processed for code: 7
07-08 20:00:00.332  1130  1130 I SystemServerInitThreadPool: Creating instance with 8 threads
07-08 20:00:00.345     0     0 W pil-q6v5-mss 4080000.qcom,mss: Falling back to syfs fallback for: mba.mbn
07-08 20:00:00.458     0     0 W pil-q6v5-mss 4080000.qcom,mss: Falling back to syfs fallback for: msadp
07-08 20:00:00.559     0     0 I binder  : 1171:1171 ioctl 40046210 fff62518 returned -22
07-08 20:00:00.611     0     0 W msm-dai-q6-hdmi soc: qcom,msm-dai-q6-dp: DAI driver id is not set
07-08 20:00:00.673     0     0 W pil-q6v5-mss 4080000.qcom,mss: Debug policy not present - msadp. Continue.
07-08 20:00:00.676     0     0 I pil-q6v5-mss 4080000.qcom,mss: Loading MBA and DP (if present) from 0x0000000094800000 to 0x0000000094900000
07-08 20:00:00.730     0     0 I pil-q6v5-mss 4080000.qcom,mss: MBA boot done
07-08 20:00:00.752     0     0 W pil-q6v5-mss 4080000.qcom,mss: Falling back to syfs fallback for: modem.b02
07-08 20:00:00.793     0     0 W pil-q6v5-mss 4080000.qcom,mss: Falling back to syfs fallback for: modem.b03
07-08 20:00:00.866     0     0 W pil-q6v5-mss 4080000.qcom,mss: Falling back to syfs fallback for: modem.b04
07-08 20:00:00.930     0     0 W pil-q6v5-mss 4080000.qcom,mss: Falling back to syfs fallback for: modem.b05
07-08 20:00:00.938     0     0 I binder  : 1191:1191 ioctl 40046210 7fcf7f4874 returned -22
07-08 20:00:00.996     0     0 W pil-q6v5-mss 4080000.qcom,mss: Falling back to syfs fallback for: modem.b06
07-08 20:00:01.041     0     0 W pil-q6v5-mss 4080000.qcom,mss: Falling back to syfs fallback for: modem.b07
07-08 20:00:01.103     0     0 W pil-q6v5-mss 4080000.qcom,mss: Falling back to syfs fallback for: modem.b08
07-08 20:00:01.171     0     0 W pil-q6v5-mss 4080000.qcom,mss: Falling back to syfs fallback for: modem.b09
07-08 20:00:01.233     0     0 W pil-q6v5-mss 4080000.qcom,mss: Falling back to syfs fallback for: modem.b10
07-08 20:00:01.340     0     0 I binder  : 1204:1204 ioctl 40046210 7ffa1eed14 returned -22
07-08 20:00:01.397     0     0 W pil-q6v5-mss 4080000.qcom,mss: Falling back to syfs fallback for: modem.b11
07-08 20:00:01.475     0     0 W pil-q6v5-mss 4080000.qcom,mss: Falling back to syfs fallback for: modem.b12
07-08 20:00:01.816     0     0 I         : read descriptors
07-08 20:00:01.816     0     0 I         : read strings
07-08 20:00:01.905     0     0 W pil-q6v5-mss 4080000.qcom,mss: Falling back to syfs fallback for: modem.b13
07-08 20:00:01.948     0     0 W pil-q6v5-mss 4080000.qcom,mss: Falling back to syfs fallback for: modem.b14
07-08 20:00:01.995     0     0 E sdm660-asoc-snd soc: sound-9335: ASoC: no source widget found for Analog Mic1
07-08 20:00:01.995     0     0 E sdm660-asoc-snd soc: sound-9335: ASoC: Failed to add route Analog Mic1 -> direct -> MIC BIAS1
07-08 20:00:02.006     0     0 W pil-q6v5-mss 4080000.qcom,mss: Falling back to syfs fallback for: modem.b16
07-08 20:00:02.007     0     0 W sdm660-asoc-snd soc: sound-9335: ASoC: no DMI vendor name!
07-08 20:00:02.079     0     0 I ueventd : firmware: loading 'modem.b16' for '/devices/platform/soc/4080000.qcom,mss/firmware/modem.b16'
07-08 20:00:02.089     0     0 I input   : sdm660-tasha-snd-card Headset Jack as /devices/platform/soc/soc:sound-9335/sound/card0/input6
07-08 20:00:02.090     0     0 I input   : sdm660-tasha-snd-card Button Jack as /devices/platform/soc/soc:sound-9335/sound/card0/input7
07-08 20:00:02.100     0     0 W pil-q6v5-mss 4080000.qcom,mss: Falling back to syfs fallback for: modem.b17
