07-08 13:35:00.449     0     0 I [schedu][0x294190c621][13:35:00.449088] wlan: [12573:I:WMI] send_vdev_start_cmd_tlv: 975: send_vdev_start_cmd_tlv: vdev_id 0 freq 5240 chanmode 10 ch_info: 0xa is_dfs 0 beacon interval 100 dtim 1 center_chan 5210 center_freq2 0 reg_info_1: 0x170000 reg_info_2: 0x1700, req->max_txpow: 0x17 Tx SS 1, Rx SS 1, ldpc_rx: 0, cac 0, regd 0, HE ops: 0req->dis_hw_ack: 0
07-08 13:35:00.471     0     0 I [schedu][0x29419756c8][13:35:00.471496] wlan: [12573:I:PE] Auth TX: seq 1 seq num 2049 status 0 WEP 0 to 88:d7:f6:06:49:1c
07-08 13:35:00.472     0     0 I [schedu][0x294197a9fb][13:35:00.472606] wlan: [12573:I:PE] Auth TX: success
07-08 13:35:00.473     0     0 I [schedu][0x294197fccb][13:35:00.473710] wlan: [12573:I:PE] Auth RX: vdev 0 sys role 3 lim_state 5 from 88:d7:f6:06:49:1c rssi -68 auth_alg 0 seq 1462
07-08 13:35:00.474     0     0 I [schedu][0x29419816ae][13:35:00.474055] wlan: [12573:I:PE] Assoc req TX: vdev 0 to 88:d7:f6:06:49:1c seq num 2050
07-08 13:35:00.475     0     0 I [schedu][0x29419887b9][13:35:00.475562] wlan: [12573:I:PE] Assoc req TX: success
07-08 13:35:00.589     0     0 I [schedu][0x2941b9dcda][13:35:00.589337] wlan: [12573:I:PE] Assoc rsp RX: subtype 0 vdev 0 sys role 3 lim state 10 rssi 67 from 88:d7:f6:06:49:1c
07-08 13:35:00.593     0     0 I [schedu][0x2941bb277e][13:35:00.593746] wlan: [12573:I:HDD] wlan0(vdevid-0): 72:96:66:13:f4:c0 connected to 88:d7:f6:06:49:1c
07-08 13:35:00.604     0     0 I [schedu][0x2941be2725][13:35:00.603981] wlan: [12573:I:QDF] EAPOL-1 RX: SA:88:d7:f6:06:49:1c DA:72:96:66:13:f4:c0
07-08 13:35:00.610     0     0 I [soft_i][0x2941bffefa][13:35:00.610273] wlan: [0:I:QDF] EAPOL-2 TX: SA:72:96:66:13:f4:c0 DA:88:d7:f6:06:49:1c msdu_id:1199 status: succ
07-08 13:35:00.622     0     0 I [cds_ol][0x2941c3a54e][13:35:00.622730] wlan: [12574:I:QDF] EAPOL-3 RX: SA:88:d7:f6:06:49:1c DA:72:96:66:13:f4:c0
07-08 13:35:00.624     0     0 I [soft_i][0x2941c443b4][13:35:00.624842] wlan: [0:I:QDF] EAPOL-4 TX: SA:72:96:66:13:f4:c0 DA:88:d7:f6:06:49:1c msdu_id:1199 status: succ
07-08 13:35:00.636     0     0 I [schedu][0x2941c7a094][13:35:00.636320] wlan: [12573:I:WMI] LFR3:OKC enabled
07-08 13:35:00.636     0     0 I [schedu][0x2941c7a941][13:35:00.636436] wlan: [12573:I:WMI] LFR3:PMKSA caching enabled
07-08 13:35:00.645     0     0 E [schedu][0x2941ca52f3][13:35:00.645525] wlan: [12573:E:QDF] qdf_mc_timer_start: Cannot start timer in state = 21 sme_auto_ps_entry_timer_expired [wlan]
07-08 13:35:00.671     0     0 I [cds_ol][0x2941d1e18a][13:35:00.671320] wlan: [12574:I:QDF] DHCP RX: SA:          (null) DA:          (null) msdu_id:0 status: drop
07-08 13:35:00.700     0     0 E [wifi@1][0x2941da6f97][13:35:00.700520] wlan: [772:E:HDD] hdd_enable_ns_offload: 438: Failed to cache ns request; status:4
07-08 13:35:00.753     0     0 I [soft_i][0x2941e9f053][13:35:00.753437] wlan: [0:I:QDF] DHCP-R TX: SA:72:96:66:13:f4:c0 DA:ff:ff:ff:ff:ff:ff msdu_id:1199 status: succ
07-08 13:35:00.756     0     0 I [cds_ol][0x2941eaf30b][13:35:00.756887] wlan: [12574:I:QDF] DHCP-A RX: SA:88:d7:f6:a8:54:bc DA:72:96:66:13:f4:c0
07-08 13:35:01.335     0     0 I [FTS_TS/I]fts_release_all_keys: set key capabilities but release all keys
07-08 13:35:04.544     0     0 I afe_close: port_id = 0x4000
07-08 13:35:04.570     0     0 I afe_close: port_id = 0x4009
07-08 13:35:09.798     0     0 I __afe_port_start: port id: 0x4009
07-08 13:35:09.798     0     0 I afe_find_cal_topo_id_by_port: port id: 0x4009, dev_acdb_id: -22
07-08 13:35:09.798     0     0 I afe_find_cal_topo_id_by_port: top_id:1025c acdb_id:102 afe_port:0x4009
07-08 13:35:09.798     0     0 I afe_get_cal_topology_id: port_id = 0x4009 acdb_id = 102 topology_id = 0x1025c cal_type_index=8 ret=0
07-08 13:35:09.801     0     0 I afe_send_port_topology_id: AFE set topology id 0x1025c  enable for port 0x4009 ret 0
07-08 13:35:09.802     0     0 E afe_callback: cmd = 0x100fd returned error = 0x3
07-08 13:35:09.802     0     0 E afe_apr_send_pkt: DSP returned error[ADSP_EUNSUPPORTED]
07-08 13:35:09.802     0     0 I send_afe_cal_type: cal_index is 1
07-08 13:35:09.802     0     0 I send_afe_cal_type: dev_acdb_id[24] is -22
07-08 13:35:09.802     0     0 I send_afe_cal_type: Sending cal_index cal 1
07-08 13:35:09.803     0     0 I afe_send_hw_delay: port_id 0x4009 rate 8000 delay_usec 3467 status 0
07-08 13:35:09.828     0     0 E msm_pcm_chmap_ctl_put: substream ref_count:0 invalid
07-08 13:35:09.871     0     0 I __afe_port_start: port id: 0x4000
07-08 13:35:09.871     0     0 I afe_find_cal_topo_id_by_port: port id: 0x4000, dev_acdb_id: 124
07-08 13:35:09.872     0     0 I afe_find_cal_topo_id_by_port: top_id:1025d acdb_id:124 afe_port_id:0x4000
07-08 13:35:09.872     0     0 I afe_get_cal_topology_id: port_id = 0x4000 acdb_id = 124 topology_id = 0x1025d cal_type_index=8 ret=0
07-08 13:35:09.873     0     0 I afe_send_port_topology_id: AFE set topology id 0x1025d  enable for port 0x4000 ret 0
07-08 13:35:09.873     0     0 I send_afe_cal_type: cal_index is 0
07-08 13:35:09.873     0     0 I send_afe_cal_type: dev_acdb_id[15] is 124
07-08 13:35:09.873     0     0 I afe_find_cal: cal_index 0 port_id 0x4000 port_index 15
07-08 13:35:09.873     0     0 I afe_find_cal: acdb_id 124 dev_acdb_id 124 sample_rate 48000 afe_sample_rates 48000
07-08 13:35:09.874     0     0 I afe_find_cal: cal block is a match, size is 1372
07-08 13:35:09.874     0     0 I send_afe_cal_type: Sending cal_index cal 0
07-08 13:35:09.875     0     0 I afe_send_hw_delay: port_id 0x4000 rate 48000 delay_usec 474 status 0
07-08 13:35:13.078     0     0 I rmt_storage: INFO:rmt_storage_rw_iovec_cb: Write iovec request (req_h 0x10 wr_count 6) received for /boot/modem_fs1
07-08 13:35:13.079     0     0 I rmt_storage: INFO:rmt_storage_client_thread: Calling Write [offset=0, size=2097152, req_h 0x10, wr_count 6] for /boot/modem_fs1!
07-08 13:35:13.199     0     0 I rmt_storage: INFO:rmt_storage_client_thread: Done Write (bytes = 2097152, req_h 0x10, wr_count 6) for /boot/modem_fs1!
07-08 13:35:14.920     0     0 I afe_close: port_id = 0x4000
07-08 13:35:14.948     0     0 I afe_close: port_id = 0x4009
07-08 13:35:30.683     0     0 I [schedu][0x29642a968d][13:35:30.683760] wlan: [12573:I:WMA] [13:35:30.674000] [BTM_QUERY] VDEV[0]
07-08 13:35:30.684     0     0 I [schedu][0x29642aa4af][13:35:30.683948] wlan: [12573:I:WMA] [13:35:30.675000] [BTM_REQ] VDEV[0] { 5240 }
07-08 13:35:57.624     0     0 I [FTS_TS/I]fts_release_all_keys: set key capabilities but release all keys
07-08 13:35:57.701     0     0 I __afe_port_start: port id: 0x4009
07-08 13:35:57.702     0     0 I afe_find_cal_topo_id_by_port: port id: 0x4009, dev_acdb_id: -22
07-08 13:35:57.702     0     0 I afe_find_cal_topo_id_by_port: top_id:1025c acdb_id:102 afe_port:0x4009
07-08 13:35:57.702     0     0 I afe_get_cal_topology_id: port_id = 0x4009 acdb_id = 102 topology_id = 0x1025c cal_type_index=8 ret=0
07-08 13:35:57.705     0     0 I afe_send_port_topology_id: AFE set topology id 0x1025c  enable for port 0x4009 ret 0
07-08 13:35:57.706     0     0 E afe_callback: cmd = 0x100fd returned error = 0x3
07-08 13:35:57.707     0     0 E afe_apr_send_pkt: DSP returned error[ADSP_EUNSUPPORTED]
07-08 13:35:57.707     0     0 I send_afe_cal_type: cal_index is 1
07-08 13:35:57.707     0     0 I send_afe_cal_type: dev_acdb_id[24] is -22
07-08 13:35:57.707     0     0 I send_afe_cal_type: Sending cal_index cal 1
07-08 13:35:57.708     0     0 I afe_send_hw_delay: port_id 0x4009 rate 8000 delay_usec 3467 status 0
07-08 13:35:57.740     0     0 E msm_pcm_chmap_ctl_put: substream ref_count:0 invalid
07-08 13:35:57.781     0     0 I __afe_port_start: port id: 0x4000
07-08 13:35:57.781     0     0 I afe_find_cal_topo_id_by_port: port id: 0x4000, dev_acdb_id: 124
07-08 13:35:57.781     0     0 I afe_find_cal_topo_id_by_port: top_id:1025d acdb_id:124 afe_port_id:0x4000
07-08 13:35:57.781     0     0 I afe_get_cal_topology_id: port_id = 0x4000 acdb_id = 124 topology_id = 0x1025d cal_type_index=8 ret=0
07-08 13:35:57.782     0     0 I afe_send_port_topology_id: AFE set topology id 0x1025d  enable for port 0x4000 ret 0
07-08 13:35:57.782     0     0 I send_afe_cal_type: cal_index is 0
07-08 13:35:57.782     0     0 I send_afe_cal_type: dev_acdb_id[15] is 124
07-08 13:35:57.782     0     0 I afe_find_cal: cal_index 0 port_id 0x4000 port_index 15
07-08 13:35:57.782     0     0 I afe_find_cal: acdb_id 124 dev_acdb_id 124 sample_rate 48000 afe_sample_rates 48000
07-08 13:35:57.782     0     0 I afe_find_cal: cal block is a match, size is 1372
07-08 13:35:57.782     0     0 I send_afe_cal_type: Sending cal_index cal 0
07-08 13:35:57.783     0     0 I afe_send_hw_delay: port_id 0x4000 rate 48000 delay_usec 474 status 0
07-08 13:35:58.574     0     0 I [FTS_TS/I]fts_release_all_keys: set key capabilities but release all keys
--------- beginning of system
07-08 13:35:58.642  1388  4219 I ActivityTaskManager: START u0 {flg=0x34000000 cmp=com.EveryTalk.Global/com.cybertel.mcptt.ui.conversation.ConversationActivity (has extras)} from uid 10086
07-08 13:35:58.656  1388  1483 I ActivityTaskManager: The Process com.EveryTalk.Global Already Exists in BG. So sending its PID: 4272
07-08 13:35:58.656  1388  1483 W ActivityTaskManager: Tried to set launchTime (0) < mLastActivityLaunchTime (9280577)
07-08 13:35:59.632     0     0 I [FTS_TS/I]fts_release_all_keys: set key capabilities but release all keys
07-08 13:36:00.357     0     0 I [FTS_TS/I]fts_release_all_keys: set key capabilities but release all keys
07-08 13:36:00.407  1388  1634 V WindowManager: Unknown focus tokens, dropping reportFocusChanged
07-08 13:36:01.124     0     0 I [FTS_TS/I]fts_release_all_keys: set key capabilities but release all keys
07-08 13:36:01.210  1388  2966 E TaskPersister: File error accessing recents directory (directory doesn't exist?).
07-08 13:36:01.502     0     0 I [FTS_TS/I]fts_release_all_keys: set key capabilities but release all keys
07-08 13:36:01.913     0     0 I [FTS_TS/I]fts_release_all_keys: set key capabilities but release all keys
07-08 13:36:05.131     0     0 I afe_close: port_id = 0x4000
07-08 13:36:05.161     0     0 I afe_close: port_id = 0x4009
07-08 13:36:09.123     0     0 I [FTS_TS/I]fts_release_all_keys: set key capabilities but release all keys
07-08 13:36:19.529     0     0 I __afe_port_start: port id: 0x4009
07-08 13:36:19.529     0     0 I afe_find_cal_topo_id_by_port: port id: 0x4009, dev_acdb_id: -22
07-08 13:36:19.529     0     0 I afe_find_cal_topo_id_by_port: top_id:1025c acdb_id:102 afe_port:0x4009
07-08 13:36:19.529     0     0 I afe_get_cal_topology_id: port_id = 0x4009 acdb_id = 102 topology_id = 0x1025c cal_type_index=8 ret=0
07-08 13:36:19.532     0     0 I afe_send_port_topology_id: AFE set topology id 0x1025c  enable for port 0x4009 ret 0
07-08 13:36:19.533     0     0 E afe_callback: cmd = 0x100fd returned error = 0x3
07-08 13:36:19.534     0     0 E afe_apr_send_pkt: DSP returned error[ADSP_EUNSUPPORTED]
07-08 13:36:19.534     0     0 I send_afe_cal_type: cal_index is 1
07-08 13:36:19.534     0     0 I send_afe_cal_type: dev_acdb_id[24] is -22
07-08 13:36:19.534     0     0 I send_afe_cal_type: Sending cal_index cal 1
07-08 13:36:19.535     0     0 I afe_send_hw_delay: port_id 0x4009 rate 8000 delay_usec 3467 status 0
07-08 13:36:19.573     0     0 E msm_pcm_chmap_ctl_put: substream ref_count:0 invalid
07-08 13:36:19.611     0     0 I __afe_port_start: port id: 0x4000
07-08 13:36:19.611     0     0 I afe_find_cal_topo_id_by_port: port id: 0x4000, dev_acdb_id: 124
07-08 13:36:19.611     0     0 I afe_find_cal_topo_id_by_port: top_id:1025d acdb_id:124 afe_port_id:0x4000
07-08 13:36:19.611     0     0 I afe_get_cal_topology_id: port_id = 0x4000 acdb_id = 124 topology_id = 0x1025d cal_type_index=8 ret=0
07-08 13:36:19.612     0     0 I afe_send_port_topology_id: AFE set topology id 0x1025d  enable for port 0x4000 ret 0
07-08 13:36:19.612     0     0 I send_afe_cal_type: cal_index is 0
07-08 13:36:19.612     0     0 I send_afe_cal_type: dev_acdb_id[15] is 124
07-08 13:36:19.612     0     0 I afe_find_cal: cal_index 0 port_id 0x4000 port_index 15
07-08 13:36:19.612     0     0 I afe_find_cal: acdb_id 124 dev_acdb_id 124 sample_rate 48000 afe_sample_rates 48000
07-08 13:36:19.613     0     0 I afe_find_cal: cal block is a match, size is 1372
07-08 13:36:19.613     0     0 I send_afe_cal_type: Sending cal_index cal 0
07-08 13:36:19.613     0     0 I afe_send_hw_delay: port_id 0x4000 rate 48000 delay_usec 474 status 0
07-08 13:36:20.116     0     0 I [FTS_TS/I]fts_release_all_keys: set key capabilities but release all keys
07-08 13:36:20.134  1388  1847 I ActivityTaskManager: START u0 {cmp=com.EveryTalk.Global/com.cybertel.mcptt.ui.conversation.ConversationDeleteActivity (has extras)} from uid 10086
07-08 13:36:20.162  1388  1847 I ActivityTaskManager: The Process com.EveryTalk.Global Already Exists in BG. So sending its PID: 4272
07-08 13:36:20.162  1388  1847 W ActivityTaskManager: Tried to set launchTime (0) < mLastActivityLaunchTime (9281553)
07-08 13:36:20.742     0     0 I [FTS_TS/I]fts_release_all_keys: set key capabilities but release all keys
07-08 13:36:21.240     0     0 I [FTS_TS/I]fts_release_all_keys: set key capabilities but release all keys
07-08 13:36:21.758     0     0 I [FTS_TS/I]fts_release_all_keys: set key capabilities but release all keys
07-08 13:36:21.810  1388  4220 W ActivityTaskManager: Duplicate finish request for r=ActivityRecord{483c90c u0 com.EveryTalk.Global/com.cybertel.mcptt.ui.conversation.ConversationDeleteActivity t47 f}}
07-08 13:36:21.829  1388  1634 V WindowManager: Unknown focus tokens, dropping reportFocusChanged
07-08 13:36:22.061  1388  4219 W ActivityTaskManager: Duplicate finish request for r=ActivityRecord{483c90c u0 com.EveryTalk.Global/com.cybertel.mcptt.ui.conversation.ConversationDeleteActivity t47 f}}
07-08 13:36:22.062  1388  2430 W ActivityTaskManager: Duplicate finish request for r=ActivityRecord{483c90c u0 com.EveryTalk.Global/com.cybertel.mcptt.ui.conversation.ConversationDeleteActivity t47 f}}
07-08 13:36:22.062  1388  2752 W ActivityTaskManager: Duplicate finish request for r=ActivityRecord{483c90c u0 com.EveryTalk.Global/com.cybertel.mcptt.ui.conversation.ConversationDeleteActivity t47 f}}
07-08 13:36:23.608  1388  2966 E TaskPersister: File error accessing recents directory (directory doesn't exist?).
07-08 13:36:24.968     0     0 I afe_close: port_id = 0x4000
07-08 13:36:24.998     0     0 I afe_close: port_id = 0x4009
07-08 13:36:59.026     0     0 F -----------> timestamp: 2026.07.08-13:36:59 (total suspend time: 0 Sec)
07-08 13:37:14.719  1388  1671 V DisplayPowerController[0]: Brightness [0.05] reason changing to: 'manual [ dim ]', previous reason: 'manual'.
07-08 13:37:14.734  1388  2026 E DisplayDeviceConfig: requesting nits when no mapping exists.
07-08 13:37:14.735  1388  2026 E DisplayDeviceConfig: requesting nits when no mapping exists.
07-08 13:37:14.738  1388  1644 I DropBoxManagerService: add tag=system_server_wtf isTagEnabled=true flags=0x2
07-08 13:37:14.745  1388  1644 I DropBoxManagerService: add tag=system_server_wtf isTagEnabled=true flags=0x2
07-08 13:37:14.749  1388  2026 E DisplayDeviceConfig: requesting nits when no mapping exists.
07-08 13:37:14.750  1388  2026 E DisplayDeviceConfig: requesting nits when no mapping exists.
07-08 13:37:14.753  1388  1644 I DropBoxManagerService: add tag=system_server_wtf isTagEnabled=true flags=0x2
07-08 13:37:14.757  1388  1644 I DropBoxManagerService: add tag=system_server_wtf isTagEnabled=true flags=0x2
07-08 13:37:14.765  1388  2026 E DisplayDeviceConfig: requesting nits when no mapping exists.
07-08 13:37:14.766  1388  2026 E DisplayDeviceConfig: requesting nits when no mapping exists.
07-08 13:37:14.768  1388  1644 I DropBoxManagerService: add tag=system_server_wtf isTagEnabled=true flags=0x2
07-08 13:37:14.782  1388  2026 E DisplayDeviceConfig: requesting nits when no mapping exists.
07-08 13:37:14.783  1388  2026 E DisplayDeviceConfig: requesting nits when no mapping exists.
07-08 13:37:14.798  1388  2026 E DisplayDeviceConfig: requesting nits when no mapping exists.
07-08 13:37:14.800  1388  2026 E DisplayDeviceConfig: requesting nits when no mapping exists.
07-08 13:37:14.814  1388  2026 E DisplayDeviceConfig: requesting nits when no mapping exists.
07-08 13:37:14.815  1388  2026 E DisplayDeviceConfig: requesting nits when no mapping exists.
07-08 13:37:14.829  1388  2026 E DisplayDeviceConfig: requesting nits when no mapping exists.
07-08 13:37:14.830  1388  2026 E DisplayDeviceConfig: requesting nits when no mapping exists.
07-08 13:37:14.846  1388  2026 E DisplayDeviceConfig: requesting nits when no mapping exists.
07-08 13:37:14.847  1388  2026 E DisplayDeviceConfig: requesting nits when no mapping exists.
07-08 13:37:14.861  1388  2026 E DisplayDeviceConfig: requesting nits when no mapping exists.
07-08 13:37:14.862  1388  2026 E DisplayDeviceConfig: requesting nits when no mapping exists.
07-08 13:37:14.877  1388  2026 E DisplayDeviceConfig: requesting nits when no mapping exists.
07-08 13:37:14.878  1388  2026 E DisplayDeviceConfig: requesting nits when no mapping exists.
07-08 13:37:14.893  1388  2026 E DisplayDeviceConfig: requesting nits when no mapping exists.
07-08 13:37:14.897  1388  2026 E DisplayDeviceConfig: requesting nits when no mapping exists.
07-08 13:37:14.909  1388  2026 E DisplayDeviceConfig: requesting nits when no mapping exists.
07-08 13:37:14.910  1388  2026 E DisplayDeviceConfig: requesting nits when no mapping exists.
07-08 13:37:14.926  1388  2026 E DisplayDeviceConfig: requesting nits when no mapping exists.
07-08 13:37:14.927  1388  2026 E DisplayDeviceConfig: requesting nits when no mapping exists.
07-08 13:37:14.940  1388  2026 E DisplayDeviceConfig: requesting nits when no mapping exists.
07-08 13:37:14.941  1388  2026 E DisplayDeviceConfig: requesting nits when no mapping exists.
07-08 13:37:14.958  1388  2026 E DisplayDeviceConfig: requesting nits when no mapping exists.
07-08 13:37:14.959  1388  2026 E DisplayDeviceConfig: requesting nits when no mapping exists.
07-08 13:37:14.972  1388  2026 E DisplayDeviceConfig: requesting nits when no mapping exists.
07-08 13:37:14.973  1388  2026 E DisplayDeviceConfig: requesting nits when no mapping exists.
07-08 13:37:14.988  1388  2026 E DisplayDeviceConfig: requesting nits when no mapping exists.
07-08 13:37:14.989  1388  2026 E DisplayDeviceConfig: requesting nits when no mapping exists.
07-08 13:37:15.004  1388  2026 E DisplayDeviceConfig: requesting nits when no mapping exists.
07-08 13:37:15.005  1388  2026 E DisplayDeviceConfig: requesting nits when no mapping exists.
07-08 13:37:15.020  1388  2026 E DisplayDeviceConfig: requesting nits when no mapping exists.
07-08 13:37:15.021  1388  2026 E DisplayDeviceConfig: requesting nits when no mapping exists.
07-08 13:37:15.037  1388  2026 E DisplayDeviceConfig: requesting nits when no mapping exists.
07-08 13:37:15.038  1388  2026 E DisplayDeviceConfig: requesting nits when no mapping exists.
07-08 13:37:15.053  1388  2026 E DisplayDeviceConfig: requesting nits when no mapping exists.
07-08 13:37:15.054  1388  2026 E DisplayDeviceConfig: requesting nits when no mapping exists.
07-08 13:37:15.069  1388  2026 E DisplayDeviceConfig: requesting nits when no mapping exists.
07-08 13:37:15.070  1388  2026 E DisplayDeviceConfig: requesting nits when no mapping exists.
07-08 13:37:15.085  1388  2026 E DisplayDeviceConfig: requesting nits when no mapping exists.
07-08 13:37:15.086  1388  2026 E DisplayDeviceConfig: requesting nits when no mapping exists.
07-08 13:37:15.100  1388  2026 E DisplayDeviceConfig: requesting nits when no mapping exists.
07-08 13:37:15.101  1388  2026 E DisplayDeviceConfig: requesting nits when no mapping exists.
07-08 13:37:15.117  1388  2026 E DisplayDeviceConfig: requesting nits when no mapping exists.
07-08 13:37:15.118  1388  2026 E DisplayDeviceConfig: requesting nits when no mapping exists.
07-08 13:37:15.132  1388  2026 E DisplayDeviceConfig: requesting nits when no mapping exists.
07-08 13:37:15.133  1388  2026 E DisplayDeviceConfig: requesting nits when no mapping exists.
07-08 13:37:15.149  1388  2026 E DisplayDeviceConfig: requesting nits when no mapping exists.
07-08 13:37:15.150  1388  2026 E DisplayDeviceConfig: requesting nits when no mapping exists.
07-08 13:37:15.165  1388  2026 E DisplayDeviceConfig: requesting nits when no mapping exists.
07-08 13:37:15.166  1388  2026 E DisplayDeviceConfig: requesting nits when no mapping exists.
07-08 13:37:15.180  1388  2026 E DisplayDeviceConfig: requesting nits when no mapping exists.
07-08 13:37:15.182  1388  2026 E DisplayDeviceConfig: requesting nits when no mapping exists.
07-08 13:37:15.196  1388  2026 E DisplayDeviceConfig: requesting nits when no mapping exists.
07-08 13:37:15.197  1388  2026 E DisplayDeviceConfig: requesting nits when no mapping exists.
07-08 13:37:15.213  1388  2026 E DisplayDeviceConfig: requesting nits when no mapping exists.
07-08 13:37:15.214  1388  2026 E DisplayDeviceConfig: requesting nits when no mapping exists.
07-08 13:37:15.228  1388  2026 E DisplayDeviceConfig: requesting nits when no mapping exists.
07-08 13:37:15.229  1388  2026 E DisplayDeviceConfig: requesting nits when no mapping exists.
07-08 13:37:15.245  1388  2026 E DisplayDeviceConfig: requesting nits when no mapping exists.
07-08 13:37:15.246  1388  2026 E DisplayDeviceConfig: requesting nits when no mapping exists.
07-08 13:37:15.260  1388  2026 E DisplayDeviceConfig: requesting nits when no mapping exists.
07-08 13:37:15.261  1388  2026 E DisplayDeviceConfig: requesting nits when no mapping exists.
07-08 13:37:15.277  1388  2026 E DisplayDeviceConfig: requesting nits when no mapping exists.
07-08 13:37:15.279  1388  2026 E DisplayDeviceConfig: requesting nits when no mapping exists.
07-08 13:37:15.292  1388  2026 E DisplayDeviceConfig: requesting nits when no mapping exists.
07-08 13:37:15.293  1388  2026 E DisplayDeviceConfig: requesting nits when no mapping exists.
07-08 13:37:15.308  1388  2026 E DisplayDeviceConfig: requesting nits when no mapping exists.
07-08 13:37:15.309  1388  2026 E DisplayDeviceConfig: requesting nits when no mapping exists.
07-08 13:37:15.324  1388  2026 E DisplayDeviceConfig: requesting nits when no mapping exists.
07-08 13:37:15.326  1388  2026 E DisplayDeviceConfig: requesting nits when no mapping exists.
07-08 13:37:15.340  1388  2026 E DisplayDeviceConfig: requesting nits when no mapping exists.
07-08 13:37:15.341  1388  2026 E DisplayDeviceConfig: requesting nits when no mapping exists.
07-08 13:37:15.355  1388  2026 E DisplayDeviceConfig: requesting nits when no mapping exists.
07-08 13:37:15.357  1388  2026 E DisplayDeviceConfig: requesting nits when no mapping exists.
07-08 13:37:15.372  1388  2026 E DisplayDeviceConfig: requesting nits when no mapping exists.
07-08 13:37:15.374  1388  2026 E DisplayDeviceConfig: requesting nits when no mapping exists.
07-08 13:37:15.387  1388  2026 E DisplayDeviceConfig: requesting nits when no mapping exists.
07-08 13:37:15.388  1388  2026 E DisplayDeviceConfig: requesting nits when no mapping exists.
07-08 13:37:15.403  1388  2026 E DisplayDeviceConfig: requesting nits when no mapping exists.
07-08 13:37:15.404  1388  2026 E DisplayDeviceConfig: requesting nits when no mapping exists.
07-08 13:37:15.420  1388  2026 E DisplayDeviceConfig: requesting nits when no mapping exists.
07-08 13:37:15.421  1388  2026 E DisplayDeviceConfig: requesting nits when no mapping exists.
07-08 13:37:15.436  1388  2026 E DisplayDeviceConfig: requesting nits when no mapping exists.
07-08 13:37:15.437  1388  2026 E DisplayDeviceConfig: requesting nits when no mapping exists.
07-08 13:37:15.451  1388  2026 E DisplayDeviceConfig: requesting nits when no mapping exists.
07-08 13:37:15.452  1388  2026 E DisplayDeviceConfig: requesting nits when no mapping exists.
07-08 13:37:15.468  1388  2026 E DisplayDeviceConfig: requesting nits when no mapping exists.
07-08 13:37:15.470  1388  2026 E DisplayDeviceConfig: requesting nits when no mapping exists.
07-08 13:37:15.483  1388  2026 E DisplayDeviceConfig: requesting nits when no mapping exists.
07-08 13:37:15.485  1388  2026 E DisplayDeviceConfig: requesting nits when no mapping exists.
07-08 13:37:15.499  1388  2026 E DisplayDeviceConfig: requesting nits when no mapping exists.
07-08 13:37:15.500  1388  2026 E DisplayDeviceConfig: requesting nits when no mapping exists.
07-08 13:37:15.515  1388  2026 E DisplayDeviceConfig: requesting nits when no mapping exists.
07-08 13:37:15.516  1388  2026 E DisplayDeviceConfig: requesting nits when no mapping exists.
07-08 13:37:15.531  1388  2026 E DisplayDeviceConfig: requesting nits when no mapping exists.
07-08 13:37:15.532  1388  2026 E DisplayDeviceConfig: requesting nits when no mapping exists.
07-08 13:37:15.547  1388  2026 E DisplayDeviceConfig: requesting nits when no mapping exists.
07-08 13:37:15.548  1388  2026 E DisplayDeviceConfig: requesting nits when no mapping exists.
07-08 13:37:15.563  1388  2026 E DisplayDeviceConfig: requesting nits when no mapping exists.
07-08 13:37:15.564  1388  2026 E DisplayDeviceConfig: requesting nits when no mapping exists.
07-08 13:37:15.579  1388  2026 E DisplayDeviceConfig: requesting nits when no mapping exists.
07-08 13:37:15.580  1388  2026 E DisplayDeviceConfig: requesting nits when no mapping exists.
07-08 13:37:15.595  1388  2026 E DisplayDeviceConfig: requesting nits when no mapping exists.
07-08 13:37:15.596  1388  2026 E DisplayDeviceConfig: requesting nits when no mapping exists.
07-08 13:37:15.610  1388  2026 E DisplayDeviceConfig: requesting nits when no mapping exists.
07-08 13:37:15.612  1388  2026 E DisplayDeviceConfig: requesting nits when no mapping exists.
07-08 13:37:15.627  1388  2026 E DisplayDeviceConfig: requesting nits when no mapping exists.
07-08 13:37:15.628  1388  2026 E DisplayDeviceConfig: requesting nits when no mapping exists.
07-08 13:37:15.643  1388  2026 E DisplayDeviceConfig: requesting nits when no mapping exists.
07-08 13:37:15.644  1388  2026 E DisplayDeviceConfig: requesting nits when no mapping exists.
07-08 13:37:15.658  1388  2026 E DisplayDeviceConfig: requesting nits when no mapping exists.
07-08 13:37:15.659  1388  2026 E DisplayDeviceConfig: requesting nits when no mapping exists.
07-08 13:37:15.673  1388  2026 E DisplayDeviceConfig: requesting nits when no mapping exists.
07-08 13:37:15.674  1388  2026 E DisplayDeviceConfig: requesting nits when no mapping exists.
07-08 13:37:15.690  1388  2026 E DisplayDeviceConfig: requesting nits when no mapping exists.
07-08 13:37:15.690  1388  2026 E DisplayDeviceConfig: requesting nits when no mapping exists.
07-08 13:37:15.708  1388  2026 E DisplayDeviceConfig: requesting nits when no mapping exists.
07-08 13:37:15.709  1388  2026 E DisplayDeviceConfig: requesting nits when no mapping exists.
07-08 13:37:15.722  1388  2026 E DisplayDeviceConfig: requesting nits when no mapping exists.
07-08 13:37:15.723  1388  2026 E DisplayDeviceConfig: requesting nits when no mapping exists.
07-08 13:37:21.711  1388  1671 I PowerManagerService: Powering off display group due to timeout (groupId= 0, uid= 1000)...
07-08 13:37:21.712  1388  1671 I PowerManagerService: Going to sleep due to timeout (uid 1000)...
07-08 13:37:21.777  1388  1671 V DisplayPowerController[0]: Brightness [0.75686276] reason changing to: 'manual', previous reason: 'manual [ dim ]'.
07-08 13:37:22.222  1388  2026 E DisplayDeviceConfig: requesting nits when no mapping exists.
07-08 13:37:22.223  1388  2026 E DisplayDeviceConfig: requesting nits when no mapping exists.
07-08 13:37:22.226  1388  1671 I DisplayPowerController[0]: Blocking screen off
07-08 13:37:22.226  1388  1671 I DisplayPowerController[0]: Unblocked screen off after 1 ms
07-08 13:37:22.250  1388  1671 D ActivityTaskManager: Top Process State changed to PROCESS_STATE_TOP_SLEEPING
07-08 13:37:22.280  1388  1671 V DisplayPowerController[0]: Brightness [0.0] reason changing to: 'screen_off', previous reason: 'manual'.
07-08 13:37:22.281     0     0 I [FTS_TS/I]fb_notifier_callback: FB event:16,blank:4
07-08 13:37:22.281     0     0 I [FTS_TS/I]fts_ts_suspend: make TP enter into sleep mode
07-08 13:37:22.289  1388  1634 I DisplayDeviceRepository: Display device changed state: "Built-in Screen", OFF
07-08 13:37:22.318     0     0 F ***time : 9365, msoc : 72, uA: 154296. temp : 320, uV: 3879872, uOhm: 240966
07-08 13:37:22.318     0     0 I         : *** current capacity= 7776000, soc for low_temp= 72
07-08 13:37:22.318     0     0 I         : *** cal msoc : 72
07-08 13:37:22.329     0     0 W healthd : battery l=72 v=3879 t=32.0 h=2 st=3 c=-154 fc=2794000 cc=20 chg=
07-08 13:37:22.339  1388  1888 D BatteryService: Processing new values: info={.chargerAcOnline = false, .chargerUsbOnline = false, .chargerWirelessOnline = false, .maxChargingCurrent = 0, .maxChargingVoltage = 0, .batteryStatus = DISCHARGING, .batteryHealth = GOOD, .batteryPresent = true, .batteryLevel = 72, .batteryVoltage = 3879, .batteryTemperature = 320, .batteryCurrent = -154, .batteryCycleCount = 20, .batteryFullCharge = 2794000, .batteryChargeCounter = 1657791, .batteryTechnology = Li-ion, .chargerRealType = , .chargingVoltage = 0, .batteryID = 100000}, mBatteryLevelCritical=false, mPlugType=0
07-08 13:37:22.339  1388  1888 D BatteryService: Sending ACTION_BATTERY_CHANGED. scale:100, info:{.chargerAcOnline = false, .chargerUsbOnline = false, .chargerWirelessOnline = false, .maxChargingCurrent = 0, .maxChargingVoltage = 0, .batteryStatus = DISCHARGING, .batteryHealth = GOOD, .batteryPresent = true, .batteryLevel = 72, .batteryVoltage = 3879, .batteryTemperature = 320, .batteryCurrent = -154, .batteryCycleCount = 20, .batteryFullCharge = 2794000, .batteryChargeCounter = 1657791, .batteryTechnology = Li-ion, .chargerRealType = , .chargingVoltage = 0, .batteryID = 100000}
07-08 13:37:22.477     0     0 I mdss_dsi_panel_power_off: ext_ldo
07-08 13:37:22.477     0     0 I PanelType: lcdtype=3
07-08 13:37:22.482     0     0 I [FTS_TS/I]fb_notifier_callback: FB event:9,blank:4
07-08 13:37:22.482     0     0 I [FTS_TS/I]fb_notifier_callback: suspend: event = 9, not care
07-08 13:37:22.492  1388  1671 I DreamManagerService: Entering dreamland.
07-08 13:37:22.494  1388  1671 I PowerManagerService: Dozing...
07-08 13:37:22.502     0     0 W audit   : audit_lost=214 audit_rate_limit=5 audit_backlog_limit=64
07-08 13:37:22.503     0     0 E audit   : rate limit exceeded
07-08 13:37:22.503  1388  1631 I DreamController: Starting dream: name=ComponentInfo{com.android.systemui/com.android.systemui.doze.DozeService}, isTest=false, canDoze=true, userId=0
07-08 13:37:22.558  1388  1634 V UsbDeviceManager: onKeyguardStateChanged: isShowing:false secure:false user:0
07-08 13:37:22.640  1388  1388 I BatteryService: intent action: android.intent.action.SCREEN_OFF
07-08 13:37:26.788  1388  1634 V UsbDeviceManager: onKeyguardStateChanged: isShowing:true secure:false user:0
07-08 13:38:13.267  1388  1882 I PowerManagerService: Powering on display group fromDozing (groupId=0, uid=1000, reason=WAKE_REASON_POWER_BUTTON, details=android.policy:POWER)...
07-08 13:38:13.267  1388  1882 I PowerManagerService: Waking up from Dozing (uid=1000, reason=WAKE_REASON_POWER_BUTTON, details=android.policy:POWER)...
07-08 13:38:13.274  1388  1671 I DisplayPowerController[0]: Blocking screen on until initial contents have been drawn.
07-08 13:38:13.276  1388  1671 V DisplayPowerController[0]: Brightness [0.75686276] reason changing to: 'manual', previous reason: 'screen_off'.
07-08 13:38:13.290  1388  1634 I DisplayDeviceRepository: Display device changed state: "Built-in Screen", ON
07-08 13:38:13.290     0     0 I [FTS_TS/I]fb_notifier_callback: FB event:16,blank:0
07-08 13:38:13.290     0     0 I [FTS_TS/I]fb_notifier_callback: resume: event = 16, not care
07-08 13:38:13.298     0     0 I mdss_dsi_panel_power_on: ext_ldo
07-08 13:38:13.298     0     0 I PanelType: lcdtype=3
07-08 13:38:13.310  1388  1388 I BatteryService: intent action: android.intent.action.SCREEN_ON
07-08 13:38:13.345     0     0 W healthd : battery l=72 v=3902 t=31.0 h=2 st=3 c=-58 fc=2794000 cc=20 chg=
07-08 13:38:13.345  1388  1634 V UsbDeviceManager: onKeyguardStateChanged: isShowing:true secure:false user:0
07-08 13:38:13.352  1388  1888 D BatteryService: Processing new values: info={.chargerAcOnline = false, .chargerUsbOnline = false, .chargerWirelessOnline = false, .maxChargingCurrent = 0, .maxChargingVoltage = 0, .batteryStatus = DISCHARGING, .batteryHealth = GOOD, .batteryPresent = true, .batteryLevel = 72, .batteryVoltage = 3902, .batteryTemperature = 310, .batteryCurrent = -58, .batteryCycleCount = 20, .batteryFullCharge = 2794000, .batteryChargeCounter = 1656932, .batteryTechnology = Li-ion, .chargerRealType = , .chargingVoltage = 0, .batteryID = 100000}, mBatteryLevelCritical=false, mPlugType=0
07-08 13:38:13.352  1388  1888 D BatteryService: Sending ACTION_BATTERY_CHANGED. scale:100, info:{.chargerAcOnline = false, .chargerUsbOnline = false, .chargerWirelessOnline = false, .maxChargingCurrent = 0, .maxChargingVoltage = 0, .batteryStatus = DISCHARGING, .batteryHealth = GOOD, .batteryPresent = true, .batteryLevel = 72, .batteryVoltage = 3902, .batteryTemperature = 310, .batteryCurrent = -58, .batteryCycleCount = 20, .batteryFullCharge = 2794000, .batteryChargeCounter = 1656932, .batteryTechnology = Li-ion, .chargerRealType = , .chargingVoltage = 0, .batteryID = 100000}
07-08 13:38:13.391  1388  4220 I CTB_NetworkSVC: mExtModemType : 0
07-08 13:38:13.429  1388  1671 I DisplayPowerController[0]: Unblocked screen on after 155 ms
07-08 13:38:13.569     0     0 I [FTS_TS/I]fb_notifier_callback: FB event:9,blank:0
07-08 13:38:13.572  1388  2026 E DisplayDeviceConfig: requesting nits when no mapping exists.
07-08 13:38:13.572  1388  2026 E DisplayDeviceConfig: requesting nits when no mapping exists.
07-08 13:38:13.573  1388  1671 W PowerManagerService: Screen on took 313 ms
07-08 13:38:13.573  1388  1671 I DreamManagerService: Gently waking up from dream.
07-08 13:38:13.574  1388  1631 I DreamManagerService: Performing gentle wake from dream.
07-08 13:38:13.576  1388  1644 I DropBoxManagerService: add tag=system_server_wtf isTagEnabled=true flags=0x2
07-08 13:38:13.580  1388  1644 I DropBoxManagerService: add tag=system_server_wtf isTagEnabled=true flags=0x2
07-08 13:38:13.621  1388  4220 I DreamManagerService: Leaving dreamland.
07-08 13:38:13.623  1388  1631 I DreamManagerService: Performing gentle wake from dream.
07-08 13:38:13.623  1388  1631 I DreamController: Stopping dream: name=ComponentInfo{com.android.systemui/com.android.systemui.doze.DozeService}, isTest=false, canDoze=true, userId=0, reason='finished self'(from 'requested stopDream')
07-08 13:38:13.737  1388  1388 V WindowManager: PowerKeyRule:onPress : downTime =9416156
07-08 13:38:13.737  1388  1388 D WindowManager: powerPress: eventTime=9416156 interactive=true count=1 beganFromNonInteractive=true mShortPressOnPowerBehavior=1
07-08 13:38:13.817     0     0 I [FTS_TS/I]fts_wait_tp_to_valid: TP Ready,Device ID:0x5452
07-08 13:38:16.343  1388  2430 D ActivityTaskManager: Top Process State changed to PROCESS_STATE_TOP
07-08 13:38:16.368     0     0 I [FTS_TS/I]fts_release_all_keys: set key capabilities but release all keys
07-08 13:38:16.436  1388  1634 V UsbDeviceManager: onKeyguardStateChanged: isShowing:false secure:false user:0
07-08 13:38:16.438  1388  1644 W BroadcastQueue: Background execution not allowed: receiving Intent { act=android.intent.action.USER_PRESENT flg=0x24200010 } to com.dki.pushagent/.receiver.BootCompleteReceiver
07-08 13:38:16.461     0     0 I __afe_port_start: port id: 0x4009
07-08 13:38:16.461     0     0 I afe_find_cal_topo_id_by_port: port id: 0x4009, dev_acdb_id: -22
07-08 13:38:16.462     0     0 I afe_find_cal_topo_id_by_port: top_id:1025c acdb_id:102 afe_port:0x4009
07-08 13:38:16.462     0     0 I afe_get_cal_topology_id: port_id = 0x4009 acdb_id = 102 topology_id = 0x1025c cal_type_index=8 ret=0
07-08 13:38:16.465     0     0 I afe_send_port_topology_id: AFE set topology id 0x1025c  enable for port 0x4009 ret 0
07-08 13:38:16.465     0     0 E afe_callback: cmd = 0x100fd returned error = 0x3
07-08 13:38:16.465     0     0 E afe_apr_send_pkt: DSP returned error[ADSP_EUNSUPPORTED]
07-08 13:38:16.465     0     0 I send_afe_cal_type: cal_index is 1
07-08 13:38:16.465     0     0 I send_afe_cal_type: dev_acdb_id[24] is -22
07-08 13:38:16.466     0     0 I send_afe_cal_type: Sending cal_index cal 1
07-08 13:38:16.466     0     0 I afe_send_hw_delay: port_id 0x4009 rate 8000 delay_usec 3467 status 0
07-08 13:38:16.498     0     0 E msm_pcm_chmap_ctl_put: substream ref_count:0 invalid
07-08 13:38:16.536     0     0 I __afe_port_start: port id: 0x4000
07-08 13:38:16.536     0     0 I afe_find_cal_topo_id_by_port: port id: 0x4000, dev_acdb_id: 124
07-08 13:38:16.536     0     0 I afe_find_cal_topo_id_by_port: top_id:1025d acdb_id:124 afe_port_id:0x4000
07-08 13:38:16.536     0     0 I afe_get_cal_topology_id: port_id = 0x4000 acdb_id = 124 topology_id = 0x1025d cal_type_index=8 ret=0
07-08 13:38:16.537     0     0 I afe_send_port_topology_id: AFE set topology id 0x1025d  enable for port 0x4000 ret 0
07-08 13:38:16.537     0     0 I send_afe_cal_type: cal_index is 0
07-08 13:38:16.537     0     0 I send_afe_cal_type: dev_acdb_id[15] is 124
07-08 13:38:16.537     0     0 I afe_find_cal: cal_index 0 port_id 0x4000 port_index 15
07-08 13:38:16.537     0     0 I afe_find_cal: acdb_id 124 dev_acdb_id 124 sample_rate 48000 afe_sample_rates 48000
07-08 13:38:16.537     0     0 I afe_find_cal: cal block is a match, size is 1372
07-08 13:38:16.537     0     0 I send_afe_cal_type: Sending cal_index cal 0
07-08 13:38:16.538     0     0 I afe_send_hw_delay: port_id 0x4000 rate 48000 delay_usec 474 status 0
07-08 13:38:19.822     0     0 I afe_close: port_id = 0x4000
07-08 13:38:19.853     0     0 I afe_close: port_id = 0x4009
07-08 13:39:01.904     0     0 F -----------> timestamp: 2026.07.08-13:39:01 (total suspend time: 0 Sec)
07-08 13:39:09.290  1388  1671 V DisplayPowerController[0]: Brightness [0.05] reason changing to: 'manual [ dim ]', previous reason: 'manual'.
07-08 13:39:09.298  1388  2026 E DisplayDeviceConfig: requesting nits when no mapping exists.
07-08 13:39:09.299  1388  2026 E DisplayDeviceConfig: requesting nits when no mapping exists.
07-08 13:39:09.301  1388  1644 I DropBoxManagerService: add tag=system_server_wtf isTagEnabled=true flags=0x2
07-08 13:39:09.308  1388  1644 I DropBoxManagerService: add tag=system_server_wtf isTagEnabled=true flags=0x2
07-08 13:39:09.313  1388  2026 E DisplayDeviceConfig: requesting nits when no mapping exists.
07-08 13:39:09.315  1388  2026 E DisplayDeviceConfig: requesting nits when no mapping exists.
07-08 13:39:09.317  1388  1644 I DropBoxManagerService: add tag=system_server_wtf isTagEnabled=true flags=0x2
07-08 13:39:09.322  1388  1644 I DropBoxManagerService: add tag=system_server_wtf isTagEnabled=true flags=0x2
07-08 13:39:09.329  1388  2026 E DisplayDeviceConfig: requesting nits when no mapping exists.
07-08 13:39:09.330  1388  2026 E DisplayDeviceConfig: requesting nits when no mapping exists.
07-08 13:39:09.333  1388  1644 I DropBoxManagerService: add tag=system_server_wtf isTagEnabled=true flags=0x2
07-08 13:39:09.347  1388  2026 E DisplayDeviceConfig: requesting nits when no mapping exists.
07-08 13:39:09.348  1388  2026 E DisplayDeviceConfig: requesting nits when no mapping exists.
07-08 13:39:09.362  1388  2026 E DisplayDeviceConfig: requesting nits when no mapping exists.
07-08 13:39:09.363  1388  2026 E DisplayDeviceConfig: requesting nits when no mapping exists.
07-08 13:39:09.378  1388  2026 E DisplayDeviceConfig: requesting nits when no mapping exists.
07-08 13:39:09.379  1388  2026 E DisplayDeviceConfig: requesting nits when no mapping exists.
07-08 13:39:09.394  1388  2026 E DisplayDeviceConfig: requesting nits when no mapping exists.
07-08 13:39:09.396  1388  2026 E DisplayDeviceConfig: requesting nits when no mapping exists.
07-08 13:39:09.411  1388  2026 E DisplayDeviceConfig: requesting nits when no mapping exists.
07-08 13:39:09.412  1388  2026 E DisplayDeviceConfig: requesting nits when no mapping exists.
07-08 13:39:09.428  1388  2026 E DisplayDeviceConfig: requesting nits when no mapping exists.
07-08 13:39:09.429  1388  2026 E DisplayDeviceConfig: requesting nits when no mapping exists.
07-08 13:39:09.443  1388  2026 E DisplayDeviceConfig: requesting nits when no mapping exists.
07-08 13:39:09.444  1388  2026 E DisplayDeviceConfig: requesting nits when no mapping exists.
07-08 13:39:09.460  1388  2026 E DisplayDeviceConfig: requesting nits when no mapping exists.
07-08 13:39:09.461  1388  2026 E DisplayDeviceConfig: requesting nits when no mapping exists.
07-08 13:39:09.475  1388  2026 E DisplayDeviceConfig: requesting nits when no mapping exists.
07-08 13:39:09.476  1388  2026 E DisplayDeviceConfig: requesting nits when no mapping exists.
07-08 13:39:09.492  1388  2026 E DisplayDeviceConfig: requesting nits when no mapping exists.
07-08 13:39:09.493  1388  2026 E DisplayDeviceConfig: requesting nits when no mapping exists.
07-08 13:39:09.507  1388  2026 E DisplayDeviceConfig: requesting nits when no mapping exists.
07-08 13:39:09.508  1388  2026 E DisplayDeviceConfig: requesting nits when no mapping exists.
07-08 13:39:09.523  1388  2026 E DisplayDeviceConfig: requesting nits when no mapping exists.
07-08 13:39:09.524  1388  2026 E DisplayDeviceConfig: requesting nits when no mapping exists.
07-08 13:39:09.539  1388  2026 E DisplayDeviceConfig: requesting nits when no mapping exists.
07-08 13:39:09.539  1388  2026 E DisplayDeviceConfig: requesting nits when no mapping exists.
07-08 13:39:09.555  1388  2026 E DisplayDeviceConfig: requesting nits when no mapping exists.
07-08 13:39:09.556  1388  2026 E DisplayDeviceConfig: requesting nits when no mapping exists.
07-08 13:39:09.570  1388  2026 E DisplayDeviceConfig: requesting nits when no mapping exists.
07-08 13:39:09.572  1388  2026 E DisplayDeviceConfig: requesting nits when no mapping exists.
07-08 13:39:09.588  1388  2026 E DisplayDeviceConfig: requesting nits when no mapping exists.
07-08 13:39:09.589  1388  2026 E DisplayDeviceConfig: requesting nits when no mapping exists.
07-08 13:39:09.603  1388  2026 E DisplayDeviceConfig: requesting nits when no mapping exists.
07-08 13:39:09.605  1388  2026 E DisplayDeviceConfig: requesting nits when no mapping exists.
07-08 13:39:09.619  1388  2026 E DisplayDeviceConfig: requesting nits when no mapping exists.
07-08 13:39:09.619  1388  2026 E DisplayDeviceConfig: requesting nits when no mapping exists.
07-08 13:39:09.635  1388  2026 E DisplayDeviceConfig: requesting nits when no mapping exists.
07-08 13:39:09.636  1388  2026 E DisplayDeviceConfig: requesting nits when no mapping exists.
07-08 13:39:09.651  1388  2026 E DisplayDeviceConfig: requesting nits when no mapping exists.
07-08 13:39:09.652  1388  2026 E DisplayDeviceConfig: requesting nits when no mapping exists.
07-08 13:39:09.667  1388  2026 E DisplayDeviceConfig: requesting nits when no mapping exists.
07-08 13:39:09.669  1388  2026 E DisplayDeviceConfig: requesting nits when no mapping exists.
07-08 13:39:09.683  1388  2026 E DisplayDeviceConfig: requesting nits when no mapping exists.
07-08 13:39:09.685  1388  2026 E DisplayDeviceConfig: requesting nits when no mapping exists.
07-08 13:39:09.699  1388  2026 E DisplayDeviceConfig: requesting nits when no mapping exists.
07-08 13:39:09.700  1388  2026 E DisplayDeviceConfig: requesting nits when no mapping exists.
07-08 13:39:09.715  1388  2026 E DisplayDeviceConfig: requesting nits when no mapping exists.
07-08 13:39:09.716  1388  2026 E DisplayDeviceConfig: requesting nits when no mapping exists.
07-08 13:39:09.731  1388  2026 E DisplayDeviceConfig: requesting nits when no mapping exists.
07-08 13:39:09.732  1388  2026 E DisplayDeviceConfig: requesting nits when no mapping exists.
07-08 13:39:09.748  1388  2026 E DisplayDeviceConfig: requesting nits when no mapping exists.
07-08 13:39:09.749  1388  2026 E DisplayDeviceConfig: requesting nits when no mapping exists.
07-08 13:39:09.763  1388  2026 E DisplayDeviceConfig: requesting nits when no mapping exists.
07-08 13:39:09.764  1388  2026 E DisplayDeviceConfig: requesting nits when no mapping exists.
07-08 13:39:09.779  1388  2026 E DisplayDeviceConfig: requesting nits when no mapping exists.
07-08 13:39:09.780  1388  2026 E DisplayDeviceConfig: requesting nits when no mapping exists.
07-08 13:39:09.796  1388  2026 E DisplayDeviceConfig: requesting nits when no mapping exists.
07-08 13:39:09.797  1388  2026 E DisplayDeviceConfig: requesting nits when no mapping exists.
07-08 13:39:09.811  1388  2026 E DisplayDeviceConfig: requesting nits when no mapping exists.
07-08 13:39:09.812  1388  2026 E DisplayDeviceConfig: requesting nits when no mapping exists.
07-08 13:39:09.826  1388  2026 E DisplayDeviceConfig: requesting nits when no mapping exists.
07-08 13:39:09.826  1388  2026 E DisplayDeviceConfig: requesting nits when no mapping exists.
07-08 13:39:09.842  1388  2026 E DisplayDeviceConfig: requesting nits when no mapping exists.
07-08 13:39:09.843  1388  2026 E DisplayDeviceConfig: requesting nits when no mapping exists.
07-08 13:39:09.858  1388  2026 E DisplayDeviceConfig: requesting nits when no mapping exists.
07-08 13:39:09.859  1388  2026 E DisplayDeviceConfig: requesting nits when no mapping exists.
07-08 13:39:09.875  1388  2026 E DisplayDeviceConfig: requesting nits when no mapping exists.
07-08 13:39:09.876  1388  2026 E DisplayDeviceConfig: requesting nits when no mapping exists.
07-08 13:39:09.890  1388  2026 E DisplayDeviceConfig: requesting nits when no mapping exists.
07-08 13:39:09.891  1388  2026 E DisplayDeviceConfig: requesting nits when no mapping exists.
07-08 13:39:09.907  1388  2026 E DisplayDeviceConfig: requesting nits when no mapping exists.
07-08 13:39:09.908  1388  2026 E DisplayDeviceConfig: requesting nits when no mapping exists.
07-08 13:39:09.922  1388  2026 E DisplayDeviceConfig: requesting nits when no mapping exists.
07-08 13:39:09.924  1388  2026 E DisplayDeviceConfig: requesting nits when no mapping exists.
07-08 13:39:09.938  1388  2026 E DisplayDeviceConfig: requesting nits when no mapping exists.
07-08 13:39:09.938  1388  2026 E DisplayDeviceConfig: requesting nits when no mapping exists.
07-08 13:39:09.955  1388  2026 E DisplayDeviceConfig: requesting nits when no mapping exists.
07-08 13:39:09.956  1388  2026 E DisplayDeviceConfig: requesting nits when no mapping exists.
07-08 13:39:09.970  1388  2026 E DisplayDeviceConfig: requesting nits when no mapping exists.
07-08 13:39:09.971  1388  2026 E DisplayDeviceConfig: requesting nits when no mapping exists.
07-08 13:39:09.987  1388  2026 E DisplayDeviceConfig: requesting nits when no mapping exists.
07-08 13:39:09.987  1388  2026 E DisplayDeviceConfig: requesting nits when no mapping exists.
07-08 13:39:10.002  1388  2026 E DisplayDeviceConfig: requesting nits when no mapping exists.
07-08 13:39:10.002  1388  2026 E DisplayDeviceConfig: requesting nits when no mapping exists.
07-08 13:39:10.018  1388  2026 E DisplayDeviceConfig: requesting nits when no mapping exists.
07-08 13:39:10.019  1388  2026 E DisplayDeviceConfig: requesting nits when no mapping exists.
07-08 13:39:10.035  1388  2026 E DisplayDeviceConfig: requesting nits when no mapping exists.
07-08 13:39:10.036  1388  2026 E DisplayDeviceConfig: requesting nits when no mapping exists.
07-08 13:39:10.050  1388  2026 E DisplayDeviceConfig: requesting nits when no mapping exists.
07-08 13:39:10.051  1388  2026 E DisplayDeviceConfig: requesting nits when no mapping exists.
07-08 13:39:10.067  1388  2026 E DisplayDeviceConfig: requesting nits when no mapping exists.
07-08 13:39:10.068  1388  2026 E DisplayDeviceConfig: requesting nits when no mapping exists.
07-08 13:39:10.082  1388  2026 E DisplayDeviceConfig: requesting nits when no mapping exists.
07-08 13:39:10.083  1388  2026 E DisplayDeviceConfig: requesting nits when no mapping exists.
07-08 13:39:10.098  1388  2026 E DisplayDeviceConfig: requesting nits when no mapping exists.
07-08 13:39:10.099  1388  2026 E DisplayDeviceConfig: requesting nits when no mapping exists.
07-08 13:39:10.114  1388  2026 E DisplayDeviceConfig: requesting nits when no mapping exists.
07-08 13:39:10.115  1388  2026 E DisplayDeviceConfig: requesting nits when no mapping exists.
07-08 13:39:10.130  1388  2026 E DisplayDeviceConfig: requesting nits when no mapping exists.
07-08 13:39:10.131  1388  2026 E DisplayDeviceConfig: requesting nits when no mapping exists.
07-08 13:39:10.146  1388  2026 E DisplayDeviceConfig: requesting nits when no mapping exists.
07-08 13:39:10.147  1388  2026 E DisplayDeviceConfig: requesting nits when no mapping exists.
07-08 13:39:10.162  1388  2026 E DisplayDeviceConfig: requesting nits when no mapping exists.
07-08 13:39:10.162  1388  2026 E DisplayDeviceConfig: requesting nits when no mapping exists.
07-08 13:39:10.178  1388  2026 E DisplayDeviceConfig: requesting nits when no mapping exists.
07-08 13:39:10.179  1388  2026 E DisplayDeviceConfig: requesting nits when no mapping exists.
07-08 13:39:10.194  1388  2026 E DisplayDeviceConfig: requesting nits when no mapping exists.
07-08 13:39:10.195  1388  2026 E DisplayDeviceConfig: requesting nits when no mapping exists.
07-08 13:39:10.210  1388  2026 E DisplayDeviceConfig: requesting nits when no mapping exists.
07-08 13:39:10.211  1388  2026 E DisplayDeviceConfig: requesting nits when no mapping exists.
07-08 13:39:10.227  1388  2026 E DisplayDeviceConfig: requesting nits when no mapping exists.
