07-08 20:00:37.634  1130  1399 I PowerManagerService: Powering off display group due to timeout (groupId= 0, uid= 1000)...
07-08 20:00:37.635  1130  1399 I PowerManagerService: Going to sleep due to timeout (uid 1000)...
07-08 20:00:37.635  1130  1665 I ActivityManager: com.ctb.assistant is exempt from freezer
07-08 20:00:37.636  1130  1665 D CompatibilityChangeReporter: Compat change id reported: 135634846; UID 1000; state: DISABLED
07-08 20:00:37.637  1130  1665 D CompatibilityChangeReporter: Compat change id reported: 177438394; UID 1000; state: DISABLED
07-08 20:00:37.638  1130  1665 D CompatibilityChangeReporter: Compat change id reported: 135772972; UID 1000; state: DISABLED
07-08 20:00:37.638  1130  1665 D CompatibilityChangeReporter: Compat change id reported: 135754954; UID 1000; state: DISABLED
07-08 20:00:37.725     0     0 I binder  : 1130:1399 ioctl 40046210 7be3a58d04 returned -22
07-08 20:00:37.731  1130  1307 W ActivityManager: Slow operation: 97ms so far, now at startProcess: returned from zygote!
07-08 20:00:37.731  1130  1307 W ActivityManager: Slow operation: 98ms so far, now at startProcess: done updating battery stats
07-08 20:00:37.732  1130  1307 W ActivityManager: Slow operation: 98ms so far, now at startProcess: building log message
07-08 20:00:37.732  1130  1307 I ActivityManager: Start proc 3540:com.ctb.assistant/1000 for broadcast {com.ctb.assistant/com.ctb.assistant.mandown.ManDownBroadcastReceiver}
07-08 20:00:37.733  1130  1307 W ActivityManager: Slow operation: 99ms so far, now at startProcess: starting to update pids map
07-08 20:00:37.734  1130  1307 W ActivityManager: Slow operation: 100ms so far, now at startProcess: done updating pids map
07-08 20:00:37.834     0     0 I binder  : 3540:3540 ioctl 40046210 7fe8603364 returned -22
07-08 20:00:37.903  1130  1399 V DisplayPowerController[0]: Brightness [0.5748032] reason changing to: 'manual', previous reason: 'manual [ dim ]'.
07-08 20:00:38.320  1130  1399 I DisplayPowerController[0]: Blocking screen off
07-08 20:00:38.321  1130  1946 E DisplayDeviceConfig: requesting nits when no mapping exists.
07-08 20:00:38.323  1130  1399 I DisplayPowerController[0]: Unblocked screen off after 3 ms
07-08 20:00:38.325  1130  1946 E DisplayDeviceConfig: requesting nits when no mapping exists.
07-08 20:00:38.357  1130  1399 V DisplayPowerController[0]: Brightness [0.0] reason changing to: 'screen_off', previous reason: 'manual'.
07-08 20:00:38.361  1130  1243 I DisplayDeviceRepository: Display device changed state: "Built-in Screen", OFF
07-08 20:00:38.390  1130  1665 I ActivityManager: com.ctb.log is exempt from freezer
07-08 20:00:38.391  1130  1665 D CompatibilityChangeReporter: Compat change id reported: 135634846; UID 1000; state: DISABLED
07-08 20:00:38.392  1130  1665 D CompatibilityChangeReporter: Compat change id reported: 177438394; UID 1000; state: DISABLED
07-08 20:00:38.393  1130  1665 D CompatibilityChangeReporter: Compat change id reported: 135772972; UID 1000; state: DISABLED
07-08 20:00:38.394  1130  1665 D CompatibilityChangeReporter: Compat change id reported: 135754954; UID 1000; state: ENABLED
07-08 20:00:38.470  1130  1307 W ActivityManager: Slow operation: 82ms so far, now at startProcess: returned from zygote!
07-08 20:00:38.471  1130  1307 W ActivityManager: Slow operation: 82ms so far, now at startProcess: done updating battery stats
07-08 20:00:38.472  1130  1307 W ActivityManager: Slow operation: 83ms so far, now at startProcess: building log message
07-08 20:00:38.472  1130  1307 I ActivityManager: Start proc 3562:com.ctb.log/1000 for broadcast {com.ctb.log/com.ctb.log.CtbLogBroadcastReceiver}
07-08 20:00:38.472  1130  1307 W ActivityManager: Slow operation: 84ms so far, now at startProcess: starting to update pids map
07-08 20:00:38.473  1130  1307 W ActivityManager: Slow operation: 84ms so far, now at startProcess: done updating pids map
07-08 20:00:38.574     0     0 I binder  : 3562:3562 ioctl 40046210 7fe8603364 returned -22
07-08 20:00:38.579  1130  1665 D CompatibilityChangeReporter: Compat change id reported: 168419799; UID 1000; state: DISABLED
07-08 20:00:38.622     0     0 I mdss_dsi_panel_power_off: ext_ldo
07-08 20:00:38.622     0     0 I PanelType: lcdtype=1
07-08 20:00:38.627     0     0 I reset gpio: output 0
07-08 20:00:38.638     0     0 W healthd : battery l=55 v=3698 t=31.0 h=2 st=3 c=-474 fc=3820000 cc=1 chg=
07-08 20:00:38.641  1130  2313 D BatteryService: Processing new values: info={.chargerAcOnline = false, .chargerUsbOnline = false, .chargerWirelessOnline = false, .maxChargingCurrent = 0, .maxChargingVoltage = 0, .batteryStatus = DISCHARGING, .batteryHealth = GOOD, .batteryPresent = true, .batteryLevel = 55, .batteryVoltage = 3698, .batteryTemperature = 310, .batteryCurrent = -474, .batteryCycleCount = 1, .batteryFullCharge = 3820000, .batteryChargeCounter = 1732294, .batteryTechnology = Li-ion, .chargerRealType = , .chargingVoltage = 0, .batteryID = 100000}, mBatteryLevelCritical=false, mPlugType=0
07-08 20:00:38.642  1130  2313 D BatteryService: Sending ACTION_BATTERY_CHANGED. scale:100, info:{.chargerAcOnline = false, .chargerUsbOnline = false, .chargerWirelessOnline = false, .maxChargingCurrent = 0, .maxChargingVoltage = 0, .batteryStatus = DISCHARGING, .batteryHealth = GOOD, .batteryPresent = true, .batteryLevel = 55, .batteryVoltage = 3698, .batteryTemperature = 310, .batteryCurrent = -474, .batteryCycleCount = 1, .batteryFullCharge = 3820000, .batteryChargeCounter = 1732294, .batteryTechnology = Li-ion, .chargerRealType = , .chargingVoltage = 0, .batteryID = 100000}
07-08 20:00:38.750  1130  1399 I DreamManagerService: Entering dreamland.
07-08 20:00:38.752  1130  1399 I PowerManagerService: Dozing...
07-08 20:00:38.755  1130  1239 I DreamController: Starting dream: name=ComponentInfo{com.android.systemui/com.android.systemui.doze.DozeService}, isTest=false, canDoze=true, userId=0
07-08 20:00:38.762  1130  1239 D CompatibilityChangeReporter: Compat change id reported: 168419799; UID 10105; state: DISABLED
07-08 20:00:38.766  1130  1239 D AutofillManagerService: Close system dialogs
07-08 20:00:38.816  1130  1243 V UsbDeviceManager: onKeyguardStateChanged: isShowing:true secure:false user:0
07-08 20:00:38.896  1130  2584 I ActivityManager: com.ctb.smartchecker is exempt from freezer
07-08 20:00:38.903  1130  2584 D CompatibilityChangeReporter: Compat change id reported: 135634846; UID 1000; state: DISABLED
07-08 20:00:38.904  1130  2584 D CompatibilityChangeReporter: Compat change id reported: 177438394; UID 1000; state: DISABLED
07-08 20:00:38.905  1130  2584 D CompatibilityChangeReporter: Compat change id reported: 135772972; UID 1000; state: DISABLED
07-08 20:00:38.906  1130  2584 D CompatibilityChangeReporter: Compat change id reported: 135754954; UID 1000; state: ENABLED
07-08 20:00:38.920  1130  1130 I BatteryService: intent action: android.intent.action.SCREEN_OFF
07-08 20:00:38.934  1278  1278 I wificond: Pno scan started for frequencies: 2412, 2417, 2422, 2427, 2432, 2437, 2447, 2452, 2457, 2462, 5180, 5200, 5220, 5240, 5745, 5765, 5785, 5805, 
07-08 20:00:38.982  1130  1307 W ActivityManager: Slow operation: 87ms so far, now at startProcess: returned from zygote!
07-08 20:00:38.983  1130  1307 W ActivityManager: Slow operation: 88ms so far, now at startProcess: done updating battery stats
07-08 20:00:38.984  1130  1307 W ActivityManager: Slow operation: 89ms so far, now at startProcess: building log message
07-08 20:00:38.984  1130  1307 I ActivityManager: Start proc 3581:com.ctb.smartchecker/1000 for broadcast {com.ctb.smartchecker/com.ctb.smartchecker.widget.SmartCheckerWidget}
07-08 20:00:38.985  1130  1307 W ActivityManager: Slow operation: 90ms so far, now at startProcess: starting to update pids map
07-08 20:00:38.985  1130  1307 W ActivityManager: Slow operation: 90ms so far, now at startProcess: done updating pids map
07-08 20:00:39.099     0     0 I binder  : 3581:3581 ioctl 40046210 7fe8603364 returned -22
07-08 20:00:39.106  1130  1665 D CompatibilityChangeReporter: Compat change id reported: 168419799; UID 1000; state: DISABLED
07-08 20:00:39.507  1130  1665 D CompatibilityChangeReporter: Compat change id reported: 168419799; UID 1000; state: DISABLED
07-08 20:00:39.568  1130  1130 W ContextImpl: Calling a method in the system process without a qualified user: android.app.ContextImpl.startService:1824 android.content.ContextWrapper.startService:774 android.content.ContextWrapper.startService:774 com.dsi.ant.server.AntService.startService:157 com.dsi.ant.server.startup.BootCompletedReceiver.onReceive:41 
07-08 20:00:39.576  1130  1130 D CompatibilityChangeReporter: Compat change id reported: 135634846; UID 10093; state: DISABLED
07-08 20:00:39.576  1130  1130 D CompatibilityChangeReporter: Compat change id reported: 177438394; UID 10093; state: DISABLED
07-08 20:00:39.577  1130  1130 D CompatibilityChangeReporter: Compat change id reported: 135772972; UID 10093; state: DISABLED
07-08 20:00:39.578  1130  1130 D CompatibilityChangeReporter: Compat change id reported: 135754954; UID 10093; state: ENABLED
07-08 20:00:39.579  1130  1307 D CompatibilityChangeReporter: Compat change id reported: 143937733; UID 10093; state: ENABLED
07-08 20:00:39.661  1130  1307 W ActivityManager: Slow operation: 86ms so far, now at startProcess: returned from zygote!
07-08 20:00:39.662  1130  1307 W ActivityManager: Slow operation: 87ms so far, now at startProcess: done updating battery stats
07-08 20:00:39.662  1130  1307 W ActivityManager: Slow operation: 88ms so far, now at startProcess: building log message
07-08 20:00:39.663  1130  1307 I ActivityManager: Start proc 3601:com.qti.ltebc/u0a93 for broadcast {com.qti.ltebc/com.qualcomm.ltebc.LTEBroadcastBootReceiver}
07-08 20:00:39.663  1130  1307 W ActivityManager: Slow operation: 88ms so far, now at startProcess: starting to update pids map
07-08 20:00:39.664  1130  1307 W ActivityManager: Slow operation: 89ms so far, now at startProcess: done updating pids map
07-08 20:00:39.800     0     0 I binder  : 3601:3601 ioctl 40046210 7fe8603364 returned -22
07-08 20:00:39.809  1130  1665 D CompatibilityChangeReporter: Compat change id reported: 168419799; UID 10093; state: DISABLED
07-08 20:00:40.075  1130  1665 D CompatibilityChangeReporter: Compat change id reported: 171306433; UID 10093; state: ENABLED
07-08 20:00:40.212  1130  2584 I ActivityManager: Process com.qti.ltebc (pid 3601) has died: cch+5 CEM 
07-08 20:00:40.298  1130  1665 D CompatibilityChangeReporter: Compat change id reported: 135634846; UID 10114; state: DISABLED
07-08 20:00:40.300  1130  1665 D CompatibilityChangeReporter: Compat change id reported: 177438394; UID 10114; state: DISABLED
07-08 20:00:40.301  1130  1665 D CompatibilityChangeReporter: Compat change id reported: 135772972; UID 10114; state: DISABLED
07-08 20:00:40.302  1130  1665 D CompatibilityChangeReporter: Compat change id reported: 135754954; UID 10114; state: ENABLED
07-08 20:00:40.304  1130  1307 D CompatibilityChangeReporter: Compat change id reported: 143937733; UID 10114; state: ENABLED
07-08 20:00:40.405  1130  1307 W ActivityManager: Slow operation: 107ms so far, now at startProcess: returned from zygote!
07-08 20:00:40.406  1130  1307 W ActivityManager: Slow operation: 108ms so far, now at startProcess: done updating battery stats
07-08 20:00:40.407  1130  1307 W ActivityManager: Slow operation: 109ms so far, now at startProcess: building log message
07-08 20:00:40.408  1130  1307 I ActivityManager: Start proc 3622:com.qualcomm.telephony/u0a114 for broadcast {com.qualcomm.atfwd/com.qualcomm.atfwd.AtFwdAutoboot}
07-08 20:00:40.408  1130  1307 W ActivityManager: Slow operation: 110ms so far, now at startProcess: starting to update pids map
07-08 20:00:40.409  1130  1307 W ActivityManager: Slow operation: 111ms so far, now at startProcess: done updating pids map
07-08 20:00:40.581     0     0 I binder  : 3622:3622 ioctl 40046210 7fe8603364 returned -22
07-08 20:00:40.594  1130  2584 D CompatibilityChangeReporter: Compat change id reported: 168419799; UID 10114; state: DISABLED
07-08 20:00:40.769  1130  2584 D CompatibilityChangeReporter: Compat change id reported: 168419799; UID 10102; state: DISABLED
07-08 20:00:40.786  1130  1665 D CompatibilityChangeReporter: Compat change id reported: 168419799; UID 10099; state: DISABLED
07-08 20:00:40.798     0     0 I binder  : 3622:3622 ioctl 40046210 7fe8602bb4 returned -22
07-08 20:00:40.809  1130  2584 D CompatibilityChangeReporter: Compat change id reported: 135634846; UID 1001; state: DISABLED
07-08 20:00:40.810  1130  2584 D CompatibilityChangeReporter: Compat change id reported: 177438394; UID 1001; state: DISABLED
07-08 20:00:40.811  1130  2584 D CompatibilityChangeReporter: Compat change id reported: 135772972; UID 1001; state: DISABLED
07-08 20:00:40.812  1130  2584 D CompatibilityChangeReporter: Compat change id reported: 135754954; UID 1001; state: ENABLED
07-08 20:00:40.913  1130  1307 W ActivityManager: Slow operation: 105ms so far, now at startProcess: returned from zygote!
07-08 20:00:40.914  1130  1307 W ActivityManager: Slow operation: 106ms so far, now at startProcess: done updating battery stats
07-08 20:00:40.915  1130  1307 W ActivityManager: Slow operation: 107ms so far, now at startProcess: building log message
07-08 20:00:40.916  1130  1307 I ActivityManager: Start proc 3642:com.qualcomm.qti.modemtestmode/1001 for broadcast {com.qualcomm.qti.modemtestmode/com.qualcomm.qti.modemtestmode.DefaultReceiver}
07-08 20:00:40.916  1130  1307 W ActivityManager: Slow operation: 109ms so far, now at startProcess: starting to update pids map
07-08 20:00:40.918  1130  1307 W ActivityManager: Slow operation: 110ms so far, now at startProcess: done updating pids map
07-08 20:00:41.011     0     0 I binder  : 3642:3642 ioctl 40046210 7fe8603364 returned -22
07-08 20:00:41.274  1130  2584 D CompatibilityChangeReporter: Compat change id reported: 168419799; UID 10108; state: DISABLED
07-08 20:00:41.299  1130  1152 D CompatibilityChangeReporter: Compat change id reported: 135634846; UID 10065; state: DISABLED
07-08 20:00:41.301  1130  1307 D CompatibilityChangeReporter: Compat change id reported: 143937733; UID 10065; state: DISABLED
07-08 20:00:41.398  1130  1307 W ActivityManager: Slow operation: 99ms so far, now at startProcess: returned from zygote!
07-08 20:00:41.399  1130  1307 W ActivityManager: Slow operation: 100ms so far, now at startProcess: done updating battery stats
07-08 20:00:41.400  1130  1307 W ActivityManager: Slow operation: 101ms so far, now at startProcess: building log message
07-08 20:00:41.401  1130  1307 I ActivityManager: Start proc 3660:com.qualcomm.qti.qms.service.connectionsecurity/u0a65 for broadcast {com.qualcomm.qti.qms.service.connectionsecurity/com.qualcomm.qti.qms.service.connectionsecurity.ConnSecBroadcastReceiver}
07-08 20:00:41.402  1130  1307 W ActivityManager: Slow operation: 103ms so far, now at startProcess: starting to update pids map
07-08 20:00:41.402  1130  1307 W ActivityManager: Slow operation: 104ms so far, now at startProcess: done updating pids map
07-08 20:00:41.535     0     0 I binder  : 3660:3660 ioctl 40046210 ffcab5d8 returned -22
07-08 20:00:41.549  1130  1152 D CompatibilityChangeReporter: Compat change id reported: 168419799; UID 10065; state: DISABLED
07-08 20:00:41.763  1130  2584 D CompatibilityChangeReporter: Compat change id reported: 168419799; UID 1001; state: DISABLED
07-08 20:00:41.791  1130  2584 D CompatibilityChangeReporter: Compat change id reported: 168419799; UID 10113; state: DISABLED
07-08 20:00:41.817     0     0 I binder  : 2973:2973 ioctl 40046210 7fe86028f4 returned -22
07-08 20:00:41.834  1130  2584 D CompatibilityChangeReporter: Compat change id reported: 168419799; UID 10100; state: DISABLED
07-08 20:00:41.903  1130  1152 W BroadcastQueue: Permission Denial: receiving Intent { act=android.intent.action.BOOT_COMPLETED flg=0x89000010 (has extras) } to org.codeaurora.snapcam/com.android.camera.DisableCameraReceiver requires android.permission.RECEIVE_BOOT_COMPLETED due to sender null (uid 1000)
07-08 20:00:41.915  1130  1152 D CompatibilityChangeReporter: Compat change id reported: 135634846; UID 10128; state: DISABLED
07-08 20:00:41.916  1130  1152 D CompatibilityChangeReporter: Compat change id reported: 177438394; UID 10128; state: DISABLED
07-08 20:00:41.917  1130  1152 D CompatibilityChangeReporter: Compat change id reported: 135772972; UID 10128; state: DISABLED
07-08 20:00:41.917  1130  1152 D CompatibilityChangeReporter: Compat change id reported: 135754954; UID 10128; state: ENABLED
07-08 20:00:41.919  1130  1307 D CompatibilityChangeReporter: Compat change id reported: 143937733; UID 10128; state: ENABLED
07-08 20:00:42.021  1130  1307 W ActivityManager: Slow operation: 106ms so far, now at startProcess: returned from zygote!
07-08 20:00:42.022  1130  1307 W ActivityManager: Slow operation: 107ms so far, now at startProcess: done updating battery stats
07-08 20:00:42.022  1130  1307 W ActivityManager: Slow operation: 107ms so far, now at startProcess: building log message
07-08 20:00:42.023  1130  1307 I ActivityManager: Start proc 3681:com.EveryTalk.Global/u0a128 for broadcast {com.EveryTalk.Global/com.cybertel.receiver.BootCompletedReceiver}
07-08 20:00:42.023  1130  1307 W ActivityManager: Slow operation: 108ms so far, now at startProcess: starting to update pids map
07-08 20:00:42.024  1130  1307 W ActivityManager: Slow operation: 109ms so far, now at startProcess: done updating pids map
07-08 20:00:42.198     0     0 I binder  : 3681:3681 ioctl 40046210 7fe8603364 returned -22
07-08 20:00:42.213  1130  1152 D CompatibilityChangeReporter: Compat change id reported: 168419799; UID 10128; state: DISABLED
07-08 20:00:43.064  1130  1152 I ActivityTaskManager: START u0 {flg=0x34000000 cmp=com.EveryTalk.Global/com.cybertel.mcptt.ui.main.EveryTalkMain} from uid 10128
07-08 20:00:43.066  1130  1152 W ActivityTaskManager: Background activity start for com.EveryTalk.Global allowed because SYSTEM_ALERT_WINDOW permission is granted.
07-08 20:00:43.086  1130  1152 W ActivityTaskManager: Can't find TaskDisplayArea to determine support for multi window. Task id=409 attached=false
07-08 20:00:43.092  1130  1152 I ActivityTaskManager: Activity boosted, release it firstly
07-08 20:00:43.102  1130  1152 D CompatibilityChangeReporter: Compat change id reported: 174042980; UID 10128; state: DISABLED
07-08 20:00:43.106  1130  1152 D CompatibilityChangeReporter: Compat change id reported: 184838306; UID 10128; state: DISABLED
07-08 20:00:43.111  1130  1152 D CompatibilityChangeReporter: Compat change id reported: 185004937; UID 10128; state: DISABLED
07-08 20:00:43.115  1130  1152 D CompatibilityChangeReporter: Compat change id reported: 181136395; UID 10128; state: DISABLED
07-08 20:00:43.118  1130  1152 D CompatibilityChangeReporter: Compat change id reported: 174042936; UID 10128; state: DISABLED
07-08 20:00:43.124  1130  1152 D CompatibilityChangeReporter: Compat change id reported: 197654537; UID 10128; state: ENABLED
07-08 20:00:43.126  1130  1152 D ActivityTaskManager: Temporarily retain top process state for launching app
07-08 20:00:43.130  1130  1152 I ActivityTaskManager: The Process com.EveryTalk.Global Already Exists in BG. So sending its PID: 3681
07-08 20:00:43.650  1130  1243 W ActivityTaskManager: Activity top resumed state loss timeout for ActivityRecord{defa63b u0 com.EveryTalk.Global/com.cybertel.mcptt.ui.main.EveryTalkMain t409}
07-08 20:00:43.650  1130  1243 W ActivityTaskManager: Activity pause timeout for ActivityRecord{defa63b u0 com.EveryTalk.Global/com.cybertel.mcptt.ui.main.EveryTalkMain t409}
07-08 20:00:43.827     0     0 W audit   : audit_lost=1 audit_rate_limit=5 audit_backlog_limit=64
07-08 20:00:43.847     0     0 E audit   : rate limit exceeded
07-08 20:00:43.927  1130  1152 I ActivityManager: Finished processing BOOT_COMPLETED for u0
07-08 20:00:43.929  1130  1152 D CompatibilityChangeReporter: Compat change id reported: 135634846; UID 10031; state: DISABLED
07-08 20:00:43.929  1130  1152 D CompatibilityChangeReporter: Compat change id reported: 177438394; UID 10031; state: DISABLED
07-08 20:00:43.930  1130  1152 D CompatibilityChangeReporter: Compat change id reported: 135772972; UID 10031; state: DISABLED
07-08 20:00:43.930  1130  1152 D CompatibilityChangeReporter: Compat change id reported: 135754954; UID 10031; state: ENABLED
07-08 20:00:43.931  1130  1307 D CompatibilityChangeReporter: Compat change id reported: 143937733; UID 10031; state: ENABLED
07-08 20:00:44.003  1130  1307 W ActivityManager: Slow operation: 74ms so far, now at startProcess: returned from zygote!
07-08 20:00:44.004  1130  1307 W ActivityManager: Slow operation: 75ms so far, now at startProcess: done updating battery stats
07-08 20:00:44.004  1130  1307 W ActivityManager: Slow operation: 76ms so far, now at startProcess: building log message
07-08 20:00:44.005  1130  1307 I ActivityManager: Start proc 3721:com.android.externalstorage/u0a31 for broadcast {com.android.externalstorage/com.android.externalstorage.MountReceiver}
07-08 20:00:44.005  1130  1307 W ActivityManager: Slow operation: 76ms so far, now at startProcess: starting to update pids map
07-08 20:00:44.006  1130  1307 W ActivityManager: Slow operation: 77ms so far, now at startProcess: done updating pids map
07-08 20:00:44.071  1130  2584 D CompatibilityChangeReporter: Compat change id reported: 124107808; UID 10128; state: ENABLED
07-08 20:00:44.144     0     0 I binder  : 3721:3721 ioctl 40046210 7fe8603364 returned -22
07-08 20:00:44.152  1130  1665 D CompatibilityChangeReporter: Compat change id reported: 168419799; UID 10031; state: DISABLED
07-08 20:00:44.179  1130  2584 D CompatibilityChangeReporter: Compat change id reported: 135634846; UID 10128; state: DISABLED
07-08 20:00:44.180  1130  2584 D CompatibilityChangeReporter: Compat change id reported: 177438394; UID 10128; state: DISABLED
07-08 20:00:44.180  1130  2584 D CompatibilityChangeReporter: Compat change id reported: 135772972; UID 10128; state: DISABLED
07-08 20:00:44.181  1130  2584 D CompatibilityChangeReporter: Compat change id reported: 135754954; UID 10128; state: ENABLED
07-08 20:00:44.183  1130  1307 D CompatibilityChangeReporter: Compat change id reported: 143937733; UID 10128; state: ENABLED
07-08 20:00:44.202  1130  2277 W ActivityManager: Unable to start service Intent { cmp=com.expway.embmsserver/.MCOP } U=0: not found
07-08 20:00:44.254  1130  1307 W ActivityManager: Slow operation: 75ms so far, now at startProcess: returned from zygote!
07-08 20:00:44.255  1130  1307 W ActivityManager: Slow operation: 76ms so far, now at startProcess: done updating battery stats
07-08 20:00:44.256  1130  1307 W ActivityManager: Slow operation: 77ms so far, now at startProcess: building log message
07-08 20:00:44.256  1130  1307 I ActivityManager: Start proc 3743:com.EveryTalk.Global:remote/u0a128 for service {com.EveryTalk.Global/com.cybertel.stack.SipStackService}
07-08 20:00:44.257  1130  1307 W ActivityManager: Slow operation: 78ms so far, now at startProcess: starting to update pids map
07-08 20:00:44.257  1130  1307 W ActivityManager: Slow operation: 78ms so far, now at startProcess: done updating pids map
07-08 20:00:44.272     0     0 I binder  : 3741:3741 ioctl 40046210 7ff5a87524 returned -22
07-08 20:00:44.301  1130  1665 I ActivityTaskManager: START u0 {flg=0x34000000 cmp=com.EveryTalk.Global/com.cybertel.mcptt.ui.login.Login (has extras)} from uid 10128
07-08 20:00:44.301  1130  1665 W ActivityTaskManager: Background activity start for com.EveryTalk.Global allowed because SYSTEM_ALERT_WINDOW permission is granted.
07-08 20:00:44.311  1130  1665 D ActivityTaskManager: Temporarily retain top process state for launching app
07-08 20:00:44.314  1130  1665 I ActivityTaskManager: The Process com.EveryTalk.Global Already Exists in BG. So sending its PID: 3681
07-08 20:00:44.315  1130  1665 W ActivityTaskManager: Tried to set launchTime (0) < mLastActivityLaunchTime (80384)
07-08 20:00:44.376  1130  2259 W AppOps  : Noting op not finished: uid 10128 pkg com.EveryTalk.Global code 24 startTime of in progress event=1783508444366
07-08 20:00:44.386     0     0 I binder  : 3743:3743 ioctl 40046210 7fe8603364 returned -22
07-08 20:00:44.384  1130  2277 D CompatibilityChangeReporter: Compat change id reported: 135634846; UID 10093; state: DISABLED
07-08 20:00:44.385  1130  2277 D CompatibilityChangeReporter: Compat change id reported: 177438394; UID 10093; state: DISABLED
07-08 20:00:44.385  1130  2277 D CompatibilityChangeReporter: Compat change id reported: 135772972; UID 10093; state: DISABLED
07-08 20:00:44.386  1130  2277 D CompatibilityChangeReporter: Compat change id reported: 135754954; UID 10093; state: ENABLED
07-08 20:00:44.387  1130  1307 D CompatibilityChangeReporter: Compat change id reported: 143937733; UID 10093; state: ENABLED
07-08 20:00:44.399  1130  2259 W AppOps  : Noting op not finished: uid 10128 pkg com.EveryTalk.Global code 24 startTime of in progress event=1783508444366
07-08 20:00:44.409  1130  1130 W NotificationHistory: Attempted to add notif for locked/gone/disabled user 0
07-08 20:00:44.422  1130  2259 W AppOps  : Noting op not finished: uid 10128 pkg com.EveryTalk.Global code 24 startTime of in progress event=1783508444366
07-08 20:00:44.444  1130  1665 W AppOps  : Noting op not finished: uid 10128 pkg com.EveryTalk.Global code 24 startTime of in progress event=1783508444366
07-08 20:00:44.458  1130  1307 W ActivityManager: Slow operation: 76ms so far, now at startProcess: returned from zygote!
07-08 20:00:44.459  1130  1307 W ActivityManager: Slow operation: 77ms so far, now at startProcess: done updating battery stats
07-08 20:00:44.460  1130  1307 W ActivityManager: Slow operation: 78ms so far, now at startProcess: building log message
07-08 20:00:44.460  1130  1307 I ActivityManager: Start proc 3769:com.qti.ltebc/u0a93 for broadcast {com.qti.ltebc/com.qualcomm.ltebc.LTEBroadcastReceiver}
07-08 20:00:44.461  1130  1307 W ActivityManager: Slow operation: 79ms so far, now at startProcess: starting to update pids map
07-08 20:00:44.461  1130  1307 W ActivityManager: Slow operation: 80ms so far, now at startProcess: done updating pids map
07-08 20:00:44.462  1130  1665 W AppOps  : Noting op not finished: uid 10128 pkg com.EveryTalk.Global code 24 startTime of in progress event=1783508444366
07-08 20:00:44.620     0     0 I binder  : 3769:3769 ioctl 40046210 7fe8603364 returned -22
07-08 20:00:44.626  1130  2584 D CompatibilityChangeReporter: Compat change id reported: 168419799; UID 10093; state: DISABLED
07-08 20:00:44.651  1130  1297 W UsageStatsService: Unexpected activity event reported! (com.EveryTalk.Global/com.cybertel.mcptt.ui.main.EveryTalkMain event : 23 instanceId : 71263434)
07-08 20:00:44.688  1130  1665 D CompatibilityChangeReporter: Compat change id reported: 149924527; UID 10128; state: ENABLED
07-08 20:00:44.689  1130  2259 D CompatibilityChangeReporter: Compat change id reported: 132649864; UID 10128; state: DISABLED
07-08 20:00:44.698  1130  1665 D CompatibilityChangeReporter: Compat change id reported: 168419799; UID 10085; state: DISABLED
07-08 20:00:44.789  1130  2277 W ActivityManager: Unable to start service Intent { cmp=com.expway.embmsserver/.MCOP } U=0: not found
07-08 20:00:44.817  1130  1152 W AppOps  : Noting op not finished: uid 10128 pkg com.EveryTalk.Global code 24 startTime of in progress event=1783508444799
07-08 20:00:44.830  1130  1152 W AppOps  : Noting op not finished: uid 10128 pkg com.EveryTalk.Global code 24 startTime of in progress event=1783508444820
07-08 20:00:44.856  1130  1152 W AppOps  : Noting op not finished: uid 10128 pkg com.EveryTalk.Global code 24 startTime of in progress event=1783508444820
07-08 20:00:44.881  1130  1152 W AppOps  : Noting op not finished: uid 10128 pkg com.EveryTalk.Global code 24 startTime of in progress event=1783508444820
07-08 20:00:44.903  1130  1152 W AppOps  : Noting op not finished: uid 10128 pkg com.EveryTalk.Global code 24 startTime of in progress event=1783508444820
07-08 20:00:44.905  1130  2584 I ActivityManager: Process com.qti.ltebc (pid 3769) has died: fg  RCVR
07-08 20:00:44.926  1130  2584 W AppOps  : Noting op not finished: uid 10128 pkg com.EveryTalk.Global code 24 startTime of in progress event=1783508444820
07-08 20:00:44.978  1130  2584 D CompatibilityChangeReporter: Compat change id reported: 135634846; UID 10093; state: DISABLED
07-08 20:00:44.979  1130  2584 D CompatibilityChangeReporter: Compat change id reported: 177438394; UID 10093; state: DISABLED
07-08 20:00:44.980  1130  2584 D CompatibilityChangeReporter: Compat change id reported: 135772972; UID 10093; state: DISABLED
07-08 20:00:44.981  1130  2584 D CompatibilityChangeReporter: Compat change id reported: 135754954; UID 10093; state: ENABLED
07-08 20:00:44.982  1130  1307 D CompatibilityChangeReporter: Compat change id reported: 143937733; UID 10093; state: ENABLED
07-08 20:00:45.061  1130  1307 W ActivityManager: Slow operation: 83ms so far, now at startProcess: returned from zygote!
07-08 20:00:45.062  1130  1307 W ActivityManager: Slow operation: 84ms so far, now at startProcess: done updating battery stats
07-08 20:00:45.064  1130  1307 W ActivityManager: Slow operation: 87ms so far, now at startProcess: building log message
07-08 20:00:45.066  1130  1307 I ActivityManager: Start proc 3798:com.qti.ltebc/u0a93 for broadcast {com.qti.ltebc/com.qualcomm.ltebc.LTEBroadcastReceiver}
07-08 20:00:45.066  1130  1307 W ActivityManager: Slow operation: 89ms so far, now at startProcess: starting to update pids map
07-08 20:00:45.067  1130  1307 W ActivityManager: Slow operation: 89ms so far, now at startProcess: done updating pids map
07-08 20:00:45.197     0     0 I binder  : 3798:3798 ioctl 40046210 7fe8603364 returned -22
07-08 20:00:45.303  1130  1303 I ActivityManager: Waited long enough for: ServiceRecord{cb16dc1 u0 com.ctb.mms/.transaction.service.SmsReceiverService}
07-08 20:00:45.509  1130  1665 I ActivityManager: Process com.qti.ltebc (pid 3798) has died: fg  RCVR
07-08 20:00:45.522  1130  1303 D CompatibilityChangeReporter: Compat change id reported: 168419799; UID 10034; state: DISABLED
07-08 20:00:45.551  1130  1665 D CompatibilityChangeReporter: Compat change id reported: 135634846; UID 10093; state: DISABLED
07-08 20:00:45.552  1130  1665 D CompatibilityChangeReporter: Compat change id reported: 177438394; UID 10093; state: DISABLED
07-08 20:00:45.554  1130  1665 D CompatibilityChangeReporter: Compat change id reported: 135772972; UID 10093; state: DISABLED
07-08 20:00:45.555  1130  1665 D CompatibilityChangeReporter: Compat change id reported: 135754954; UID 10093; state: ENABLED
07-08 20:00:45.557  1130  1307 D CompatibilityChangeReporter: Compat change id reported: 143937733; UID 10093; state: ENABLED
07-08 20:00:45.653  1130  1307 W ActivityManager: Slow operation: 102ms so far, now at startProcess: returned from zygote!
07-08 20:00:45.654  1130  1307 W ActivityManager: Slow operation: 103ms so far, now at startProcess: done updating battery stats
07-08 20:00:45.655  1130  1307 W ActivityManager: Slow operation: 104ms so far, now at startProcess: building log message
07-08 20:00:45.655  1130  1307 I ActivityManager: Start proc 3821:com.qti.ltebc/u0a93 for broadcast {com.qti.ltebc/com.qualcomm.ltebc.LTEBroadcastAlarmReceiver}
07-08 20:00:45.656  1130  1307 W ActivityManager: Slow operation: 105ms so far, now at startProcess: starting to update pids map
07-08 20:00:45.656  1130  1307 W ActivityManager: Slow operation: 105ms so far, now at startProcess: done updating pids map
07-08 20:00:45.829     0     0 I binder  : 3821:3821 ioctl 40046210 7fe8603364 returned -22
07-08 20:00:46.197  1130  2584 D CompatibilityChangeReporter: Compat change id reported: 135634846; UID 10062; state: DISABLED
07-08 20:00:46.198  1130  2584 D CompatibilityChangeReporter: Compat change id reported: 177438394; UID 10062; state: DISABLED
07-08 20:00:46.198  1130  2584 D CompatibilityChangeReporter: Compat change id reported: 135772972; UID 10062; state: DISABLED
07-08 20:00:46.199  1130  2584 D CompatibilityChangeReporter: Compat change id reported: 135754954; UID 10062; state: ENABLED
07-08 20:00:46.202  1130  1307 D CompatibilityChangeReporter: Compat change id reported: 143937733; UID 10062; state: ENABLED
07-08 20:00:46.303  1130  1307 W ActivityManager: Slow operation: 107ms so far, now at startProcess: returned from zygote!
07-08 20:00:46.304  1130  1307 W ActivityManager: Slow operation: 108ms so far, now at startProcess: done updating battery stats
07-08 20:00:46.305  1130  1307 W ActivityManager: Slow operation: 110ms so far, now at startProcess: building log message
07-08 20:00:46.306  1130  1307 I ActivityManager: Start proc 3843:com.qualcomm.qti.qms.service.trustzoneaccess/u0a62 for service {com.qualcomm.qti.qms.service.trustzoneaccess/com.qualcomm.qti.qms.service.trustzoneaccess.TZAccessService}
07-08 20:00:46.307  1130  1307 W ActivityManager: Slow operation: 111ms so far, now at startProcess: starting to update pids map
07-08 20:00:46.308  1130  1307 W ActivityManager: Slow operation: 112ms so far, now at startProcess: done updating pids map
07-08 20:00:46.514     0     0 I binder  : 3843:3843 ioctl 40046210 7fe8603364 returned -22
07-08 20:00:46.545  1130  2584 D CompatibilityChangeReporter: Compat change id reported: 168419799; UID 10062; state: DISABLED
07-08 20:00:46.672  1130  2933 E TaskPersister: File error accessing recents directory (directory doesn't exist?).
--------- beginning of crash
07-08 20:00:46.711  3843  3843 E AndroidRuntime: FATAL EXCEPTION: main
07-08 20:00:46.711  3843  3843 E AndroidRuntime: Process: com.qualcomm.qti.qms.service.trustzoneaccess, PID: 3843
07-08 20:00:46.711  3843  3843 E AndroidRuntime: java.lang.UnsatisfiedLinkError: dlopen failed: library "libnative-api.so" not found
07-08 20:00:46.711  3843  3843 E AndroidRuntime: 	at java.lang.Runtime.loadLibrary0(Runtime.java:1077)
07-08 20:00:46.711  3843  3843 E AndroidRuntime: 	at java.lang.Runtime.loadLibrary0(Runtime.java:998)
07-08 20:00:46.711  3843  3843 E AndroidRuntime: 	at java.lang.System.loadLibrary(System.java:1656)
07-08 20:00:46.711  3843  3843 E AndroidRuntime: 	at com.qualcomm.qti.qms.service.trustzoneaccess.TZAccessService.<clinit>(TZAccessService.java:15)
07-08 20:00:46.711  3843  3843 E AndroidRuntime: 	at java.lang.Class.newInstance(Native Method)
07-08 20:00:46.711  3843  3843 E AndroidRuntime: 	at android.app.AppComponentFactory.instantiateService(AppComponentFactory.java:129)
07-08 20:00:46.711  3843  3843 E AndroidRuntime: 	at android.app.ActivityThread.handleCreateService(ActivityThread.java:4537)
07-08 20:00:46.711  3843  3843 E AndroidRuntime: 	at android.app.ActivityThread.access$1700(ActivityThread.java:257)
07-08 20:00:46.711  3843  3843 E AndroidRuntime: 	at android.app.ActivityThread$H.handleMessage(ActivityThread.java:2111)
07-08 20:00:46.711  3843  3843 E AndroidRuntime: 	at android.os.Handler.dispatchMessage(Handler.java:106)
07-08 20:00:46.711  3843  3843 E AndroidRuntime: 	at android.os.Looper.loopOnce(Looper.java:201)
07-08 20:00:46.711  3843  3843 E AndroidRuntime: 	at android.os.Looper.loop(Looper.java:288)
07-08 20:00:46.711  3843  3843 E AndroidRuntime: 	at android.app.ActivityThread.main(ActivityThread.java:7911)
07-08 20:00:46.711  3843  3843 E AndroidRuntime: 	at java.lang.reflect.Method.invoke(Native Method)
07-08 20:00:46.711  3843  3843 E AndroidRuntime: 	at com.android.internal.os.RuntimeInit$MethodAndArgsCaller.run(RuntimeInit.java:548)
07-08 20:00:46.711  3843  3843 E AndroidRuntime: 	at com.android.internal.os.ZygoteInit.main(ZygoteInit.java:1009)
07-08 20:00:46.724  1130  3860 I DropBoxManagerService: add tag=system_app_crash isTagEnabled=true flags=0x2
07-08 20:00:46.849  1130  2584 I ActivityManager: Process com.qualcomm.qti.qms.service.trustzoneaccess (pid 3843) has died: fg  SVC 
07-08 20:00:46.853  1130  2584 W ActivityManager: Scheduling restart of crashed service com.qualcomm.qti.qms.service.trustzoneaccess/.TZAccessService in 1000ms for connection
07-08 20:00:47.500  1130  1665 I ActivityManager: Process com.qti.ltebc (pid 3821) has died: cch+5 CEM 
07-08 20:00:47.892     0     0 E msm_rpm_flush_requests: Error: more than 24 requests are buffered
07-08 20:00:55.766  1130  1303 I ActivityManager: Waited long enough for: ServiceRecord{cf1e4ae u0 com.qualcomm.atfwd/.AtFwdService}
07-08 20:00:56.272  1130  1303 I ActivityManager: Waited long enough for: ServiceRecord{73cc59d u0 com.qualcomm.qti.modemtestmode/.MbnSystemService}
07-08 20:01:02.669     0     0 I PMI     : smblib_request_dpdm: enabling DPDM regulator
07-08 20:01:02.678     0     0 I FG      : fg_cycle_counter_update: batt_soc: 115 bucket: 3 chg_status: 3
07-08 20:01:02.681     0     0 I FG      : fg_charge_full_update: msoc: 53 bsoc: 737c health: 1 status: 3 full: 0
07-08 20:01:02.685     0     0 I FG      : fg_adjust_recharge_voltage: health: 1 chg_status: 3 chg_done: 0
07-08 20:01:02.694     0     0 I FG      : fg_adjust_ki_coeff_full_soc: Wrote ki_coeff_full_soc 733
07-08 20:01:02.700     0     0 I FG      : status_change_work: charge_status:3 charge_type:1 charge_done:0
07-08 20:01:02.767     0     0 E PMI     : smblib_handle_usb_typec_change:  ** smblib_handle_usb_typec_change
07-08 20:01:02.767     0     0 I PMI     : smblib_handle_typec_cc_state_change: TypeC SOURCE_DEFAULT insertion
07-08 20:01:02.919     0     0 I PMI     : smblib_get_prop_otg_sw_a_control:  a_otg_enable value is 0
07-08 20:01:02.920     0     0 I PMI     : smblib_get_prop_otg_sw_b_control:  b_otg_enable value is 0
07-08 20:01:02.955     0     0 W healthd : battery l=55 v=3800 t=31.0 h=2 st=4 c=-64 fc=3820000 cc=1 chg=
07-08 20:01:02.957     0     0 I FG      : fg_cycle_counter_update: batt_soc: 115 bucket: 3 chg_status: 3
07-08 20:01:02.964     0     0 I FG      : fg_charge_full_update: msoc: 53 bsoc: 737c health: 1 status: 3 full: 0
07-08 20:01:02.970     0     0 I FG      : fg_adjust_recharge_voltage: health: 1 chg_status: 3 chg_done: 0
07-08 20:01:02.962  1130  2313 D BatteryService: Processing new values: info={.chargerAcOnline = false, .chargerUsbOnline = false, .chargerWirelessOnline = false, .maxChargingCurrent = 0, .maxChargingVoltage = 0, .batteryStatus = NOT_CHARGING, .batteryHealth = GOOD, .batteryPresent = true, .batteryLevel = 55, .batteryVoltage = 3800, .batteryTemperature = 310, .batteryCurrent = -64, .batteryCycleCount = 1, .batteryFullCharge = 3820000, .batteryChargeCounter = 1731158, .batteryTechnology = Li-ion, .chargerRealType = , .chargingVoltage = 0, .batteryID = 100000}, mBatteryLevelCritical=false, mPlugType=0
07-08 20:01:02.964  1130  2313 D BatteryService: Sending ACTION_BATTERY_CHANGED. scale:100, info:{.chargerAcOnline = false, .chargerUsbOnline = false, .chargerWirelessOnline = false, .maxChargingCurrent = 0, .maxChargingVoltage = 0, .batteryStatus = NOT_CHARGING, .batteryHealth = GOOD, .batteryPresent = true, .batteryLevel = 55, .batteryVoltage = 3800, .batteryTemperature = 310, .batteryCurrent = -64, .batteryCycleCount = 1, .batteryFullCharge = 3820000, .batteryChargeCounter = 1731158, .batteryTechnology = Li-ion, .chargerRealType = , .chargingVoltage = 0, .batteryID = 100000}
07-08 20:01:02.978     0     0 I FG      : status_change_work: charge_status:3 charge_type:1 charge_done:0
07-08 20:01:03.054     0     0 I ctb_cradle: typec mode:0 present:1 type:0 Vol: 5019531
07-08 20:01:03.318     0     0 I FG      : fg_cycle_counter_update: batt_soc: 115 bucket: 3 chg_status: 1
07-08 20:01:03.321     0     0 I FG      : fg_charge_full_update: msoc: 53 bsoc: 737a health: 1 status: 1 full: 0
07-08 20:01:03.325     0     0 I FG      : fg_adjust_recharge_voltage: health: 1 chg_status: 1 chg_done: 0
07-08 20:01:03.333     0     0 I FG      : status_change_work: charge_status:1 charge_type:3 charge_done:0
07-08 20:01:03.357     0     0 I PMI     : smblib_get_prop_otg_sw_a_control:  a_otg_enable value is 0
07-08 20:01:03.357     0     0 I PMI     : smblib_get_prop_otg_sw_b_control:  b_otg_enable value is 0
07-08 20:01:03.400     0     0 W healthd : battery l=55 v=3813 t=31.0 h=2 st=2 c=12 fc=3820000 cc=1 chg=
07-08 20:01:03.402  1130  2313 D BatteryService: Processing new values: info={.chargerAcOnline = false, .chargerUsbOnline = false, .chargerWirelessOnline = false, .maxChargingCurrent = 0, .maxChargingVoltage = 0, .batteryStatus = CHARGING, .batteryHealth = GOOD, .batteryPresent = true, .batteryLevel = 55, .batteryVoltage = 3813, .batteryTemperature = 310, .batteryCurrent = 12, .batteryCycleCount = 1, .batteryFullCharge = 3820000, .batteryChargeCounter = 1731163, .batteryTechnology = Li-ion, .chargerRealType = , .chargingVoltage = 0, .batteryID = 100000}, mBatteryLevelCritical=false, mPlugType=0
07-08 20:01:03.404  1130  2313 D BatteryService: Sending ACTION_BATTERY_CHANGED. scale:100, info:{.chargerAcOnline = false, .chargerUsbOnline = false, .chargerWirelessOnline = false, .maxChargingCurrent = 0, .maxChargingVoltage = 0, .batteryStatus = CHARGING, .batteryHealth = GOOD, .batteryPresent = true, .batteryLevel = 55, .batteryVoltage = 3813, .batteryTemperature = 310, .batteryCurrent = 12, .batteryCycleCount = 1, .batteryFullCharge = 3820000, .batteryChargeCounter = 1731163, .batteryTechnology = Li-ion, .chargerRealType = , .chargingVoltage = 0, .batteryID = 100000}
07-08 20:01:03.425     0     0 I ctb_cradle: typec mode:6 present:1 type:0 Vol: 4882812
07-08 20:01:03.442     0     0 W healthd : battery l=55 v=3813 t=31.0 h=2 st=2 c=12 fc=3820000 cc=1 chg=
07-08 20:01:03.445  1130  2313 D BatteryService: Processing new values: info={.chargerAcOnline = false, .chargerUsbOnline = false, .chargerWirelessOnline = false, .maxChargingCurrent = 0, .maxChargingVoltage = 0, .batteryStatus = CHARGING, .batteryHealth = GOOD, .batteryPresent = true, .batteryLevel = 55, .batteryVoltage = 3813, .batteryTemperature = 310, .batteryCurrent = 12, .batteryCycleCount = 1, .batteryFullCharge = 3820000, .batteryChargeCounter = 1731163, .batteryTechnology = Li-ion, .chargerRealType = , .chargingVoltage = 0, .batteryID = 100000}, mBatteryLevelCritical=false, mPlugType=0
07-08 20:01:03.513     0     0 I PMI     : smblib_update_usb_type: APSD=SDP PD=0
07-08 20:01:03.513     0     0 E PMI     : smblib_set_icl_current:  ****** Charger : 4, cradle: 0, ICL: 100000
07-08 20:01:03.606  1130  1669 I PowerManagerService: Powering on display group fromDozing (groupId=0, uid=1000, reason=WAKE_REASON_POWER_BUTTON, details=android.policy:POWER)...
07-08 20:01:03.608  1130  1669 I PowerManagerService: Waking up from Dozing (uid=1000, reason=WAKE_REASON_POWER_BUTTON, details=android.policy:POWER)...
07-08 20:01:03.609  1130  1241 D CompatibilityChangeReporter: Compat change id reported: 173031413; UID 1000; state: ENABLED
07-08 20:01:03.611  1130  1241 D CompatibilityChangeReporter: Compat change id reported: 173031413; UID 1000; state: DISABLED
07-08 20:01:03.625  1130  1399 I DisplayPowerController[0]: Blocking screen on until initial contents have been drawn.
07-08 20:01:03.630  1130  1399 V DisplayPowerController[0]: Brightness [0.5748032] reason changing to: 'manual', previous reason: 'screen_off'.
07-08 20:01:03.634  1130  1243 I DisplayDeviceRepository: Display device changed state: "Built-in Screen", ON
07-08 20:01:03.652     0     0 W is_mdp_prefetch_needed: low vbp+vfp may lead to perf issues in some cases
07-08 20:01:03.656     0     0 I mdss_dsi_panel_power_on: ext_ldo
07-08 20:01:03.656     0     0 I PanelType: lcdtype=1
07-08 20:01:03.676     0     0 I usbpd0  : Type-C Source (default) connected
07-08 20:01:03.676     0     0 E usbpd0  : UNKNOWN -> SNK_Startup
07-08 20:01:03.682     0     0 I FG      : fg_cycle_counter_update: batt_soc: 115 bucket: 3 chg_status: 1
07-08 20:01:03.682     0     0 I FG      : fg_charge_full_update: msoc: 53 bsoc: 737a health: 1 status: 1 full: 0
07-08 20:01:03.682     0     0 I FG      : fg_adjust_recharge_voltage: health: 1 chg_status: 1 chg_done: 0
07-08 20:01:03.683     0     0 I FG      : status_change_work: charge_status:1 charge_type:3 charge_done:0
07-08 20:01:03.677  1130  1130 I BatteryService: intent action: android.intent.action.SCREEN_ON
07-08 20:01:03.682  1278  1278 I wificond: Pno scan stopped
07-08 20:01:03.694     0     0 E msm-usb-ssphy-qmp c010000.ssphy: USB QMP PHY: Update TYPEC CTRL(2)
07-08 20:01:03.696     0     0 I msm-dwc3 a800000.ssusb: DWC3 exited from low power mode
07-08 20:01:03.696     0     0 E msm-dwc3 a800000.ssusb: dwc3_otg_start_peripheral: turn on gadget dwc3-gadget
07-08 20:01:03.700  1130  1243 V UsbDeviceManager: onKeyguardStateChanged: isShowing:true secure:false user:0
07-08 20:01:03.786  1130  1399 I DisplayPowerController[0]: Unblocked screen on after 161 ms
07-08 20:01:03.807     0     0 I msm-dwc3 a800000.ssusb: Avail curr from USB = 2
07-08 20:01:03.824     0     0 I FG      : fg_cycle_counter_update: batt_soc: 115 bucket: 3 chg_status: 2
07-08 20:01:03.829     0     0 I FG      : fg_prime_cc_soc_sw: cc_soc_sw: 484359234
07-08 20:01:03.831     0     0 I FG      : fg_charge_full_update: msoc: 53 bsoc: 737a health: 1 status: 2 full: 0
07-08 20:01:03.831     0     0 I FG      : fg_adjust_recharge_voltage: health: 1 chg_status: 2 chg_done: 0
07-08 20:01:03.832     0     0 I FG      : fg_adjust_ki_coeff_full_soc: Wrote ki_coeff_full_soc 0
07-08 20:01:03.832     0     0 I FG      : status_change_work: charge_status:2 charge_type:1 charge_done:0
07-08 20:01:03.900     0     0 I reset gpio: output 0
07-08 20:01:03.901     0     0 I msm-dwc3 a800000.ssusb: Avail curr from USB = 100
07-08 20:01:03.901     0     0 E PMI     : smblib_set_icl_current:  ****** Charger : 4, cradle: 0, ICL: 100000
07-08 20:01:03.975     0     0 I PMI     : smblib_get_prop_otg_sw_a_control:  a_otg_enable value is 0
07-08 20:01:03.975     0     0 I PMI     : smblib_get_prop_otg_sw_b_control:  b_otg_enable value is 0
07-08 20:01:03.980  1130  1666 V UsbDeviceManager: USB UEVENT: {SUBSYSTEM=android_usb, SEQNUM=5958, ACTION=change, USB_STATE=CONNECTED, DEVPATH=/devices/virtual/android_usb/android0}
07-08 20:01:03.982  1130  1239 D UsbDeviceManager: push notification:Charging this device via USB
07-08 20:01:03.989  1130  1239 D UsbDeviceManager: broadcasting Intent { act=android.hardware.usb.action.USB_STATE flg=0x31000000 (has extras) } extras: Bundle[{host_connected=false, connected=true, unlocked=false, adb=true, configured=false}]
07-08 20:01:03.990     0     0 I android_work: sent uevent USB_STATE=CONNECTED
07-08 20:01:04.037  1130  1130 V WindowManager: PowerKeyRule:onPress : downTime =100840
07-08 20:01:04.039  1130  1130 D WindowManager: powerPress: eventTime=100840 interactive=true count=1 beganFromNonInteractive=true mShortPressOnPowerBehavior=1
07-08 20:01:04.095     0     0 I ctb_cradle: typec mode:6 present:1 type:4 Vol: 5058593
07-08 20:01:04.133  1130  1242 I DropBoxManagerService: add tag=system_server_strictmode isTagEnabled=true flags=0x2
07-08 20:01:04.183  1130  1946 E DisplayDeviceConfig: requesting nits when no mapping exists.
07-08 20:01:04.184  1130  1946 E DisplayDeviceConfig: requesting nits when no mapping exists.
07-08 20:01:04.165     0     0 W healthd : charger type:  USB, VBUS Volt: 5058593
07-08 20:01:04.184     0     0 E PMI     : smblib_set_prop_pr_swap_in_progress:  ** smblib_set_prop_pr_swap_in_progress - 0
07-08 20:01:04.192     0     0 W healthd : battery l=55 v=3813 t=31.0 h=2 st=2 c=12 fc=3820000 cc=1 chg=u
07-08 20:01:04.189  1130  1399 W PowerManagerService: Screen on took 595 ms
07-08 20:01:04.189  1130  1399 I DreamManagerService: Gently waking up from dream.
07-08 20:01:04.191  1130  1303 I DropBoxManagerService: add tag=system_server_wtf isTagEnabled=true flags=0x2
07-08 20:01:04.206     0     0 E usbpd0  : SNK_Wait_for_Capabilities -> SNK_Hard_Reset
07-08 20:01:04.195  1130  1239 I DreamManagerService: Performing gentle wake from dream.
07-08 20:01:04.203  1130  1303 I DropBoxManagerService: add tag=system_server_wtf isTagEnabled=true flags=0x2
07-08 20:01:04.204  1130  1130 W NotificationHistory: Attempted to add notif for locked/gone/disabled user 0
07-08 20:01:04.212  1130  1130 W NotificationHistory: Attempted to add notif for locked/gone/disabled user 0
07-08 20:01:04.365     0     0 W healthd : charger type:  USB, VBUS Volt: 5058593
07-08 20:01:04.370     0     0 I FG      : fg_cycle_counter_update: batt_soc: 115 bucket: 3 chg_status: 3
07-08 20:01:04.372     0     0 E PMI     : smblib_set_prop_pr_swap_in_progress:  ** smblib_set_prop_pr_swap_in_progress - 0
07-08 20:01:04.374  1130  2313 D BatteryService: Processing new values: info={.chargerAcOnline = false, .chargerUsbOnline = true, .chargerWirelessOnline = false, .maxChargingCurrent = 75000, .maxChargingVoltage = 5000000, .batteryStatus = NOT_CHARGING, .batteryHealth = GOOD, .batteryPresent = true, .batteryLevel = 55, .batteryVoltage = 3813, .batteryTemperature = 310, .batteryCurrent = 12, .batteryCycleCount = 1, .batteryFullCharge = 3820000, .batteryChargeCounter = 1723181, .batteryTechnology = Li-ion, .chargerRealType = USB, .chargingVoltage = 5058593, .batteryID = 100000}, mBatteryLevelCritical=false, mPlugType=2
07-08 20:01:04.380  1130  2277 I DreamManagerService: Leaving dreamland.
07-08 20:01:04.381  1130  1239 I DreamManagerService: Performing gentle wake from dream.
07-08 20:01:04.382  1130  1239 I DreamController: Stopping dream: name=ComponentInfo{com.android.systemui/com.android.systemui.doze.DozeService}, isTest=false, canDoze=true, userId=0, reason='finished self'(from 'requested stopDream')
07-08 20:01:04.375     0     0 E usbpd0  : SNK_Hard_Reset -> SNK_Transition_to_default
07-08 20:01:04.391     0     0 I FG      : fg_charge_full_update: msoc: 53 bsoc: 737a health: 1 status: 3 full: 0
